Component: ARM Compiler 5.06 update 6 (build 750) Tool: armlink [4d35ed]

==============================================================================

Section Cross References

    startup_stm32f446xx.o(STACK) refers (Special) to heapauxi.o(.text) for __use_two_region_memory
    startup_stm32f446xx.o(HEAP) refers (Special) to heapauxi.o(.text) for __use_two_region_memory
    startup_stm32f446xx.o(RESET) refers (Special) to heapauxi.o(.text) for __use_two_region_memory
    startup_stm32f446xx.o(RESET) refers to startup_stm32f446xx.o(STACK) for __initial_sp
    startup_stm32f446xx.o(RESET) refers to startup_stm32f446xx.o(.text) for Reset_Handler
    startup_stm32f446xx.o(RESET) refers to stm32f4xx_it.o(i.NMI_Handler) for NMI_Handler
    startup_stm32f446xx.o(RESET) refers to stm32f4xx_it.o(i.HardFault_Handler) for HardFault_Handler
    startup_stm32f446xx.o(RESET) refers to stm32f4xx_it.o(i.MemManage_Handler) for MemManage_Handler
    startup_stm32f446xx.o(RESET) refers to stm32f4xx_it.o(i.BusFault_Handler) for BusFault_Handler
    startup_stm32f446xx.o(RESET) refers to stm32f4xx_it.o(i.UsageFault_Handler) for UsageFault_Handler
    startup_stm32f446xx.o(RESET) refers to stm32f4xx_it.o(i.SVC_Handler) for SVC_Handler
    startup_stm32f446xx.o(RESET) refers to stm32f4xx_it.o(i.DebugMon_Handler) for DebugMon_Handler
    startup_stm32f446xx.o(RESET) refers to stm32f4xx_it.o(i.PendSV_Handler) for PendSV_Handler
    startup_stm32f446xx.o(RESET) refers to stm32f4xx_it.o(i.SysTick_Handler) for SysTick_Handler
    startup_stm32f446xx.o(RESET) refers to stm32f4xx_it.o(i.DMA1_Stream0_IRQHandler) for DMA1_Stream0_IRQHandler
    startup_stm32f446xx.o(RESET) refers to stm32f4xx_it.o(i.DMA1_Stream3_IRQHandler) for DMA1_Stream3_IRQHandler
    startup_stm32f446xx.o(RESET) refers to stm32f4xx_it.o(i.I2C1_EV_IRQHandler) for I2C1_EV_IRQHandler
    startup_stm32f446xx.o(RESET) refers to stm32f4xx_it.o(i.I2C1_ER_IRQHandler) for I2C1_ER_IRQHandler
    startup_stm32f446xx.o(RESET) refers to stm32f4xx_it.o(i.SPI2_IRQHandler) for SPI2_IRQHandler
    startup_stm32f446xx.o(RESET) refers to stm32f4xx_it.o(i.OTG_FS_IRQHandler) for OTG_FS_IRQHandler
    startup_stm32f446xx.o(.text) refers (Special) to heapauxi.o(.text) for __use_two_region_memory
    startup_stm32f446xx.o(.text) refers to system_stm32f4xx_1.o(i.SystemInit) for SystemInit
    startup_stm32f446xx.o(.text) refers to __main.o(!!!main) for __main
    startup_stm32f446xx.o(.text) refers to startup_stm32f446xx.o(HEAP) for Heap_Mem
    startup_stm32f446xx.o(.text) refers to startup_stm32f446xx.o(STACK) for Stack_Mem
    methods.o(i.I2C_Scan) refers to methods.o(i.USB_Print) for USB_Print
    methods.o(i.I2C_Scan) refers to stm32f4xx_hal_i2c.o(i.HAL_I2C_IsDeviceReady) for HAL_I2C_IsDeviceReady
    methods.o(i.I2C_Scan) refers to i2c.o(.bss) for hi2c1
    methods.o(i.RGB_LED_Blink) refers to stm32f4xx_hal_gpio.o(i.HAL_GPIO_WritePin) for HAL_GPIO_WritePin
    methods.o(i.RGB_LED_Blink) refers to stm32f4xx_hal.o(i.HAL_Delay) for HAL_Delay
    methods.o(i.RGB_LED_Init) refers to rt_memclr_w.o(.text) for __aeabi_memclr4
    methods.o(i.RGB_LED_Init) refers to stm32f4xx_hal_gpio.o(i.HAL_GPIO_Init) for HAL_GPIO_Init
    methods.o(i.RGB_LED_Init) refers to stm32f4xx_hal_gpio.o(i.HAL_GPIO_WritePin) for HAL_GPIO_WritePin
    methods.o(i.Send_Buffer_Bytes) refers to methods.o(i.Send_Raw_Bytes) for Send_Raw_Bytes
    methods.o(i.Send_Raw_Bytes) refers to stm32f4xx_hal_uart.o(i.HAL_UART_Transmit) for HAL_UART_Transmit
    methods.o(i.Send_Raw_Bytes) refers to usart.o(.bss) for huart1
    methods.o(i.USART_Print) refers to vsnprintf.o(.text) for vsnprintf
    methods.o(i.USART_Print) refers to strlen.o(.text) for strlen
    methods.o(i.USART_Print) refers to stm32f4xx_hal_uart.o(i.HAL_UART_Transmit) for HAL_UART_Transmit
    methods.o(i.USART_Print) refers to usart.o(.bss) for huart1
    methods.o(i.USB_Print) refers to vsnprintf.o(.text) for vsnprintf
    methods.o(i.USB_Print) refers to usbd_cdc_if.o(i.CDC_Transmit_FS) for CDC_Transmit_FS
    methods.o(i.USB_Print) refers to usb_device.o(.bss) for hUsbDeviceFS
    methods.o(i.USB_Print) refers to methods.o(.bss) for .bss
    microphone_sensor.o(i.MIC_Start) refers to stm32f4xx_hal_i2s.o(i.HAL_I2S_Receive_DMA) for HAL_I2S_Receive_DMA
    microphone_sensor.o(i.MIC_Start) refers to microphone_sensor.o(.bss) for .bss
    my_application.o(i.HAL_I2C_MemRxCpltCallback) refers to icm42688_sensor.o(i.ICM42688_DMA_Callback) for ICM42688_DMA_Callback
    my_application.o(i.HAL_I2C_MemRxCpltCallback) refers to stm32f4xx_hal_i2c.o(i.HAL_I2C_Mem_Read_DMA) for HAL_I2C_Mem_Read_DMA
    my_application.o(i.HAL_I2C_MemRxCpltCallback) refers to vcnl4040_sensor.o(i.VCNL4040_Parse_ALS) for VCNL4040_Parse_ALS
    my_application.o(i.HAL_I2C_MemRxCpltCallback) refers to vcnl4040_sensor.o(i.VCNL4040_Parse_PS) for VCNL4040_Parse_PS
    my_application.o(i.HAL_I2C_MemRxCpltCallback) refers to icm42688_sensor.o(i.ICM42688_Start_DMA_Read) for ICM42688_Start_DMA_Read
[...]
    __rt_exit_prels_1                        0x080002bf   Thumb Code     0  rtexit2.o(.ARM.Collect$$rtexit$$00000002)
    __rt_exit_exit                           0x080002c3   Thumb Code     0  rtexit2.o(.ARM.Collect$$rtexit$$00000004)
    Reset_Handler                            0x080002c9   Thumb Code     8  startup_stm32f446xx.o(.text)
    ADC_IRQHandler                           0x080002e3   Thumb Code     0  startup_stm32f446xx.o(.text)
    CAN1_RX0_IRQHandler                      0x080002e3   Thumb Code     0  startup_stm32f446xx.o(.text)
    CAN1_RX1_IRQHandler                      0x080002e3   Thumb Code     0  startup_stm32f446xx.o(.text)
    CAN1_SCE_IRQHandler                      0x080002e3   Thumb Code     0  startup_stm32f446xx.o(.text)
    CAN1_TX_IRQHandler                       0x080002e3   Thumb Code     0  startup_stm32f446xx.o(.text)
    CAN2_RX0_IRQHandler                      0x080002e3   Thumb Code     0  startup_stm32f446xx.o(.text)
    CAN2_RX1_IRQHandler                      0x080002e3   Thumb Code     0  startup_stm32f446xx.o(.text)
    CAN2_SCE_IRQHandler                      0x080002e3   Thumb Code     0  startup_stm32f446xx.o(.text)
    CAN2_TX_IRQHandler                       0x080002e3   Thumb Code     0  startup_stm32f446xx.o(.text)
    CEC_IRQHandler                           0x080002e3   Thumb Code     0  startup_stm32f446xx.o(.text)
    DCMI_IRQHandler                          0x080002e3   Thumb Code     0  startup_stm32f446xx.o(.text)
    DMA1_Stream1_IRQHandler                  0x080002e3   Thumb Code     0  startup_stm32f446xx.o(.text)
    DMA1_Stream2_IRQHandler                  0x080002e3   Thumb Code     0  startup_stm32f446xx.o(.text)
    DMA1_Stream4_IRQHandler                  0x080002e3   Thumb Code     0  startup_stm32f446xx.o(.text)
    DMA1_Stream5_IRQHandler                  0x080002e3   Thumb Code     0  startup_stm32f446xx.o(.text)
    DMA1_Stream6_IRQHandler                  0x080002e3   Thumb Code     0  startup_stm32f446xx.o(.text)
    DMA1_Stream7_IRQHandler                  0x080002e3   Thumb Code     0  startup_stm32f446xx.o(.text)
    DMA2_Stream0_IRQHandler                  0x080002e3   Thumb Code     0  startup_stm32f446xx.o(.text)
    DMA2_Stream1_IRQHandler                  0x080002e3   Thumb Code     0  startup_stm32f446xx.o(.text)
    DMA2_Stream2_IRQHandler                  0x080002e3   Thumb Code     0  startup_stm32f446xx.o(.text)
    DMA2_Stream3_IRQHandler                  0x080002e3   Thumb Code     0  startup_stm32f446xx.o(.text)
    DMA2_Stream4_IRQHandler                  0x080002e3   Thumb Code     0  startup_stm32f446xx.o(.text)
    DMA2_Stream5_IRQHandler                  0x080002e3   Thumb Code     0  startup_stm32f446xx.o(.text)
    DMA2_Stream6_IRQHandler                  0x080002e3   Thumb Code     0  startup_stm32f446xx.o(.text)
    DMA2_Stream7_IRQHandler                  0x080002e3   Thumb Code     0  startup_stm32f446xx.o(.text)
    EXTI0_IRQHandler                         0x080002e3   Thumb Code     0  startup_stm32f446xx.o(.text)
    EXTI15_10_IRQHandler                     0x080002e3   Thumb Code     0  startup_stm32f446xx.o(.text)
    EXTI1_IRQHandler                         0x080002e3   Thumb Code     0  startup_stm32f446xx.o(.text)
    EXTI2_IRQHandler                         0x080002e3   Thumb Code     0  startup_stm32f446xx.o(.text)
    EXTI3_IRQHandler                         0x080002e3   Thumb Code     0  startup_stm32f446xx.o(.text)
    EXTI4_IRQHandler                         0x080002e3   Thumb Code     0  startup_stm32f446xx.o(.text)
    EXTI9_5_IRQHandler                       0x080002e3   Thumb Code     0  startup_stm32f446xx.o(.text)
    FLASH_IRQHandler                         0x080002e3   Thumb Code     0  startup_stm32f446xx.o(.text)
    FMC_IRQHandler                           0x080002e3   Thumb Code     0  startup_stm32f446xx.o(.text)
    FMPI2C1_ER_IRQHandler                    0x080002e3   Thumb Code     0  startup_stm32f446xx.o(.text)
    FMPI2C1_EV_IRQHandler                    0x080002e3   Thumb Code     0  startup_stm32f446xx.o(.text)
    FPU_IRQHandler                           0x080002e3   Thumb Code     0  startup_stm32f446xx.o(.text)
    I2C2_ER_IRQHandler                       0x080002e3   Thumb Code     0  startup_stm32f446xx.o(.text)
    I2C2_EV_IRQHandler                       0x080002e3   Thumb Code     0  startup_stm32f446xx.o(.text)
    I2C3_ER_IRQHandler                       0x080002e3   Thumb Code     0  startup_stm32f446xx.o(.text)
    I2C3_EV_IRQHandler                       0x080002e3   Thumb Code     0  startup_stm32f446xx.o(.text)
    OTG_FS_WKUP_IRQHandler                   0x080002e3   Thumb Code     0  startup_stm32f446xx.o(.text)
    OTG_HS_EP1_IN_IRQHandler                 0x080002e3   Thumb Code     0  startup_stm32f446xx.o(.text)
    OTG_HS_EP1_OUT_IRQHandler                0x080002e3   Thumb Code     0  startup_stm32f446xx.o(.text)
    OTG_HS_IRQHandler                        0x080002e3   Thumb Code     0  startup_stm32f446xx.o(.text)
    OTG_HS_WKUP_IRQHandler                   0x080002e3   Thumb Code     0  startup_stm32f446xx.o(.text)
    PVD_IRQHandler                           0x080002e3   Thumb Code     0  startup_stm32f446xx.o(.text)
    QUADSPI_IRQHandler                       0x080002e3   Thumb Code     0  startup_stm32f446xx.o(.text)
    RCC_IRQHandler                           0x080002e3   Thumb Code     0  startup_stm32f446xx.o(.text)
    RTC_Alarm_IRQHandler                     0x080002e3   Thumb Code     0  startup_stm32f446xx.o(.text)
    RTC_WKUP_IRQHandler                      0x080002e3   Thumb Code     0  startup_stm32f446xx.o(.text)
    SAI1_IRQHandler                          0x080002e3   Thumb Code     0  startup_stm32f446xx.o(.text)
    SAI2_IRQHandler                          0x080002e3   Thumb Code     0  startup_stm32f446xx.o(.text)
    SDIO_IRQHandler                          0x080002e3   Thumb Code     0  startup_stm32f446xx.o(.text)
    SPDIF_RX_IRQHandler                      0x080002e3   Thumb Code     0  startup_stm32f446xx.o(.text)
    SPI1_IRQHandler                          0x080002e3   Thumb Code     0  startup_stm32f446xx.o(.text)
    SPI3_IRQHandler                          0x080002e3   Thumb Code     0  startup_stm32f446xx.o(.text)
    SPI4_IRQHandler                          0x080002e3   Thumb Code     0  startup_stm32f446xx.o(.text)
    TAMP_STAMP_IRQHandler                    0x080002e3   Thumb Code     0  startup_stm32f446xx.o(.text)
    TIM1_BRK_TIM9_IRQHandler                 0x080002e3   Thumb Code     0  startup_stm32f446xx.o(.text)
    TIM1_CC_IRQHandler                       0x080002e3   Thumb Code     0  startup_stm32f446xx.o(.text)
    TIM1_TRG_COM_TIM11_IRQHandler            0x080002e3   Thumb Code     0  startup_stm32f446xx.o(.text)
    TIM1_UP_TIM10_IRQHandler                 0x080002e3   Thumb Code     0  startup_stm32f446xx.o(.text)
    TIM2_IRQHandler                          0x080002e3   Thumb Code     0  startup_stm32f446xx.o(.text)
    TIM3_IRQHandler                          0x080002e3   Thumb Code     0  startup_stm32f446xx.o(.text)
    TIM4_IRQHandler                          0x080002e3   Thumb Code     0  startup_stm32f446xx.o(.text)
    TIM5_IRQHandler                          0x080002e3   Thumb Code     0  startup_stm32f446xx.o(.text)
    TIM6_DAC_IRQHandler                      0x080002e3   Thumb Code     0  startup_stm32f446xx.o(.text)
    TIM7_IRQHandler                          0x080002e3   Thumb Code     0  startup_stm32f446xx.o(.text)
    TIM8_BRK_TIM12_IRQHandler                0x080002e3   Thumb Code     0  startup_stm32f446xx.o(.text)
    TIM8_CC_IRQHandler                       0x080002e3   Thumb Code     0  startup_stm32f446xx.o(.text)
    TIM8_TRG_COM_TIM14_IRQHandler            0x080002e3   Thumb Code     0  startup_stm32f446xx.o(.text)
    TIM8_UP_TIM13_IRQHandler                 0x080002e3   Thumb Code     0  startup_stm32f446xx.o(.text)
    UART4_IRQHandler                         0x080002e3   Thumb Code     0  startup_stm32f446xx.o(.text)
    UART5_IRQHandler                         0x080002e3   Thumb Code     0  startup_stm32f446xx.o(.text)
    USART1_IRQHandler                        0x080002e3   Thumb Code     0  startup_stm32f446xx.o(.text)
    USART2_IRQHandler                        0x080002e3   Thumb Code     0  startup_stm32f446xx.o(.text)
    USART3_IRQHandler                        0x080002e3   Thumb Code     0  startup_stm32f446xx.o(.text)
    USART6_IRQHandler                        0x080002e3   Thumb Code     0  startup_stm32f446xx.o(.text)
    WWDG_IRQHandler                          0x080002e3   Thumb Code     0  startup_stm32f446xx.o(.text)
    __user_initial_stackheap                 0x080002e5   Thumb Code     0  startup_stm32f446xx.o(.text)
    __aeabi_uldivmod                         0x08000309   Thumb Code     0  lludivv7m.o(.text)
    _ll_udiv                                 0x08000309   Thumb Code   238  lludivv7m.o(.text)
    __2sprintf                               0x080003f9   Thumb Code    38  __2sprintf.o(.text)
    _printf_int_dec                          0x08000425   Thumb Code   104  _printf_dec.o(.text)
    __printf                                 0x0800049d   Thumb Code   388  __printf_flags_ss_wp.o(.text)
    __aeabi_memclr4                          0x08000625   Thumb Code     0  rt_memclr_w.o(.text)
    __aeabi_memclr8                          0x08000625   Thumb Code     0  rt_memclr_w.o(.text)
    __rt_memclr_w                            0x08000625   Thumb Code    78  rt_memclr_w.o(.text)
    _memset_w                                0x08000629   Thumb Code     0  rt_memclr_w.o(.text)
    __use_two_region_memory                  0x08000673   Thumb Code     2  heapauxi.o(.text)
    __rt_heap_escrow$2region                 0x08000675   Thumb Code     2  heapauxi.o(.text)
    __rt_heap_expand$2region                 0x08000677   Thumb Code     2  heapauxi.o(.text)
    _printf_int_common                       0x08000679   Thumb Code   178  _printf_intcommon.o(.text)
    __lib_sel_fp_printf                      0x0800072b   Thumb Code     2  _printf_fp_dec.o(.text)
    _printf_fp_dec_real                      0x080008dd   Thumb Code   620  _printf_fp_dec.o(.text)
    _printf_char_common                      0x08000b53   Thumb Code    32  _printf_char_common.o(.text)
    _sputc                                   0x08000b79   Thumb Code    10  _sputc.o(.text)
    __rt_locale                              0x08000b85   Thumb Code     8  rt_locale_intlibspace.o(.text)
    _ll_udiv10                               0x08000b8d   Thumb Code   138  lludiv10.o(.text)
    _printf_fp_infnan                        0x08000c19   Thumb Code   112  _printf_fp_infnan.o(.text)
    _btod_etento                             0x08000c99   Thumb Code   224  bigflt0.o(.text)
    __user_libspace                          0x08000d7d   Thumb Code     8  libspace.o(.text)
    __user_perproc_libspace                  0x08000d7d   Thumb Code     0  libspace.o(.text)
    __user_perthread_libspace                0x08000d7d   Thumb Code     0  libspace.o(.text)
    __user_setup_stackheap                   0x08000d85   Thumb Code    74  sys_stackheap_outer.o(.text)
    exit                                     0x08000dcf   Thumb Code    18  exit.o(.text)
    strcmp                                   0x08000de1   Thumb Code   128  strcmpv7m.o(.text)
    _sys_exit                                0x08000e61   Thumb Code     8  sys_exit.o(.text)
    __I$use$semihosting                      0x08000e6d   Thumb Code     0  use_no_semi.o(.text)
    __use_no_semihosting_swi                 0x08000e6d   Thumb Code     2  use_no_semi.o(.text)
    __semihosting_library_function           0x08000e6f   Thumb Code     0  indicate_semi.o(.text)
    _btod_d2e                                0x08000e6f   Thumb Code    62  btod.o(CL$$btod_d2e)
    _d2e_denorm_low                          0x08000ead   Thumb Code    70  btod.o(CL$$btod_d2e_denorm_low)
    _d2e_norm_op1                            0x08000ef3   Thumb Code    96  btod.o(CL$$btod_d2e_norm_op1)
    __btod_div_common                        0x08000f53   Thumb Code   696  btod.o(CL$$btod_div_common)
    _e2e                                     0x0800128b   Thumb Code   220  btod.o(CL$$btod_e2e)
    _btod_ediv                               0x08001367   Thumb Code    42  btod.o(CL$$btod_ediv)
    _btod_emul                               0x08001391   Thumb Code    42  btod.o(CL$$btod_emul)
    __btod_mult_common                       0x080013bb   Thumb Code   580  btod.o(CL$$btod_mult_common)
    BusFault_Handler                         0x080015ff   Thumb Code     2  stm32f4xx_it.o(i.BusFault_Handler)
    CDC_Transmit_FS                          0x08001649   Thumb Code    40  usbd_cdc_if.o(i.CDC_Transmit_FS)
    DMA1_Stream0_IRQHandler                  0x08001675   Thumb Code     6  stm32f4xx_it.o(i.DMA1_Stream0_IRQHandler)
    DMA1_Stream3_IRQHandler                  0x08001681   Thumb Code     6  stm32f4xx_it.o(i.DMA1_Stream3_IRQHandler)
    DebugMon_Handler                         0x08001731   Thumb Code     2  stm32f4xx_it.o(i.DebugMon_Handler)
    Error_Handler                            0x08001733   Thumb Code     4  main.o(i.Error_Handler)
    HAL_DMA_Abort_IT                         0x08001737   Thumb Code    36  stm32f4xx_hal_dma.o(i.HAL_DMA_Abort_IT)
    HAL_DMA_GetError                         0x0800175b   Thumb Code     4  stm32f4xx_hal_dma.o(i.HAL_DMA_GetError)
    HAL_DMA_GetState                         0x0800175f   Thumb Code     6  stm32f4xx_hal_dma.o(i.HAL_DMA_GetState)
    HAL_DMA_IRQHandler                       0x08001765   Thumb Code   412  stm32f4xx_hal_dma.o(i.HAL_DMA_IRQHandler)
    HAL_DMA_Init                             0x08001905   Thumb Code   206  stm32f4xx_hal_dma.o(i.HAL_DMA_Init)
    HAL_DMA_Start_IT                         0x080019d9   Thumb Code   110  stm32f4xx_hal_dma.o(i.HAL_DMA_Start_IT)
    HAL_Delay                                0x08001a49   Thumb Code    32  stm32f4xx_hal.o(i.HAL_Delay)
    HAL_GPIO_Init                            0x08001a6d   Thumb Code   436  stm32f4xx_hal_gpio.o(i.HAL_GPIO_Init)
    HAL_GPIO_WritePin                        0x08001c49   Thumb Code    10  stm32f4xx_hal_gpio.o(i.HAL_GPIO_WritePin)
    HAL_GetTick                              0x08001c55   Thumb Code     6  stm32f4xx_hal.o(i.HAL_GetTick)
    HAL_I2C_AbortCpltCallback                0x08001c61   Thumb Code     2  stm32f4xx_hal_i2c.o(i.HAL_I2C_AbortCpltCallback)
    HAL_I2C_AddrCallback                     0x08001c63   Thumb Code     2  stm32f4xx_hal_i2c.o(i.HAL_I2C_AddrCallback)
    HAL_I2C_ER_IRQHandler                    0x08001c65   Thumb Code   186  stm32f4xx_hal_i2c.o(i.HAL_I2C_ER_IRQHandler)
    HAL_I2C_EV_IRQHandler                    0x08001d1f   Thumb Code   560  stm32f4xx_hal_i2c.o(i.HAL_I2C_EV_IRQHandler)
    HAL_I2C_ErrorCallback                    0x08001f4f   Thumb Code     2  stm32f4xx_hal_i2c.o(i.HAL_I2C_ErrorCallback)
    HAL_I2C_Init                             0x08001f51   Thumb Code   376  stm32f4xx_hal_i2c.o(i.HAL_I2C_Init)
    HAL_I2C_ListenCpltCallback               0x080020d9   Thumb Code     2  stm32f4xx_hal_i2c.o(i.HAL_I2C_ListenCpltCallback)
    HAL_I2C_MasterRxCpltCallback             0x080020db   Thumb Code     2  stm32f4xx_hal_i2c.o(i.HAL_I2C_MasterRxCpltCallback)
    HAL_I2C_MasterTxCpltCallback             0x080020dd   Thumb Code     2  stm32f4xx_hal_i2c.o(i.HAL_I2C_MasterTxCpltCallback)
    HAL_I2C_Master_Transmit                  0x080020e1   Thumb Code   290  stm32f4xx_hal_i2c.o(i.HAL_I2C_Master_Transmit)
    HAL_I2C_MemRxCpltCallback                0x0800220d   Thumb Code   106  my_application.o(i.HAL_I2C_MemRxCpltCallback)
    HAL_I2C_MemTxCpltCallback                0x08002289   Thumb Code     2  stm32f4xx_hal_i2c.o(i.HAL_I2C_MemTxCpltCallback)
    HAL_I2C_Mem_Read                         0x0800228d   Thumb Code   502  stm32f4xx_hal_i2c.o(i.HAL_I2C_Mem_Read)
    HAL_I2C_Mem_Read_DMA                     0x08002491   Thumb Code   444  stm32f4xx_hal_i2c.o(i.HAL_I2C_Mem_Read_DMA)
    HAL_I2C_Mem_Write                        0x0800265d   Thumb Code   294  stm32f4xx_hal_i2c.o(i.HAL_I2C_Mem_Write)
    HAL_I2C_MspInit                          0x0800278d   Thumb Code   172  i2c.o(i.HAL_I2C_MspInit)
    HAL_I2C_SlaveRxCpltCallback              0x0800284d   Thumb Code     2  stm32f4xx_hal_i2c.o(i.HAL_I2C_SlaveRxCpltCallback)
    HAL_I2C_SlaveTxCpltCallback              0x0800284f   Thumb Code     2  stm32f4xx_hal_i2c.o(i.HAL_I2C_SlaveTxCpltCallback)
    HAL_I2S_ErrorCallback                    0x08002851   Thumb Code     2  stm32f4xx_hal_i2s.o(i.HAL_I2S_ErrorCallback)
    HAL_I2S_IRQHandler                       0x08002853   Thumb Code     4  stm32f4xx_hal_i2s.o(i.HAL_I2S_IRQHandler)
    HAL_I2S_Init                             0x08002859   Thumb Code   256  stm32f4xx_hal_i2s.o(i.HAL_I2S_Init)
    HAL_I2S_MspInit                          0x08002965   Thumb Code   228  i2s.o(i.HAL_I2S_MspInit)
    HAL_I2S_Receive_DMA                      0x08002a61   Thumb Code   196  stm32f4xx_hal_i2s.o(i.HAL_I2S_Receive_DMA)
    HAL_I2S_RxCpltCallback                   0x08002b31   Thumb Code    28  stm32f4xx_it.o(i.HAL_I2S_RxCpltCallback)
    HAL_I2S_RxHalfCpltCallback               0x08002b59   Thumb Code    28  stm32f4xx_it.o(i.HAL_I2S_RxHalfCpltCallback)
    HAL_I2S_TxCpltCallback                   0x08002b81   Thumb Code     2  stm32f4xx_hal_i2s.o(i.HAL_I2S_TxCpltCallback)
    HAL_IncTick                              0x08002b85   Thumb Code    12  stm32f4xx_hal.o(i.HAL_IncTick)
    HAL_Init                                 0x08002b95   Thumb Code    48  stm32f4xx_hal.o(i.HAL_Init)
    HAL_InitTick                             0x08002bc9   Thumb Code    54  stm32f4xx_hal.o(i.HAL_InitTick)
    HAL_MspInit                              0x08002c09   Thumb Code    42  stm32f4xx_hal_msp.o(i.HAL_MspInit)
    HAL_NVIC_EnableIRQ                       0x08002c39   Thumb Code    26  stm32f4xx_hal_cortex.o(i.HAL_NVIC_EnableIRQ)
    HAL_NVIC_SetPriority                     0x08002c55   Thumb Code    60  stm32f4xx_hal_cortex.o(i.HAL_NVIC_SetPriority)
    HAL_NVIC_SetPriorityGrouping             0x08002c95   Thumb Code    26  stm32f4xx_hal_cortex.o(i.HAL_NVIC_SetPriorityGrouping)
    HAL_PCDEx_ActivateLPM                    0x08002cb9   Thumb Code    34  stm32f4xx_hal_pcd_ex.o(i.HAL_PCDEx_ActivateLPM)
    HAL_PCDEx_LPM_Callback                   0x08002ce1   Thumb Code    92  usbd_conf.o(i.HAL_PCDEx_LPM_Callback)
    HAL_PCDEx_SetRxFiFo                      0x08002d41   Thumb Code     8  stm32f4xx_hal_pcd_ex.o(i.HAL_PCDEx_SetRxFiFo)
    HAL_PCDEx_SetTxFiFo                      0x08002d49   Thumb Code    68  stm32f4xx_hal_pcd_ex.o(i.HAL_PCDEx_SetTxFiFo)
    HAL_PCD_ConnectCallback                  0x08002d8d   Thumb Code     8  usbd_conf.o(i.HAL_PCD_ConnectCallback)
    HAL_PCD_DataInStageCallback              0x08002d95   Thumb Code    18  usbd_conf.o(i.HAL_PCD_DataInStageCallback)
    HAL_PCD_DataOutStageCallback             0x08002da7   Thumb Code    20  usbd_conf.o(i.HAL_PCD_DataOutStageCallback)
    HAL_PCD_DisconnectCallback               0x08002dbb   Thumb Code     8  usbd_conf.o(i.HAL_PCD_DisconnectCallback)
    HAL_PCD_EP_Abort                         0x08002dc3   Thumb Code    30  stm32f4xx_hal_pcd.o(i.HAL_PCD_EP_Abort)
    HAL_PCD_EP_Close                         0x08002de1   Thumb Code    74  stm32f4xx_hal_pcd.o(i.HAL_PCD_EP_Close)
    HAL_PCD_EP_ClrStall                      0x08002e2b   Thumb Code    90  stm32f4xx_hal_pcd.o(i.HAL_PCD_EP_ClrStall)
    HAL_PCD_EP_GetRxCount                    0x08002e85   Thumb Code    18  stm32f4xx_hal_pcd.o(i.HAL_PCD_EP_GetRxCount)
    HAL_PCD_EP_Open                          0x08002e97   Thumb Code    98  stm32f4xx_hal_pcd.o(i.HAL_PCD_EP_Open)
    HAL_PCD_EP_Receive                       0x08002ef9   Thumb Code    56  stm32f4xx_hal_pcd.o(i.HAL_PCD_EP_Receive)
    HAL_PCD_EP_SetStall                      0x08002f31   Thumb Code   114  stm32f4xx_hal_pcd.o(i.HAL_PCD_EP_SetStall)
    HAL_PCD_EP_Transmit                      0x08002fa3   Thumb Code    50  stm32f4xx_hal_pcd.o(i.HAL_PCD_EP_Transmit)
    HAL_PCD_IRQHandler                       0x08002fd5   Thumb Code  1432  stm32f4xx_hal_pcd.o(i.HAL_PCD_IRQHandler)
    HAL_PCD_ISOINIncompleteCallback          0x0800356d   Thumb Code     8  usbd_conf.o(i.HAL_PCD_ISOINIncompleteCallback)
    HAL_PCD_ISOOUTIncompleteCallback         0x08003575   Thumb Code     8  usbd_conf.o(i.HAL_PCD_ISOOUTIncompleteCallback)
    HAL_PCD_Init                             0x0800357d   Thumb Code   216  stm32f4xx_hal_pcd.o(i.HAL_PCD_Init)
    HAL_PCD_MspInit                          0x08003655   Thumb Code   150  usbd_conf.o(i.HAL_PCD_MspInit)
    HAL_PCD_ResetCallback                    0x080036f5   Thumb Code    44  usbd_conf.o(i.HAL_PCD_ResetCallback)
    HAL_PCD_ResumeCallback                   0x08003721   Thumb Code     8  usbd_conf.o(i.HAL_PCD_ResumeCallback)
    HAL_PCD_SOFCallback                      0x08003729   Thumb Code     8  usbd_conf.o(i.HAL_PCD_SOFCallback)
    HAL_PCD_SetAddress                       0x08003731   Thumb Code    38  stm32f4xx_hal_pcd.o(i.HAL_PCD_SetAddress)
    HAL_PCD_SetupStageCallback               0x08003757   Thumb Code    14  usbd_conf.o(i.HAL_PCD_SetupStageCallback)
    HAL_PCD_Start                            0x08003765   Thumb Code    66  stm32f4xx_hal_pcd.o(i.HAL_PCD_Start)
    HAL_PCD_SuspendCallback                  0x080037a9   Thumb Code    44  usbd_conf.o(i.HAL_PCD_SuspendCallback)
    HAL_RCCEx_GetPeriphCLKFreq               0x080037d9   Thumb Code   390  stm32f4xx_hal_rcc_ex.o(i.HAL_RCCEx_GetPeriphCLKFreq)
    HAL_RCCEx_PeriphCLKConfig                0x08003971   Thumb Code  1072  stm32f4xx_hal_rcc_ex.o(i.HAL_RCCEx_PeriphCLKConfig)
    HAL_RCC_ClockConfig                      0x08003da1   Thumb Code   288  stm32f4xx_hal_rcc.o(i.HAL_RCC_ClockConfig)
    HAL_RCC_GetHCLKFreq                      0x08003ed5   Thumb Code     6  stm32f4xx_hal_rcc.o(i.HAL_RCC_GetHCLKFreq)
    HAL_RCC_GetPCLK1Freq                     0x08003ee1   Thumb Code    20  stm32f4xx_hal_rcc.o(i.HAL_RCC_GetPCLK1Freq)
    HAL_RCC_GetPCLK2Freq                     0x08003f01   Thumb Code    20  stm32f4xx_hal_rcc.o(i.HAL_RCC_GetPCLK2Freq)
    HAL_RCC_GetSysClockFreq                  0x08003f21   Thumb Code   140  stm32f4xx_hal_rcc_ex.o(i.HAL_RCC_GetSysClockFreq)
    HAL_RCC_OscConfig                        0x08003fb5   Thumb Code   900  stm32f4xx_hal_rcc_ex.o(i.HAL_RCC_OscConfig)
    HAL_SYSTICK_Config                       0x0800434d   Thumb Code    40  stm32f4xx_hal_cortex.o(i.HAL_SYSTICK_Config)
    HAL_UART_Init                            0x08004375   Thumb Code   100  stm32f4xx_hal_uart.o(i.HAL_UART_Init)
    HAL_UART_MspInit                         0x080043d9   Thumb Code    94  usart.o(i.HAL_UART_MspInit)
    HardFault_Handler                        0x08004445   Thumb Code     2  stm32f4xx_it.o(i.HardFault_Handler)
    I2C1_ER_IRQHandler                       0x08004449   Thumb Code     6  stm32f4xx_it.o(i.I2C1_ER_IRQHandler)
    I2C1_EV_IRQHandler                       0x08004455   Thumb Code     6  stm32f4xx_it.o(i.I2C1_EV_IRQHandler)
    ICM42688_DMA_Callback                    0x08005585   Thumb Code   182  icm42688_sensor.o(i.ICM42688_DMA_Callback)
    ICM42688_Init                            0x08005641   Thumb Code   132  icm42688_sensor.o(i.ICM42688_Init)
    ICM42688_Start_DMA_Read                  0x080056cd   Thumb Code    26  icm42688_sensor.o(i.ICM42688_Start_DMA_Read)
    MIC_Init                                 0x0800573d   Thumb Code    24  microphone_sensor.o(i.MIC_Init)
    MIC_Start                                0x08005755   Thumb Code    18  microphone_sensor.o(i.MIC_Start)
    MX_DMA_Init                              0x0800576d   Thumb Code    56  dma.o(i.MX_DMA_Init)
    MX_GPIO_Init                             0x080057a9   Thumb Code   116  gpio.o(i.MX_GPIO_Init)
    MX_I2C1_Init                             0x08005825   Thumb Code    50  i2c.o(i.MX_I2C1_Init)
    MX_I2S2_Init                             0x08005865   Thumb Code    54  i2s.o(i.MX_I2S2_Init)
    MX_USART1_UART_Init                      0x080058a5   Thumb Code    48  usart.o(i.MX_USART1_UART_Init)
    MX_USB_DEVICE_Init                       0x080058dd   Thumb Code    66  usb_device.o(i.MX_USB_DEVICE_Init)
    MemManage_Handler                        0x08005931   Thumb Code     2  stm32f4xx_it.o(i.MemManage_Handler)
    My_Application_Init                      0x08005935   Thumb Code    92  my_application.o(i.My_Application_Init)
    My_Application_Run                       0x080059a1   Thumb Code   136  my_application.o(i.My_Application_Run)
    NMI_Handler                              0x08005a59   Thumb Code     2  stm32f4xx_it.o(i.NMI_Handler)
    OTG_FS_IRQHandler                        0x08005a5d   Thumb Code     6  stm32f4xx_it.o(i.OTG_FS_IRQHandler)
    PendSV_Handler                           0x08005bd7   Thumb Code     2  stm32f4xx_it.o(i.PendSV_Handler)
    RGB_LED_Init                             0x08005bd9   Thumb Code    68  methods.o(i.RGB_LED_Init)
    SPI2_IRQHandler                          0x08005c25   Thumb Code     6  stm32f4xx_it.o(i.SPI2_IRQHandler)
    SVC_Handler                              0x08005c31   Thumb Code     2  stm32f4xx_it.o(i.SVC_Handler)
    SysTick_Handler                          0x08005c3d   Thumb Code     4  stm32f4xx_it.o(i.SysTick_Handler)
    SystemClock_Config                       0x08005c41   Thumb Code   142  main.o(i.SystemClock_Config)
    SystemInit                               0x08005cd9   Thumb Code    12  system_stm32f4xx_1.o(i.SystemInit)
    USBD_CDC_GetDeviceQualifierDescriptor    0x08005f75   Thumb Code     8  usbd_cdc.o(i.USBD_CDC_GetDeviceQualifierDescriptor)
    USBD_CDC_ReceivePacket                   0x08006159   Thumb Code    50  usbd_cdc.o(i.USBD_CDC_ReceivePacket)
    USBD_CDC_RegisterInterface               0x08006191   Thumb Code    22  usbd_cdc.o(i.USBD_CDC_RegisterInterface)
    USBD_CDC_SetRxBuffer                     0x080061a7   Thumb Code    26  usbd_cdc.o(i.USBD_CDC_SetRxBuffer)
    USBD_CDC_SetTxBuffer                     0x080061c1   Thumb Code    30  usbd_cdc.o(i.USBD_CDC_SetTxBuffer)
    USBD_CDC_TransmitPacket                  0x080062b5   Thumb Code    76  usbd_cdc.o(i.USBD_CDC_TransmitPacket)
    USBD_ClrClassConfig                      0x08006305   Thumb Code    20  usbd_core.o(i.USBD_ClrClassConfig)
    USBD_CoreFindEP                          0x08006319   Thumb Code     4  usbd_core.o(i.USBD_CoreFindEP)
    USBD_CoreFindIF                          0x0800631d   Thumb Code     4  usbd_core.o(i.USBD_CoreFindIF)
    USBD_CtlContinueRx                       0x08006321   Thumb Code    16  usbd_ioreq.o(i.USBD_CtlContinueRx)
    USBD_CtlContinueSendData                 0x08006331   Thumb Code    16  usbd_ioreq.o(i.USBD_CtlContinueSendData)
    USBD_CtlError                            0x08006341   Thumb Code    22  usbd_ctlreq.o(i.USBD_CtlError)
    USBD_CtlPrepareRx                        0x08006357   Thumb Code    34  usbd_ioreq.o(i.USBD_CtlPrepareRx)
    USBD_CtlReceiveStatus                    0x08006379   Thumb Code    22  usbd_ioreq.o(i.USBD_CtlReceiveStatus)
    USBD_CtlSendData                         0x0800638f   Thumb Code    28  usbd_ioreq.o(i.USBD_CtlSendData)
    USBD_CtlSendStatus                       0x080063ab   Thumb Code    22  usbd_ioreq.o(i.USBD_CtlSendStatus)
    USBD_FS_ConfigStrDescriptor              0x080063c1   Thumb Code    16  usbd_desc.o(i.USBD_FS_ConfigStrDescriptor)
    USBD_FS_DeviceDescriptor                 0x080063e1   Thumb Code     8  usbd_desc.o(i.USBD_FS_DeviceDescriptor)
    USBD_FS_InterfaceStrDescriptor           0x080063ed   Thumb Code    16  usbd_desc.o(i.USBD_FS_InterfaceStrDescriptor)
    USBD_FS_LangIDStrDescriptor              0x08006411   Thumb Code     8  usbd_desc.o(i.USBD_FS_LangIDStrDescriptor)
    USBD_FS_ManufacturerStrDescriptor        0x0800641d   Thumb Code    16  usbd_desc.o(i.USBD_FS_ManufacturerStrDescriptor)
    USBD_FS_ProductStrDescriptor             0x08006445   Thumb Code    16  usbd_desc.o(i.USBD_FS_ProductStrDescriptor)
    USBD_FS_SerialStrDescriptor              0x08006471   Thumb Code    48  usbd_desc.o(i.USBD_FS_SerialStrDescriptor)
    USBD_FS_USR_BOSDescriptor                0x080064a9   Thumb Code     8  usbd_desc.o(i.USBD_FS_USR_BOSDescriptor)
    USBD_GetEpDesc                           0x080065af   Thumb Code    58  usbd_core.o(i.USBD_GetEpDesc)
    USBD_GetNextDesc                         0x080065fd   Thumb Code    14  usbd_core.o(i.USBD_GetNextDesc)
    USBD_GetString                           0x0800660b   Thumb Code    78  usbd_ctlreq.o(i.USBD_GetString)
    USBD_Get_USB_Status                      0x08006659   Thumb Code    24  usbd_conf.o(i.USBD_Get_USB_Status)
    USBD_Init                                0x08006671   Thumb Code    38  usbd_core.o(i.USBD_Init)
    USBD_LL_ClearStallEP                     0x08006697   Thumb Code    18  usbd_conf.o(i.USBD_LL_ClearStallEP)
    USBD_LL_CloseEP                          0x080066a9   Thumb Code    18  usbd_conf.o(i.USBD_LL_CloseEP)
    USBD_LL_DataInStage                      0x080066bb   Thumb Code   184  usbd_core.o(i.USBD_LL_DataInStage)
    USBD_LL_DataOutStage                     0x08006773   Thumb Code   148  usbd_core.o(i.USBD_LL_DataOutStage)
    USBD_LL_DevConnected                     0x08006807   Thumb Code     4  usbd_core.o(i.USBD_LL_DevConnected)
    USBD_LL_DevDisconnected                  0x0800680b   Thumb Code    30  usbd_core.o(i.USBD_LL_DevDisconnected)
    USBD_LL_GetRxDataSize                    0x08006829   Thumb Code     8  usbd_conf.o(i.USBD_LL_GetRxDataSize)
    USBD_LL_Init                             0x08006831   Thumb Code    90  usbd_conf.o(i.USBD_LL_Init)
    USBD_LL_IsStallEP                        0x08006891   Thumb Code    30  usbd_conf.o(i.USBD_LL_IsStallEP)
    USBD_LL_IsoINIncomplete                  0x080068af   Thumb Code    40  usbd_core.o(i.USBD_LL_IsoINIncomplete)
    USBD_LL_IsoOUTIncomplete                 0x080068d7   Thumb Code    40  usbd_core.o(i.USBD_LL_IsoOUTIncomplete)
    USBD_LL_OpenEP                           0x080068ff   Thumb Code    24  usbd_conf.o(i.USBD_LL_OpenEP)
    USBD_LL_PrepareReceive                   0x08006917   Thumb Code    18  usbd_conf.o(i.USBD_LL_PrepareReceive)
    USBD_LL_Reset                            0x08006929   Thumb Code    94  usbd_core.o(i.USBD_LL_Reset)
    USBD_LL_Resume                           0x08006987   Thumb Code    20  usbd_core.o(i.USBD_LL_Resume)
    USBD_LL_SOF                              0x0800699b   Thumb Code    26  usbd_core.o(i.USBD_LL_SOF)
    USBD_LL_SetSpeed                         0x080069b5   Thumb Code     6  usbd_core.o(i.USBD_LL_SetSpeed)
    USBD_LL_SetUSBAddress                    0x080069bb   Thumb Code    18  usbd_conf.o(i.USBD_LL_SetUSBAddress)
    USBD_LL_SetupStage                       0x080069cd   Thumb Code    96  usbd_core.o(i.USBD_LL_SetupStage)
    USBD_LL_StallEP                          0x08006a2d   Thumb Code    18  usbd_conf.o(i.USBD_LL_StallEP)
    USBD_LL_Start                            0x08006a3f   Thumb Code    18  usbd_conf.o(i.USBD_LL_Start)
    USBD_LL_Suspend                          0x08006a51   Thumb Code    26  usbd_core.o(i.USBD_LL_Suspend)
    USBD_LL_Transmit                         0x08006a6b   Thumb Code    18  usbd_conf.o(i.USBD_LL_Transmit)
    USBD_ParseSetupRequest                   0x08006a7d   Thumb Code    44  usbd_ctlreq.o(i.USBD_ParseSetupRequest)
    USBD_RegisterClass                       0x08006aa9   Thumb Code    58  usbd_core.o(i.USBD_RegisterClass)
    USBD_SetClassConfig                      0x08006ae3   Thumb Code    20  usbd_core.o(i.USBD_SetClassConfig)
    USBD_Start                               0x08006bb1   Thumb Code     4  usbd_core.o(i.USBD_Start)
    USBD_StdDevReq                           0x08006bb5   Thumb Code   300  usbd_ctlreq.o(i.USBD_StdDevReq)
    USBD_StdEPReq                            0x08006ce1   Thumb Code   358  usbd_ctlreq.o(i.USBD_StdEPReq)
    USBD_StdItfReq                           0x08006e47   Thumb Code   114  usbd_ctlreq.o(i.USBD_StdItfReq)
    USBD_static_free                         0x08006eb9   Thumb Code     2  usbd_conf.o(i.USBD_static_free)
    USBD_static_malloc                       0x08006ebd   Thumb Code     4  usbd_conf.o(i.USBD_static_malloc)
    USB_ActivateEndpoint                     0x08006ec5   Thumb Code   122  stm32f4xx_ll_usb.o(i.USB_ActivateEndpoint)
    USB_ActivateSetup                        0x08006f45   Thumb Code    28  stm32f4xx_ll_usb.o(i.USB_ActivateSetup)
    USB_CoreInit                             0x08006f61   Thumb Code   126  stm32f4xx_ll_usb.o(i.USB_CoreInit)
    USB_DeactivateEndpoint                   0x08007029   Thumb Code   194  stm32f4xx_ll_usb.o(i.USB_DeactivateEndpoint)
    USB_DevConnect                           0x080070f5   Thumb Code    28  stm32f4xx_ll_usb.o(i.USB_DevConnect)
    USB_DevDisconnect                        0x08007111   Thumb Code    28  stm32f4xx_ll_usb.o(i.USB_DevDisconnect)
    USB_DevInit                              0x0800712d   Thumb Code   362  stm32f4xx_ll_usb.o(i.USB_DevInit)
    USB_DisableGlobalInt                     0x080072a1   Thumb Code    12  stm32f4xx_ll_usb.o(i.USB_DisableGlobalInt)
    USB_EP0_OutStart                         0x080072ad   Thumb Code    84  stm32f4xx_ll_usb.o(i.USB_EP0_OutStart)
    USB_EPClearStall                         0x08007305   Thumb Code    88  stm32f4xx_ll_usb.o(i.USB_EPClearStall)
    USB_EPSetStall                           0x0800735d   Thumb Code    88  stm32f4xx_ll_usb.o(i.USB_EPSetStall)
    USB_EPStartXfer                          0x080073b5   Thumb Code   562  stm32f4xx_ll_usb.o(i.USB_EPStartXfer)
    USB_EPStopXfer                           0x080075ed   Thumb Code   158  stm32f4xx_ll_usb.o(i.USB_EPStopXfer)
    USB_EnableGlobalInt                      0x0800768b   Thumb Code    12  stm32f4xx_ll_usb.o(i.USB_EnableGlobalInt)
    USB_FlushRxFifo                          0x08007697   Thumb Code    56  stm32f4xx_ll_usb.o(i.USB_FlushRxFifo)
    USB_FlushTxFifo                          0x080076cf   Thumb Code    60  stm32f4xx_ll_usb.o(i.USB_FlushTxFifo)
    USB_GetDevSpeed                          0x0800770b   Thumb Code    26  stm32f4xx_ll_usb.o(i.USB_GetDevSpeed)
    USB_GetMode                              0x08007725   Thumb Code     8  stm32f4xx_ll_usb.o(i.USB_GetMode)
    USB_ReadDevAllInEpInterrupt              0x0800772d   Thumb Code    14  stm32f4xx_ll_usb.o(i.USB_ReadDevAllInEpInterrupt)
    USB_ReadDevAllOutEpInterrupt             0x0800773b   Thumb Code    14  stm32f4xx_ll_usb.o(i.USB_ReadDevAllOutEpInterrupt)
    USB_ReadDevInEPInterrupt                 0x08007749   Thumb Code    36  stm32f4xx_ll_usb.o(i.USB_ReadDevInEPInterrupt)
    USB_ReadDevOutEPInterrupt                0x0800776d   Thumb Code    16  stm32f4xx_ll_usb.o(i.USB_ReadDevOutEPInterrupt)
    USB_ReadInterrupts                       0x0800777d   Thumb Code     8  stm32f4xx_ll_usb.o(i.USB_ReadInterrupts)
    USB_ReadPacket                           0x08007785   Thumb Code    62  stm32f4xx_ll_usb.o(i.USB_ReadPacket)
    USB_SetCurrentMode                       0x080077c3   Thumb Code    92  stm32f4xx_ll_usb.o(i.USB_SetCurrentMode)
    USB_SetDevAddress                        0x0800781f   Thumb Code    34  stm32f4xx_ll_usb.o(i.USB_SetDevAddress)
    USB_SetTurnaroundTime                    0x08007841   Thumb Code   158  stm32f4xx_ll_usb.o(i.USB_SetTurnaroundTime)
    USB_WritePacket                          0x08007929   Thumb Code    40  stm32f4xx_ll_usb.o(i.USB_WritePacket)
    UsageFault_Handler                       0x08007951   Thumb Code     2  stm32f4xx_it.o(i.UsageFault_Handler)
    VCNL4040_Init                            0x08007953   Thumb Code    82  vcnl4040_sensor.o(i.VCNL4040_Init)
    VCNL4040_Parse_ALS                       0x080079a5   Thumb Code     8  vcnl4040_sensor.o(i.VCNL4040_Parse_ALS)
    VCNL4040_Parse_PS                        0x080079ad   Thumb Code     8  vcnl4040_sensor.o(i.VCNL4040_Parse_PS)
    VCNL4040_ReadID                          0x08007a05   Thumb Code     8  vcnl4040_sensor.o(i.VCNL4040_ReadID)
    __ARM_fpclassify                         0x08007a33   Thumb Code    48  fpclassify.o(i.__ARM_fpclassify)
    _is_digit                                0x08007a83   Thumb Code    14  __printf_wp.o(i._is_digit)
    main                                     0x08007a91   Thumb Code    46  main.o(i.main)
    _get_lc_numeric                          0x08007ac1   Thumb Code    44  lc_numeric_c.o(locale$$code)
    __fpl_dretinf                            0x08007aed   Thumb Code    12  dretinf.o(x$fpl$dretinf)
    __aeabi_f2d                              0x08007af9   Thumb Code     0  f2d.o(x$fpl$f2d)
    _f2d                                     0x08007af9   Thumb Code    86  f2d.o(x$fpl$f2d)
    __fpl_fnaninf                            0x08007b4f   Thumb Code   140  fnaninf.o(x$fpl$fnaninf)
    _fp_init                                 0x08007bdb   Thumb Code    10  fpinit.o(x$fpl$fpinit)
    __fplib_config_fpu_vfp                   0x08007be3   Thumb Code     0  fpinit.o(x$fpl$fpinit)
    __fplib_config_pureend_doubles           0x08007be3   Thumb Code     0  fpinit.o(x$fpl$fpinit)
    _printf_fp_dec                           0x08007be5   Thumb Code     4  printf1.o(x$fpl$printf1)
    __I$use$fp                               0x08007be8   Number         0  usenofp.o(x$fpl$usenofp)
    AHBPrescTable                            0x08007bf0   Data          16  system_stm32f4xx_1.o(.constdata)
    APBPrescTable                            0x08007c00   Data           8  system_stm32f4xx_1.o(.constdata)
    Region$$Table$$Base                      0x08007cb0   Number         0  anon$$obj.o(Region$$Table)
    Region$$Table$$Limit                     0x08007cd0   Number         0  anon$$obj.o(Region$$Table)
    dma_buffer                               0x20000000   Data          32  microphone_sensor.o(.bss)
    current_state                            0x20000020   Data           1  my_application.o(.data)
    FS_Desc                                  0x20000024   Data          32  usbd_desc.o(.data)
    USBD_LangIDDesc                          0x20000044   Data           4  usbd_desc.o(.data)
    USBD_FS_DeviceDesc                       0x20000048   Data          18  usbd_desc.o(.data)
    USBD_FS_BOSDesc                          0x2000005c   Data          12  usbd_desc.o(.data)
    USBD_StringSerial                        0x20000068   Data          26  usbd_desc.o(.data)
    USBD_Interface_fops_FS                   0x20000084   Data          20  usbd_cdc_if.o(.data)
    uwTickFreq                               0x20000098   Data           1  stm32f4xx_hal.o(.data)
    uwTickPrio                               0x2000009c   Data           4  stm32f4xx_hal.o(.data)
    uwTick                                   0x200000a0   Data           4  stm32f4xx_hal.o(.data)
    SystemCoreClock                          0x200000a4   Data           4  system_stm32f4xx_1.o(.data)
    USBD_CDC                                 0x20000100   Data          56  usbd_cdc.o(.data)
    vcnl4040                                 0x20000238   Data          16  my_application.o(.bss)
    icm42688                                 0x20000248   Data          60  my_application.o(.bss)
    mic                                      0x20000284   Data          16  my_application.o(.bss)
    hi2c1                                    0x20000294   Data          84  i2c.o(.bss)
    hdma_i2c1_rx                             0x200002e8   Data          96  i2c.o(.bss)
    hi2s2                                    0x20000348   Data          72  i2s.o(.bss)
    hdma_spi2_rx                             0x20000390   Data          96  i2s.o(.bss)
    huart1                                   0x200003f0   Data          72  usart.o(.bss)
    hUsbDeviceFS                             0x20000438   Data         732  usb_device.o(.bss)
    USBD_StrDesc                             0x20000714   Data         512  usbd_desc.o(.bss)
    UserRxBufferFS                           0x20000914   Data        2048  usbd_cdc_if.o(.bss)
    UserTxBufferFS                           0x20001114   Data        2048  usbd_cdc_if.o(.bss)
    hpcd_USB_OTG_FS                          0x20001b34   Data        1252  usbd_conf.o(.bss)
    __libspace_start                         0x20002018   Data          96  libspace.o(.bss)
    __temporary_stack_top$libspace           0x20002078   Data           0  libspace.o(.bss)



==============================================================================

Memory Map of the image

  Image Entry point : 0x080001c5

  Load Region LR_IROM1 (Base: 0x08000000, Size: 0x00007e24, Max: 0x00080000, ABSOLUTE, COMPRESSED[0x00007db0])

    Execution Region ER_IROM1 (Exec base: 0x08000000, Load base: 0x08000000, Size: 0x00007cec, Max: 0x00080000, ABSOLUTE)

    Exec Addr    Load Addr    Size         Type   Attr      Idx    E Section Name        Object

    0x08000000   0x08000000   0x000001c4   Data   RO            3    RESET               startup_stm32f446xx.o
    0x080001c4   0x080001c4   0x00000008   Code   RO         4682  * !!!main             c_w.l(__main.o)
    0x080001cc   0x080001cc   0x00000034   Code   RO         4995    !!!scatter          c_w.l(__scatter.o)
    0x08000200   0x08000200   0x0000005a   Code   RO         4993    !!dczerorl2         c_w.l(__dczerorl2.o)
    0x0800025a   0x0800025a   0x00000002   PAD
    0x0800025c   0x0800025c   0x0000001c   Code   RO         4997    !!handler_zi        c_w.l(__scatter_zi.o)
    0x08000278   0x08000278   0x00000000   Code   RO         4675    .ARM.Collect$$_printf_percent$$00000000  c_w.l(_printf_percent.o)
    0x08000278   0x08000278   0x00000006   Code   RO         4674    .ARM.Collect$$_printf_percent$$00000003  c_w.l(_printf_f.o)
    0x0800027e   0x0800027e   0x00000006   Code   RO         4672    .ARM.Collect$$_printf_percent$$00000009  c_w.l(_printf_d.o)
    0x08000284   0x08000284   0x00000006   Code   RO         4673    .ARM.Collect$$_printf_percent$$0000000A  c_w.l(_printf_u.o)
    0x0800028a   0x0800028a   0x00000004   Code   RO         4753    .ARM.Collect$$_printf_percent$$00000017  c_w.l(_printf_percent_end.o)
    0x0800028e   0x0800028e   0x00000002   Code   RO         4863    .ARM.Collect$$libinit$$00000000  c_w.l(libinit.o)
    0x08000290   0x08000290   0x00000004   Code   RO         4864    .ARM.Collect$$libinit$$00000001  c_w.l(libinit2.o)
    0x08000294   0x08000294   0x00000000   Code   RO         4867    .ARM.Collect$$libinit$$00000004  c_w.l(libinit2.o)
    0x08000294   0x08000294   0x00000000   Code   RO         4870    .ARM.Collect$$libinit$$0000000A  c_w.l(libinit2.o)
    0x08000294   0x08000294   0x00000000   Code   RO         4872    .ARM.Collect$$libinit$$0000000C  c_w.l(libinit2.o)
    0x08000294   0x08000294   0x00000000   Code   RO         4874    .ARM.Collect$$libinit$$0000000E  c_w.l(libinit2.o)
    0x08000294   0x08000294   0x00000006   Code   RO         4875    .ARM.Collect$$libinit$$0000000F  c_w.l(libinit2.o)
    0x0800029a   0x0800029a   0x00000000   Code   RO         4877    .ARM.Collect$$libinit$$00000011  c_w.l(libinit2.o)
    0x0800029a   0x0800029a   0x00000000   Code   RO         4879    .ARM.Collect$$libinit$$00000013  c_w.l(libinit2.o)
    0x0800029a   0x0800029a   0x00000000   Code   RO         4881    .ARM.Collect$$libinit$$00000015  c_w.l(libinit2.o)
    0x0800029a   0x0800029a   0x0000000a   Code   RO         4882    .ARM.Collect$$libinit$$00000016  c_w.l(libinit2.o)
    0x080002a4   0x080002a4   0x00000000   Code   RO         4883    .ARM.Collect$$libinit$$00000017  c_w.l(libinit2.o)
    0x080002a4   0x080002a4   0x00000000   Code   RO         4885    .ARM.Collect$$libinit$$00000019  c_w.l(libinit2.o)
    0x080002a4   0x080002a4   0x00000000   Code   RO         4887    .ARM.Collect$$libinit$$0000001B  c_w.l(libinit2.o)
    0x080002a4   0x080002a4   0x00000000   Code   RO         4889    .ARM.Collect$$libinit$$0000001D  c_w.l(libinit2.o)
    0x080002a4   0x080002a4   0x00000000   Code   RO         4891    .ARM.Collect$$libinit$$0000001F  c_w.l(libinit2.o)
    0x080002a4   0x080002a4   0x00000000   Code   RO         4893    .ARM.Collect$$libinit$$00000021  c_w.l(libinit2.o)
    0x080002a4   0x080002a4   0x00000000   Code   RO         4895    .ARM.Collect$$libinit$$00000023  c_w.l(libinit2.o)
    0x080002a4   0x080002a4   0x00000000   Code   RO         4897    .ARM.Collect$$libinit$$00000025  c_w.l(libinit2.o)
    0x080002a4   0x080002a4   0x00000000   Code   RO         4901    .ARM.Collect$$libinit$$0000002C  c_w.l(libinit2.o)
    0x080002a4   0x080002a4   0x00000000   Code   RO         4903    .ARM.Collect$$libinit$$0000002E  c_w.l(libinit2.o)
    0x080002a4   0x080002a4   0x00000000   Code   RO         4905    .ARM.Collect$$libinit$$00000030  c_w.l(libinit2.o)
    0x080002a4   0x080002a4   0x00000000   Code   RO         4907    .ARM.Collect$$libinit$$00000032  c_w.l(libinit2.o)
    0x080002a4   0x080002a4   0x00000002   Code   RO         4908    .ARM.Collect$$libinit$$00000033  c_w.l(libinit2.o)
    0x080002a6   0x080002a6   0x00000002   Code   RO         4958    .ARM.Collect$$libshutdown$$00000000  c_w.l(libshutdown.o)
    0x080002a8   0x080002a8   0x00000000   Code   RO         4976    .ARM.Collect$$libshutdown$$00000002  c_w.l(libshutdown2.o)
    0x080002a8   0x080002a8   0x00000000   Code   RO         4978    .ARM.Collect$$libshutdown$$00000004  c_w.l(libshutdown2.o)
    0x080002a8   0x080002a8   0x00000000   Code   RO         4981    .ARM.Collect$$libshutdown$$00000007  c_w.l(libshutdown2.o)
    0x080002a8   0x080002a8   0x00000000   Code   RO         4984    .ARM.Collect$$libshutdown$$0000000A  c_w.l(libshutdown2.o)
    0x080002a8   0x080002a8   0x00000000   Code   RO         4986    .ARM.Collect$$libshutdown$$0000000C  c_w.l(libshutdown2.o)
    0x080002a8   0x080002a8   0x00000000   Code   RO         4989    .ARM.Collect$$libshutdown$$0000000F  c_w.l(libshutdown2.o)
    0x080002a8   0x080002a8   0x00000002   Code   RO         4990    .ARM.Collect$$libshutdown$$00000010  c_w.l(libshutdown2.o)
    0x080002aa   0x080002aa   0x00000000   Code   RO         4688    .ARM.Collect$$rtentry$$00000000  c_w.l(__rtentry.o)
    0x080002aa   0x080002aa   0x00000000   Code   RO         4775    .ARM.Collect$$rtentry$$00000002  c_w.l(__rtentry2.o)
    0x080002aa   0x080002aa   0x00000006   Code   RO         4787    .ARM.Collect$$rtentry$$00000004  c_w.l(__rtentry4.o)
    0x080002b0   0x080002b0   0x00000000   Code   RO         4777    .ARM.Collect$$rtentry$$00000009  c_w.l(__rtentry2.o)
    0x080002b0   0x080002b0   0x00000004   Code   RO         4778    .ARM.Collect$$rtentry$$0000000A  c_w.l(__rtentry2.o)
    0x080002b4   0x080002b4   0x00000000   Code   RO         4780    .ARM.Collect$$rtentry$$0000000C  c_w.l(__rtentry2.o)
    0x080002b4   0x080002b4   0x00000008   Code   RO         4781    .ARM.Collect$$rtentry$$0000000D  c_w.l(__rtentry2.o)
    0x080002bc   0x080002bc   0x00000002   Code   RO         4909    .ARM.Collect$$rtexit$$00000000  c_w.l(rtexit.o)
    0x080002be   0x080002be   0x00000000   Code   RO         4927    .ARM.Collect$$rtexit$$00000002  c_w.l(rtexit2.o)
    0x080002be   0x080002be   0x00000004   Code   RO         4928    .ARM.Collect$$rtexit$$00000003  c_w.l(rtexit2.o)
    0x080002c2   0x080002c2   0x00000006   Code   RO         4929    .ARM.Collect$$rtexit$$00000004  c_w.l(rtexit2.o)
    0x080002c8   0x080002c8   0x00000040   Code   RO            4    .text               startup_stm32f446xx.o
    0x08000308   0x08000308   0x000000ee   Code   RO         4638    .text               c_w.l(lludivv7m.o)
    0x080003f6   0x080003f6   0x00000002   PAD
    0x080003f8   0x080003f8   0x0000002c   Code   RO         4644    .text               c_w.l(__2sprintf.o)
    0x08000424   0x08000424   0x00000078   Code   RO         4650    .text               c_w.l(_printf_dec.o)
    0x0800049c   0x0800049c   0x00000188   Code   RO         4669    .text               c_w.l(__printf_flags_ss_wp.o)
    0x08000624   0x08000624   0x0000004e   Code   RO         4678    .text               c_w.l(rt_memclr_w.o)
    0x08000672   0x08000672   0x00000006   Code   RO         4680    .text               c_w.l(heapauxi.o)
    0x08000678   0x08000678   0x000000b2   Code   RO         4699    .text               c_w.l(_printf_intcommon.o)
    0x0800072a   0x0800072a   0x0000041e   Code   RO         4703    .text               c_w.l(_printf_fp_dec.o)
    0x08000b48   0x08000b48   0x00000030   Code   RO         4705    .text               c_w.l(_printf_char_common.o)
    0x08000b78   0x08000b78   0x0000000a   Code   RO         4707    .text               c_w.l(_sputc.o)
    0x08000b82   0x08000b82   0x00000002   PAD
    0x08000b84   0x08000b84   0x00000008   Code   RO         4794    .text               c_w.l(rt_locale_intlibspace.o)
    0x08000b8c   0x08000b8c   0x0000008a   Code   RO         4796    .text               c_w.l(lludiv10.o)
    0x08000c16   0x08000c16   0x00000002   PAD
    0x08000c18   0x08000c18   0x00000080   Code   RO         4801    .text               c_w.l(_printf_fp_infnan.o)
    0x08000c98   0x08000c98   0x000000e4   Code   RO         4809    .text               c_w.l(bigflt0.o)
    0x08000d7c   0x08000d7c   0x00000008   Code   RO         4843    .text               c_w.l(libspace.o)
    0x08000d84   0x08000d84   0x0000004a   Code   RO         4846    .text               c_w.l(sys_stackheap_outer.o)
    0x08000dce   0x08000dce   0x00000012   Code   RO         4850    .text               c_w.l(exit.o)
    0x08000de0   0x08000de0   0x00000080   Code   RO         4856    .text               c_w.l(strcmpv7m.o)
    0x08000e60   0x08000e60   0x0000000c   Code   RO         4924    .text               c_w.l(sys_exit.o)
    0x08000e6c   0x08000e6c   0x00000002   Code   RO         4945    .text               c_w.l(use_no_semi.o)
    0x08000e6e   0x08000e6e   0x00000000   Code   RO         4947    .text               c_w.l(indicate_semi.o)
    0x08000e6e   0x08000e6e   0x0000003e   Code   RO         4812    CL$$btod_d2e        c_w.l(btod.o)
    0x08000eac   0x08000eac   0x00000046   Code   RO         4814    CL$$btod_d2e_denorm_low  c_w.l(btod.o)
    0x08000ef2   0x08000ef2   0x00000060   Code   RO         4813    CL$$btod_d2e_norm_op1  c_w.l(btod.o)
    0x08000f52   0x08000f52   0x00000338   Code   RO         4822    CL$$btod_div_common  c_w.l(btod.o)
    0x0800128a   0x0800128a   0x000000dc   Code   RO         4819    CL$$btod_e2e        c_w.l(btod.o)
    0x08001366   0x08001366   0x0000002a   Code   RO         4816    CL$$btod_ediv       c_w.l(btod.o)
    0x08001390   0x08001390   0x0000002a   Code   RO         4815    CL$$btod_emul       c_w.l(btod.o)
    0x080013ba   0x080013ba   0x00000244   Code   RO         4821    CL$$btod_mult_common  c_w.l(btod.o)
    0x080015fe   0x080015fe   0x00000002   Code   RO          781    i.BusFault_Handler  stm32f4xx_it.o
    0x08001600   0x08001600   0x00000004   Code   RO         1052    i.CDC_Control_FS    usbd_cdc_if.o
    0x08001604   0x08001604   0x00000004   Code   RO         1053    i.CDC_DeInit_FS     usbd_cdc_if.o
    0x08001608   0x08001608   0x00000024   Code   RO         1054    i.CDC_Init_FS       usbd_cdc_if.o
    0x0800162c   0x0800162c   0x00000018   Code   RO         1055    i.CDC_Receive_FS    usbd_cdc_if.o
    0x08001644   0x08001644   0x00000004   Code   RO         1056    i.CDC_TransmitCplt_FS  usbd_cdc_if.o
    0x08001648   0x08001648   0x0000002c   Code   RO         1057    i.CDC_Transmit_FS   usbd_cdc_if.o
    0x08001674   0x08001674   0x0000000c   Code   RO          782    i.DMA1_Stream0_IRQHandler  stm32f4xx_it.o
    0x08001680   0x08001680   0x0000000c   Code   RO          783    i.DMA1_Stream3_IRQHandler  stm32f4xx_it.o
    0x0800168c   0x0800168c   0x00000028   Code   RO         2462    i.DMA_CalcBaseAndBitshift  stm32f4xx_hal_dma.o
    0x080016b4   0x080016b4   0x00000054   Code   RO         2463    i.DMA_CheckFifoParam  stm32f4xx_hal_dma.o
    0x08001708   0x08001708   0x00000028   Code   RO         2464    i.DMA_SetConfig     stm32f4xx_hal_dma.o
    0x08001730   0x08001730   0x00000002   Code   RO          784    i.DebugMon_Handler  stm32f4xx_it.o
    0x08001732   0x08001732   0x00000004   Code   RO          557    i.Error_Handler     main.o
    0x08001736   0x08001736   0x00000024   Code   RO         2466    i.HAL_DMA_Abort_IT  stm32f4xx_hal_dma.o
    0x0800175a   0x0800175a   0x00000004   Code   RO         2468    i.HAL_DMA_GetError  stm32f4xx_hal_dma.o
    0x0800175e   0x0800175e   0x00000006   Code   RO         2469    i.HAL_DMA_GetState  stm32f4xx_hal_dma.o
    0x08001764   0x08001764   0x000001a0   Code   RO         2470    i.HAL_DMA_IRQHandler  stm32f4xx_hal_dma.o
    0x08001904   0x08001904   0x000000d4   Code   RO         2471    i.HAL_DMA_Init      stm32f4xx_hal_dma.o
    0x080019d8   0x080019d8   0x0000006e   Code   RO         2475    i.HAL_DMA_Start_IT  stm32f4xx_hal_dma.o
    0x08001a46   0x08001a46   0x00000002   PAD
    0x08001a48   0x08001a48   0x00000024   Code   RO         2920    i.HAL_Delay         stm32f4xx_hal.o
    0x08001a6c   0x08001a6c   0x000001dc   Code   RO         2358    i.HAL_GPIO_Init     stm32f4xx_hal_gpio.o
    0x08001c48   0x08001c48   0x0000000a   Code   RO         2362    i.HAL_GPIO_WritePin  stm32f4xx_hal_gpio.o
    0x08001c52   0x08001c52   0x00000002   PAD
    0x08001c54   0x08001c54   0x0000000c   Code   RO         2926    i.HAL_GetTick       stm32f4xx_hal.o
    0x08001c60   0x08001c60   0x00000002   Code   RO         3171    i.HAL_I2C_AbortCpltCallback  stm32f4xx_hal_i2c.o
    0x08001c62   0x08001c62   0x00000002   Code   RO         3172    i.HAL_I2C_AddrCallback  stm32f4xx_hal_i2c.o
    0x08001c64   0x08001c64   0x000000ba   Code   RO         3175    i.HAL_I2C_ER_IRQHandler  stm32f4xx_hal_i2c.o
    0x08001d1e   0x08001d1e   0x00000230   Code   RO         3176    i.HAL_I2C_EV_IRQHandler  stm32f4xx_hal_i2c.o
    0x08001f4e   0x08001f4e   0x00000002   Code   RO         3178    i.HAL_I2C_ErrorCallback  stm32f4xx_hal_i2c.o
    0x08001f50   0x08001f50   0x00000188   Code   RO         3182    i.HAL_I2C_Init      stm32f4xx_hal_i2c.o
    0x080020d8   0x080020d8   0x00000002   Code   RO         3184    i.HAL_I2C_ListenCpltCallback  stm32f4xx_hal_i2c.o
    0x080020da   0x080020da   0x00000002   Code   RO         3185    i.HAL_I2C_MasterRxCpltCallback  stm32f4xx_hal_i2c.o
    0x080020dc   0x080020dc   0x00000002   Code   RO         3186    i.HAL_I2C_MasterTxCpltCallback  stm32f4xx_hal_i2c.o
    0x080020de   0x080020de   0x00000002   PAD
    0x080020e0   0x080020e0   0x0000012c   Code   RO         3195    i.HAL_I2C_Master_Transmit  stm32f4xx_hal_i2c.o
    0x0800220c   0x0800220c   0x0000007c   Code   RO          278    i.HAL_I2C_MemRxCpltCallback  my_application.o
    0x08002288   0x08002288   0x00000002   Code   RO         3199    i.HAL_I2C_MemTxCpltCallback  stm32f4xx_hal_i2c.o
    0x0800228a   0x0800228a   0x00000002   PAD
    0x0800228c   0x0800228c   0x00000204   Code   RO         3200    i.HAL_I2C_Mem_Read  stm32f4xx_hal_i2c.o
    0x08002490   0x08002490   0x000001cc   Code   RO         3201    i.HAL_I2C_Mem_Read_DMA  stm32f4xx_hal_i2c.o
    0x0800265c   0x0800265c   0x00000130   Code   RO         3203    i.HAL_I2C_Mem_Write  stm32f4xx_hal_i2c.o
    0x0800278c   0x0800278c   0x000000c0   Code   RO          650    i.HAL_I2C_MspInit   i2c.o
    0x0800284c   0x0800284c   0x00000002   Code   RO         3208    i.HAL_I2C_SlaveRxCpltCallback  stm32f4xx_hal_i2c.o
    0x0800284e   0x0800284e   0x00000002   Code   RO         3209    i.HAL_I2C_SlaveTxCpltCallback  stm32f4xx_hal_i2c.o
    0x08002850   0x08002850   0x00000002   Code   RO         3642    i.HAL_I2S_ErrorCallback  stm32f4xx_hal_i2s.o
    0x08002852   0x08002852   0x00000004   Code   RO         3645    i.HAL_I2S_IRQHandler  stm32f4xx_hal_i2s.o
    0x08002856   0x08002856   0x00000002   PAD
    0x08002858   0x08002858   0x0000010c   Code   RO         3646    i.HAL_I2S_Init      stm32f4xx_hal_i2s.o
    0x08002964   0x08002964   0x000000fc   Code   RO          698    i.HAL_I2S_MspInit   i2s.o
    0x08002a60   0x08002a60   0x000000d0   Code   RO         3650    i.HAL_I2S_Receive_DMA  stm32f4xx_hal_i2s.o
    0x08002b30   0x08002b30   0x00000028   Code   RO          785    i.HAL_I2S_RxCpltCallback  stm32f4xx_it.o
    0x08002b58   0x08002b58   0x00000028   Code   RO          786    i.HAL_I2S_RxHalfCpltCallback  stm32f4xx_it.o
    0x08002b80   0x08002b80   0x00000002   Code   RO         3657    i.HAL_I2S_TxCpltCallback  stm32f4xx_hal_i2s.o
    0x08002b82   0x08002b82   0x00000002   PAD
    0x08002b84   0x08002b84   0x00000010   Code   RO         2932    i.HAL_IncTick       stm32f4xx_hal.o
    0x08002b94   0x08002b94   0x00000034   Code   RO         2933    i.HAL_Init          stm32f4xx_hal.o
    0x08002bc8   0x08002bc8   0x00000040   Code   RO         2934    i.HAL_InitTick      stm32f4xx_hal.o
    0x08002c08   0x08002c08   0x00000030   Code   RO          905    i.HAL_MspInit       stm32f4xx_hal_msp.o
    0x08002c38   0x08002c38   0x0000001a   Code   RO         2768    i.HAL_NVIC_EnableIRQ  stm32f4xx_hal_cortex.o
    0x08002c52   0x08002c52   0x00000002   PAD
    0x08002c54   0x08002c54   0x00000040   Code   RO         2774    i.HAL_NVIC_SetPriority  stm32f4xx_hal_cortex.o
    0x08002c94   0x08002c94   0x00000024   Code   RO         2775    i.HAL_NVIC_SetPriorityGrouping  stm32f4xx_hal_cortex.o
    0x08002cb8   0x08002cb8   0x00000028   Code   RO         1560    i.HAL_PCDEx_ActivateLPM  stm32f4xx_hal_pcd_ex.o
    0x08002ce0   0x08002ce0   0x00000060   Code   RO         1109    i.HAL_PCDEx_LPM_Callback  usbd_conf.o
    0x08002d40   0x08002d40   0x00000008   Code   RO         1564    i.HAL_PCDEx_SetRxFiFo  stm32f4xx_hal_pcd_ex.o
    0x08002d48   0x08002d48   0x00000044   Code   RO         1565    i.HAL_PCDEx_SetTxFiFo  stm32f4xx_hal_pcd_ex.o
    0x08002d8c   0x08002d8c   0x00000008   Code   RO         1110    i.HAL_PCD_ConnectCallback  usbd_conf.o
    0x08002d94   0x08002d94   0x00000012   Code   RO         1111    i.HAL_PCD_DataInStageCallback  usbd_conf.o
    0x08002da6   0x08002da6   0x00000014   Code   RO         1112    i.HAL_PCD_DataOutStageCallback  usbd_conf.o
    0x08002dba   0x08002dba   0x00000008   Code   RO         1113    i.HAL_PCD_DisconnectCallback  usbd_conf.o
    0x08002dc2   0x08002dc2   0x0000001e   Code   RO         1331    i.HAL_PCD_EP_Abort  stm32f4xx_hal_pcd.o
    0x08002de0   0x08002de0   0x0000004a   Code   RO         1332    i.HAL_PCD_EP_Close  stm32f4xx_hal_pcd.o
    0x08002e2a   0x08002e2a   0x0000005a   Code   RO         1333    i.HAL_PCD_EP_ClrStall  stm32f4xx_hal_pcd.o
    0x08002e84   0x08002e84   0x00000012   Code   RO         1335    i.HAL_PCD_EP_GetRxCount  stm32f4xx_hal_pcd.o
    0x08002e96   0x08002e96   0x00000062   Code   RO         1336    i.HAL_PCD_EP_Open   stm32f4xx_hal_pcd.o
    0x08002ef8   0x08002ef8   0x00000038   Code   RO         1337    i.HAL_PCD_EP_Receive  stm32f4xx_hal_pcd.o
    0x08002f30   0x08002f30   0x00000072   Code   RO         1338    i.HAL_PCD_EP_SetStall  stm32f4xx_hal_pcd.o
    0x08002fa2   0x08002fa2   0x00000032   Code   RO         1339    i.HAL_PCD_EP_Transmit  stm32f4xx_hal_pcd.o
    0x08002fd4   0x08002fd4   0x00000598   Code   RO         1341    i.HAL_PCD_IRQHandler  stm32f4xx_hal_pcd.o
    0x0800356c   0x0800356c   0x00000008   Code   RO         1114    i.HAL_PCD_ISOINIncompleteCallback  usbd_conf.o
    0x08003574   0x08003574   0x00000008   Code   RO         1115    i.HAL_PCD_ISOOUTIncompleteCallback  usbd_conf.o
    0x0800357c   0x0800357c   0x000000d8   Code   RO         1344    i.HAL_PCD_Init      stm32f4xx_hal_pcd.o
    0x08003654   0x08003654   0x000000a0   Code   RO         1117    i.HAL_PCD_MspInit   usbd_conf.o
    0x080036f4   0x080036f4   0x0000002c   Code   RO         1118    i.HAL_PCD_ResetCallback  usbd_conf.o
    0x08003720   0x08003720   0x00000008   Code   RO         1119    i.HAL_PCD_ResumeCallback  usbd_conf.o
    0x08003728   0x08003728   0x00000008   Code   RO         1120    i.HAL_PCD_SOFCallback  usbd_conf.o
    0x08003730   0x08003730   0x00000026   Code   RO         1350    i.HAL_PCD_SetAddress  stm32f4xx_hal_pcd.o
    0x08003756   0x08003756   0x0000000e   Code   RO         1121    i.HAL_PCD_SetupStageCallback  usbd_conf.o
    0x08003764   0x08003764   0x00000042   Code   RO         1353    i.HAL_PCD_Start     stm32f4xx_hal_pcd.o
    0x080037a6   0x080037a6   0x00000002   PAD
    0x080037a8   0x080037a8   0x00000030   Code   RO         1122    i.HAL_PCD_SuspendCallback  usbd_conf.o
    0x080037d8   0x080037d8   0x00000198   Code   RO         2026    i.HAL_RCCEx_GetPeriphCLKFreq  stm32f4xx_hal_rcc_ex.o
    0x08003970   0x08003970   0x00000430   Code   RO         2027    i.HAL_RCCEx_PeriphCLKConfig  stm32f4xx_hal_rcc_ex.o
    0x08003da0   0x08003da0   0x00000134   Code   RO         1920    i.HAL_RCC_ClockConfig  stm32f4xx_hal_rcc.o
    0x08003ed4   0x08003ed4   0x0000000c   Code   RO         1925    i.HAL_RCC_GetHCLKFreq  stm32f4xx_hal_rcc.o
    0x08003ee0   0x08003ee0   0x00000020   Code   RO         1927    i.HAL_RCC_GetPCLK1Freq  stm32f4xx_hal_rcc.o
    0x08003f00   0x08003f00   0x00000020   Code   RO         1928    i.HAL_RCC_GetPCLK2Freq  stm32f4xx_hal_rcc.o
    0x08003f20   0x08003f20   0x00000094   Code   RO         2031    i.HAL_RCC_GetSysClockFreq  stm32f4xx_hal_rcc_ex.o
    0x08003fb4   0x08003fb4   0x00000398   Code   RO         2032    i.HAL_RCC_OscConfig  stm32f4xx_hal_rcc_ex.o
    0x0800434c   0x0800434c   0x00000028   Code   RO         2779    i.HAL_SYSTICK_Config  stm32f4xx_hal_cortex.o
    0x08004374   0x08004374   0x00000064   Code   RO         3865    i.HAL_UART_Init     stm32f4xx_hal_uart.o
    0x080043d8   0x080043d8   0x0000006c   Code   RO          740    i.HAL_UART_MspInit  usart.o
    0x08004444   0x08004444   0x00000002   Code   RO          787    i.HardFault_Handler  stm32f4xx_it.o
    0x08004446   0x08004446   0x00000002   PAD
    0x08004448   0x08004448   0x0000000c   Code   RO          788    i.I2C1_ER_IRQHandler  stm32f4xx_it.o
    0x08004454   0x08004454   0x0000000c   Code   RO          789    i.I2C1_EV_IRQHandler  stm32f4xx_it.o
    0x08004460   0x08004460   0x000000bc   Code   RO         3220    i.I2C_DMAAbort      stm32f4xx_hal_i2c.o
    0x0800451c   0x0800451c   0x00000040   Code   RO         3221    i.I2C_DMAError      stm32f4xx_hal_i2c.o
    0x0800455c   0x0800455c   0x00000112   Code   RO         3222    i.I2C_DMAXferCplt   stm32f4xx_hal_i2c.o
    0x0800466e   0x0800466e   0x00000010   Code   RO         3223    i.I2C_Flush_DR      stm32f4xx_hal_i2c.o
    0x0800467e   0x0800467e   0x00000002   PAD
    0x08004680   0x08004680   0x00000158   Code   RO         3224    i.I2C_ITError       stm32f4xx_hal_i2c.o
    0x080047d8   0x080047d8   0x0000002e   Code   RO         3225    i.I2C_IsAcknowledgeFailed  stm32f4xx_hal_i2c.o
    0x08004806   0x08004806   0x000000da   Code   RO         3226    i.I2C_MasterReceive_BTF  stm32f4xx_hal_i2c.o
    0x080048e0   0x080048e0   0x000000f4   Code   RO         3227    i.I2C_MasterReceive_RXNE  stm32f4xx_hal_i2c.o
    0x080049d4   0x080049d4   0x0000009c   Code   RO         3229    i.I2C_MasterRequestWrite  stm32f4xx_hal_i2c.o
    0x08004a70   0x08004a70   0x00000082   Code   RO         3230    i.I2C_MasterTransmit_BTF  stm32f4xx_hal_i2c.o
    0x08004af2   0x08004af2   0x00000002   PAD
    0x08004af4   0x08004af4   0x000000b6   Code   RO         3231    i.I2C_MasterTransmit_TXE  stm32f4xx_hal_i2c.o
    0x08004baa   0x08004baa   0x00000002   PAD
    0x08004bac   0x08004bac   0x00000118   Code   RO         3232    i.I2C_Master_ADDR   stm32f4xx_hal_i2c.o
    0x08004cc4   0x08004cc4   0x0000008c   Code   RO         3233    i.I2C_Master_SB     stm32f4xx_hal_i2c.o
    0x08004d50   0x08004d50   0x000000a8   Code   RO         3234    i.I2C_MemoryTransmit_TXE_BTF  stm32f4xx_hal_i2c.o
    0x08004df8   0x08004df8   0x000000fc   Code   RO         3235    i.I2C_RequestMemoryRead  stm32f4xx_hal_i2c.o
    0x08004ef4   0x08004ef4   0x000000a8   Code   RO         3236    i.I2C_RequestMemoryWrite  stm32f4xx_hal_i2c.o
    0x08004f9c   0x08004f9c   0x00000046   Code   RO         3237    i.I2C_Slave_ADDR    stm32f4xx_hal_i2c.o
    0x08004fe2   0x08004fe2   0x00000002   PAD
    0x08004fe4   0x08004fe4   0x00000090   Code   RO         3238    i.I2C_Slave_AF      stm32f4xx_hal_i2c.o
    0x08005074   0x08005074   0x0000015c   Code   RO         3239    i.I2C_Slave_STOPF   stm32f4xx_hal_i2c.o
    0x080051d0   0x080051d0   0x00000056   Code   RO         3240    i.I2C_WaitOnBTFFlagUntilTimeout  stm32f4xx_hal_i2c.o
    0x08005226   0x08005226   0x00000002   PAD
    0x08005228   0x08005228   0x00000090   Code   RO         3241    i.I2C_WaitOnFlagUntilTimeout  stm32f4xx_hal_i2c.o
    0x080052b8   0x080052b8   0x000000bc   Code   RO         3242    i.I2C_WaitOnMasterAddressFlagUntilTimeout  stm32f4xx_hal_i2c.o
    0x08005374   0x08005374   0x00000070   Code   RO         3243    i.I2C_WaitOnRXNEFlagUntilTimeout  stm32f4xx_hal_i2c.o
    0x080053e4   0x080053e4   0x00000056   Code   RO         3244    i.I2C_WaitOnTXEFlagUntilTimeout  stm32f4xx_hal_i2c.o
    0x0800543a   0x0800543a   0x00000028   Code   RO         3659    i.I2S_DMAError      stm32f4xx_hal_i2s.o
    0x08005462   0x08005462   0x00000024   Code   RO         3660    i.I2S_DMARxCplt     stm32f4xx_hal_i2s.o
    0x08005486   0x08005486   0x0000000a   Code   RO         3661    i.I2S_DMARxHalfCplt  stm32f4xx_hal_i2s.o
    0x08005490   0x08005490   0x000000f2   Code   RO         3664    i.I2S_IRQHandler    stm32f4xx_hal_i2s.o
    0x08005582   0x08005582   0x00000002   PAD
    0x08005584   0x08005584   0x000000bc   Code   RO          487    i.ICM42688_DMA_Callback  icm42688_sensor.o
    0x08005640   0x08005640   0x0000008c   Code   RO          488    i.ICM42688_Init     icm42688_sensor.o
    0x080056cc   0x080056cc   0x0000001a   Code   RO          494    i.ICM42688_Start_DMA_Read  icm42688_sensor.o
    0x080056e6   0x080056e6   0x0000001c   Code   RO          495    i.ICM42688_WriteReg  icm42688_sensor.o
    0x08005702   0x08005702   0x00000002   PAD
    0x08005704   0x08005704   0x00000038   Code   RO          960    i.IntToUnicode      usbd_desc.o
    0x0800573c   0x0800573c   0x00000018   Code   RO          236    i.MIC_Init          microphone_sensor.o
    0x08005754   0x08005754   0x00000018   Code   RO          237    i.MIC_Start         microphone_sensor.o
    0x0800576c   0x0800576c   0x0000003c   Code   RO          625    i.MX_DMA_Init       dma.o
    0x080057a8   0x080057a8   0x0000007c   Code   RO          601    i.MX_GPIO_Init      gpio.o
    0x08005824   0x08005824   0x00000040   Code   RO          652    i.MX_I2C1_Init      i2c.o
    0x08005864   0x08005864   0x00000040   Code   RO          699    i.MX_I2S2_Init      i2s.o
    0x080058a4   0x080058a4   0x00000038   Code   RO          741    i.MX_USART1_UART_Init  usart.o
    0x080058dc   0x080058dc   0x00000054   Code   RO          929    i.MX_USB_DEVICE_Init  usb_device.o
    0x08005930   0x08005930   0x00000002   Code   RO          790    i.MemManage_Handler  stm32f4xx_it.o
    0x08005932   0x08005932   0x00000002   PAD
    0x08005934   0x08005934   0x0000006c   Code   RO          279    i.My_Application_Init  my_application.o
    0x080059a0   0x080059a0   0x000000b8   Code   RO          280    i.My_Application_Run  my_application.o
    0x08005a58   0x08005a58   0x00000002   Code   RO          791    i.NMI_Handler       stm32f4xx_it.o
    0x08005a5a   0x08005a5a   0x00000002   PAD
    0x08005a5c   0x08005a5c   0x0000000c   Code   RO          792    i.OTG_FS_IRQHandler  stm32f4xx_it.o
    0x08005a68   0x08005a68   0x000000cc   Code   RO         1357    i.PCD_EP_OutXfrComplete_int  stm32f4xx_hal_pcd.o
    0x08005b34   0x08005b34   0x000000a2   Code   RO         1358    i.PCD_WriteEmptyTxFifo  stm32f4xx_hal_pcd.o
    0x08005bd6   0x08005bd6   0x00000002   Code   RO          793    i.PendSV_Handler    stm32f4xx_it.o
    0x08005bd8   0x08005bd8   0x0000004c   Code   RO           15    i.RGB_LED_Init      methods.o
    0x08005c24   0x08005c24   0x0000000c   Code   RO          794    i.SPI2_IRQHandler   stm32f4xx_it.o
    0x08005c30   0x08005c30   0x00000002   Code   RO          795    i.SVC_Handler       stm32f4xx_it.o
    0x08005c32   0x08005c32   0x0000000a   Code   RO         4395    i.SWAPBYTE          usbd_ctlreq.o
    0x08005c3c   0x08005c3c   0x00000004   Code   RO          796    i.SysTick_Handler   stm32f4xx_it.o
    0x08005c40   0x08005c40   0x00000098   Code   RO          558    i.SystemClock_Config  main.o
    0x08005cd8   0x08005cd8   0x00000010   Code   RO         4199    i.SystemInit        system_stm32f4xx_1.o
    0x08005ce8   0x08005ce8   0x0000010c   Code   RO         3891    i.UART_SetConfig    stm32f4xx_hal_uart.o
    0x08005df4   0x08005df4   0x00000076   Code   RO         4533    i.USBD_CDC_DataIn   usbd_cdc.o
    0x08005e6a   0x08005e6a   0x0000003c   Code   RO         4534    i.USBD_CDC_DataOut  usbd_cdc.o
    0x08005ea6   0x08005ea6   0x00000002   PAD
    0x08005ea8   0x08005ea8   0x00000094   Code   RO         4535    i.USBD_CDC_DeInit   usbd_cdc.o
    0x08005f3c   0x08005f3c   0x00000036   Code   RO         4536    i.USBD_CDC_EP0_RxReady  usbd_cdc.o
    0x08005f72   0x08005f72   0x00000002   PAD
    0x08005f74   0x08005f74   0x0000000c   Code   RO         4537    i.USBD_CDC_GetDeviceQualifierDescriptor  usbd_cdc.o
    0x08005f80   0x08005f80   0x0000003c   Code   RO         4538    i.USBD_CDC_GetFSCfgDesc  usbd_cdc.o
    0x08005fbc   0x08005fbc   0x00000040   Code   RO         4539    i.USBD_CDC_GetHSCfgDesc  usbd_cdc.o
    0x08005ffc   0x08005ffc   0x0000003c   Code   RO         4540    i.USBD_CDC_GetOtherSpeedCfgDesc  usbd_cdc.o
    0x08006038   0x08006038   0x00000120   Code   RO         4541    i.USBD_CDC_Init     usbd_cdc.o
    0x08006158   0x08006158   0x00000038   Code   RO         4542    i.USBD_CDC_ReceivePacket  usbd_cdc.o
    0x08006190   0x08006190   0x00000016   Code   RO         4543    i.USBD_CDC_RegisterInterface  usbd_cdc.o
    0x080061a6   0x080061a6   0x0000001a   Code   RO         4544    i.USBD_CDC_SetRxBuffer  usbd_cdc.o
    0x080061c0   0x080061c0   0x0000001e   Code   RO         4545    i.USBD_CDC_SetTxBuffer  usbd_cdc.o
    0x080061de   0x080061de   0x000000d4   Code   RO         4546    i.USBD_CDC_Setup    usbd_cdc.o
    0x080062b2   0x080062b2   0x00000002   PAD
    0x080062b4   0x080062b4   0x00000050   Code   RO         4547    i.USBD_CDC_TransmitPacket  usbd_cdc.o
    0x08006304   0x08006304   0x00000014   Code   RO         4236    i.USBD_ClrClassConfig  usbd_core.o
    0x08006318   0x08006318   0x00000004   Code   RO         4237    i.USBD_CoreFindEP   usbd_core.o
    0x0800631c   0x0800631c   0x00000004   Code   RO         4238    i.USBD_CoreFindIF   usbd_core.o
    0x08006320   0x08006320   0x00000010   Code   RO         4473    i.USBD_CtlContinueRx  usbd_ioreq.o
    0x08006330   0x08006330   0x00000010   Code   RO         4474    i.USBD_CtlContinueSendData  usbd_ioreq.o
    0x08006340   0x08006340   0x00000016   Code   RO         4396    i.USBD_CtlError     usbd_ctlreq.o
    0x08006356   0x08006356   0x00000022   Code   RO         4475    i.USBD_CtlPrepareRx  usbd_ioreq.o
    0x08006378   0x08006378   0x00000016   Code   RO         4476    i.USBD_CtlReceiveStatus  usbd_ioreq.o
    0x0800638e   0x0800638e   0x0000001c   Code   RO         4477    i.USBD_CtlSendData  usbd_ioreq.o
    0x080063aa   0x080063aa   0x00000016   Code   RO         4478    i.USBD_CtlSendStatus  usbd_ioreq.o
    0x080063c0   0x080063c0   0x00000020   Code   RO          961    i.USBD_FS_ConfigStrDescriptor  usbd_desc.o
    0x080063e0   0x080063e0   0x0000000c   Code   RO          962    i.USBD_FS_DeviceDescriptor  usbd_desc.o
    0x080063ec   0x080063ec   0x00000024   Code   RO          963    i.USBD_FS_InterfaceStrDescriptor  usbd_desc.o
    0x08006410   0x08006410   0x0000000c   Code   RO          964    i.USBD_FS_LangIDStrDescriptor  usbd_desc.o
    0x0800641c   0x0800641c   0x00000028   Code   RO          965    i.USBD_FS_ManufacturerStrDescriptor  usbd_desc.o
    0x08006444   0x08006444   0x0000002c   Code   RO          966    i.USBD_FS_ProductStrDescriptor  usbd_desc.o
    0x08006470   0x08006470   0x00000038   Code   RO          967    i.USBD_FS_SerialStrDescriptor  usbd_desc.o
    0x080064a8   0x080064a8   0x0000000c   Code   RO          968    i.USBD_FS_USR_BOSDescriptor  usbd_desc.o
    0x080064b4   0x080064b4   0x000000fa   Code   RO         4397    i.USBD_GetDescriptor  usbd_ctlreq.o
    0x080065ae   0x080065ae   0x0000003a   Code   RO         4240    i.USBD_GetEpDesc    usbd_core.o
    0x080065e8   0x080065e8   0x00000014   Code   RO         4398    i.USBD_GetLen       usbd_ctlreq.o
    0x080065fc   0x080065fc   0x0000000e   Code   RO         4241    i.USBD_GetNextDesc  usbd_core.o
    0x0800660a   0x0800660a   0x0000004e   Code   RO         4399    i.USBD_GetString    usbd_ctlreq.o
    0x08006658   0x08006658   0x00000018   Code   RO         1123    i.USBD_Get_USB_Status  usbd_conf.o
    0x08006670   0x08006670   0x00000026   Code   RO         4242    i.USBD_Init         usbd_core.o
    0x08006696   0x08006696   0x00000012   Code   RO         1124    i.USBD_LL_ClearStallEP  usbd_conf.o
    0x080066a8   0x080066a8   0x00000012   Code   RO         1125    i.USBD_LL_CloseEP   usbd_conf.o
    0x080066ba   0x080066ba   0x000000b8   Code   RO         4243    i.USBD_LL_DataInStage  usbd_core.o
    0x08006772   0x08006772   0x00000094   Code   RO         4244    i.USBD_LL_DataOutStage  usbd_core.o
    0x08006806   0x08006806   0x00000004   Code   RO         4245    i.USBD_LL_DevConnected  usbd_core.o
    0x0800680a   0x0800680a   0x0000001e   Code   RO         4246    i.USBD_LL_DevDisconnected  usbd_core.o
    0x08006828   0x08006828   0x00000008   Code   RO         1129    i.USBD_LL_GetRxDataSize  usbd_conf.o
    0x08006830   0x08006830   0x00000060   Code   RO         1130    i.USBD_LL_Init      usbd_conf.o
    0x08006890   0x08006890   0x0000001e   Code   RO         1131    i.USBD_LL_IsStallEP  usbd_conf.o
    0x080068ae   0x080068ae   0x00000028   Code   RO         4247    i.USBD_LL_IsoINIncomplete  usbd_core.o
    0x080068d6   0x080068d6   0x00000028   Code   RO         4248    i.USBD_LL_IsoOUTIncomplete  usbd_core.o
    0x080068fe   0x080068fe   0x00000018   Code   RO         1132    i.USBD_LL_OpenEP    usbd_conf.o
    0x08006916   0x08006916   0x00000012   Code   RO         1133    i.USBD_LL_PrepareReceive  usbd_conf.o
    0x08006928   0x08006928   0x0000005e   Code   RO         4249    i.USBD_LL_Reset     usbd_core.o
    0x08006986   0x08006986   0x00000014   Code   RO         4250    i.USBD_LL_Resume    usbd_core.o
    0x0800699a   0x0800699a   0x0000001a   Code   RO         4251    i.USBD_LL_SOF       usbd_core.o
    0x080069b4   0x080069b4   0x00000006   Code   RO         4252    i.USBD_LL_SetSpeed  usbd_core.o
    0x080069ba   0x080069ba   0x00000012   Code   RO         1134    i.USBD_LL_SetUSBAddress  usbd_conf.o
    0x080069cc   0x080069cc   0x00000060   Code   RO         4253    i.USBD_LL_SetupStage  usbd_core.o
    0x08006a2c   0x08006a2c   0x00000012   Code   RO         1135    i.USBD_LL_StallEP   usbd_conf.o
    0x08006a3e   0x08006a3e   0x00000012   Code   RO         1136    i.USBD_LL_Start     usbd_conf.o
    0x08006a50   0x08006a50   0x0000001a   Code   RO         4254    i.USBD_LL_Suspend   usbd_core.o
    0x08006a6a   0x08006a6a   0x00000012   Code   RO         1138    i.USBD_LL_Transmit  usbd_conf.o
    0x08006a7c   0x08006a7c   0x0000002c   Code   RO         4400    i.USBD_ParseSetupRequest  usbd_ctlreq.o
    0x08006aa8   0x08006aa8   0x0000003a   Code   RO         4255    i.USBD_RegisterClass  usbd_core.o
    0x08006ae2   0x08006ae2   0x00000014   Code   RO         4257    i.USBD_SetClassConfig  usbd_core.o
    0x08006af6   0x08006af6   0x00000002   PAD
    0x08006af8   0x08006af8   0x000000b8   Code   RO         4401    i.USBD_SetConfig    usbd_ctlreq.o
    0x08006bb0   0x08006bb0   0x00000004   Code   RO         4258    i.USBD_Start        usbd_core.o
    0x08006bb4   0x08006bb4   0x0000012c   Code   RO         4402    i.USBD_StdDevReq    usbd_ctlreq.o
    0x08006ce0   0x08006ce0   0x00000166   Code   RO         4403    i.USBD_StdEPReq     usbd_ctlreq.o
    0x08006e46   0x08006e46   0x00000072   Code   RO         4404    i.USBD_StdItfReq    usbd_ctlreq.o
    0x08006eb8   0x08006eb8   0x00000002   Code   RO         1139    i.USBD_static_free  usbd_conf.o
    0x08006eba   0x08006eba   0x00000002   PAD
    0x08006ebc   0x08006ebc   0x00000008   Code   RO         1140    i.USBD_static_malloc  usbd_conf.o
    0x08006ec4   0x08006ec4   0x00000080   Code   RO         1615    i.USB_ActivateEndpoint  stm32f4xx_ll_usb.o
    0x08006f44   0x08006f44   0x0000001c   Code   RO         1617    i.USB_ActivateSetup  stm32f4xx_ll_usb.o
    0x08006f60   0x08006f60   0x00000084   Code   RO         1619    i.USB_CoreInit      stm32f4xx_ll_usb.o
    0x08006fe4   0x08006fe4   0x00000044   Code   RO         1620    i.USB_CoreReset     stm32f4xx_ll_usb.o
    0x08007028   0x08007028   0x000000cc   Code   RO         1623    i.USB_DeactivateEndpoint  stm32f4xx_ll_usb.o
    0x080070f4   0x080070f4   0x0000001c   Code   RO         1624    i.USB_DevConnect    stm32f4xx_ll_usb.o
    0x08007110   0x08007110   0x0000001c   Code   RO         1625    i.USB_DevDisconnect  stm32f4xx_ll_usb.o
    0x0800712c   0x0800712c   0x00000174   Code   RO         1626    i.USB_DevInit       stm32f4xx_ll_usb.o
    0x080072a0   0x080072a0   0x0000000c   Code   RO         1627    i.USB_DisableGlobalInt  stm32f4xx_ll_usb.o
    0x080072ac   0x080072ac   0x00000058   Code   RO         1630    i.USB_EP0_OutStart  stm32f4xx_ll_usb.o
    0x08007304   0x08007304   0x00000058   Code   RO         1631    i.USB_EPClearStall  stm32f4xx_ll_usb.o
    0x0800735c   0x0800735c   0x00000058   Code   RO         1632    i.USB_EPSetStall    stm32f4xx_ll_usb.o
    0x080073b4   0x080073b4   0x00000238   Code   RO         1633    i.USB_EPStartXfer   stm32f4xx_ll_usb.o
    0x080075ec   0x080075ec   0x0000009e   Code   RO         1634    i.USB_EPStopXfer    stm32f4xx_ll_usb.o
    0x0800768a   0x0800768a   0x0000000c   Code   RO         1635    i.USB_EnableGlobalInt  stm32f4xx_ll_usb.o
    0x08007696   0x08007696   0x00000038   Code   RO         1636    i.USB_FlushRxFifo   stm32f4xx_ll_usb.o
    0x080076ce   0x080076ce   0x0000003c   Code   RO         1637    i.USB_FlushTxFifo   stm32f4xx_ll_usb.o
    0x0800770a   0x0800770a   0x0000001a   Code   RO         1639    i.USB_GetDevSpeed   stm32f4xx_ll_usb.o
    0x08007724   0x08007724   0x00000008   Code   RO         1641    i.USB_GetMode       stm32f4xx_ll_usb.o
    0x0800772c   0x0800772c   0x0000000e   Code   RO         1649    i.USB_ReadDevAllInEpInterrupt  stm32f4xx_ll_usb.o
    0x0800773a   0x0800773a   0x0000000e   Code   RO         1650    i.USB_ReadDevAllOutEpInterrupt  stm32f4xx_ll_usb.o
    0x08007748   0x08007748   0x00000024   Code   RO         1651    i.USB_ReadDevInEPInterrupt  stm32f4xx_ll_usb.o
    0x0800776c   0x0800776c   0x00000010   Code   RO         1652    i.USB_ReadDevOutEPInterrupt  stm32f4xx_ll_usb.o
    0x0800777c   0x0800777c   0x00000008   Code   RO         1653    i.USB_ReadInterrupts  stm32f4xx_ll_usb.o
    0x08007784   0x08007784   0x0000003e   Code   RO         1654    i.USB_ReadPacket    stm32f4xx_ll_usb.o
    0x080077c2   0x080077c2   0x0000005c   Code   RO         1656    i.USB_SetCurrentMode  stm32f4xx_ll_usb.o
    0x0800781e   0x0800781e   0x00000022   Code   RO         1657    i.USB_SetDevAddress  stm32f4xx_ll_usb.o
    0x08007840   0x08007840   0x000000e8   Code   RO         1659    i.USB_SetTurnaroundTime  stm32f4xx_ll_usb.o
    0x08007928   0x08007928   0x00000028   Code   RO         1662    i.USB_WritePacket   stm32f4xx_ll_usb.o
    0x08007950   0x08007950   0x00000002   Code   RO          797    i.UsageFault_Handler  stm32f4xx_it.o
    0x08007952   0x08007952   0x00000052   Code   RO          361    i.VCNL4040_Init     vcnl4040_sensor.o
    0x080079a4   0x080079a4   0x00000008   Code   RO          362    i.VCNL4040_Parse_ALS  vcnl4040_sensor.o
    0x080079ac   0x080079ac   0x00000008   Code   RO          363    i.VCNL4040_Parse_PS  vcnl4040_sensor.o
    0x080079b4   0x080079b4   0x00000050   Code   RO          364    i.VCNL4040_Read16   vcnl4040_sensor.o
    0x08007a04   0x08007a04   0x00000008   Code   RO          366    i.VCNL4040_ReadID   vcnl4040_sensor.o
    0x08007a0c   0x08007a0c   0x00000026   Code   RO          369    i.VCNL4040_Write16  vcnl4040_sensor.o
    0x08007a32   0x08007a32   0x00000030   Code   RO         4841    i.__ARM_fpclassify  m_wm.l(fpclassify.o)
    0x08007a62   0x08007a62   0x00000020   Code   RO         2781    i.__NVIC_SetPriority  stm32f4xx_hal_cortex.o
    0x08007a82   0x08007a82   0x0000000e   Code   RO         4662    i._is_digit         c_w.l(__printf_wp.o)
    0x08007a90   0x08007a90   0x0000002e   Code   RO          559    i.main              main.o
    0x08007abe   0x08007abe   0x00000002   PAD
    0x08007ac0   0x08007ac0   0x0000002c   Code   RO         4837    locale$$code        c_w.l(lc_numeric_c.o)
    0x08007aec   0x08007aec   0x0000000c   Code   RO         4763    x$fpl$dretinf       fz_wm.l(dretinf.o)
    0x08007af8   0x08007af8   0x00000056   Code   RO         4684    x$fpl$f2d           fz_wm.l(f2d.o)
    0x08007b4e   0x08007b4e   0x0000008c   Code   RO         4765    x$fpl$fnaninf       fz_wm.l(fnaninf.o)
    0x08007bda   0x08007bda   0x0000000a   Code   RO         4922    x$fpl$fpinit        fz_wm.l(fpinit.o)
    0x08007be4   0x08007be4   0x00000004   Code   RO         4686    x$fpl$printf1       fz_wm.l(printf1.o)
    0x08007be8   0x08007be8   0x00000000   Code   RO         4773    x$fpl$usenofp       fz_wm.l(usenofp.o)
    0x08007be8   0x08007be8   0x00000008   Data   RO         2477    .constdata          stm32f4xx_hal_dma.o
    0x08007bf0   0x08007bf0   0x00000010   Data   RO         4200    .constdata          system_stm32f4xx_1.o
    0x08007c00   0x08007c00   0x00000008   Data   RO         4201    .constdata          system_stm32f4xx_1.o
    0x08007c08   0x08007c08   0x00000011   Data   RO         4670    .constdata          c_w.l(__printf_flags_ss_wp.o)
    0x08007c19   0x08007c19   0x00000003   PAD
    0x08007c1c   0x08007c1c   0x00000094   Data   RO         4810    .constdata          c_w.l(bigflt0.o)
    0x08007cb0   0x08007cb0   0x00000020   Data   RO         4991    Region$$Table       anon$$obj.o
    0x08007cd0   0x08007cd0   0x0000001c   Data   RO         4836    locale$$data        c_w.l(lc_numeric_c.o)


    Execution Region RW_IRAM1 (Exec base: 0x20000000, Load base: 0x08007cec, Size: 0x00007078, Max: 0x00020000, ABSOLUTE, COMPRESSED[0x000000c4])

    Exec Addr    Load Addr    Size         Type   Attr      Idx    E Section Name        Object

    0x20000000   COMPRESSED   0x00000020   Data   RW          238    .bss                microphone_sensor.o
    0x20000020   COMPRESSED   0x00000001   Data   RW          282    .data               my_application.o
    0x20000021   COMPRESSED   0x00000003   PAD
    0x20000024   COMPRESSED   0x00000020   Data   RW          970    .data               usbd_desc.o
    0x20000044   COMPRESSED   0x0000003e   Data   RW          971    .data               usbd_desc.o
    0x20000082   COMPRESSED   0x00000002   PAD
    0x20000084   COMPRESSED   0x00000014   Data   RW         1059    .data               usbd_cdc_if.o
    0x20000098   COMPRESSED   0x0000000c   Data   RW         2940    .data               stm32f4xx_hal.o
    0x200000a4   COMPRESSED   0x00000004   Data   RW         4202    .data               system_stm32f4xx_1.o
    0x200000a8   COMPRESSED   0x00000001   Data   RW         4405    .data               usbd_ctlreq.o
    0x200000a9   COMPRESSED   0x00000003   PAD
    0x200000ac   COMPRESSED   0x00000053   Data   RW         4548    .data               usbd_cdc.o
    0x200000ff   COMPRESSED   0x00000001   PAD
    0x20000100   COMPRESSED   0x00000038   Data   RW         4549    .data               usbd_cdc.o
    0x20000138        -       0x0000015c   Zero   RW          281    .bss                my_application.o
    0x20000294        -       0x000000b4   Zero   RW          653    .bss                i2c.o
    0x20000348        -       0x000000a8   Zero   RW          700    .bss                i2s.o
    0x200003f0        -       0x00000048   Zero   RW          742    .bss                usart.o
    0x20000438        -       0x000002dc   Zero   RW          930    .bss                usb_device.o
    0x20000714        -       0x00000200   Zero   RW          969    .bss                usbd_desc.o
    0x20000914        -       0x00001000   Zero   RW         1058    .bss                usbd_cdc_if.o
    0x20001914        -       0x00000704   Zero   RW         1141    .bss                usbd_conf.o
    0x20002018        -       0x00000060   Zero   RW         4844    .bss                c_w.l(libspace.o)
    0x20002078        -       0x00001000   Zero   RW            2    HEAP                startup_stm32f446xx.o
    0x20003078        -       0x00004000   Zero   RW            1    STACK               startup_stm32f446xx.o


==============================================================================

Image component sizes


      Code (inc. data)   RO Data    RW Data    ZI Data      Debug   Object Name

        60          4          0          0          0        774   dma.o
       124          8          0          0          0        947   gpio.o
       256         34          0          0        180       1770   i2c.o
       316         34          0          0        168       1878   i2s.o
       382         14          0          0          0       3326   icm42688_sensor.o
       202         10          0          0          0       2120   main.o
        76          8          0          0          0     709924   methods.o
        48          6          0         32          0       2272   microphone_sensor.o
       416         82          0          1        348       6797   my_application.o
        64         26        452          0      20480        840   startup_stm32f446xx.o
       180         28          0         12          0       9237   stm32f4xx_hal.o
       198         14          0          0          0      33799   stm32f4xx_hal_cortex.o
       948         16          8          0          0       7596   stm32f4xx_hal_dma.o
       486         40          0          0          0       2172   stm32f4xx_hal_gpio.o
      6784        124          0          0          0      38093   stm32f4xx_hal_i2c.o
       812         24          0          0          0       6859   stm32f4xx_hal_i2s.o
        48          6          0          0          0        850   stm32f4xx_hal_msp.o
      2648         14          0          0          0      13548   stm32f4xx_hal_pcd.o
       116          6          0          0          0       2460   stm32f4xx_hal_pcd_ex.o
       384         50          0          0          0       3370   stm32f4xx_hal_rcc.o
      2548        100          0          0          0       5803   stm32f4xx_hal_rcc_ex.o
       368         10          0          0          0       2036   stm32f4xx_hal_uart.o
       172         60          0          0          0       8637   stm32f4xx_it.o
      2700        116          0          0          0      23144   stm32f4xx_ll_usb.o
        16          4         24          4          0       1115   system_stm32f4xx_1.o
       164         22          0          0         72       1694   usart.o
        84         18          0          0        732        804   usb_device.o
      1290         38          0        139          0      14329   usbd_cdc.o
       116         20          0         20       4096       3916   usbd_cdc_if.o
       766         28          0          0       1796      17445   usbd_conf.o
       934          0          0          0          0      15287   usbd_core.o
      1380         20          0          1          0      15320   usbd_ctlreq.o
       300        108          0         94        512       6773   usbd_desc.o
       138          0          0          0          0       4504   usbd_ioreq.o
       224          0          0          0          0       4455   vcnl4040_sensor.o

    ----------------------------------------------------------------------
     25796       1092        516        312      28384     973894   Object Totals
         0          0         32          0          0          0   (incl. Generated)
        48          0          0          9          0          0   (incl. Padding)

    ----------------------------------------------------------------------

      Code (inc. data)   RO Data    RW Data    ZI Data      Debug   Library Member Name

        44          6          0          0          0         84   __2sprintf.o
        90          0          0          0          0          0   __dczerorl2.o
         8          0          0          0          0         68   __main.o
       392          4         17          0          0         92   __printf_flags_ss_wp.o
        14          0          0          0          0         68   __printf_wp.o
         0          0          0          0          0          0   __rtentry.o
        12          0          0          0          0          0   __rtentry2.o
         6          0          0          0          0          0   __rtentry4.o
        52          8          0          0          0          0   __scatter.o
        28          0          0          0          0          0   __scatter_zi.o
        48          6          0          0          0         96   _printf_char_common.o
         6          0          0          0          0          0   _printf_d.o
       120         16          0          0          0         92   _printf_dec.o
         6          0          0          0          0          0   _printf_f.o
      1054          0          0          0          0        216   _printf_fp_dec.o
       128         16          0          0          0         84   _printf_fp_infnan.o
       178          0          0          0          0         88   _printf_intcommon.o
         0          0          0          0          0          0   _printf_percent.o
         4          0          0          0          0          0   _printf_percent_end.o
         6          0          0          0          0          0   _printf_u.o
        10          0          0          0          0         68   _sputc.o
       228          4        148          0          0         96   bigflt0.o
      1936        128          0          0          0        672   btod.o
        18          0          0          0          0         80   exit.o
         6          0          0          0          0        152   heapauxi.o
         0          0          0          0          0          0   indicate_semi.o
        44         10         28          0          0         76   lc_numeric_c.o
         2          0          0          0          0          0   libinit.o
        22          0          0          0          0          0   libinit2.o
         2          0          0          0          0          0   libshutdown.o
         2          0          0          0          0          0   libshutdown2.o
         8          4          0          0         96         68   libspace.o
       138          0          0          0          0         80   lludiv10.o
       238          0          0          0          0        100   lludivv7m.o
         8          4          0          0          0         68   rt_locale_intlibspace.o
        78          0          0          0          0         80   rt_memclr_w.o
         2          0          0          0          0          0   rtexit.o
        10          0          0          0          0          0   rtexit2.o
       128          0          0          0          0         68   strcmpv7m.o
        12          4          0          0          0         68   sys_exit.o
        74          0          0          0          0         80   sys_stackheap_outer.o
         2          0          0          0          0         68   use_no_semi.o
        12          0          0          0          0        116   dretinf.o
        86          4          0          0          0        132   f2d.o
       140          4          0          0          0        132   fnaninf.o
        10          0          0          0          0        116   fpinit.o
         4          0          0          0          0        116   printf1.o
         0          0          0          0          0          0   usenofp.o
        48          0          0          0          0        124   fpclassify.o

    ----------------------------------------------------------------------
      5472        218        196          0         96       3448   Library Totals
         8          0          3          0          0          0   (incl. Padding)

    ----------------------------------------------------------------------

      Code (inc. data)   RO Data    RW Data    ZI Data      Debug   Library Name

      5164        210        193          0         96       2712   c_w.l
       252          8          0          0          0        612   fz_wm.l
        48          0          0          0          0        124   m_wm.l

    ----------------------------------------------------------------------
      5472        218        196          0         96       3448   Library Totals

    ----------------------------------------------------------------------

==============================================================================


      Code (inc. data)   RO Data    RW Data    ZI Data      Debug   

     31268       1310        712        312      28480     949586   Grand Totals
     31268       1310        712        196      28480     949586   ELF Image Totals (compressed)
     31268       1310        712        196          0          0   ROM Totals

==============================================================================

    Total RO  Size (Code + RO Data)                31980 (  31.23kB)
    Total RW  Size (RW Data + ZI Data)             28792 (  28.12kB)
    Total ROM Size (Code + RO Data + RW Data)      32176 (  31.42kB)

==============================================================================

