Component: ARM Compiler 5.06 update 6 (build 750) Tool: armlink [4d35ed]

==============================================================================

Section Cross References

    startup_stm32f446xx.o(STACK) refers (Special) to heapauxi.o(.text) for __use_two_region_memory
    startup_stm32f446xx.o(HEAP) refers (Special) to heapauxi.o(.text) for __use_two_region_memory
    startup_stm32f446xx.o(RESET) refers (Special) to heapauxi.o(.text) for __use_two_region_memory
    startup_stm32f446xx.o(RESET) refers to startup_stm32f446xx.o(STACK) for __initial_sp
    startup_stm32f446xx.o(RESET) refers to startup_stm32f446xx.o(.text) for Reset_Handler
    startup_stm32f446xx.o(RESET) refers to stm32f4xx_it.o(i.NMI_Handler) for NMI_Handler
    startup_stm32f446xx.o(RESET) refers to stm32f4xx_it.o(i.HardFault_Handler) for HardFault_Handler
    startup_stm32f446xx.o(RESET) refers to stm32f4xx_it.o(i.MemManage_Handler) for MemManage_Handler
    startup_stm32f446xx.o(RESET) refers to stm32f4xx_it.o(i.BusFault_Handler) for BusFault_Handler
    startup_stm32f446xx.o(RESET) refers to stm32f4xx_it.o(i.UsageFault_Handler) for UsageFault_Handler
    startup_stm32f446xx.o(RESET) refers to stm32f4xx_it.o(i.SVC_Handler) for SVC_Handler
    startup_stm32f446xx.o(RESET) refers to stm32f4xx_it.o(i.DebugMon_Handler) for DebugMon_Handler
    startup_stm32f446xx.o(RESET) refers to stm32f4xx_it.o(i.PendSV_Handler) for PendSV_Handler
    startup_stm32f446xx.o(RESET) refers to stm32f4xx_it.o(i.SysTick_Handler) for SysTick_Handler
    startup_stm32f446xx.o(RESET) refers to stm32f4xx_it.o(i.DMA2_Stream0_IRQHandler) for DMA2_Stream0_IRQHandler
    startup_stm32f446xx.o(RESET) refers to stm32f4xx_it.o(i.OTG_FS_IRQHandler) for OTG_FS_IRQHandler
    startup_stm32f446xx.o(.text) refers (Special) to heapauxi.o(.text) for __use_two_region_memory
    startup_stm32f446xx.o(.text) refers to system_stm32f4xx_1.o(i.SystemInit) for SystemInit
    startup_stm32f446xx.o(.text) refers to __main.o(!!!main) for __main
    startup_stm32f446xx.o(.text) refers to startup_stm32f446xx.o(HEAP) for Heap_Mem
    startup_stm32f446xx.o(.text) refers to startup_stm32f446xx.o(STACK) for Stack_Mem
    methods.o(i.I2C_Diagnose_And_Recover) refers to _printf_pad.o(.text) for _printf_pre_padding
    methods.o(i.I2C_Diagnose_And_Recover) refers to _printf_percent.o(.ARM.Collect$$_printf_percent$$00000000) for _printf_percent
    methods.o(i.I2C_Diagnose_And_Recover) refers to _printf_d.o(.ARM.Collect$$_printf_percent$$00000009) for _printf_d
    methods.o(i.I2C_Diagnose_And_Recover) refers to _printf_x.o(.ARM.Collect$$_printf_percent$$0000000C) for _printf_x
    methods.o(i.I2C_Diagnose_And_Recover) refers to _printf_s.o(.ARM.Collect$$_printf_percent$$00000014) for _printf_s
    methods.o(i.I2C_Diagnose_And_Recover) refers to _printf_dec.o(.text) for _printf_int_dec
    methods.o(i.I2C_Diagnose_And_Recover) refers to _printf_hex_int_ll_ptr.o(.text) for _printf_longlong_hex
    methods.o(i.I2C_Diagnose_And_Recover) refers to _printf_str.o(.text) for _printf_str
    methods.o(i.I2C_Diagnose_And_Recover) refers to stm32f4xx_hal_i2c.o(i.HAL_I2C_GetError) for HAL_I2C_GetError
    methods.o(i.I2C_Diagnose_And_Recover) refers to __2sprintf.o(.text) for __2sprintf
    methods.o(i.I2C_Diagnose_And_Recover) refers to i2c.o(i.I2C_BusRecover) for I2C_BusRecover
    methods.o(i.I2C_Diagnose_And_Recover) refers to stm32f4xx_hal_i2c.o(i.HAL_I2C_DeInit) for HAL_I2C_DeInit
    methods.o(i.I2C_Diagnose_And_Recover) refers to i2c.o(i.MX_I2C1_Init) for MX_I2C1_Init
    methods.o(i.I2C_Diagnose_And_Recover) refers to methods.o(.conststring) for .conststring
    methods.o(i.I2C_Diagnose_And_Recover) refers to methods.o(.bss) for .bss
    methods.o(i.I2C_Scan) refers to methods.o(i.USB_Print) for USB_Print
    methods.o(i.I2C_Scan) refers to stm32f4xx_hal_i2c.o(i.HAL_I2C_IsDeviceReady) for HAL_I2C_IsDeviceReady
    methods.o(i.I2C_Scan) refers to i2c.o(.bss) for hi2c1
    methods.o(i.RGB_LED_Blink) refers to stm32f4xx_hal_gpio.o(i.HAL_GPIO_WritePin) for HAL_GPIO_WritePin
    methods.o(i.RGB_LED_Blink) refers to stm32f4xx_hal.o(i.HAL_Delay) for HAL_Delay
    methods.o(i.RGB_LED_Init) refers to rt_memclr_w.o(.text) for __aeabi_memclr4
    methods.o(i.RGB_LED_Init) refers to stm32f4xx_hal_gpio.o(i.HAL_GPIO_Init) for HAL_GPIO_Init
    methods.o(i.RGB_LED_Init) refers to stm32f4xx_hal_gpio.o(i.HAL_GPIO_WritePin) for HAL_GPIO_WritePin
    methods.o(i.Send_Buffer_Bytes) refers to methods.o(i.Send_Raw_Bytes) for Send_Raw_Bytes
    methods.o(i.Send_Raw_Bytes) refers to stm32f4xx_hal_uart.o(i.HAL_UART_Transmit) for HAL_UART_Transmit
    methods.o(i.Send_Raw_Bytes) refers to usart.o(.bss) for huart1
    methods.o(i.USART_Print) refers to vsnprintf.o(.text) for vsnprintf
    methods.o(i.USART_Print) refers to strlen.o(.text) for strlen
    methods.o(i.USART_Print) refers to stm32f4xx_hal_uart.o(i.HAL_UART_Transmit) for HAL_UART_Transmit
    methods.o(i.USART_Print) refers to usart.o(.bss) for huart1
[...]
    USART2_IRQHandler                        0x0800036b   Thumb Code     0  startup_stm32f446xx.o(.text)
    USART3_IRQHandler                        0x0800036b   Thumb Code     0  startup_stm32f446xx.o(.text)
    USART6_IRQHandler                        0x0800036b   Thumb Code     0  startup_stm32f446xx.o(.text)
    WWDG_IRQHandler                          0x0800036b   Thumb Code     0  startup_stm32f446xx.o(.text)
    __user_initial_stackheap                 0x0800036d   Thumb Code     0  startup_stm32f446xx.o(.text)
    __aeabi_uldivmod                         0x08000391   Thumb Code     0  lludivv7m.o(.text)
    _ll_udiv                                 0x08000391   Thumb Code   238  lludivv7m.o(.text)
    __aeabi_ldivmod                          0x0800047f   Thumb Code     0  llsdiv.o(.text)
    _ll_sdiv                                 0x0800047f   Thumb Code    72  llsdiv.o(.text)
    vsnprintf                                0x080004c9   Thumb Code    48  vsnprintf.o(.text)
    __2sprintf                               0x080004fd   Thumb Code    38  __2sprintf.o(.text)
    _printf_pre_padding                      0x08000529   Thumb Code    44  _printf_pad.o(.text)
    _printf_post_padding                     0x08000555   Thumb Code    34  _printf_pad.o(.text)
    _printf_str                              0x08000577   Thumb Code    82  _printf_str.o(.text)
    _printf_int_dec                          0x080005c9   Thumb Code   104  _printf_dec.o(.text)
    _printf_longlong_hex                     0x08000641   Thumb Code    86  _printf_hex_int_ll_ptr.o(.text)
    _printf_int_hex                          0x08000697   Thumb Code    28  _printf_hex_int_ll_ptr.o(.text)
    _printf_ll_hex                           0x080006b3   Thumb Code    12  _printf_hex_int_ll_ptr.o(.text)
    _printf_hex_ptr                          0x080006bf   Thumb Code    18  _printf_hex_int_ll_ptr.o(.text)
    __printf                                 0x080006d5   Thumb Code   388  __printf_flags_ss_wp.o(.text)
    strcpy                                   0x0800085d   Thumb Code    72  strcpy.o(.text)
    strlen                                   0x080008a5   Thumb Code    62  strlen.o(.text)
    __aeabi_memclr4                          0x080008e3   Thumb Code     0  rt_memclr_w.o(.text)
    __aeabi_memclr8                          0x080008e3   Thumb Code     0  rt_memclr_w.o(.text)
    __rt_memclr_w                            0x080008e3   Thumb Code    78  rt_memclr_w.o(.text)
    _memset_w                                0x080008e7   Thumb Code     0  rt_memclr_w.o(.text)
    __use_two_region_memory                  0x08000931   Thumb Code     2  heapauxi.o(.text)
    __rt_heap_escrow$2region                 0x08000933   Thumb Code     2  heapauxi.o(.text)
    __rt_heap_expand$2region                 0x08000935   Thumb Code     2  heapauxi.o(.text)
    _printf_truncate_signed                  0x08000937   Thumb Code    18  _printf_truncate.o(.text)
    _printf_truncate_unsigned                0x08000949   Thumb Code    18  _printf_truncate.o(.text)
    _printf_int_common                       0x0800095b   Thumb Code   178  _printf_intcommon.o(.text)
    _printf_charcount                        0x08000a0d   Thumb Code    40  _printf_charcount.o(.text)
    __lib_sel_fp_printf                      0x08000a35   Thumb Code     2  _printf_fp_dec.o(.text)
    _printf_fp_dec_real                      0x08000be7   Thumb Code   620  _printf_fp_dec.o(.text)
    _printf_char_common                      0x08000e5f   Thumb Code    32  _printf_char_common.o(.text)
    _sputc                                   0x08000e85   Thumb Code    10  _sputc.o(.text)
    _snputc                                  0x08000e8f   Thumb Code    16  _snputc.o(.text)
    _printf_cs_common                        0x08000e9f   Thumb Code    20  _printf_char.o(.text)
    _printf_char                             0x08000eb3   Thumb Code    16  _printf_char.o(.text)
    _printf_string                           0x08000ec3   Thumb Code     8  _printf_char.o(.text)
    _printf_wctomb                           0x08000ecd   Thumb Code   182  _printf_wctomb.o(.text)
    _printf_longlong_dec                     0x08000f89   Thumb Code   108  _printf_longlong_dec.o(.text)
    _printf_longlong_oct                     0x08001005   Thumb Code    66  _printf_oct_int_ll.o(.text)
    _printf_int_oct                          0x08001047   Thumb Code    24  _printf_oct_int_ll.o(.text)
    _printf_ll_oct                           0x0800105f   Thumb Code    12  _printf_oct_int_ll.o(.text)
    __rt_locale                              0x08001075   Thumb Code     8  rt_locale_intlibspace.o(.text)
    _ll_udiv10                               0x0800107d   Thumb Code   138  lludiv10.o(.text)
    _printf_fp_hex_real                      0x08001109   Thumb Code   756  _printf_fp_hex.o(.text)
    _printf_fp_infnan                        0x08001405   Thumb Code   112  _printf_fp_infnan.o(.text)
    _printf_lcs_common                       0x08001485   Thumb Code    20  _printf_wchar.o(.text)
    _printf_wchar                            0x08001499   Thumb Code    16  _printf_wchar.o(.text)
    _printf_wstring                          0x080014a9   Thumb Code     8  _printf_wchar.o(.text)
    _btod_etento                             0x080014b1   Thumb Code   224  bigflt0.o(.text)
    _wcrtomb                                 0x08001595   Thumb Code    64  _wcrtomb.o(.text)
    __user_libspace                          0x080015d5   Thumb Code     8  libspace.o(.text)
    __user_perproc_libspace                  0x080015d5   Thumb Code     0  libspace.o(.text)
    __user_perthread_libspace                0x080015d5   Thumb Code     0  libspace.o(.text)
    __user_setup_stackheap                   0x080015dd   Thumb Code    74  sys_stackheap_outer.o(.text)
    __rt_ctype_table                         0x08001629   Thumb Code    16  rt_ctype_table.o(.text)
    exit                                     0x08001639   Thumb Code    18  exit.o(.text)
    strcmp                                   0x0800164d   Thumb Code   128  strcmpv7m.o(.text)
    _sys_exit                                0x080016cd   Thumb Code     8  sys_exit.o(.text)
    __I$use$semihosting                      0x080016d9   Thumb Code     0  use_no_semi.o(.text)
    __use_no_semihosting_swi                 0x080016d9   Thumb Code     2  use_no_semi.o(.text)
    __semihosting_library_function           0x080016db   Thumb Code     0  indicate_semi.o(.text)
    _btod_d2e                                0x080016db   Thumb Code    62  btod.o(CL$$btod_d2e)
    _d2e_denorm_low                          0x08001719   Thumb Code    70  btod.o(CL$$btod_d2e_denorm_low)
    _d2e_norm_op1                            0x0800175f   Thumb Code    96  btod.o(CL$$btod_d2e_norm_op1)
    __btod_div_common                        0x080017bf   Thumb Code   696  btod.o(CL$$btod_div_common)
    _e2e                                     0x08001af7   Thumb Code   220  btod.o(CL$$btod_e2e)
    _btod_ediv                               0x08001bd3   Thumb Code    42  btod.o(CL$$btod_ediv)
    _btod_emul                               0x08001bfd   Thumb Code    42  btod.o(CL$$btod_emul)
    __btod_mult_common                       0x08001c27   Thumb Code   580  btod.o(CL$$btod_mult_common)
    BME280_Init                              0x08001fc9   Thumb Code   126  humidity_temp_sensor.o(i.BME280_Init)
    BME280_ReadData                          0x080020f5   Thumb Code   354  humidity_temp_sensor.o(i.BME280_ReadData)
    BusFault_Handler                         0x080022c3   Thumb Code     2  stm32f4xx_it.o(i.BusFault_Handler)
    CDC_Transmit_FS                          0x0800230d   Thumb Code    40  usbd_cdc_if.o(i.CDC_Transmit_FS)
    DMA2_Stream0_IRQHandler                  0x08002339   Thumb Code     6  stm32f4xx_it.o(i.DMA2_Stream0_IRQHandler)
    DWT_Init                                 0x080023e9   Thumb Code    26  methods.o(i.DWT_Init)
    DebugMon_Handler                         0x0800240d   Thumb Code     2  stm32f4xx_it.o(i.DebugMon_Handler)
    Error_Handler                            0x0800240f   Thumb Code     4  main.o(i.Error_Handler)
    HAL_DMA_IRQHandler                       0x08002415   Thumb Code   412  stm32f4xx_hal_dma.o(i.HAL_DMA_IRQHandler)
    HAL_DMA_Init                             0x080025b5   Thumb Code   206  stm32f4xx_hal_dma.o(i.HAL_DMA_Init)
    HAL_DMA_Start_IT                         0x08002689   Thumb Code   110  stm32f4xx_hal_dma.o(i.HAL_DMA_Start_IT)
    HAL_Delay                                0x080026f9   Thumb Code    32  stm32f4xx_hal.o(i.HAL_Delay)
    HAL_GPIO_DeInit                          0x0800271d   Thumb Code   306  stm32f4xx_hal_gpio.o(i.HAL_GPIO_DeInit)
    HAL_GPIO_Init                            0x08002875   Thumb Code   436  stm32f4xx_hal_gpio.o(i.HAL_GPIO_Init)
    HAL_GPIO_WritePin                        0x08002a51   Thumb Code    10  stm32f4xx_hal_gpio.o(i.HAL_GPIO_WritePin)
    HAL_GetTick                              0x08002a5d   Thumb Code     6  stm32f4xx_hal.o(i.HAL_GetTick)
    HAL_I2C_DeInit                           0x08002a69   Thumb Code    50  stm32f4xx_hal_i2c.o(i.HAL_I2C_DeInit)
    HAL_I2C_GetError                         0x08002a9b   Thumb Code     4  stm32f4xx_hal_i2c.o(i.HAL_I2C_GetError)
    HAL_I2C_Init                             0x08002aa1   Thumb Code   376  stm32f4xx_hal_i2c.o(i.HAL_I2C_Init)
    HAL_I2C_Master_Transmit                  0x08002c29   Thumb Code   290  stm32f4xx_hal_i2c.o(i.HAL_I2C_Master_Transmit)
    HAL_I2C_Mem_Read                         0x08002d55   Thumb Code   502  stm32f4xx_hal_i2c.o(i.HAL_I2C_Mem_Read)
    HAL_I2C_Mem_Write                        0x08002f59   Thumb Code   294  stm32f4xx_hal_i2c.o(i.HAL_I2C_Mem_Write)
    HAL_I2C_MspDeInit                        0x08003089   Thumb Code    44  i2c.o(i.HAL_I2C_MspDeInit)
    HAL_I2C_MspInit                          0x080030c1   Thumb Code    94  i2c.o(i.HAL_I2C_MspInit)
    HAL_I2S_ErrorCallback                    0x0800312d   Thumb Code     2  stm32f4xx_hal_i2s.o(i.HAL_I2S_ErrorCallback)
    HAL_I2S_Init                             0x08003131   Thumb Code   256  stm32f4xx_hal_i2s.o(i.HAL_I2S_Init)
    HAL_I2S_MspInit                          0x0800323d   Thumb Code   184  i2s.o(i.HAL_I2S_MspInit)
    HAL_I2S_Receive_DMA                      0x08003309   Thumb Code   196  stm32f4xx_hal_i2s.o(i.HAL_I2S_Receive_DMA)
    HAL_I2S_RxCpltCallback                   0x080033d9   Thumb Code    40  stm32f4xx_it.o(i.HAL_I2S_RxCpltCallback)
    HAL_I2S_RxHalfCpltCallback               0x0800340d   Thumb Code     2  stm32f4xx_it.o(i.HAL_I2S_RxHalfCpltCallback)
    HAL_I2S_TxCpltCallback                   0x0800340f   Thumb Code     2  stm32f4xx_hal_i2s.o(i.HAL_I2S_TxCpltCallback)
    HAL_IncTick                              0x08003411   Thumb Code    12  stm32f4xx_hal.o(i.HAL_IncTick)
    HAL_Init                                 0x08003421   Thumb Code    48  stm32f4xx_hal.o(i.HAL_Init)
    HAL_InitTick                             0x08003455   Thumb Code    54  stm32f4xx_hal.o(i.HAL_InitTick)
    HAL_MspInit                              0x08003495   Thumb Code    42  stm32f4xx_hal_msp.o(i.HAL_MspInit)
    HAL_NVIC_EnableIRQ                       0x080034c5   Thumb Code    26  stm32f4xx_hal_cortex.o(i.HAL_NVIC_EnableIRQ)
    HAL_NVIC_SetPriority                     0x080034e1   Thumb Code    60  stm32f4xx_hal_cortex.o(i.HAL_NVIC_SetPriority)
    HAL_NVIC_SetPriorityGrouping             0x08003521   Thumb Code    26  stm32f4xx_hal_cortex.o(i.HAL_NVIC_SetPriorityGrouping)
    HAL_PCDEx_ActivateLPM                    0x08003545   Thumb Code    34  stm32f4xx_hal_pcd_ex.o(i.HAL_PCDEx_ActivateLPM)
    HAL_PCDEx_LPM_Callback                   0x0800356d   Thumb Code    92  usbd_conf.o(i.HAL_PCDEx_LPM_Callback)
    HAL_PCDEx_SetRxFiFo                      0x080035cd   Thumb Code     8  stm32f4xx_hal_pcd_ex.o(i.HAL_PCDEx_SetRxFiFo)
    HAL_PCDEx_SetTxFiFo                      0x080035d5   Thumb Code    68  stm32f4xx_hal_pcd_ex.o(i.HAL_PCDEx_SetTxFiFo)
    HAL_PCD_ConnectCallback                  0x08003619   Thumb Code     8  usbd_conf.o(i.HAL_PCD_ConnectCallback)
    HAL_PCD_DataInStageCallback              0x08003621   Thumb Code    18  usbd_conf.o(i.HAL_PCD_DataInStageCallback)
    HAL_PCD_DataOutStageCallback             0x08003633   Thumb Code    20  usbd_conf.o(i.HAL_PCD_DataOutStageCallback)
    HAL_PCD_DisconnectCallback               0x08003647   Thumb Code     8  usbd_conf.o(i.HAL_PCD_DisconnectCallback)
    HAL_PCD_EP_Abort                         0x0800364f   Thumb Code    30  stm32f4xx_hal_pcd.o(i.HAL_PCD_EP_Abort)
    HAL_PCD_EP_Close                         0x0800366d   Thumb Code    74  stm32f4xx_hal_pcd.o(i.HAL_PCD_EP_Close)
    HAL_PCD_EP_ClrStall                      0x080036b7   Thumb Code    90  stm32f4xx_hal_pcd.o(i.HAL_PCD_EP_ClrStall)
    HAL_PCD_EP_GetRxCount                    0x08003711   Thumb Code    18  stm32f4xx_hal_pcd.o(i.HAL_PCD_EP_GetRxCount)
    HAL_PCD_EP_Open                          0x08003723   Thumb Code    98  stm32f4xx_hal_pcd.o(i.HAL_PCD_EP_Open)
    HAL_PCD_EP_Receive                       0x08003785   Thumb Code    56  stm32f4xx_hal_pcd.o(i.HAL_PCD_EP_Receive)
    HAL_PCD_EP_SetStall                      0x080037bd   Thumb Code   114  stm32f4xx_hal_pcd.o(i.HAL_PCD_EP_SetStall)
    HAL_PCD_EP_Transmit                      0x0800382f   Thumb Code    50  stm32f4xx_hal_pcd.o(i.HAL_PCD_EP_Transmit)
    HAL_PCD_IRQHandler                       0x08003861   Thumb Code  1432  stm32f4xx_hal_pcd.o(i.HAL_PCD_IRQHandler)
    HAL_PCD_ISOINIncompleteCallback          0x08003df9   Thumb Code     8  usbd_conf.o(i.HAL_PCD_ISOINIncompleteCallback)
    HAL_PCD_ISOOUTIncompleteCallback         0x08003e01   Thumb Code     8  usbd_conf.o(i.HAL_PCD_ISOOUTIncompleteCallback)
    HAL_PCD_Init                             0x08003e09   Thumb Code   216  stm32f4xx_hal_pcd.o(i.HAL_PCD_Init)
    HAL_PCD_MspInit                          0x08003ee1   Thumb Code   150  usbd_conf.o(i.HAL_PCD_MspInit)
    HAL_PCD_ResetCallback                    0x08003f81   Thumb Code    44  usbd_conf.o(i.HAL_PCD_ResetCallback)
    HAL_PCD_ResumeCallback                   0x08003fad   Thumb Code     8  usbd_conf.o(i.HAL_PCD_ResumeCallback)
    HAL_PCD_SOFCallback                      0x08003fb5   Thumb Code     8  usbd_conf.o(i.HAL_PCD_SOFCallback)
    HAL_PCD_SetAddress                       0x08003fbd   Thumb Code    38  stm32f4xx_hal_pcd.o(i.HAL_PCD_SetAddress)
    HAL_PCD_SetupStageCallback               0x08003fe3   Thumb Code    14  usbd_conf.o(i.HAL_PCD_SetupStageCallback)
    HAL_PCD_Start                            0x08003ff1   Thumb Code    66  stm32f4xx_hal_pcd.o(i.HAL_PCD_Start)
    HAL_PCD_SuspendCallback                  0x08004035   Thumb Code    44  usbd_conf.o(i.HAL_PCD_SuspendCallback)
    HAL_RCCEx_GetPeriphCLKFreq               0x08004065   Thumb Code   390  stm32f4xx_hal_rcc_ex.o(i.HAL_RCCEx_GetPeriphCLKFreq)
    HAL_RCCEx_PeriphCLKConfig                0x080041fd   Thumb Code  1072  stm32f4xx_hal_rcc_ex.o(i.HAL_RCCEx_PeriphCLKConfig)
    HAL_RCC_ClockConfig                      0x0800462d   Thumb Code   288  stm32f4xx_hal_rcc.o(i.HAL_RCC_ClockConfig)
    HAL_RCC_GetHCLKFreq                      0x08004761   Thumb Code     6  stm32f4xx_hal_rcc.o(i.HAL_RCC_GetHCLKFreq)
    HAL_RCC_GetPCLK1Freq                     0x0800476d   Thumb Code    20  stm32f4xx_hal_rcc.o(i.HAL_RCC_GetPCLK1Freq)
    HAL_RCC_GetPCLK2Freq                     0x0800478d   Thumb Code    20  stm32f4xx_hal_rcc.o(i.HAL_RCC_GetPCLK2Freq)
    HAL_RCC_GetSysClockFreq                  0x080047ad   Thumb Code   140  stm32f4xx_hal_rcc_ex.o(i.HAL_RCC_GetSysClockFreq)
    HAL_RCC_OscConfig                        0x08004841   Thumb Code   900  stm32f4xx_hal_rcc_ex.o(i.HAL_RCC_OscConfig)
    HAL_SYSTICK_Config                       0x08004bd9   Thumb Code    40  stm32f4xx_hal_cortex.o(i.HAL_SYSTICK_Config)
    HAL_UART_Init                            0x08004c01   Thumb Code   100  stm32f4xx_hal_uart.o(i.HAL_UART_Init)
    HAL_UART_MspInit                         0x08004c65   Thumb Code    94  usart.o(i.HAL_UART_MspInit)
    HardFault_Handler                        0x08004cd1   Thumb Code     2  stm32f4xx_it.o(i.HardFault_Handler)
    I2C_BusRecover                           0x08004cd5   Thumb Code   162  i2c.o(i.I2C_BusRecover)
    I2C_Diagnose_And_Recover                 0x08004d81   Thumb Code    58  methods.o(i.I2C_Diagnose_And_Recover)
    ICM42688_Init                            0x080053e9   Thumb Code   132  icm42688_sensor.o(i.ICM42688_Init)
    ICM42688_ReadAll                         0x08005475   Thumb Code   240  icm42688_sensor.o(i.ICM42688_ReadAll)
    MIC_Init                                 0x080055d5   Thumb Code    24  microphone_sensor.o(i.MIC_Init)
    MIC_Start                                0x080055ed   Thumb Code    18  microphone_sensor.o(i.MIC_Start)
    MX_DMA_Init                              0x08005605   Thumb Code    40  dma.o(i.MX_DMA_Init)
    MX_GPIO_Init                             0x08005631   Thumb Code   116  gpio.o(i.MX_GPIO_Init)
    MX_I2C1_Init                             0x080056ad   Thumb Code    50  i2c.o(i.MX_I2C1_Init)
    MX_I2S1_Init                             0x080056ed   Thumb Code    54  i2s.o(i.MX_I2S1_Init)
    MX_USART1_UART_Init                      0x0800572d   Thumb Code    48  usart.o(i.MX_USART1_UART_Init)
    MX_USB_DEVICE_Init                       0x08005765   Thumb Code    66  usb_device.o(i.MX_USB_DEVICE_Init)
    MemManage_Handler                        0x080057b9   Thumb Code     2  stm32f4xx_it.o(i.MemManage_Handler)
    My_Application_Init                      0x080057bd   Thumb Code   408  my_application.o(i.My_Application_Init)
    My_Application_Run                       0x08005a85   Thumb Code   632  my_application.o(i.My_Application_Run)
    NMI_Handler                              0x08005d91   Thumb Code     2  stm32f4xx_it.o(i.NMI_Handler)
    OTG_FS_IRQHandler                        0x08005d95   Thumb Code     6  stm32f4xx_it.o(i.OTG_FS_IRQHandler)
    PendSV_Handler                           0x08005f0f   Thumb Code     2  stm32f4xx_it.o(i.PendSV_Handler)
    RGB_LED_Init                             0x08005f11   Thumb Code    68  methods.o(i.RGB_LED_Init)
    SVC_Handler                              0x08005f5d   Thumb Code     2  stm32f4xx_it.o(i.SVC_Handler)
    SysTick_Handler                          0x08005f69   Thumb Code     4  stm32f4xx_it.o(i.SysTick_Handler)
    SystemClock_Config                       0x08005f6d   Thumb Code   142  main.o(i.SystemClock_Config)
    SystemInit                               0x08006005   Thumb Code    12  system_stm32f4xx_1.o(i.SystemInit)
    TCA9548A_SelectChannel                   0x08006015   Thumb Code    32  humidity_temp_sensor.o(i.TCA9548A_SelectChannel)
    USBD_CDC_GetDeviceQualifierDescriptor    0x080062c1   Thumb Code     8  usbd_cdc.o(i.USBD_CDC_GetDeviceQualifierDescriptor)
    USBD_CDC_ReceivePacket                   0x080064a5   Thumb Code    50  usbd_cdc.o(i.USBD_CDC_ReceivePacket)
    USBD_CDC_RegisterInterface               0x080064dd   Thumb Code    22  usbd_cdc.o(i.USBD_CDC_RegisterInterface)
    USBD_CDC_SetRxBuffer                     0x080064f3   Thumb Code    26  usbd_cdc.o(i.USBD_CDC_SetRxBuffer)
    USBD_CDC_SetTxBuffer                     0x0800650d   Thumb Code    30  usbd_cdc.o(i.USBD_CDC_SetTxBuffer)
    USBD_CDC_TransmitPacket                  0x08006601   Thumb Code    76  usbd_cdc.o(i.USBD_CDC_TransmitPacket)
    USBD_ClrClassConfig                      0x08006651   Thumb Code    20  usbd_core.o(i.USBD_ClrClassConfig)
    USBD_CoreFindEP                          0x08006665   Thumb Code     4  usbd_core.o(i.USBD_CoreFindEP)
    USBD_CoreFindIF                          0x08006669   Thumb Code     4  usbd_core.o(i.USBD_CoreFindIF)
    USBD_CtlContinueRx                       0x0800666d   Thumb Code    16  usbd_ioreq.o(i.USBD_CtlContinueRx)
    USBD_CtlContinueSendData                 0x0800667d   Thumb Code    16  usbd_ioreq.o(i.USBD_CtlContinueSendData)
    USBD_CtlError                            0x0800668d   Thumb Code    22  usbd_ctlreq.o(i.USBD_CtlError)
    USBD_CtlPrepareRx                        0x080066a3   Thumb Code    34  usbd_ioreq.o(i.USBD_CtlPrepareRx)
    USBD_CtlReceiveStatus                    0x080066c5   Thumb Code    22  usbd_ioreq.o(i.USBD_CtlReceiveStatus)
    USBD_CtlSendData                         0x080066db   Thumb Code    28  usbd_ioreq.o(i.USBD_CtlSendData)
    USBD_CtlSendStatus                       0x080066f7   Thumb Code    22  usbd_ioreq.o(i.USBD_CtlSendStatus)
    USBD_FS_ConfigStrDescriptor              0x0800670d   Thumb Code    16  usbd_desc.o(i.USBD_FS_ConfigStrDescriptor)
    USBD_FS_DeviceDescriptor                 0x0800672d   Thumb Code     8  usbd_desc.o(i.USBD_FS_DeviceDescriptor)
    USBD_FS_InterfaceStrDescriptor           0x08006739   Thumb Code    16  usbd_desc.o(i.USBD_FS_InterfaceStrDescriptor)
    USBD_FS_LangIDStrDescriptor              0x0800675d   Thumb Code     8  usbd_desc.o(i.USBD_FS_LangIDStrDescriptor)
    USBD_FS_ManufacturerStrDescriptor        0x08006769   Thumb Code    16  usbd_desc.o(i.USBD_FS_ManufacturerStrDescriptor)
    USBD_FS_ProductStrDescriptor             0x08006791   Thumb Code    16  usbd_desc.o(i.USBD_FS_ProductStrDescriptor)
    USBD_FS_SerialStrDescriptor              0x080067bd   Thumb Code    48  usbd_desc.o(i.USBD_FS_SerialStrDescriptor)
    USBD_FS_USR_BOSDescriptor                0x080067f5   Thumb Code     8  usbd_desc.o(i.USBD_FS_USR_BOSDescriptor)
    USBD_GetEpDesc                           0x080068fb   Thumb Code    58  usbd_core.o(i.USBD_GetEpDesc)
    USBD_GetNextDesc                         0x08006949   Thumb Code    14  usbd_core.o(i.USBD_GetNextDesc)
    USBD_GetString                           0x08006957   Thumb Code    78  usbd_ctlreq.o(i.USBD_GetString)
    USBD_Get_USB_Status                      0x080069a5   Thumb Code    24  usbd_conf.o(i.USBD_Get_USB_Status)
    USBD_Init                                0x080069bd   Thumb Code    38  usbd_core.o(i.USBD_Init)
    USBD_LL_ClearStallEP                     0x080069e3   Thumb Code    18  usbd_conf.o(i.USBD_LL_ClearStallEP)
    USBD_LL_CloseEP                          0x080069f5   Thumb Code    18  usbd_conf.o(i.USBD_LL_CloseEP)
    USBD_LL_DataInStage                      0x08006a07   Thumb Code   184  usbd_core.o(i.USBD_LL_DataInStage)
    USBD_LL_DataOutStage                     0x08006abf   Thumb Code   148  usbd_core.o(i.USBD_LL_DataOutStage)
    USBD_LL_DevConnected                     0x08006b53   Thumb Code     4  usbd_core.o(i.USBD_LL_DevConnected)
    USBD_LL_DevDisconnected                  0x08006b57   Thumb Code    30  usbd_core.o(i.USBD_LL_DevDisconnected)
    USBD_LL_GetRxDataSize                    0x08006b75   Thumb Code     8  usbd_conf.o(i.USBD_LL_GetRxDataSize)
    USBD_LL_Init                             0x08006b7d   Thumb Code    90  usbd_conf.o(i.USBD_LL_Init)
    USBD_LL_IsStallEP                        0x08006bdd   Thumb Code    30  usbd_conf.o(i.USBD_LL_IsStallEP)
    USBD_LL_IsoINIncomplete                  0x08006bfb   Thumb Code    40  usbd_core.o(i.USBD_LL_IsoINIncomplete)
    USBD_LL_IsoOUTIncomplete                 0x08006c23   Thumb Code    40  usbd_core.o(i.USBD_LL_IsoOUTIncomplete)
    USBD_LL_OpenEP                           0x08006c4b   Thumb Code    24  usbd_conf.o(i.USBD_LL_OpenEP)
    USBD_LL_PrepareReceive                   0x08006c63   Thumb Code    18  usbd_conf.o(i.USBD_LL_PrepareReceive)
    USBD_LL_Reset                            0x08006c75   Thumb Code    94  usbd_core.o(i.USBD_LL_Reset)
    USBD_LL_Resume                           0x08006cd3   Thumb Code    20  usbd_core.o(i.USBD_LL_Resume)
    USBD_LL_SOF                              0x08006ce7   Thumb Code    26  usbd_core.o(i.USBD_LL_SOF)
    USBD_LL_SetSpeed                         0x08006d01   Thumb Code     6  usbd_core.o(i.USBD_LL_SetSpeed)
    USBD_LL_SetUSBAddress                    0x08006d07   Thumb Code    18  usbd_conf.o(i.USBD_LL_SetUSBAddress)
    USBD_LL_SetupStage                       0x08006d19   Thumb Code    96  usbd_core.o(i.USBD_LL_SetupStage)
    USBD_LL_StallEP                          0x08006d79   Thumb Code    18  usbd_conf.o(i.USBD_LL_StallEP)
    USBD_LL_Start                            0x08006d8b   Thumb Code    18  usbd_conf.o(i.USBD_LL_Start)
    USBD_LL_Suspend                          0x08006d9d   Thumb Code    26  usbd_core.o(i.USBD_LL_Suspend)
    USBD_LL_Transmit                         0x08006db7   Thumb Code    18  usbd_conf.o(i.USBD_LL_Transmit)
    USBD_ParseSetupRequest                   0x08006dc9   Thumb Code    44  usbd_ctlreq.o(i.USBD_ParseSetupRequest)
    USBD_RegisterClass                       0x08006df5   Thumb Code    58  usbd_core.o(i.USBD_RegisterClass)
    USBD_SetClassConfig                      0x08006e2f   Thumb Code    20  usbd_core.o(i.USBD_SetClassConfig)
    USBD_Start                               0x08006efd   Thumb Code     4  usbd_core.o(i.USBD_Start)
    USBD_StdDevReq                           0x08006f01   Thumb Code   300  usbd_ctlreq.o(i.USBD_StdDevReq)
    USBD_StdEPReq                            0x0800702d   Thumb Code   358  usbd_ctlreq.o(i.USBD_StdEPReq)
    USBD_StdItfReq                           0x08007193   Thumb Code   114  usbd_ctlreq.o(i.USBD_StdItfReq)
    USBD_static_free                         0x08007205   Thumb Code     2  usbd_conf.o(i.USBD_static_free)
    USBD_static_malloc                       0x08007209   Thumb Code     4  usbd_conf.o(i.USBD_static_malloc)
    USB_ActivateEndpoint                     0x08007211   Thumb Code   122  stm32f4xx_ll_usb.o(i.USB_ActivateEndpoint)
    USB_ActivateSetup                        0x08007291   Thumb Code    28  stm32f4xx_ll_usb.o(i.USB_ActivateSetup)
    USB_CoreInit                             0x080072ad   Thumb Code   126  stm32f4xx_ll_usb.o(i.USB_CoreInit)
    USB_DeactivateEndpoint                   0x08007375   Thumb Code   194  stm32f4xx_ll_usb.o(i.USB_DeactivateEndpoint)
    USB_DevConnect                           0x08007441   Thumb Code    28  stm32f4xx_ll_usb.o(i.USB_DevConnect)
    USB_DevDisconnect                        0x0800745d   Thumb Code    28  stm32f4xx_ll_usb.o(i.USB_DevDisconnect)
    USB_DevInit                              0x08007479   Thumb Code   362  stm32f4xx_ll_usb.o(i.USB_DevInit)
    USB_DisableGlobalInt                     0x080075ed   Thumb Code    12  stm32f4xx_ll_usb.o(i.USB_DisableGlobalInt)
    USB_EP0_OutStart                         0x080075f9   Thumb Code    84  stm32f4xx_ll_usb.o(i.USB_EP0_OutStart)
    USB_EPClearStall                         0x08007651   Thumb Code    88  stm32f4xx_ll_usb.o(i.USB_EPClearStall)
    USB_EPSetStall                           0x080076a9   Thumb Code    88  stm32f4xx_ll_usb.o(i.USB_EPSetStall)
    USB_EPStartXfer                          0x08007701   Thumb Code   562  stm32f4xx_ll_usb.o(i.USB_EPStartXfer)
    USB_EPStopXfer                           0x08007939   Thumb Code   158  stm32f4xx_ll_usb.o(i.USB_EPStopXfer)
    USB_EnableGlobalInt                      0x080079d7   Thumb Code    12  stm32f4xx_ll_usb.o(i.USB_EnableGlobalInt)
    USB_FlushRxFifo                          0x080079e3   Thumb Code    56  stm32f4xx_ll_usb.o(i.USB_FlushRxFifo)
    USB_FlushTxFifo                          0x08007a1b   Thumb Code    60  stm32f4xx_ll_usb.o(i.USB_FlushTxFifo)
    USB_GetDevSpeed                          0x08007a57   Thumb Code    26  stm32f4xx_ll_usb.o(i.USB_GetDevSpeed)
    USB_GetMode                              0x08007a71   Thumb Code     8  stm32f4xx_ll_usb.o(i.USB_GetMode)
    USB_Print                                0x08007a79   Thumb Code    56  methods.o(i.USB_Print)
    USB_ReadDevAllInEpInterrupt              0x08007ab9   Thumb Code    14  stm32f4xx_ll_usb.o(i.USB_ReadDevAllInEpInterrupt)
    USB_ReadDevAllOutEpInterrupt             0x08007ac7   Thumb Code    14  stm32f4xx_ll_usb.o(i.USB_ReadDevAllOutEpInterrupt)
    USB_ReadDevInEPInterrupt                 0x08007ad5   Thumb Code    36  stm32f4xx_ll_usb.o(i.USB_ReadDevInEPInterrupt)
    USB_ReadDevOutEPInterrupt                0x08007af9   Thumb Code    16  stm32f4xx_ll_usb.o(i.USB_ReadDevOutEPInterrupt)
    USB_ReadInterrupts                       0x08007b09   Thumb Code     8  stm32f4xx_ll_usb.o(i.USB_ReadInterrupts)
    USB_ReadPacket                           0x08007b11   Thumb Code    62  stm32f4xx_ll_usb.o(i.USB_ReadPacket)
    USB_SetCurrentMode                       0x08007b4f   Thumb Code    92  stm32f4xx_ll_usb.o(i.USB_SetCurrentMode)
    USB_SetDevAddress                        0x08007bab   Thumb Code    34  stm32f4xx_ll_usb.o(i.USB_SetDevAddress)
    USB_SetTurnaroundTime                    0x08007bcd   Thumb Code   158  stm32f4xx_ll_usb.o(i.USB_SetTurnaroundTime)
    USB_WritePacket                          0x08007cb5   Thumb Code    40  stm32f4xx_ll_usb.o(i.USB_WritePacket)
    UsageFault_Handler                       0x08007cdd   Thumb Code     2  stm32f4xx_it.o(i.UsageFault_Handler)
    VCNL4040_Init                            0x08007cdf   Thumb Code    82  vcnl4040_sensor.o(i.VCNL4040_Init)
    VCNL4040_ReadALS                         0x08007d81   Thumb Code     8  vcnl4040_sensor.o(i.VCNL4040_ReadALS)
    VCNL4040_ReadID                          0x08007d89   Thumb Code     8  vcnl4040_sensor.o(i.VCNL4040_ReadID)
    VCNL4040_ReadPS                          0x08007d91   Thumb Code     8  vcnl4040_sensor.o(i.VCNL4040_ReadPS)
    __ARM_fpclassify                         0x08007dbf   Thumb Code    48  fpclassify.o(i.__ARM_fpclassify)
    _is_digit                                0x08007e0f   Thumb Code    14  __printf_wp.o(i._is_digit)
    main                                     0x08007e1d   Thumb Code    46  main.o(i.main)
    _get_lc_numeric                          0x08007e4d   Thumb Code    44  lc_numeric_c.o(locale$$code)
    _get_lc_ctype                            0x08007e79   Thumb Code    44  lc_ctype_c.o(locale$$code)
    __fpl_dretinf                            0x08007ea5   Thumb Code    12  dretinf.o(x$fpl$dretinf)
    __aeabi_f2d                              0x08007eb1   Thumb Code     0  f2d.o(x$fpl$f2d)
    _f2d                                     0x08007eb1   Thumb Code    86  f2d.o(x$fpl$f2d)
    __fpl_fnaninf                            0x08007f07   Thumb Code   140  fnaninf.o(x$fpl$fnaninf)
    _fp_init                                 0x08007f93   Thumb Code    10  fpinit.o(x$fpl$fpinit)
    __fplib_config_fpu_vfp                   0x08007f9b   Thumb Code     0  fpinit.o(x$fpl$fpinit)
    __fplib_config_pureend_doubles           0x08007f9b   Thumb Code     0  fpinit.o(x$fpl$fpinit)
    _printf_fp_dec                           0x08007f9d   Thumb Code     4  printf1.o(x$fpl$printf1)
    _printf_fp_hex                           0x08007fa1   Thumb Code     4  printf2.o(x$fpl$printf2)
    __I$use$fp                               0x08007fa4   Number         0  usenofp.o(x$fpl$usenofp)
    AHBPrescTable                            0x08007fac   Data          16  system_stm32f4xx_1.o(.constdata)
    APBPrescTable                            0x08007fbc   Data           8  system_stm32f4xx_1.o(.constdata)
    Region$$Table$$Base                      0x080081e0   Number         0  anon$$obj.o(Region$$Table)
    Region$$Table$$Limit                     0x08008200   Number         0  anon$$obj.o(Region$$Table)
    __ctype                                  0x08008229   Data           0  lc_ctype_c.o(locale$$data)
    dma_buffer                               0x20000000   Data          64  microphone_sensor.o(.bss)
    status                                   0x20000040   Data           1  my_application.o(.data)
    vcnl4040                                 0x20000048   Data           8  my_application.o(.data)
    FS_Desc                                  0x200000b0   Data          32  usbd_desc.o(.data)
    USBD_LangIDDesc                          0x200000d0   Data           4  usbd_desc.o(.data)
    USBD_FS_DeviceDesc                       0x200000d4   Data          18  usbd_desc.o(.data)
    USBD_FS_BOSDesc                          0x200000e8   Data          12  usbd_desc.o(.data)
    USBD_StringSerial                        0x200000f4   Data          26  usbd_desc.o(.data)
    USBD_Interface_fops_FS                   0x20000110   Data          20  usbd_cdc_if.o(.data)
    uwTickFreq                               0x20000124   Data           1  stm32f4xx_hal.o(.data)
    uwTickPrio                               0x20000128   Data           4  stm32f4xx_hal.o(.data)
    uwTick                                   0x2000012c   Data           4  stm32f4xx_hal.o(.data)
    SystemCoreClock                          0x20000130   Data           4  system_stm32f4xx_1.o(.data)
    USBD_CDC                                 0x2000018c   Data          56  usbd_cdc.o(.data)
    icm42688                                 0x200007c4   Data          16  my_application.o(.bss)
    mic                                      0x200007d4   Data          16  my_application.o(.bss)
    hi2c1                                    0x200007e4   Data          84  i2c.o(.bss)
    hi2s1                                    0x20000838   Data          72  i2s.o(.bss)
    hdma_spi1_rx                             0x20000880   Data          96  i2s.o(.bss)
    huart1                                   0x200008e0   Data          72  usart.o(.bss)
    hUsbDeviceFS                             0x20000928   Data         732  usb_device.o(.bss)
    USBD_StrDesc                             0x20000c04   Data         512  usbd_desc.o(.bss)
    UserRxBufferFS                           0x20000e04   Data        2048  usbd_cdc_if.o(.bss)
    UserTxBufferFS                           0x20001604   Data        2048  usbd_cdc_if.o(.bss)
    hpcd_USB_OTG_FS                          0x20002024   Data        1252  usbd_conf.o(.bss)
    __libspace_start                         0x20002508   Data          96  libspace.o(.bss)
    __temporary_stack_top$libspace           0x20002568   Data           0  libspace.o(.bss)



==============================================================================

Memory Map of the image

  Image Entry point : 0x080001c5

  Load Region LR_IROM1 (Base: 0x08000000, Size: 0x000084f0, Max: 0x00080000, ABSOLUTE, COMPRESSED[0x00008400])

    Execution Region ER_IROM1 (Exec base: 0x08000000, Load base: 0x08000000, Size: 0x0000832c, Max: 0x00080000, ABSOLUTE)

    Exec Addr    Load Addr    Size         Type   Attr      Idx    E Section Name        Object

    0x08000000   0x08000000   0x000001c4   Data   RO            3    RESET               startup_stm32f446xx.o
    0x080001c4   0x080001c4   0x00000008   Code   RO         4665  * !!!main             c_w.l(__main.o)
    0x080001cc   0x080001cc   0x00000034   Code   RO         4951    !!!scatter          c_w.l(__scatter.o)
    0x08000200   0x08000200   0x0000005a   Code   RO         4949    !!dczerorl2         c_w.l(__dczerorl2.o)
    0x0800025a   0x0800025a   0x00000002   PAD
    0x0800025c   0x0800025c   0x0000001c   Code   RO         4953    !!handler_zi        c_w.l(__scatter_zi.o)
    0x08000278   0x08000278   0x00000000   Code   RO         4656    .ARM.Collect$$_printf_percent$$00000000  c_w.l(_printf_percent.o)
    0x08000278   0x08000278   0x00000006   Code   RO         4704    .ARM.Collect$$_printf_percent$$00000001  c_w.l(_printf_n.o)
    0x0800027e   0x0800027e   0x00000006   Code   RO         4705    .ARM.Collect$$_printf_percent$$00000002  c_w.l(_printf_p.o)
    0x08000284   0x08000284   0x00000006   Code   RO         4655    .ARM.Collect$$_printf_percent$$00000003  c_w.l(_printf_f.o)
    0x0800028a   0x0800028a   0x00000006   Code   RO         4708    .ARM.Collect$$_printf_percent$$00000004  c_w.l(_printf_e.o)
    0x08000290   0x08000290   0x00000006   Code   RO         4709    .ARM.Collect$$_printf_percent$$00000005  c_w.l(_printf_g.o)
    0x08000296   0x08000296   0x00000006   Code   RO         4710    .ARM.Collect$$_printf_percent$$00000006  c_w.l(_printf_a.o)
    0x0800029c   0x0800029c   0x0000000a   Code   RO         4715    .ARM.Collect$$_printf_percent$$00000007  c_w.l(_printf_ll.o)
    0x080002a6   0x080002a6   0x00000006   Code   RO         4707    .ARM.Collect$$_printf_percent$$00000008  c_w.l(_printf_i.o)
    0x080002ac   0x080002ac   0x00000006   Code   RO         4653    .ARM.Collect$$_printf_percent$$00000009  c_w.l(_printf_d.o)
    0x080002b2   0x080002b2   0x00000006   Code   RO         4654    .ARM.Collect$$_printf_percent$$0000000A  c_w.l(_printf_u.o)
    0x080002b8   0x080002b8   0x00000006   Code   RO         4706    .ARM.Collect$$_printf_percent$$0000000B  c_w.l(_printf_o.o)
    0x080002be   0x080002be   0x00000006   Code   RO         4652    .ARM.Collect$$_printf_percent$$0000000C  c_w.l(_printf_x.o)
    0x080002c4   0x080002c4   0x00000006   Code   RO         4712    .ARM.Collect$$_printf_percent$$0000000D  c_w.l(_printf_lli.o)
    0x080002ca   0x080002ca   0x00000006   Code   RO         4713    .ARM.Collect$$_printf_percent$$0000000E  c_w.l(_printf_lld.o)
    0x080002d0   0x080002d0   0x00000006   Code   RO         4714    .ARM.Collect$$_printf_percent$$0000000F  c_w.l(_printf_llu.o)
    0x080002d6   0x080002d6   0x00000006   Code   RO         4719    .ARM.Collect$$_printf_percent$$00000010  c_w.l(_printf_llo.o)
    0x080002dc   0x080002dc   0x00000006   Code   RO         4720    .ARM.Collect$$_printf_percent$$00000011  c_w.l(_printf_llx.o)
    0x080002e2   0x080002e2   0x0000000a   Code   RO         4716    .ARM.Collect$$_printf_percent$$00000012  c_w.l(_printf_l.o)
    0x080002ec   0x080002ec   0x00000006   Code   RO         4703    .ARM.Collect$$_printf_percent$$00000013  c_w.l(_printf_c.o)
    0x080002f2   0x080002f2   0x00000006   Code   RO         4651    .ARM.Collect$$_printf_percent$$00000014  c_w.l(_printf_s.o)
    0x080002f8   0x080002f8   0x00000006   Code   RO         4717    .ARM.Collect$$_printf_percent$$00000015  c_w.l(_printf_lc.o)
    0x080002fe   0x080002fe   0x00000006   Code   RO         4718    .ARM.Collect$$_printf_percent$$00000016  c_w.l(_printf_ls.o)
    0x08000304   0x08000304   0x00000004   Code   RO         4711    .ARM.Collect$$_printf_percent$$00000017  c_w.l(_printf_percent_end.o)
    0x08000308   0x08000308   0x00000002   Code   RO         4819    .ARM.Collect$$libinit$$00000000  c_w.l(libinit.o)
    0x0800030a   0x0800030a   0x00000004   Code   RO         4820    .ARM.Collect$$libinit$$00000001  c_w.l(libinit2.o)
    0x0800030e   0x0800030e   0x00000000   Code   RO         4823    .ARM.Collect$$libinit$$00000004  c_w.l(libinit2.o)
    0x0800030e   0x0800030e   0x00000000   Code   RO         4826    .ARM.Collect$$libinit$$0000000A  c_w.l(libinit2.o)
    0x0800030e   0x0800030e   0x00000000   Code   RO         4828    .ARM.Collect$$libinit$$0000000C  c_w.l(libinit2.o)
    0x0800030e   0x0800030e   0x00000000   Code   RO         4830    .ARM.Collect$$libinit$$0000000E  c_w.l(libinit2.o)
    0x0800030e   0x0800030e   0x00000006   Code   RO         4831    .ARM.Collect$$libinit$$0000000F  c_w.l(libinit2.o)
    0x08000314   0x08000314   0x00000000   Code   RO         4833    .ARM.Collect$$libinit$$00000011  c_w.l(libinit2.o)
    0x08000314   0x08000314   0x0000000c   Code   RO         4834    .ARM.Collect$$libinit$$00000012  c_w.l(libinit2.o)
    0x08000320   0x08000320   0x00000000   Code   RO         4835    .ARM.Collect$$libinit$$00000013  c_w.l(libinit2.o)
    0x08000320   0x08000320   0x00000000   Code   RO         4837    .ARM.Collect$$libinit$$00000015  c_w.l(libinit2.o)
    0x08000320   0x08000320   0x0000000a   Code   RO         4838    .ARM.Collect$$libinit$$00000016  c_w.l(libinit2.o)
    0x0800032a   0x0800032a   0x00000000   Code   RO         4839    .ARM.Collect$$libinit$$00000017  c_w.l(libinit2.o)
    0x0800032a   0x0800032a   0x00000000   Code   RO         4841    .ARM.Collect$$libinit$$00000019  c_w.l(libinit2.o)
    0x0800032a   0x0800032a   0x00000000   Code   RO         4843    .ARM.Collect$$libinit$$0000001B  c_w.l(libinit2.o)
    0x0800032a   0x0800032a   0x00000000   Code   RO         4845    .ARM.Collect$$libinit$$0000001D  c_w.l(libinit2.o)
    0x0800032a   0x0800032a   0x00000000   Code   RO         4847    .ARM.Collect$$libinit$$0000001F  c_w.l(libinit2.o)
    0x0800032a   0x0800032a   0x00000000   Code   RO         4849    .ARM.Collect$$libinit$$00000021  c_w.l(libinit2.o)
    0x0800032a   0x0800032a   0x00000000   Code   RO         4851    .ARM.Collect$$libinit$$00000023  c_w.l(libinit2.o)
    0x0800032a   0x0800032a   0x00000000   Code   RO         4853    .ARM.Collect$$libinit$$00000025  c_w.l(libinit2.o)
    0x0800032a   0x0800032a   0x00000000   Code   RO         4857    .ARM.Collect$$libinit$$0000002C  c_w.l(libinit2.o)
    0x0800032a   0x0800032a   0x00000000   Code   RO         4859    .ARM.Collect$$libinit$$0000002E  c_w.l(libinit2.o)
    0x0800032a   0x0800032a   0x00000000   Code   RO         4861    .ARM.Collect$$libinit$$00000030  c_w.l(libinit2.o)
    0x0800032a   0x0800032a   0x00000000   Code   RO         4863    .ARM.Collect$$libinit$$00000032  c_w.l(libinit2.o)
    0x0800032a   0x0800032a   0x00000002   Code   RO         4864    .ARM.Collect$$libinit$$00000033  c_w.l(libinit2.o)
    0x0800032c   0x0800032c   0x00000002   Code   RO         4914    .ARM.Collect$$libshutdown$$00000000  c_w.l(libshutdown.o)
    0x0800032e   0x0800032e   0x00000000   Code   RO         4932    .ARM.Collect$$libshutdown$$00000002  c_w.l(libshutdown2.o)
    0x0800032e   0x0800032e   0x00000000   Code   RO         4934    .ARM.Collect$$libshutdown$$00000004  c_w.l(libshutdown2.o)
    0x0800032e   0x0800032e   0x00000000   Code   RO         4937    .ARM.Collect$$libshutdown$$00000007  c_w.l(libshutdown2.o)
    0x0800032e   0x0800032e   0x00000000   Code   RO         4940    .ARM.Collect$$libshutdown$$0000000A  c_w.l(libshutdown2.o)
    0x0800032e   0x0800032e   0x00000000   Code   RO         4942    .ARM.Collect$$libshutdown$$0000000C  c_w.l(libshutdown2.o)
    0x0800032e   0x0800032e   0x00000000   Code   RO         4945    .ARM.Collect$$libshutdown$$0000000F  c_w.l(libshutdown2.o)
    0x0800032e   0x0800032e   0x00000002   Code   RO         4946    .ARM.Collect$$libshutdown$$00000010  c_w.l(libshutdown2.o)
    0x08000330   0x08000330   0x00000000   Code   RO         4671    .ARM.Collect$$rtentry$$00000000  c_w.l(__rtentry.o)
    0x08000330   0x08000330   0x00000000   Code   RO         4733    .ARM.Collect$$rtentry$$00000002  c_w.l(__rtentry2.o)
    0x08000330   0x08000330   0x00000006   Code   RO         4745    .ARM.Collect$$rtentry$$00000004  c_w.l(__rtentry4.o)
    0x08000336   0x08000336   0x00000000   Code   RO         4735    .ARM.Collect$$rtentry$$00000009  c_w.l(__rtentry2.o)
    0x08000336   0x08000336   0x00000004   Code   RO         4736    .ARM.Collect$$rtentry$$0000000A  c_w.l(__rtentry2.o)
    0x0800033a   0x0800033a   0x00000000   Code   RO         4738    .ARM.Collect$$rtentry$$0000000C  c_w.l(__rtentry2.o)
    0x0800033a   0x0800033a   0x00000008   Code   RO         4739    .ARM.Collect$$rtentry$$0000000D  c_w.l(__rtentry2.o)
    0x08000342   0x08000342   0x00000002   Code   RO         4865    .ARM.Collect$$rtexit$$00000000  c_w.l(rtexit.o)
    0x08000344   0x08000344   0x00000000   Code   RO         4883    .ARM.Collect$$rtexit$$00000002  c_w.l(rtexit2.o)
    0x08000344   0x08000344   0x00000004   Code   RO         4884    .ARM.Collect$$rtexit$$00000003  c_w.l(rtexit2.o)
    0x08000348   0x08000348   0x00000006   Code   RO         4885    .ARM.Collect$$rtexit$$00000004  c_w.l(rtexit2.o)
    0x0800034e   0x0800034e   0x00000002   PAD
    0x08000350   0x08000350   0x00000040   Code   RO            4    .text               startup_stm32f446xx.o
    0x08000390   0x08000390   0x000000ee   Code   RO         4592    .text               c_w.l(lludivv7m.o)
    0x0800047e   0x0800047e   0x00000048   Code   RO         4594    .text               c_w.l(llsdiv.o)
    0x080004c6   0x080004c6   0x00000002   PAD
    0x080004c8   0x080004c8   0x00000034   Code   RO         4596    .text               c_w.l(vsnprintf.o)
    0x080004fc   0x080004fc   0x0000002c   Code   RO         4598    .text               c_w.l(__2sprintf.o)
    0x08000528   0x08000528   0x0000004e   Code   RO         4604    .text               c_w.l(_printf_pad.o)
    0x08000576   0x08000576   0x00000052   Code   RO         4606    .text               c_w.l(_printf_str.o)
    0x080005c8   0x080005c8   0x00000078   Code   RO         4608    .text               c_w.l(_printf_dec.o)
    0x08000640   0x08000640   0x00000094   Code   RO         4628    .text               c_w.l(_printf_hex_int_ll_ptr.o)
    0x080006d4   0x080006d4   0x00000188   Code   RO         4648    .text               c_w.l(__printf_flags_ss_wp.o)
    0x0800085c   0x0800085c   0x00000048   Code   RO         4657    .text               c_w.l(strcpy.o)
    0x080008a4   0x080008a4   0x0000003e   Code   RO         4659    .text               c_w.l(strlen.o)
    0x080008e2   0x080008e2   0x0000004e   Code   RO         4661    .text               c_w.l(rt_memclr_w.o)
    0x08000930   0x08000930   0x00000006   Code   RO         4663    .text               c_w.l(heapauxi.o)
    0x08000936   0x08000936   0x00000024   Code   RO         4676    .text               c_w.l(_printf_truncate.o)
    0x0800095a   0x0800095a   0x000000b2   Code   RO         4678    .text               c_w.l(_printf_intcommon.o)
    0x08000a0c   0x08000a0c   0x00000028   Code   RO         4680    .text               c_w.l(_printf_charcount.o)
    0x08000a34   0x08000a34   0x0000041e   Code   RO         4682    .text               c_w.l(_printf_fp_dec.o)
    0x08000e52   0x08000e52   0x00000002   PAD
    0x08000e54   0x08000e54   0x00000030   Code   RO         4684    .text               c_w.l(_printf_char_common.o)
    0x08000e84   0x08000e84   0x0000000a   Code   RO         4686    .text               c_w.l(_sputc.o)
    0x08000e8e   0x08000e8e   0x00000010   Code   RO         4688    .text               c_w.l(_snputc.o)
    0x08000e9e   0x08000e9e   0x0000002c   Code   RO         4690    .text               c_w.l(_printf_char.o)
    0x08000eca   0x08000eca   0x00000002   PAD
    0x08000ecc   0x08000ecc   0x000000bc   Code   RO         4692    .text               c_w.l(_printf_wctomb.o)
    0x08000f88   0x08000f88   0x0000007c   Code   RO         4695    .text               c_w.l(_printf_longlong_dec.o)
    0x08001004   0x08001004   0x00000070   Code   RO         4701    .text               c_w.l(_printf_oct_int_ll.o)
    0x08001074   0x08001074   0x00000008   Code   RO         4752    .text               c_w.l(rt_locale_intlibspace.o)
    0x0800107c   0x0800107c   0x0000008a   Code   RO         4754    .text               c_w.l(lludiv10.o)
    0x08001106   0x08001106   0x00000002   PAD
    0x08001108   0x08001108   0x000002fc   Code   RO         4756    .text               c_w.l(_printf_fp_hex.o)
    0x08001404   0x08001404   0x00000080   Code   RO         4759    .text               c_w.l(_printf_fp_infnan.o)
    0x08001484   0x08001484   0x0000002c   Code   RO         4763    .text               c_w.l(_printf_wchar.o)
    0x080014b0   0x080014b0   0x000000e4   Code   RO         4765    .text               c_w.l(bigflt0.o)
    0x08001594   0x08001594   0x00000040   Code   RO         4790    .text               c_w.l(_wcrtomb.o)
    0x080015d4   0x080015d4   0x00000008   Code   RO         4799    .text               c_w.l(libspace.o)
    0x080015dc   0x080015dc   0x0000004a   Code   RO         4802    .text               c_w.l(sys_stackheap_outer.o)
    0x08001626   0x08001626   0x00000002   PAD
    0x08001628   0x08001628   0x00000010   Code   RO         4804    .text               c_w.l(rt_ctype_table.o)
    0x08001638   0x08001638   0x00000012   Code   RO         4806    .text               c_w.l(exit.o)
    0x0800164a   0x0800164a   0x00000002   PAD
    0x0800164c   0x0800164c   0x00000080   Code   RO         4812    .text               c_w.l(strcmpv7m.o)
    0x080016cc   0x080016cc   0x0000000c   Code   RO         4880    .text               c_w.l(sys_exit.o)
    0x080016d8   0x080016d8   0x00000002   Code   RO         4901    .text               c_w.l(use_no_semi.o)
    0x080016da   0x080016da   0x00000000   Code   RO         4903    .text               c_w.l(indicate_semi.o)
    0x080016da   0x080016da   0x0000003e   Code   RO         4768    CL$$btod_d2e        c_w.l(btod.o)
    0x08001718   0x08001718   0x00000046   Code   RO         4770    CL$$btod_d2e_denorm_low  c_w.l(btod.o)
    0x0800175e   0x0800175e   0x00000060   Code   RO         4769    CL$$btod_d2e_norm_op1  c_w.l(btod.o)
    0x080017be   0x080017be   0x00000338   Code   RO         4778    CL$$btod_div_common  c_w.l(btod.o)
    0x08001af6   0x08001af6   0x000000dc   Code   RO         4775    CL$$btod_e2e        c_w.l(btod.o)
    0x08001bd2   0x08001bd2   0x0000002a   Code   RO         4772    CL$$btod_ediv       c_w.l(btod.o)
    0x08001bfc   0x08001bfc   0x0000002a   Code   RO         4771    CL$$btod_emul       c_w.l(btod.o)
    0x08001c26   0x08001c26   0x00000244   Code   RO         4777    CL$$btod_mult_common  c_w.l(btod.o)
    0x08001e6a   0x08001e6a   0x00000002   PAD
    0x08001e6c   0x08001e6c   0x0000015c   Code   RO          421    i.BME280_CompensatePressure  humidity_temp_sensor.o
    0x08001fc8   0x08001fc8   0x0000007e   Code   RO          422    i.BME280_Init       humidity_temp_sensor.o
    0x08002046   0x08002046   0x000000ac   Code   RO          423    i.BME280_ReadCalibration  humidity_temp_sensor.o
    0x080020f2   0x080020f2   0x00000002   PAD
    0x080020f4   0x080020f4   0x00000170   Code   RO          424    i.BME280_ReadData   humidity_temp_sensor.o
    0x08002264   0x08002264   0x0000002e   Code   RO          425    i.BME280_ReadReg    humidity_temp_sensor.o
    0x08002292   0x08002292   0x00000030   Code   RO          426    i.BME280_WriteReg   humidity_temp_sensor.o
    0x080022c2   0x080022c2   0x00000002   Code   RO          759    i.BusFault_Handler  stm32f4xx_it.o
    0x080022c4   0x080022c4   0x00000004   Code   RO         1006    i.CDC_Control_FS    usbd_cdc_if.o
    0x080022c8   0x080022c8   0x00000004   Code   RO         1007    i.CDC_DeInit_FS     usbd_cdc_if.o
    0x080022cc   0x080022cc   0x00000024   Code   RO         1008    i.CDC_Init_FS       usbd_cdc_if.o
    0x080022f0   0x080022f0   0x00000018   Code   RO         1009    i.CDC_Receive_FS    usbd_cdc_if.o
    0x08002308   0x08002308   0x00000004   Code   RO         1010    i.CDC_TransmitCplt_FS  usbd_cdc_if.o
    0x0800230c   0x0800230c   0x0000002c   Code   RO         1011    i.CDC_Transmit_FS   usbd_cdc_if.o
    0x08002338   0x08002338   0x0000000c   Code   RO          760    i.DMA2_Stream0_IRQHandler  stm32f4xx_it.o
    0x08002344   0x08002344   0x00000028   Code   RO         2416    i.DMA_CalcBaseAndBitshift  stm32f4xx_hal_dma.o
    0x0800236c   0x0800236c   0x00000054   Code   RO         2417    i.DMA_CheckFifoParam  stm32f4xx_hal_dma.o
    0x080023c0   0x080023c0   0x00000028   Code   RO         2418    i.DMA_SetConfig     stm32f4xx_hal_dma.o
    0x080023e8   0x080023e8   0x00000024   Code   RO           13    i.DWT_Init          methods.o
    0x0800240c   0x0800240c   0x00000002   Code   RO          761    i.DebugMon_Handler  stm32f4xx_it.o
    0x0800240e   0x0800240e   0x00000004   Code   RO          535    i.Error_Handler     main.o
    0x08002412   0x08002412   0x00000002   PAD
    0x08002414   0x08002414   0x000001a0   Code   RO         2424    i.HAL_DMA_IRQHandler  stm32f4xx_hal_dma.o
    0x080025b4   0x080025b4   0x000000d4   Code   RO         2425    i.HAL_DMA_Init      stm32f4xx_hal_dma.o
    0x08002688   0x08002688   0x0000006e   Code   RO         2429    i.HAL_DMA_Start_IT  stm32f4xx_hal_dma.o
    0x080026f6   0x080026f6   0x00000002   PAD
    0x080026f8   0x080026f8   0x00000024   Code   RO         2874    i.HAL_Delay         stm32f4xx_hal.o
    0x0800271c   0x0800271c   0x00000158   Code   RO         2309    i.HAL_GPIO_DeInit   stm32f4xx_hal_gpio.o
    0x08002874   0x08002874   0x000001dc   Code   RO         2312    i.HAL_GPIO_Init     stm32f4xx_hal_gpio.o
    0x08002a50   0x08002a50   0x0000000a   Code   RO         2316    i.HAL_GPIO_WritePin  stm32f4xx_hal_gpio.o
    0x08002a5a   0x08002a5a   0x00000002   PAD
    0x08002a5c   0x08002a5c   0x0000000c   Code   RO         2880    i.HAL_GetTick       stm32f4xx_hal.o
    0x08002a68   0x08002a68   0x00000032   Code   RO         3127    i.HAL_I2C_DeInit    stm32f4xx_hal_i2c.o
    0x08002a9a   0x08002a9a   0x00000004   Code   RO         3133    i.HAL_I2C_GetError  stm32f4xx_hal_i2c.o
    0x08002a9e   0x08002a9e   0x00000002   PAD
    0x08002aa0   0x08002aa0   0x00000188   Code   RO         3136    i.HAL_I2C_Init      stm32f4xx_hal_i2c.o
    0x08002c28   0x08002c28   0x0000012c   Code   RO         3149    i.HAL_I2C_Master_Transmit  stm32f4xx_hal_i2c.o
    0x08002d54   0x08002d54   0x00000204   Code   RO         3154    i.HAL_I2C_Mem_Read  stm32f4xx_hal_i2c.o
    0x08002f58   0x08002f58   0x00000130   Code   RO         3157    i.HAL_I2C_Mem_Write  stm32f4xx_hal_i2c.o
    0x08003088   0x08003088   0x00000038   Code   RO          627    i.HAL_I2C_MspDeInit  i2c.o
    0x080030c0   0x080030c0   0x0000006c   Code   RO          628    i.HAL_I2C_MspInit   i2c.o
    0x0800312c   0x0800312c   0x00000002   Code   RO         3596    i.HAL_I2S_ErrorCallback  stm32f4xx_hal_i2s.o
    0x0800312e   0x0800312e   0x00000002   PAD
    0x08003130   0x08003130   0x0000010c   Code   RO         3600    i.HAL_I2S_Init      stm32f4xx_hal_i2s.o
    0x0800323c   0x0800323c   0x000000cc   Code   RO          676    i.HAL_I2S_MspInit   i2s.o
    0x08003308   0x08003308   0x000000d0   Code   RO         3604    i.HAL_I2S_Receive_DMA  stm32f4xx_hal_i2s.o
    0x080033d8   0x080033d8   0x00000034   Code   RO          762    i.HAL_I2S_RxCpltCallback  stm32f4xx_it.o
    0x0800340c   0x0800340c   0x00000002   Code   RO          763    i.HAL_I2S_RxHalfCpltCallback  stm32f4xx_it.o
    0x0800340e   0x0800340e   0x00000002   Code   RO         3611    i.HAL_I2S_TxCpltCallback  stm32f4xx_hal_i2s.o
    0x08003410   0x08003410   0x00000010   Code   RO         2886    i.HAL_IncTick       stm32f4xx_hal.o
    0x08003420   0x08003420   0x00000034   Code   RO         2887    i.HAL_Init          stm32f4xx_hal.o
    0x08003454   0x08003454   0x00000040   Code   RO         2888    i.HAL_InitTick      stm32f4xx_hal.o
    0x08003494   0x08003494   0x00000030   Code   RO          859    i.HAL_MspInit       stm32f4xx_hal_msp.o
    0x080034c4   0x080034c4   0x0000001a   Code   RO         2722    i.HAL_NVIC_EnableIRQ  stm32f4xx_hal_cortex.o
    0x080034de   0x080034de   0x00000002   PAD
    0x080034e0   0x080034e0   0x00000040   Code   RO         2728    i.HAL_NVIC_SetPriority  stm32f4xx_hal_cortex.o
    0x08003520   0x08003520   0x00000024   Code   RO         2729    i.HAL_NVIC_SetPriorityGrouping  stm32f4xx_hal_cortex.o
    0x08003544   0x08003544   0x00000028   Code   RO         1514    i.HAL_PCDEx_ActivateLPM  stm32f4xx_hal_pcd_ex.o
    0x0800356c   0x0800356c   0x00000060   Code   RO         1063    i.HAL_PCDEx_LPM_Callback  usbd_conf.o
    0x080035cc   0x080035cc   0x00000008   Code   RO         1518    i.HAL_PCDEx_SetRxFiFo  stm32f4xx_hal_pcd_ex.o
    0x080035d4   0x080035d4   0x00000044   Code   RO         1519    i.HAL_PCDEx_SetTxFiFo  stm32f4xx_hal_pcd_ex.o
    0x08003618   0x08003618   0x00000008   Code   RO         1064    i.HAL_PCD_ConnectCallback  usbd_conf.o
    0x08003620   0x08003620   0x00000012   Code   RO         1065    i.HAL_PCD_DataInStageCallback  usbd_conf.o
    0x08003632   0x08003632   0x00000014   Code   RO         1066    i.HAL_PCD_DataOutStageCallback  usbd_conf.o
    0x08003646   0x08003646   0x00000008   Code   RO         1067    i.HAL_PCD_DisconnectCallback  usbd_conf.o
    0x0800364e   0x0800364e   0x0000001e   Code   RO         1285    i.HAL_PCD_EP_Abort  stm32f4xx_hal_pcd.o
    0x0800366c   0x0800366c   0x0000004a   Code   RO         1286    i.HAL_PCD_EP_Close  stm32f4xx_hal_pcd.o
    0x080036b6   0x080036b6   0x0000005a   Code   RO         1287    i.HAL_PCD_EP_ClrStall  stm32f4xx_hal_pcd.o
    0x08003710   0x08003710   0x00000012   Code   RO         1289    i.HAL_PCD_EP_GetRxCount  stm32f4xx_hal_pcd.o
    0x08003722   0x08003722   0x00000062   Code   RO         1290    i.HAL_PCD_EP_Open   stm32f4xx_hal_pcd.o
    0x08003784   0x08003784   0x00000038   Code   RO         1291    i.HAL_PCD_EP_Receive  stm32f4xx_hal_pcd.o
    0x080037bc   0x080037bc   0x00000072   Code   RO         1292    i.HAL_PCD_EP_SetStall  stm32f4xx_hal_pcd.o
    0x0800382e   0x0800382e   0x00000032   Code   RO         1293    i.HAL_PCD_EP_Transmit  stm32f4xx_hal_pcd.o
    0x08003860   0x08003860   0x00000598   Code   RO         1295    i.HAL_PCD_IRQHandler  stm32f4xx_hal_pcd.o
    0x08003df8   0x08003df8   0x00000008   Code   RO         1068    i.HAL_PCD_ISOINIncompleteCallback  usbd_conf.o
    0x08003e00   0x08003e00   0x00000008   Code   RO         1069    i.HAL_PCD_ISOOUTIncompleteCallback  usbd_conf.o
    0x08003e08   0x08003e08   0x000000d8   Code   RO         1298    i.HAL_PCD_Init      stm32f4xx_hal_pcd.o
    0x08003ee0   0x08003ee0   0x000000a0   Code   RO         1071    i.HAL_PCD_MspInit   usbd_conf.o
    0x08003f80   0x08003f80   0x0000002c   Code   RO         1072    i.HAL_PCD_ResetCallback  usbd_conf.o
    0x08003fac   0x08003fac   0x00000008   Code   RO         1073    i.HAL_PCD_ResumeCallback  usbd_conf.o
    0x08003fb4   0x08003fb4   0x00000008   Code   RO         1074    i.HAL_PCD_SOFCallback  usbd_conf.o
    0x08003fbc   0x08003fbc   0x00000026   Code   RO         1304    i.HAL_PCD_SetAddress  stm32f4xx_hal_pcd.o
    0x08003fe2   0x08003fe2   0x0000000e   Code   RO         1075    i.HAL_PCD_SetupStageCallback  usbd_conf.o
    0x08003ff0   0x08003ff0   0x00000042   Code   RO         1307    i.HAL_PCD_Start     stm32f4xx_hal_pcd.o
    0x08004032   0x08004032   0x00000002   PAD
    0x08004034   0x08004034   0x00000030   Code   RO         1076    i.HAL_PCD_SuspendCallback  usbd_conf.o
    0x08004064   0x08004064   0x00000198   Code   RO         1980    i.HAL_RCCEx_GetPeriphCLKFreq  stm32f4xx_hal_rcc_ex.o
    0x080041fc   0x080041fc   0x00000430   Code   RO         1981    i.HAL_RCCEx_PeriphCLKConfig  stm32f4xx_hal_rcc_ex.o
    0x0800462c   0x0800462c   0x00000134   Code   RO         1874    i.HAL_RCC_ClockConfig  stm32f4xx_hal_rcc.o
    0x08004760   0x08004760   0x0000000c   Code   RO         1879    i.HAL_RCC_GetHCLKFreq  stm32f4xx_hal_rcc.o
    0x0800476c   0x0800476c   0x00000020   Code   RO         1881    i.HAL_RCC_GetPCLK1Freq  stm32f4xx_hal_rcc.o
    0x0800478c   0x0800478c   0x00000020   Code   RO         1882    i.HAL_RCC_GetPCLK2Freq  stm32f4xx_hal_rcc.o
    0x080047ac   0x080047ac   0x00000094   Code   RO         1985    i.HAL_RCC_GetSysClockFreq  stm32f4xx_hal_rcc_ex.o
    0x08004840   0x08004840   0x00000398   Code   RO         1986    i.HAL_RCC_OscConfig  stm32f4xx_hal_rcc_ex.o
    0x08004bd8   0x08004bd8   0x00000028   Code   RO         2733    i.HAL_SYSTICK_Config  stm32f4xx_hal_cortex.o
    0x08004c00   0x08004c00   0x00000064   Code   RO         3819    i.HAL_UART_Init     stm32f4xx_hal_uart.o
    0x08004c64   0x08004c64   0x0000006c   Code   RO          718    i.HAL_UART_MspInit  usart.o
    0x08004cd0   0x08004cd0   0x00000002   Code   RO          764    i.HardFault_Handler  stm32f4xx_it.o
    0x08004cd2   0x08004cd2   0x00000002   PAD
    0x08004cd4   0x08004cd4   0x000000ac   Code   RO          629    i.I2C_BusRecover    i2c.o
    0x08004d80   0x08004d80   0x00000044   Code   RO           14    i.I2C_Diagnose_And_Recover  methods.o
    0x08004dc4   0x08004dc4   0x0000002e   Code   RO         3179    i.I2C_IsAcknowledgeFailed  stm32f4xx_hal_i2c.o
    0x08004df2   0x08004df2   0x00000002   PAD
    0x08004df4   0x08004df4   0x0000009c   Code   RO         3183    i.I2C_MasterRequestWrite  stm32f4xx_hal_i2c.o
    0x08004e90   0x08004e90   0x000000fc   Code   RO         3189    i.I2C_RequestMemoryRead  stm32f4xx_hal_i2c.o
    0x08004f8c   0x08004f8c   0x000000a8   Code   RO         3190    i.I2C_RequestMemoryWrite  stm32f4xx_hal_i2c.o
    0x08005034   0x08005034   0x00000056   Code   RO         3194    i.I2C_WaitOnBTFFlagUntilTimeout  stm32f4xx_hal_i2c.o
    0x0800508a   0x0800508a   0x00000002   PAD
    0x0800508c   0x0800508c   0x00000090   Code   RO         3195    i.I2C_WaitOnFlagUntilTimeout  stm32f4xx_hal_i2c.o
    0x0800511c   0x0800511c   0x000000bc   Code   RO         3196    i.I2C_WaitOnMasterAddressFlagUntilTimeout  stm32f4xx_hal_i2c.o
    0x080051d8   0x080051d8   0x00000070   Code   RO         3197    i.I2C_WaitOnRXNEFlagUntilTimeout  stm32f4xx_hal_i2c.o
    0x08005248   0x08005248   0x00000056   Code   RO         3198    i.I2C_WaitOnTXEFlagUntilTimeout  stm32f4xx_hal_i2c.o
    0x0800529e   0x0800529e   0x00000028   Code   RO         3613    i.I2S_DMAError      stm32f4xx_hal_i2s.o
    0x080052c6   0x080052c6   0x00000024   Code   RO         3614    i.I2S_DMARxCplt     stm32f4xx_hal_i2s.o
    0x080052ea   0x080052ea   0x0000000a   Code   RO         3615    i.I2S_DMARxHalfCplt  stm32f4xx_hal_i2s.o
    0x080052f4   0x080052f4   0x000000f2   Code   RO         3618    i.I2S_IRQHandler    stm32f4xx_hal_i2s.o
    0x080053e6   0x080053e6   0x00000002   PAD
    0x080053e8   0x080053e8   0x0000008c   Code   RO          477    i.ICM42688_Init     icm42688_sensor.o
    0x08005474   0x08005474   0x000000f4   Code   RO          479    i.ICM42688_ReadAll  icm42688_sensor.o
    0x08005568   0x08005568   0x00000018   Code   RO          481    i.ICM42688_ReadRegs  icm42688_sensor.o
    0x08005580   0x08005580   0x0000001c   Code   RO          483    i.ICM42688_WriteReg  icm42688_sensor.o
    0x0800559c   0x0800559c   0x00000038   Code   RO          914    i.IntToUnicode      usbd_desc.o
    0x080055d4   0x080055d4   0x00000018   Code   RO          249    i.MIC_Init          microphone_sensor.o
    0x080055ec   0x080055ec   0x00000018   Code   RO          250    i.MIC_Start         microphone_sensor.o
    0x08005604   0x08005604   0x0000002c   Code   RO          603    i.MX_DMA_Init       dma.o
    0x08005630   0x08005630   0x0000007c   Code   RO          579    i.MX_GPIO_Init      gpio.o
    0x080056ac   0x080056ac   0x00000040   Code   RO          630    i.MX_I2C1_Init      i2c.o
    0x080056ec   0x080056ec   0x00000040   Code   RO          677    i.MX_I2S1_Init      i2s.o
    0x0800572c   0x0800572c   0x00000038   Code   RO          719    i.MX_USART1_UART_Init  usart.o
    0x08005764   0x08005764   0x00000054   Code   RO          883    i.MX_USB_DEVICE_Init  usb_device.o
    0x080057b8   0x080057b8   0x00000002   Code   RO          765    i.MemManage_Handler  stm32f4xx_it.o
    0x080057ba   0x080057ba   0x00000002   PAD
    0x080057bc   0x080057bc   0x000002c8   Code   RO          291    i.My_Application_Init  my_application.o
    0x08005a84   0x08005a84   0x0000030c   Code   RO          292    i.My_Application_Run  my_application.o
    0x08005d90   0x08005d90   0x00000002   Code   RO          766    i.NMI_Handler       stm32f4xx_it.o
    0x08005d92   0x08005d92   0x00000002   PAD
    0x08005d94   0x08005d94   0x0000000c   Code   RO          767    i.OTG_FS_IRQHandler  stm32f4xx_it.o
    0x08005da0   0x08005da0   0x000000cc   Code   RO         1311    i.PCD_EP_OutXfrComplete_int  stm32f4xx_hal_pcd.o
    0x08005e6c   0x08005e6c   0x000000a2   Code   RO         1312    i.PCD_WriteEmptyTxFifo  stm32f4xx_hal_pcd.o
    0x08005f0e   0x08005f0e   0x00000002   Code   RO          768    i.PendSV_Handler    stm32f4xx_it.o
    0x08005f10   0x08005f10   0x0000004c   Code   RO           17    i.RGB_LED_Init      methods.o
    0x08005f5c   0x08005f5c   0x00000002   Code   RO          769    i.SVC_Handler       stm32f4xx_it.o
    0x08005f5e   0x08005f5e   0x0000000a   Code   RO         4349    i.SWAPBYTE          usbd_ctlreq.o
    0x08005f68   0x08005f68   0x00000004   Code   RO          770    i.SysTick_Handler   stm32f4xx_it.o
    0x08005f6c   0x08005f6c   0x00000098   Code   RO          536    i.SystemClock_Config  main.o
    0x08006004   0x08006004   0x00000010   Code   RO         4153    i.SystemInit        system_stm32f4xx_1.o
    0x08006014   0x08006014   0x00000020   Code   RO          427    i.TCA9548A_SelectChannel  humidity_temp_sensor.o
    0x08006034   0x08006034   0x0000010c   Code   RO         3845    i.UART_SetConfig    stm32f4xx_hal_uart.o
    0x08006140   0x08006140   0x00000076   Code   RO         4487    i.USBD_CDC_DataIn   usbd_cdc.o
    0x080061b6   0x080061b6   0x0000003c   Code   RO         4488    i.USBD_CDC_DataOut  usbd_cdc.o
    0x080061f2   0x080061f2   0x00000002   PAD
    0x080061f4   0x080061f4   0x00000094   Code   RO         4489    i.USBD_CDC_DeInit   usbd_cdc.o
    0x08006288   0x08006288   0x00000036   Code   RO         4490    i.USBD_CDC_EP0_RxReady  usbd_cdc.o
    0x080062be   0x080062be   0x00000002   PAD
    0x080062c0   0x080062c0   0x0000000c   Code   RO         4491    i.USBD_CDC_GetDeviceQualifierDescriptor  usbd_cdc.o
    0x080062cc   0x080062cc   0x0000003c   Code   RO         4492    i.USBD_CDC_GetFSCfgDesc  usbd_cdc.o
    0x08006308   0x08006308   0x00000040   Code   RO         4493    i.USBD_CDC_GetHSCfgDesc  usbd_cdc.o
    0x08006348   0x08006348   0x0000003c   Code   RO         4494    i.USBD_CDC_GetOtherSpeedCfgDesc  usbd_cdc.o
    0x08006384   0x08006384   0x00000120   Code   RO         4495    i.USBD_CDC_Init     usbd_cdc.o
    0x080064a4   0x080064a4   0x00000038   Code   RO         4496    i.USBD_CDC_ReceivePacket  usbd_cdc.o
    0x080064dc   0x080064dc   0x00000016   Code   RO         4497    i.USBD_CDC_RegisterInterface  usbd_cdc.o
    0x080064f2   0x080064f2   0x0000001a   Code   RO         4498    i.USBD_CDC_SetRxBuffer  usbd_cdc.o
    0x0800650c   0x0800650c   0x0000001e   Code   RO         4499    i.USBD_CDC_SetTxBuffer  usbd_cdc.o
    0x0800652a   0x0800652a   0x000000d4   Code   RO         4500    i.USBD_CDC_Setup    usbd_cdc.o
    0x080065fe   0x080065fe   0x00000002   PAD
    0x08006600   0x08006600   0x00000050   Code   RO         4501    i.USBD_CDC_TransmitPacket  usbd_cdc.o
    0x08006650   0x08006650   0x00000014   Code   RO         4190    i.USBD_ClrClassConfig  usbd_core.o
    0x08006664   0x08006664   0x00000004   Code   RO         4191    i.USBD_CoreFindEP   usbd_core.o
    0x08006668   0x08006668   0x00000004   Code   RO         4192    i.USBD_CoreFindIF   usbd_core.o
    0x0800666c   0x0800666c   0x00000010   Code   RO         4427    i.USBD_CtlContinueRx  usbd_ioreq.o
    0x0800667c   0x0800667c   0x00000010   Code   RO         4428    i.USBD_CtlContinueSendData  usbd_ioreq.o
    0x0800668c   0x0800668c   0x00000016   Code   RO         4350    i.USBD_CtlError     usbd_ctlreq.o
    0x080066a2   0x080066a2   0x00000022   Code   RO         4429    i.USBD_CtlPrepareRx  usbd_ioreq.o
    0x080066c4   0x080066c4   0x00000016   Code   RO         4430    i.USBD_CtlReceiveStatus  usbd_ioreq.o
    0x080066da   0x080066da   0x0000001c   Code   RO         4431    i.USBD_CtlSendData  usbd_ioreq.o
    0x080066f6   0x080066f6   0x00000016   Code   RO         4432    i.USBD_CtlSendStatus  usbd_ioreq.o
    0x0800670c   0x0800670c   0x00000020   Code   RO          915    i.USBD_FS_ConfigStrDescriptor  usbd_desc.o
    0x0800672c   0x0800672c   0x0000000c   Code   RO          916    i.USBD_FS_DeviceDescriptor  usbd_desc.o
    0x08006738   0x08006738   0x00000024   Code   RO          917    i.USBD_FS_InterfaceStrDescriptor  usbd_desc.o
    0x0800675c   0x0800675c   0x0000000c   Code   RO          918    i.USBD_FS_LangIDStrDescriptor  usbd_desc.o
    0x08006768   0x08006768   0x00000028   Code   RO          919    i.USBD_FS_ManufacturerStrDescriptor  usbd_desc.o
    0x08006790   0x08006790   0x0000002c   Code   RO          920    i.USBD_FS_ProductStrDescriptor  usbd_desc.o
    0x080067bc   0x080067bc   0x00000038   Code   RO          921    i.USBD_FS_SerialStrDescriptor  usbd_desc.o
    0x080067f4   0x080067f4   0x0000000c   Code   RO          922    i.USBD_FS_USR_BOSDescriptor  usbd_desc.o
    0x08006800   0x08006800   0x000000fa   Code   RO         4351    i.USBD_GetDescriptor  usbd_ctlreq.o
    0x080068fa   0x080068fa   0x0000003a   Code   RO         4194    i.USBD_GetEpDesc    usbd_core.o
    0x08006934   0x08006934   0x00000014   Code   RO         4352    i.USBD_GetLen       usbd_ctlreq.o
    0x08006948   0x08006948   0x0000000e   Code   RO         4195    i.USBD_GetNextDesc  usbd_core.o
    0x08006956   0x08006956   0x0000004e   Code   RO         4353    i.USBD_GetString    usbd_ctlreq.o
    0x080069a4   0x080069a4   0x00000018   Code   RO         1077    i.USBD_Get_USB_Status  usbd_conf.o
    0x080069bc   0x080069bc   0x00000026   Code   RO         4196    i.USBD_Init         usbd_core.o
    0x080069e2   0x080069e2   0x00000012   Code   RO         1078    i.USBD_LL_ClearStallEP  usbd_conf.o
    0x080069f4   0x080069f4   0x00000012   Code   RO         1079    i.USBD_LL_CloseEP   usbd_conf.o
    0x08006a06   0x08006a06   0x000000b8   Code   RO         4197    i.USBD_LL_DataInStage  usbd_core.o
    0x08006abe   0x08006abe   0x00000094   Code   RO         4198    i.USBD_LL_DataOutStage  usbd_core.o
    0x08006b52   0x08006b52   0x00000004   Code   RO         4199    i.USBD_LL_DevConnected  usbd_core.o
    0x08006b56   0x08006b56   0x0000001e   Code   RO         4200    i.USBD_LL_DevDisconnected  usbd_core.o
    0x08006b74   0x08006b74   0x00000008   Code   RO         1083    i.USBD_LL_GetRxDataSize  usbd_conf.o
    0x08006b7c   0x08006b7c   0x00000060   Code   RO         1084    i.USBD_LL_Init      usbd_conf.o
    0x08006bdc   0x08006bdc   0x0000001e   Code   RO         1085    i.USBD_LL_IsStallEP  usbd_conf.o
    0x08006bfa   0x08006bfa   0x00000028   Code   RO         4201    i.USBD_LL_IsoINIncomplete  usbd_core.o
    0x08006c22   0x08006c22   0x00000028   Code   RO         4202    i.USBD_LL_IsoOUTIncomplete  usbd_core.o
    0x08006c4a   0x08006c4a   0x00000018   Code   RO         1086    i.USBD_LL_OpenEP    usbd_conf.o
    0x08006c62   0x08006c62   0x00000012   Code   RO         1087    i.USBD_LL_PrepareReceive  usbd_conf.o
    0x08006c74   0x08006c74   0x0000005e   Code   RO         4203    i.USBD_LL_Reset     usbd_core.o
    0x08006cd2   0x08006cd2   0x00000014   Code   RO         4204    i.USBD_LL_Resume    usbd_core.o
    0x08006ce6   0x08006ce6   0x0000001a   Code   RO         4205    i.USBD_LL_SOF       usbd_core.o
    0x08006d00   0x08006d00   0x00000006   Code   RO         4206    i.USBD_LL_SetSpeed  usbd_core.o
    0x08006d06   0x08006d06   0x00000012   Code   RO         1088    i.USBD_LL_SetUSBAddress  usbd_conf.o
    0x08006d18   0x08006d18   0x00000060   Code   RO         4207    i.USBD_LL_SetupStage  usbd_core.o
    0x08006d78   0x08006d78   0x00000012   Code   RO         1089    i.USBD_LL_StallEP   usbd_conf.o
    0x08006d8a   0x08006d8a   0x00000012   Code   RO         1090    i.USBD_LL_Start     usbd_conf.o
    0x08006d9c   0x08006d9c   0x0000001a   Code   RO         4208    i.USBD_LL_Suspend   usbd_core.o
    0x08006db6   0x08006db6   0x00000012   Code   RO         1092    i.USBD_LL_Transmit  usbd_conf.o
    0x08006dc8   0x08006dc8   0x0000002c   Code   RO         4354    i.USBD_ParseSetupRequest  usbd_ctlreq.o
    0x08006df4   0x08006df4   0x0000003a   Code   RO         4209    i.USBD_RegisterClass  usbd_core.o
    0x08006e2e   0x08006e2e   0x00000014   Code   RO         4211    i.USBD_SetClassConfig  usbd_core.o
    0x08006e42   0x08006e42   0x00000002   PAD
    0x08006e44   0x08006e44   0x000000b8   Code   RO         4355    i.USBD_SetConfig    usbd_ctlreq.o
    0x08006efc   0x08006efc   0x00000004   Code   RO         4212    i.USBD_Start        usbd_core.o
    0x08006f00   0x08006f00   0x0000012c   Code   RO         4356    i.USBD_StdDevReq    usbd_ctlreq.o
    0x0800702c   0x0800702c   0x00000166   Code   RO         4357    i.USBD_StdEPReq     usbd_ctlreq.o
    0x08007192   0x08007192   0x00000072   Code   RO         4358    i.USBD_StdItfReq    usbd_ctlreq.o
    0x08007204   0x08007204   0x00000002   Code   RO         1093    i.USBD_static_free  usbd_conf.o
    0x08007206   0x08007206   0x00000002   PAD
    0x08007208   0x08007208   0x00000008   Code   RO         1094    i.USBD_static_malloc  usbd_conf.o
    0x08007210   0x08007210   0x00000080   Code   RO         1569    i.USB_ActivateEndpoint  stm32f4xx_ll_usb.o
    0x08007290   0x08007290   0x0000001c   Code   RO         1571    i.USB_ActivateSetup  stm32f4xx_ll_usb.o
    0x080072ac   0x080072ac   0x00000084   Code   RO         1573    i.USB_CoreInit      stm32f4xx_ll_usb.o
    0x08007330   0x08007330   0x00000044   Code   RO         1574    i.USB_CoreReset     stm32f4xx_ll_usb.o
    0x08007374   0x08007374   0x000000cc   Code   RO         1577    i.USB_DeactivateEndpoint  stm32f4xx_ll_usb.o
    0x08007440   0x08007440   0x0000001c   Code   RO         1578    i.USB_DevConnect    stm32f4xx_ll_usb.o
    0x0800745c   0x0800745c   0x0000001c   Code   RO         1579    i.USB_DevDisconnect  stm32f4xx_ll_usb.o
    0x08007478   0x08007478   0x00000174   Code   RO         1580    i.USB_DevInit       stm32f4xx_ll_usb.o
    0x080075ec   0x080075ec   0x0000000c   Code   RO         1581    i.USB_DisableGlobalInt  stm32f4xx_ll_usb.o
    0x080075f8   0x080075f8   0x00000058   Code   RO         1584    i.USB_EP0_OutStart  stm32f4xx_ll_usb.o
    0x08007650   0x08007650   0x00000058   Code   RO         1585    i.USB_EPClearStall  stm32f4xx_ll_usb.o
    0x080076a8   0x080076a8   0x00000058   Code   RO         1586    i.USB_EPSetStall    stm32f4xx_ll_usb.o
    0x08007700   0x08007700   0x00000238   Code   RO         1587    i.USB_EPStartXfer   stm32f4xx_ll_usb.o
    0x08007938   0x08007938   0x0000009e   Code   RO         1588    i.USB_EPStopXfer    stm32f4xx_ll_usb.o
    0x080079d6   0x080079d6   0x0000000c   Code   RO         1589    i.USB_EnableGlobalInt  stm32f4xx_ll_usb.o
    0x080079e2   0x080079e2   0x00000038   Code   RO         1590    i.USB_FlushRxFifo   stm32f4xx_ll_usb.o
    0x08007a1a   0x08007a1a   0x0000003c   Code   RO         1591    i.USB_FlushTxFifo   stm32f4xx_ll_usb.o
    0x08007a56   0x08007a56   0x0000001a   Code   RO         1593    i.USB_GetDevSpeed   stm32f4xx_ll_usb.o
    0x08007a70   0x08007a70   0x00000008   Code   RO         1595    i.USB_GetMode       stm32f4xx_ll_usb.o
    0x08007a78   0x08007a78   0x00000040   Code   RO           21    i.USB_Print         methods.o
    0x08007ab8   0x08007ab8   0x0000000e   Code   RO         1603    i.USB_ReadDevAllInEpInterrupt  stm32f4xx_ll_usb.o
    0x08007ac6   0x08007ac6   0x0000000e   Code   RO         1604    i.USB_ReadDevAllOutEpInterrupt  stm32f4xx_ll_usb.o
    0x08007ad4   0x08007ad4   0x00000024   Code   RO         1605    i.USB_ReadDevInEPInterrupt  stm32f4xx_ll_usb.o
    0x08007af8   0x08007af8   0x00000010   Code   RO         1606    i.USB_ReadDevOutEPInterrupt  stm32f4xx_ll_usb.o
    0x08007b08   0x08007b08   0x00000008   Code   RO         1607    i.USB_ReadInterrupts  stm32f4xx_ll_usb.o
    0x08007b10   0x08007b10   0x0000003e   Code   RO         1608    i.USB_ReadPacket    stm32f4xx_ll_usb.o
    0x08007b4e   0x08007b4e   0x0000005c   Code   RO         1610    i.USB_SetCurrentMode  stm32f4xx_ll_usb.o
    0x08007baa   0x08007baa   0x00000022   Code   RO         1611    i.USB_SetDevAddress  stm32f4xx_ll_usb.o
    0x08007bcc   0x08007bcc   0x000000e8   Code   RO         1613    i.USB_SetTurnaroundTime  stm32f4xx_ll_usb.o
    0x08007cb4   0x08007cb4   0x00000028   Code   RO         1616    i.USB_WritePacket   stm32f4xx_ll_usb.o
    0x08007cdc   0x08007cdc   0x00000002   Code   RO          771    i.UsageFault_Handler  stm32f4xx_it.o
    0x08007cde   0x08007cde   0x00000052   Code   RO          369    i.VCNL4040_Init     vcnl4040_sensor.o
    0x08007d30   0x08007d30   0x00000050   Code   RO          370    i.VCNL4040_Read16   vcnl4040_sensor.o
    0x08007d80   0x08007d80   0x00000008   Code   RO          371    i.VCNL4040_ReadALS  vcnl4040_sensor.o
    0x08007d88   0x08007d88   0x00000008   Code   RO          372    i.VCNL4040_ReadID   vcnl4040_sensor.o
    0x08007d90   0x08007d90   0x00000008   Code   RO          373    i.VCNL4040_ReadPS   vcnl4040_sensor.o
    0x08007d98   0x08007d98   0x00000026   Code   RO          374    i.VCNL4040_Write16  vcnl4040_sensor.o
    0x08007dbe   0x08007dbe   0x00000030   Code   RO         4797    i.__ARM_fpclassify  m_wm.l(fpclassify.o)
    0x08007dee   0x08007dee   0x00000020   Code   RO         2735    i.__NVIC_SetPriority  stm32f4xx_hal_cortex.o
    0x08007e0e   0x08007e0e   0x0000000e   Code   RO         4641    i._is_digit         c_w.l(__printf_wp.o)
    0x08007e1c   0x08007e1c   0x0000002e   Code   RO          537    i.main              main.o
    0x08007e4a   0x08007e4a   0x00000002   PAD
    0x08007e4c   0x08007e4c   0x0000002c   Code   RO         4793    locale$$code        c_w.l(lc_numeric_c.o)
    0x08007e78   0x08007e78   0x0000002c   Code   RO         4870    locale$$code        c_w.l(lc_ctype_c.o)
    0x08007ea4   0x08007ea4   0x0000000c   Code   RO         4721    x$fpl$dretinf       fz_wm.l(dretinf.o)
    0x08007eb0   0x08007eb0   0x00000056   Code   RO         4667    x$fpl$f2d           fz_wm.l(f2d.o)
    0x08007f06   0x08007f06   0x0000008c   Code   RO         4723    x$fpl$fnaninf       fz_wm.l(fnaninf.o)
    0x08007f92   0x08007f92   0x0000000a   Code   RO         4878    x$fpl$fpinit        fz_wm.l(fpinit.o)
    0x08007f9c   0x08007f9c   0x00000004   Code   RO         4669    x$fpl$printf1       fz_wm.l(printf1.o)
    0x08007fa0   0x08007fa0   0x00000004   Code   RO         4725    x$fpl$printf2       fz_wm.l(printf2.o)
    0x08007fa4   0x08007fa4   0x00000000   Code   RO         4731    x$fpl$usenofp       fz_wm.l(usenofp.o)
    0x08007fa4   0x08007fa4   0x00000008   Data   RO         2431    .constdata          stm32f4xx_hal_dma.o
    0x08007fac   0x08007fac   0x00000010   Data   RO         4154    .constdata          system_stm32f4xx_1.o
    0x08007fbc   0x08007fbc   0x00000008   Data   RO         4155    .constdata          system_stm32f4xx_1.o
    0x08007fc4   0x08007fc4   0x00000028   Data   RO         4629    .constdata          c_w.l(_printf_hex_int_ll_ptr.o)
    0x08007fec   0x08007fec   0x00000011   Data   RO         4649    .constdata          c_w.l(__printf_flags_ss_wp.o)
    0x08007ffd   0x08007ffd   0x00000003   PAD
    0x08008000   0x08008000   0x00000008   Data   RO         4693    .constdata          c_w.l(_printf_wctomb.o)
    0x08008008   0x08008008   0x00000026   Data   RO         4757    .constdata          c_w.l(_printf_fp_hex.o)
    0x0800802e   0x0800802e   0x00000002   PAD
    0x08008030   0x08008030   0x00000094   Data   RO         4766    .constdata          c_w.l(bigflt0.o)
    0x080080c4   0x080080c4   0x00000073   Data   RO           23    .conststring        methods.o
    0x08008137   0x08008137   0x00000001   PAD
    0x08008138   0x08008138   0x000000a5   Data   RO          294    .conststring        my_application.o
    0x080081dd   0x080081dd   0x00000003   PAD
    0x080081e0   0x080081e0   0x00000020   Data   RO         4947    Region$$Table       anon$$obj.o
    0x08008200   0x08008200   0x0000001c   Data   RO         4792    locale$$data        c_w.l(lc_numeric_c.o)
    0x0800821c   0x0800821c   0x00000110   Data   RO         4869    locale$$data        c_w.l(lc_ctype_c.o)


    Execution Region RW_IRAM1 (Exec base: 0x20000000, Load base: 0x0800832c, Size: 0x00007568, Max: 0x00020000, ABSOLUTE, COMPRESSED[0x000000d4])

    Exec Addr    Load Addr    Size         Type   Attr      Idx    E Section Name        Object

    0x20000000   COMPRESSED   0x00000040   Data   RW          251    .bss                microphone_sensor.o
    0x20000040   COMPRESSED   0x00000070   Data   RW          295    .data               my_application.o
    0x200000b0   COMPRESSED   0x00000020   Data   RW          924    .data               usbd_desc.o
    0x200000d0   COMPRESSED   0x0000003e   Data   RW          925    .data               usbd_desc.o
    0x2000010e   COMPRESSED   0x00000002   PAD
    0x20000110   COMPRESSED   0x00000014   Data   RW         1013    .data               usbd_cdc_if.o
    0x20000124   COMPRESSED   0x0000000c   Data   RW         2894    .data               stm32f4xx_hal.o
    0x20000130   COMPRESSED   0x00000004   Data   RW         4156    .data               system_stm32f4xx_1.o
    0x20000134   COMPRESSED   0x00000001   Data   RW         4359    .data               usbd_ctlreq.o
    0x20000135   COMPRESSED   0x00000003   PAD
    0x20000138   COMPRESSED   0x00000053   Data   RW         4502    .data               usbd_cdc.o
    0x2000018b   COMPRESSED   0x00000001   PAD
    0x2000018c   COMPRESSED   0x00000038   Data   RW         4503    .data               usbd_cdc.o
    0x200001c4        -       0x00000200   Zero   RW           22    .bss                methods.o
    0x200003c4        -       0x00000420   Zero   RW          293    .bss                my_application.o
    0x200007e4        -       0x00000054   Zero   RW          631    .bss                i2c.o
    0x20000838        -       0x000000a8   Zero   RW          678    .bss                i2s.o
    0x200008e0        -       0x00000048   Zero   RW          720    .bss                usart.o
    0x20000928        -       0x000002dc   Zero   RW          884    .bss                usb_device.o
    0x20000c04        -       0x00000200   Zero   RW          923    .bss                usbd_desc.o
    0x20000e04        -       0x00001000   Zero   RW         1012    .bss                usbd_cdc_if.o
    0x20001e04        -       0x00000704   Zero   RW         1095    .bss                usbd_conf.o
    0x20002508        -       0x00000060   Zero   RW         4800    .bss                c_w.l(libspace.o)
    0x20002568        -       0x00001000   Zero   RW            2    HEAP                startup_stm32f446xx.o
    0x20003568        -       0x00004000   Zero   RW            1    STACK               startup_stm32f446xx.o


==============================================================================

Image component sizes


      Code (inc. data)   RO Data    RW Data    ZI Data      Debug   Object Name

        44          4          0          0          0        766   dma.o
       124          8          0          0          0        947   gpio.o
      1140         18          0          0          0       6437   humidity_temp_sensor.o
       400         50          0          0         84       2946   i2c.o
       268         30          0          0        168       1830   i2s.o
       436         12          0          0          0       3611   icm42688_sensor.o
       202         10          0          0          0       2120   main.o
       244         36        115          0        512     712438   methods.o
        48          6          0         64          0       2276   microphone_sensor.o
      1492        452        165        112       1056       8162   my_application.o
        64         26        452          0      20480        840   startup_stm32f446xx.o
       180         28          0         12          0       9237   stm32f4xx_hal.o
       198         14          0          0          0      33799   stm32f4xx_hal_cortex.o
       902         16          8          0          0       5775   stm32f4xx_hal_dma.o
       830         78          0          0          0       3102   stm32f4xx_hal_gpio.o
      2804         68          0          0          0      16460   stm32f4xx_hal_i2c.o
       808         24          0          0          0       6298   stm32f4xx_hal_i2s.o
        48          6          0          0          0        850   stm32f4xx_hal_msp.o
      2648         14          0          0          0      13548   stm32f4xx_hal_pcd.o
       116          6          0          0          0       2460   stm32f4xx_hal_pcd_ex.o
       384         50          0          0          0       3370   stm32f4xx_hal_rcc.o
      2548        100          0          0          0       5803   stm32f4xx_hal_rcc_ex.o
       368         10          0          0          0       2036   stm32f4xx_hal_uart.o
        98         24          0          0          0       6638   stm32f4xx_it.o
      2700        116          0          0          0      23144   stm32f4xx_ll_usb.o
        16          4         24          4          0       1115   system_stm32f4xx_1.o
       164         22          0          0         72       1694   usart.o
        84         18          0          0        732        804   usb_device.o
      1290         38          0        139          0      14329   usbd_cdc.o
       116         20          0         20       4096       3916   usbd_cdc_if.o
       766         28          0          0       1796      17445   usbd_conf.o
       934          0          0          0          0      15287   usbd_core.o
      1380         20          0          1          0      15320   usbd_ctlreq.o
       300        108          0         94        512       6773   usbd_desc.o
       138          0          0          0          0       4504   usbd_ioreq.o
       224          0          0          0          0       4551   vcnl4040_sensor.o

    ----------------------------------------------------------------------
     24546       1464        800        452      29508     960631   Object Totals
         0          0         32          0          0          0   (incl. Generated)
        40          0          4          6          0          0   (incl. Padding)

    ----------------------------------------------------------------------

      Code (inc. data)   RO Data    RW Data    ZI Data      Debug   Library Member Name

        44          6          0          0          0         84   __2sprintf.o
        90          0          0          0          0          0   __dczerorl2.o
         8          0          0          0          0         68   __main.o
       392          4         17          0          0         92   __printf_flags_ss_wp.o
        14          0          0          0          0         68   __printf_wp.o
         0          0          0          0          0          0   __rtentry.o
        12          0          0          0          0          0   __rtentry2.o
         6          0          0          0          0          0   __rtentry4.o
        52          8          0          0          0          0   __scatter.o
        28          0          0          0          0          0   __scatter_zi.o
         6          0          0          0          0          0   _printf_a.o
         6          0          0          0          0          0   _printf_c.o
        44          0          0          0          0        108   _printf_char.o
        48          6          0          0          0         96   _printf_char_common.o
        40          0          0          0          0         68   _printf_charcount.o
         6          0          0          0          0          0   _printf_d.o
       120         16          0          0          0         92   _printf_dec.o
         6          0          0          0          0          0   _printf_e.o
         6          0          0          0          0          0   _printf_f.o
      1054          0          0          0          0        216   _printf_fp_dec.o
       764          8         38          0          0        100   _printf_fp_hex.o
       128         16          0          0          0         84   _printf_fp_infnan.o
         6          0          0          0          0          0   _printf_g.o
       148          4         40          0          0        160   _printf_hex_int_ll_ptr.o
         6          0          0          0          0          0   _printf_i.o
       178          0          0          0          0         88   _printf_intcommon.o
        10          0          0          0          0          0   _printf_l.o
         6          0          0          0          0          0   _printf_lc.o
        10          0          0          0          0          0   _printf_ll.o
         6          0          0          0          0          0   _printf_lld.o
         6          0          0          0          0          0   _printf_lli.o
         6          0          0          0          0          0   _printf_llo.o
         6          0          0          0          0          0   _printf_llu.o
         6          0          0          0          0          0   _printf_llx.o
       124         16          0          0          0         92   _printf_longlong_dec.o
         6          0          0          0          0          0   _printf_ls.o
         6          0          0          0          0          0   _printf_n.o
         6          0          0          0          0          0   _printf_o.o
       112         10          0          0          0        124   _printf_oct_int_ll.o
         6          0          0          0          0          0   _printf_p.o
        78          0          0          0          0        108   _printf_pad.o
         0          0          0          0          0          0   _printf_percent.o
         4          0          0          0          0          0   _printf_percent_end.o
         6          0          0          0          0          0   _printf_s.o
        82          0          0          0          0         80   _printf_str.o
        36          0          0          0          0         84   _printf_truncate.o
         6          0          0          0          0          0   _printf_u.o
        44          0          0          0          0        108   _printf_wchar.o
       188          6          8          0          0         92   _printf_wctomb.o
         6          0          0          0          0          0   _printf_x.o
        16          0          0          0          0         68   _snputc.o
        10          0          0          0          0         68   _sputc.o
        64          0          0          0          0         92   _wcrtomb.o
       228          4        148          0          0         96   bigflt0.o
      1936        128          0          0          0        672   btod.o
        18          0          0          0          0         80   exit.o
         6          0          0          0          0        152   heapauxi.o
         0          0          0          0          0          0   indicate_semi.o
        44         10        272          0          0         76   lc_ctype_c.o
        44         10         28          0          0         76   lc_numeric_c.o
         2          0          0          0          0          0   libinit.o
        34          0          0          0          0          0   libinit2.o
         2          0          0          0          0          0   libshutdown.o
         2          0          0          0          0          0   libshutdown2.o
         8          4          0          0         96         68   libspace.o
        72          0          0          0          0         76   llsdiv.o
       138          0          0          0          0         80   lludiv10.o
       238          0          0          0          0        100   lludivv7m.o
        16          4          0          0          0         76   rt_ctype_table.o
         8          4          0          0          0         68   rt_locale_intlibspace.o
        78          0          0          0          0         80   rt_memclr_w.o
         2          0          0          0          0          0   rtexit.o
        10          0          0          0          0          0   rtexit2.o
       128          0          0          0          0         68   strcmpv7m.o
        72          0          0          0          0         80   strcpy.o
        62          0          0          0          0         76   strlen.o
        12          4          0          0          0         68   sys_exit.o
        74          0          0          0          0         80   sys_stackheap_outer.o
         2          0          0          0          0         68   use_no_semi.o
        52          4          0          0          0         80   vsnprintf.o
        12          0          0          0          0        116   dretinf.o
        86          4          0          0          0        132   f2d.o
       140          4          0          0          0        132   fnaninf.o
        10          0          0          0          0        116   fpinit.o
         4          0          0          0          0        116   printf1.o
         4          0          0          0          0        116   printf2.o
         0          0          0          0          0          0   usenofp.o
        48          0          0          0          0        124   fpclassify.o

    ----------------------------------------------------------------------
      7678        280        556          0         96       5312   Library Totals
        18          0          5          0          0          0   (incl. Padding)

    ----------------------------------------------------------------------

      Code (inc. data)   RO Data    RW Data    ZI Data      Debug   Library Name

      7356        272        551          0         96       4460   c_w.l
       256          8          0          0          0        728   fz_wm.l
        48          0          0          0          0        124   m_wm.l

    ----------------------------------------------------------------------
      7678        280        556          0         96       5312   Library Totals

    ----------------------------------------------------------------------

==============================================================================


      Code (inc. data)   RO Data    RW Data    ZI Data      Debug   

     32224       1744       1356        452      29604     939099   Grand Totals
     32224       1744       1356        212      29604     939099   ELF Image Totals (compressed)
     32224       1744       1356        212          0          0   ROM Totals

==============================================================================

    Total RO  Size (Code + RO Data)                33580 (  32.79kB)
    Total RW  Size (RW Data + ZI Data)             30056 (  29.35kB)
    Total ROM Size (Code + RO Data + RW Data)      33792 (  33.00kB)

==============================================================================

