Archive member included to satisfy reference by file (symbol)

/opt/st/stm32cubeclt_1.20.0/GNU-tools-for-STM32/bin/../lib/gcc/arm-none-eabi/13.3.1/../../../../arm-none-eabi/lib/thumb/v7e-m+fp/hard/libc_nano.a(libc_a-exit.o)
                              /opt/st/stm32cubeclt_1.20.0/GNU-tools-for-STM32/bin/../lib/gcc/arm-none-eabi/13.3.1/../../../../arm-none-eabi/lib/thumb/v7e-m+fp/hard/crt0.o (exit)
/opt/st/stm32cubeclt_1.20.0/GNU-tools-for-STM32/bin/../lib/gcc/arm-none-eabi/13.3.1/../../../../arm-none-eabi/lib/thumb/v7e-m+fp/hard/libc_nano.a(libc_a-nano-vfprintf_float.o)
                              (_printf_float)
/opt/st/stm32cubeclt_1.20.0/GNU-tools-for-STM32/bin/../lib/gcc/arm-none-eabi/13.3.1/../../../../arm-none-eabi/lib/thumb/v7e-m+fp/hard/libc_nano.a(libc_a-nano-vfprintf_i.o)
                              /opt/st/stm32cubeclt_1.20.0/GNU-tools-for-STM32/bin/../lib/gcc/arm-none-eabi/13.3.1/../../../../arm-none-eabi/lib/thumb/v7e-m+fp/hard/libc_nano.a(libc_a-nano-vfprintf_float.o) (_printf_common)
/opt/st/stm32cubeclt_1.20.0/GNU-tools-for-STM32/bin/../lib/gcc/arm-none-eabi/13.3.1/../../../../arm-none-eabi/lib/thumb/v7e-m+fp/hard/libc_nano.a(libc_a-findfp.o)
                              /opt/st/stm32cubeclt_1.20.0/GNU-tools-for-STM32/bin/../lib/gcc/arm-none-eabi/13.3.1/../../../../arm-none-eabi/lib/thumb/v7e-m+fp/hard/libc_nano.a(libc_a-exit.o) (__stdio_exit_handler)
/opt/st/stm32cubeclt_1.20.0/GNU-tools-for-STM32/bin/../lib/gcc/arm-none-eabi/13.3.1/../../../../arm-none-eabi/lib/thumb/v7e-m+fp/hard/libc_nano.a(libc_a-fwalk.o)
                              /opt/st/stm32cubeclt_1.20.0/GNU-tools-for-STM32/bin/../lib/gcc/arm-none-eabi/13.3.1/../../../../arm-none-eabi/lib/thumb/v7e-m+fp/hard/libc_nano.a(libc_a-findfp.o) (_fwalk_sglue)
/opt/st/stm32cubeclt_1.20.0/GNU-tools-for-STM32/bin/../lib/gcc/arm-none-eabi/13.3.1/../../../../arm-none-eabi/lib/thumb/v7e-m+fp/hard/libc_nano.a(libc_a-snprintf.o)
                              build/main.o (snprintf)
/opt/st/stm32cubeclt_1.20.0/GNU-tools-for-STM32/bin/../lib/gcc/arm-none-eabi/13.3.1/../../../../arm-none-eabi/lib/thumb/v7e-m+fp/hard/libc_nano.a(libc_a-stdio.o)
                              /opt/st/stm32cubeclt_1.20.0/GNU-tools-for-STM32/bin/../lib/gcc/arm-none-eabi/13.3.1/../../../../arm-none-eabi/lib/thumb/v7e-m+fp/hard/libc_nano.a(libc_a-findfp.o) (__sread)
/opt/st/stm32cubeclt_1.20.0/GNU-tools-for-STM32/bin/../lib/gcc/arm-none-eabi/13.3.1/../../../../arm-none-eabi/lib/thumb/v7e-m+fp/hard/libc_nano.a(libc_a-vsnprintf.o)
                              build/methods.o (vsnprintf)
/opt/st/stm32cubeclt_1.20.0/GNU-tools-for-STM32/bin/../lib/gcc/arm-none-eabi/13.3.1/../../../../arm-none-eabi/lib/thumb/v7e-m+fp/hard/libc_nano.a(libc_a-memset.o)
                              /opt/st/stm32cubeclt_1.20.0/GNU-tools-for-STM32/bin/../lib/gcc/arm-none-eabi/13.3.1/../../../../arm-none-eabi/lib/thumb/v7e-m+fp/hard/crt0.o (memset)
/opt/st/stm32cubeclt_1.20.0/GNU-tools-for-STM32/bin/../lib/gcc/arm-none-eabi/13.3.1/../../../../arm-none-eabi/lib/thumb/v7e-m+fp/hard/libc_nano.a(libc_a-localeconv.o)
                              /opt/st/stm32cubeclt_1.20.0/GNU-tools-for-STM32/bin/../lib/gcc/arm-none-eabi/13.3.1/../../../../arm-none-eabi/lib/thumb/v7e-m+fp/hard/libc_nano.a(libc_a-nano-vfprintf_float.o) (_localeconv_r)
/opt/st/stm32cubeclt_1.20.0/GNU-tools-for-STM32/bin/../lib/gcc/arm-none-eabi/13.3.1/../../../../arm-none-eabi/lib/thumb/v7e-m+fp/hard/libc_nano.a(libc_a-closer.o)
                              /opt/st/stm32cubeclt_1.20.0/GNU-tools-for-STM32/bin/../lib/gcc/arm-none-eabi/13.3.1/../../../../arm-none-eabi/lib/thumb/v7e-m+fp/hard/libc_nano.a(libc_a-stdio.o) (_close_r)
/opt/st/stm32cubeclt_1.20.0/GNU-tools-for-STM32/bin/../lib/gcc/arm-none-eabi/13.3.1/../../../../arm-none-eabi/lib/thumb/v7e-m+fp/hard/libc_nano.a(libc_a-reent.o)
                              /opt/st/stm32cubeclt_1.20.0/GNU-tools-for-STM32/bin/../lib/gcc/arm-none-eabi/13.3.1/../../../../arm-none-eabi/lib/thumb/v7e-m+fp/hard/libc_nano.a(libc_a-closer.o) (errno)
/opt/st/stm32cubeclt_1.20.0/GNU-tools-for-STM32/bin/../lib/gcc/arm-none-eabi/13.3.1/../../../../arm-none-eabi/lib/thumb/v7e-m+fp/hard/libc_nano.a(libc_a-impure.o)
                              /opt/st/stm32cubeclt_1.20.0/GNU-tools-for-STM32/bin/../lib/gcc/arm-none-eabi/13.3.1/../../../../arm-none-eabi/lib/thumb/v7e-m+fp/hard/libc_nano.a(libc_a-snprintf.o) (_impure_ptr)
/opt/st/stm32cubeclt_1.20.0/GNU-tools-for-STM32/bin/../lib/gcc/arm-none-eabi/13.3.1/../../../../arm-none-eabi/lib/thumb/v7e-m+fp/hard/libc_nano.a(libc_a-lseekr.o)
                              /opt/st/stm32cubeclt_1.20.0/GNU-tools-for-STM32/bin/../lib/gcc/arm-none-eabi/13.3.1/../../../../arm-none-eabi/lib/thumb/v7e-m+fp/hard/libc_nano.a(libc_a-stdio.o) (_lseek_r)
/opt/st/stm32cubeclt_1.20.0/GNU-tools-for-STM32/bin/../lib/gcc/arm-none-eabi/13.3.1/../../../../arm-none-eabi/lib/thumb/v7e-m+fp/hard/libc_nano.a(libc_a-readr.o)
[...]
Memory Configuration

Name             Origin             Length             Attributes
RAM              0x20000000         0x00020000         xrw
FLASH            0x08000000         0x00080000         xr
*default*        0x00000000         0xffffffff

Linker script and memory map

LOAD /opt/st/stm32cubeclt_1.20.0/GNU-tools-for-STM32/bin/../lib/gcc/arm-none-eabi/13.3.1/thumb/v7e-m+fp/hard/crti.o
LOAD /opt/st/stm32cubeclt_1.20.0/GNU-tools-for-STM32/bin/../lib/gcc/arm-none-eabi/13.3.1/thumb/v7e-m+fp/hard/crtbegin.o
LOAD /opt/st/stm32cubeclt_1.20.0/GNU-tools-for-STM32/bin/../lib/gcc/arm-none-eabi/13.3.1/../../../../arm-none-eabi/lib/thumb/v7e-m+fp/hard/crt0.o
LOAD build/main.o
LOAD build/gpio.o
LOAD build/i2c.o
LOAD build/stm32f4xx_it.o
LOAD build/stm32f4xx_hal_msp.o
LOAD build/vcnl4040_sensor.o
LOAD build/ens160_sensor.o
LOAD build/humidity_temp_sensor.o
LOAD build/microphone_sensor.o
LOAD build/methods.o
LOAD build/stm32f4xx_hal_i2c.o
LOAD build/stm32f4xx_hal_i2c_ex.o
LOAD build/stm32f4xx_hal_rcc.o
LOAD build/stm32f4xx_hal_rcc_ex.o
LOAD build/stm32f4xx_hal_flash.o
LOAD build/stm32f4xx_hal_flash_ex.o
LOAD build/stm32f4xx_hal_flash_ramfunc.o
LOAD build/stm32f4xx_hal_gpio.o
LOAD build/stm32f4xx_hal_dma_ex.o
LOAD build/stm32f4xx_hal_dma.o
LOAD build/stm32f4xx_hal_pwr.o
LOAD build/stm32f4xx_hal_pwr_ex.o
LOAD build/stm32f4xx_hal_cortex.o
LOAD build/stm32f4xx_hal.o
LOAD build/stm32f4xx_hal_exti.o
LOAD build/system_stm32f4xx.o
LOAD build/sysmem.o
LOAD build/syscalls.o
LOAD build/dma.o
LOAD build/i2s.o
LOAD build/stm32f4xx_hal_i2s.o
LOAD build/stm32f4xx_hal_i2s_ex.o
LOAD build/usb_device.o
LOAD build/usbd_desc.o
LOAD build/usbd_cdc_if.o
LOAD build/usbd_conf.o
LOAD build/stm32f4xx_hal_pcd.o
LOAD build/stm32f4xx_hal_pcd_ex.o
LOAD build/stm32f4xx_ll_usb.o
LOAD build/usbd_core.o
LOAD build/usbd_ctlreq.o
LOAD build/usbd_ioreq.o
LOAD build/usbd_cdc.o
LOAD build/startup_stm32f446xx.o
LOAD /opt/st/stm32cubeclt_1.20.0/GNU-tools-for-STM32/bin/../lib/gcc/arm-none-eabi/13.3.1/../../../../arm-none-eabi/lib/thumb/v7e-m+fp/hard/libc_nano.a
LOAD /opt/st/stm32cubeclt_1.20.0/GNU-tools-for-STM32/bin/../lib/gcc/arm-none-eabi/13.3.1/../../../../arm-none-eabi/lib/thumb/v7e-m+fp/hard/libm.a
LOAD /opt/st/stm32cubeclt_1.20.0/GNU-tools-for-STM32/bin/../lib/gcc/arm-none-eabi/13.3.1/../../../../arm-none-eabi/lib/thumb/v7e-m+fp/hard/libnosys.a
START GROUP
LOAD /opt/st/stm32cubeclt_1.20.0/GNU-tools-for-STM32/bin/../lib/gcc/arm-none-eabi/13.3.1/thumb/v7e-m+fp/hard/libgcc.a
LOAD /opt/st/stm32cubeclt_1.20.0/GNU-tools-for-STM32/bin/../lib/gcc/arm-none-eabi/13.3.1/../../../../arm-none-eabi/lib/thumb/v7e-m+fp/hard/libc_nano.a
END GROUP
START GROUP
LOAD /opt/st/stm32cubeclt_1.20.0/GNU-tools-for-STM32/bin/../lib/gcc/arm-none-eabi/13.3.1/thumb/v7e-m+fp/hard/libgcc.a
LOAD /opt/st/stm32cubeclt_1.20.0/GNU-tools-for-STM32/bin/../lib/gcc/arm-none-eabi/13.3.1/../../../../arm-none-eabi/lib/thumb/v7e-m+fp/hard/libc_nano.a
END GROUP
LOAD /opt/st/stm32cubeclt_1.20.0/GNU-tools-for-STM32/bin/../lib/gcc/arm-none-eabi/13.3.1/thumb/v7e-m+fp/hard/crtend.o
LOAD /opt/st/stm32cubeclt_1.20.0/GNU-tools-for-STM32/bin/../lib/gcc/arm-none-eabi/13.3.1/thumb/v7e-m+fp/hard/crtn.o
                0x20020000                        _estack = (ORIGIN (RAM) + LENGTH (RAM))
                0x00000200                        _Min_Heap_Size = 0x200
                0x00000400                        _Min_Stack_Size = 0x400

.isr_vector     0x08000000      0x1c4
                0x08000000                        . = ALIGN (0x4)
 *(.isr_vector)
 .isr_vector    0x08000000      0x1c4 build/startup_stm32f446xx.o
                0x08000000                g_pfnVectors
                0x080001c4                        . = ALIGN (0x4)

.text           0x080001d0     0x9f28
                0x080001d0                        . = ALIGN (0x4)
 *(.text)
 .text          0x080001d0       0x40 /opt/st/stm32cubeclt_1.20.0/GNU-tools-for-STM32/bin/../lib/gcc/arm-none-eabi/13.3.1/thumb/v7e-m+fp/hard/crtbegin.o
 .text          0x08000210       0xa0 /opt/st/stm32cubeclt_1.20.0/GNU-tools-for-STM32/bin/../lib/gcc/arm-none-eabi/13.3.1/../../../../arm-none-eabi/lib/thumb/v7e-m+fp/hard/libc_nano.a(libc_a-memchr.o)
                0x08000210                memchr
 .text          0x080002b0       0x10 /opt/st/stm32cubeclt_1.20.0/GNU-tools-for-STM32/bin/../lib/gcc/arm-none-eabi/13.3.1/../../../../arm-none-eabi/lib/thumb/v7e-m+fp/hard/libc_nano.a(libc_a-strlen.o)
                0x080002b0                strlen
 .text          0x080002c0      0x378 /opt/st/stm32cubeclt_1.20.0/GNU-tools-for-STM32/bin/../lib/gcc/arm-none-eabi/13.3.1/thumb/v7e-m+fp/hard/libgcc.a(_arm_addsubdf3.o)
                0x080002c0                __aeabi_drsub
                0x080002c8                __aeabi_dsub
                0x080002c8                __subdf3
                0x080002cc                __adddf3
                0x080002cc                __aeabi_dadd
                0x08000544                __aeabi_ui2d
                0x08000544                __floatunsidf
                0x08000564                __floatsidf
                0x08000564                __aeabi_i2d
                0x08000588                __extendsfdf2
                0x08000588                __aeabi_f2d
                0x080005cc                __aeabi_ul2d
                0x080005cc                __floatundidf
                0x080005dc                __floatdidf
                0x080005dc                __aeabi_l2d
 .text          0x08000638      0x424 /opt/st/stm32cubeclt_1.20.0/GNU-tools-for-STM32/bin/../lib/gcc/arm-none-eabi/13.3.1/thumb/v7e-m+fp/hard/libgcc.a(_arm_muldivdf3.o)
                0x08000638                __aeabi_dmul
                0x08000638                __muldf3
                0x0800088c                __aeabi_ddiv
                0x0800088c                __divdf3
 .text          0x08000a5c      0x110 /opt/st/stm32cubeclt_1.20.0/GNU-tools-for-STM32/bin/../lib/gcc/arm-none-eabi/13.3.1/thumb/v7e-m+fp/hard/libgcc.a(_arm_cmpdf2.o)
                0x08000a5c                __gtdf2
                0x08000a5c                __gedf2
                0x08000a64                __ltdf2
                0x08000a64                __ledf2
                0x08000a6c                __cmpdf2
                0x08000a6c                __eqdf2
                0x08000a6c                __nedf2
                0x08000ae8                __aeabi_cdrcmple
                0x08000af8                __aeabi_cdcmple
                0x08000af8                __aeabi_cdcmpeq
                0x08000b08                __aeabi_dcmpeq
                0x08000b1c                __aeabi_dcmplt
                0x08000b30                __aeabi_dcmple
                0x08000b44                __aeabi_dcmpge
                0x08000b58                __aeabi_dcmpgt
 .text          0x08000b6c       0x2c /opt/st/stm32cubeclt_1.20.0/GNU-tools-for-STM32/bin/../lib/gcc/arm-none-eabi/13.3.1/thumb/v7e-m+fp/hard/libgcc.a(_arm_unorddf2.o)
                0x08000b6c                __aeabi_dcmpun
                0x08000b6c                __unorddf2
 .text          0x08000b98       0x50 /opt/st/stm32cubeclt_1.20.0/GNU-tools-for-STM32/bin/../lib/gcc/arm-none-eabi/13.3.1/thumb/v7e-m+fp/hard/libgcc.a(_arm_fixdfsi.o)
                0x08000b98                __fixdfsi
                0x08000b98                __aeabi_d2iz
 .text          0x08000be8       0x30 /opt/st/stm32cubeclt_1.20.0/GNU-tools-for-STM32/bin/../lib/gcc/arm-none-eabi/13.3.1/thumb/v7e-m+fp/hard/libgcc.a(_aeabi_uldivmod.o)
                0x08000be8                __aeabi_uldivmod
 .text          0x08000c18      0x2f8 /opt/st/stm32cubeclt_1.20.0/GNU-tools-for-STM32/bin/../lib/gcc/arm-none-eabi/13.3.1/thumb/v7e-m+fp/hard/libgcc.a(_udivmoddi4.o)
                0x08000c18                __udivmoddi4
 .text          0x08000f10        0x4 /opt/st/stm32cubeclt_1.20.0/GNU-tools-for-STM32/bin/../lib/gcc/arm-none-eabi/13.3.1/thumb/v7e-m+fp/hard/libgcc.a(_dvmd_tls.o)
                0x08000f10                __aeabi_ldiv0
                0x08000f10                __aeabi_idiv0
 *(.text*)
 .text.Data_Send
                0x08000f14      0x110 build/main.o
                0x08000f14                Data_Send
 .text.Error_Handler
                0x08001024        0x4 build/main.o
                0x08001024                Error_Handler
 .text.SystemClock_Config
                0x08001028       0xa8 build/main.o
                0x08001028                SystemClock_Config
 .text.main     0x080010d0       0x9c build/main.o
                0x080010d0                main
 .text.MX_GPIO_Init
                0x0800116c       0x98 build/gpio.o
                0x0800116c                MX_GPIO_Init
 .text.MX_I2C1_Init
                0x08001204       0x3c build/i2c.o
                0x08001204                MX_I2C1_Init
 .text.HAL_I2C_MspInit
                0x08001240       0x70 build/i2c.o
                0x08001240                HAL_I2C_MspInit
 .text.NMI_Handler
                0x080012b0        0x2 build/stm32f4xx_it.o
                0x080012b0                NMI_Handler
 .text.HardFault_Handler
                0x080012b2        0x2 build/stm32f4xx_it.o
                0x080012b2                HardFault_Handler
 .text.MemManage_Handler
                0x080012b4        0x2 build/stm32f4xx_it.o
                0x080012b4                MemManage_Handler
 .text.BusFault_Handler
                0x080012b6        0x2 build/stm32f4xx_it.o
                0x080012b6                BusFault_Handler
 .text.UsageFault_Handler
                0x080012b8        0x2 build/stm32f4xx_it.o
                0x080012b8                UsageFault_Handler
 .text.SVC_Handler
                0x080012ba        0x2 build/stm32f4xx_it.o
                0x080012ba                SVC_Handler
 .text.DebugMon_Handler
                0x080012bc        0x2 build/stm32f4xx_it.o
                0x080012bc                DebugMon_Handler
 .text.PendSV_Handler
                0x080012be        0x2 build/stm32f4xx_it.o
                0x080012be                PendSV_Handler
 .text.SysTick_Handler
                0x080012c0        0x8 build/stm32f4xx_it.o
                0x080012c0                SysTick_Handler
 .text.DMA2_Stream0_IRQHandler
                0x080012c8       0x10 build/stm32f4xx_it.o
                0x080012c8                DMA2_Stream0_IRQHandler
 .text.OTG_FS_IRQHandler
                0x080012d8       0x10 build/stm32f4xx_it.o
                0x080012d8                OTG_FS_IRQHandler
 .text.HAL_I2S_RxHalfCpltCallback
                0x080012e8       0x2c build/stm32f4xx_it.o
                0x080012e8                HAL_I2S_RxHalfCpltCallback
 .text.HAL_I2S_RxCpltCallback
                0x08001314        0x2 build/stm32f4xx_it.o
                0x08001314                HAL_I2S_RxCpltCallback
 *fill*         0x08001316        0x2 
 .text.HAL_MspInit
                0x08001318       0x38 build/stm32f4xx_hal_msp.o
                0x08001318                HAL_MspInit
 .text.VCNL4040_Write16
                0x08001350       0x2a build/vcnl4040_sensor.o
 .text.VCNL4040_Read16
                0x0800137a       0x32 build/vcnl4040_sensor.o
 .text.VCNL4040_ReadALS
                0x080013ac        0xc build/vcnl4040_sensor.o
                0x080013ac                VCNL4040_ReadALS
 .text.VCNL4040_ReadPS
                0x080013b8        0xc build/vcnl4040_sensor.o
                0x080013b8                VCNL4040_ReadPS
 .text.VCNL4040_ReadID
                0x080013c4        0xc build/vcnl4040_sensor.o
                0x080013c4                VCNL4040_ReadID
 .text.VCNL4040_Init
                0x080013d0       0x6a build/vcnl4040_sensor.o
                0x080013d0                VCNL4040_Init
 .text.ENS160_Write8
                0x0800143a       0x26 build/ens160_sensor.o
 .text.ENS160_Read8
                0x08001460       0x1e build/ens160_sensor.o
 .text.ENS160_Read16
                0x0800147e       0x32 build/ens160_sensor.o
 .text.ENS160_SetMode
                0x080014b0        0xc build/ens160_sensor.o
                0x080014b0                ENS160_SetMode
 .text.ENS160_ReadAQI
                0x080014bc        0xc build/ens160_sensor.o
                0x080014bc                ENS160_ReadAQI
 .text.ENS160_ReadTVOC
                0x080014c8        0xc build/ens160_sensor.o
                0x080014c8                ENS160_ReadTVOC
 .text.ENS160_ReadECO2
                0x080014d4        0xc build/ens160_sensor.o
                0x080014d4                ENS160_ReadECO2
 .text.ENS160_ReadID
                0x080014e0        0xc build/ens160_sensor.o
                0x080014e0                ENS160_ReadID
 .text.ENS160_Init
                0x080014ec       0x4a build/ens160_sensor.o
                0x080014ec                ENS160_Init
 .text.HDC302x_CRC8
                0x08001536       0x42 build/humidity_temp_sensor.o
 .text.HDC302x_WriteCmd
                0x08001578       0x24 build/humidity_temp_sensor.o
 .text.HDC302x_Init
                0x0800159c       0x20 build/humidity_temp_sensor.o
                0x0800159c                HDC302x_Init
 .text.HDC302x_ReadData
                0x080015bc       0xdc build/humidity_temp_sensor.o
                0x080015bc                HDC302x_ReadData
 .text.MIC_Init
                0x08001698       0x1c build/microphone_sensor.o
                0x08001698                MIC_Init
 .text.MIC_Start
                0x080016b4       0x20 build/microphone_sensor.o
                0x080016b4                MIC_Start
 .text.RGB_LED_Init
                0x080016d4       0x50 build/methods.o
                0x080016d4                RGB_LED_Init
 .text.I2C_IsAcknowledgeFailed
                0x08001724       0x32 build/stm32f4xx_hal_i2c.o
 .text.I2C_WaitOnFlagUntilTimeout
                0x08001756       0xaa build/stm32f4xx_hal_i2c.o
 .text.I2C_WaitOnMasterAddressFlagUntilTimeout
                0x08001800       0xd6 build/stm32f4xx_hal_i2c.o
 *fill*         0x080018d6        0x2 
 .text.I2C_MasterRequestWrite
                0x080018d8       0xb4 build/stm32f4xx_hal_i2c.o
 .text.I2C_MasterRequestRead
                0x0800198c      0x120 build/stm32f4xx_hal_i2c.o
 .text.I2C_WaitOnTXEFlagUntilTimeout
                0x08001aac       0x5e build/stm32f4xx_hal_i2c.o
 *fill*         0x08001b0a        0x2 
 .text.I2C_RequestMemoryWrite
                0x08001b0c       0xd8 build/stm32f4xx_hal_i2c.o
 .text.I2C_RequestMemoryRead
                0x08001be4      0x154 build/stm32f4xx_hal_i2c.o
 .text.I2C_WaitOnBTFFlagUntilTimeout
                0x08001d38       0x5e build/stm32f4xx_hal_i2c.o
 .text.I2C_WaitOnRXNEFlagUntilTimeout
                0x08001d96       0x78 build/stm32f4xx_hal_i2c.o
 *fill*         0x08001e0e        0x2 
 .text.HAL_I2C_Init
                0x08001e10      0x1bc build/stm32f4xx_hal_i2c.o
                0x08001e10                HAL_I2C_Init
 .text.HAL_I2C_Master_Transmit
                0x08001fcc      0x178 build/stm32f4xx_hal_i2c.o
                0x08001fcc                HAL_I2C_Master_Transmit
 .text.HAL_I2C_Master_Receive
                0x08002144      0x2fc build/stm32f4xx_hal_i2c.o
                0x08002144                HAL_I2C_Master_Receive
 .text.HAL_I2C_Mem_Write
                0x08002440      0x164 build/stm32f4xx_hal_i2c.o
                0x08002440                HAL_I2C_Mem_Write
 .text.HAL_I2C_Mem_Read
                0x080025a4      0x2f8 build/stm32f4xx_hal_i2c.o
                0x080025a4                HAL_I2C_Mem_Read
 .text.HAL_RCC_ClockConfig
                0x0800289c      0x160 build/stm32f4xx_hal_rcc.o
                0x0800289c                HAL_RCC_ClockConfig
 .text.HAL_RCC_GetHCLKFreq
                0x080029fc        0xc build/stm32f4xx_hal_rcc.o
                0x080029fc                HAL_RCC_GetHCLKFreq
 .text.HAL_RCC_GetPCLK1Freq
                0x08002a08       0x20 build/stm32f4xx_hal_rcc.o
                0x08002a08                HAL_RCC_GetPCLK1Freq
 .text.HAL_RCCEx_PeriphCLKConfig
                0x08002a28      0x474 build/stm32f4xx_hal_rcc_ex.o
                0x08002a28                HAL_RCCEx_PeriphCLKConfig
 .text.HAL_RCCEx_GetPeriphCLKFreq
                0x08002e9c      0x30c build/stm32f4xx_hal_rcc_ex.o
                0x08002e9c                HAL_RCCEx_GetPeriphCLKFreq
 .text.HAL_RCC_GetSysClockFreq
                0x080031a8      0x190 build/stm32f4xx_hal_rcc_ex.o
                0x080031a8                HAL_RCC_GetSysClockFreq
 .text.HAL_RCC_OscConfig
                0x08003338      0x444 build/stm32f4xx_hal_rcc_ex.o
                0x08003338                HAL_RCC_OscConfig
 .text.HAL_GPIO_Init
                0x0800377c      0x1e0 build/stm32f4xx_hal_gpio.o
                0x0800377c                HAL_GPIO_Init
 .text.HAL_GPIO_WritePin
                0x0800395c        0xc build/stm32f4xx_hal_gpio.o
                0x0800395c                HAL_GPIO_WritePin
 .text.DMA_SetConfig
                0x08003968       0x2c build/stm32f4xx_hal_dma.o
 .text.DMA_CalcBaseAndBitshift
                0x08003994       0x3c build/stm32f4xx_hal_dma.o
 .text.DMA_CheckFifoParam
                0x080039d0       0x8e build/stm32f4xx_hal_dma.o
 *fill*         0x08003a5e        0x2 
 .text.HAL_DMA_Init
                0x08003a60       0xcc build/stm32f4xx_hal_dma.o
                0x08003a60                HAL_DMA_Init
 .text.HAL_DMA_Start_IT
                0x08003b2c       0x6a build/stm32f4xx_hal_dma.o
                0x08003b2c                HAL_DMA_Start_IT
 *fill*         0x08003b96        0x2 
 .text.HAL_DMA_IRQHandler
                0x08003b98      0x1dc build/stm32f4xx_hal_dma.o
                0x08003b98                HAL_DMA_IRQHandler
 .text.__NVIC_EnableIRQ
                0x08003d74       0x1c build/stm32f4xx_hal_cortex.o
 .text.__NVIC_SetPriority
                0x08003d90       0x28 build/stm32f4xx_hal_cortex.o
 .text.NVIC_EncodePriority
                0x08003db8       0x3e build/stm32f4xx_hal_cortex.o
 *fill*         0x08003df6        0x2 
 .text.HAL_NVIC_SetPriorityGrouping
                0x08003df8       0x24 build/stm32f4xx_hal_cortex.o
                0x08003df8                HAL_NVIC_SetPriorityGrouping
 .text.HAL_NVIC_SetPriority
                0x08003e1c       0x20 build/stm32f4xx_hal_cortex.o
                0x08003e1c                HAL_NVIC_SetPriority
 .text.HAL_NVIC_EnableIRQ
                0x08003e3c        0x8 build/stm32f4xx_hal_cortex.o
                0x08003e3c                HAL_NVIC_EnableIRQ
 .text.HAL_SYSTICK_Config
                0x08003e44       0x28 build/stm32f4xx_hal_cortex.o
                0x08003e44                HAL_SYSTICK_Config
 .text.HAL_InitTick
                0x08003e6c       0x4c build/stm32f4xx_hal.o
                0x08003e6c                HAL_InitTick
 .text.HAL_Init
                0x08003eb8       0x34 build/stm32f4xx_hal.o
                0x08003eb8                HAL_Init
 .text.HAL_IncTick
                0x08003eec       0x18 build/stm32f4xx_hal.o
                0x08003eec                HAL_IncTick
 .text.HAL_GetTick
                0x08003f04        0xc build/stm32f4xx_hal.o
                0x08003f04                HAL_GetTick
 .text.HAL_Delay
                0x08003f10       0x28 build/stm32f4xx_hal.o
                0x08003f10                HAL_Delay
 .text.SystemInit
                0x08003f38       0x14 build/system_stm32f4xx.o
                0x08003f38                SystemInit
 .text._sbrk    0x08003f4c       0x48 build/sysmem.o
                0x08003f4c                _sbrk
 .text._getpid  0x08003f94        0x4 build/syscalls.o
                0x08003f94                _getpid
 .text._kill    0x08003f98       0x10 build/syscalls.o
                0x08003f98                _kill
 .text._exit    0x08003fa8        0xc build/syscalls.o
                0x08003fa8                _exit
 .text._read    0x08003fb4       0x20 build/syscalls.o
                0x08003fb4                _read
 .text._write   0x08003fd4       0x1c build/syscalls.o
                0x08003fd4                _write
 .text._close   0x08003ff0        0x6 build/syscalls.o
                0x08003ff0                _close
 .text._fstat   0x08003ff6        0xa build/syscalls.o
                0x08003ff6                _fstat
 .text._isatty  0x08004000        0x4 build/syscalls.o
                0x08004000                _isatty
 .text._lseek   0x08004004        0x4 build/syscalls.o
                0x08004004                _lseek
 .text.MX_DMA_Init
                0x08004008       0x34 build/dma.o
                0x08004008                MX_DMA_Init
 .text.MX_I2S1_Init
                0x0800403c       0x3c build/i2s.o
                0x0800403c                MX_I2S1_Init
 .text.HAL_I2S_MspInit
                0x08004078       0xe8 build/i2s.o
                0x08004078                HAL_I2S_MspInit
 .text.HAL_I2S_Init
                0x08004160      0x13c build/stm32f4xx_hal_i2s.o
                0x08004160                HAL_I2S_Init
 .text.HAL_I2S_Receive_DMA
                0x0800429c       0xf4 build/stm32f4xx_hal_i2s.o
                0x0800429c                HAL_I2S_Receive_DMA
 .text.HAL_I2S_TxCpltCallback
                0x08004390        0x2 build/stm32f4xx_hal_i2s.o
                0x08004390                HAL_I2S_TxCpltCallback
 .text.I2S_Transmit_IT
                0x08004392       0x38 build/stm32f4xx_hal_i2s.o
 .text.I2S_DMARxHalfCplt
                0x080043ca        0xa build/stm32f4xx_hal_i2s.o
 .text.I2S_Receive_IT
                0x080043d4       0x38 build/stm32f4xx_hal_i2s.o
 .text.I2S_DMARxCplt
                0x0800440c       0x24 build/stm32f4xx_hal_i2s.o
 .text.HAL_I2S_ErrorCallback
                0x08004430        0x2 build/stm32f4xx_hal_i2s.o
                0x08004430                HAL_I2S_ErrorCallback
 .text.I2S_IRQHandler
                0x08004432       0xd0 build/stm32f4xx_hal_i2s.o
 .text.I2S_DMAError
                0x08004502       0x28 build/stm32f4xx_hal_i2s.o
 *fill*         0x0800452a        0x2 
 .text.MX_USB_DEVICE_Init
                0x0800452c       0x54 build/usb_device.o
                0x0800452c                MX_USB_DEVICE_Init
 .text.USBD_FS_DeviceDescriptor
                0x08004580        0xc build/usbd_desc.o
                0x08004580                USBD_FS_DeviceDescriptor
 .text.USBD_FS_LangIDStrDescriptor
                0x0800458c        0xc build/usbd_desc.o
                0x0800458c                USBD_FS_LangIDStrDescriptor
 .text.USBD_FS_USR_BOSDescriptor
                0x08004598        0xc build/usbd_desc.o
                0x08004598                USBD_FS_USR_BOSDescriptor
 .text.IntToUnicode
                0x080045a4       0x46 build/usbd_desc.o
 *fill*         0x080045ea        0x2 
 .text.Get_SerialNum
                0x080045ec       0x38 build/usbd_desc.o
 .text.USBD_FS_SerialStrDescriptor
                0x08004624       0x14 build/usbd_desc.o
                0x08004624                USBD_FS_SerialStrDescriptor
 .text.USBD_FS_ProductStrDescriptor
                0x08004638       0x24 build/usbd_desc.o
                0x08004638                USBD_FS_ProductStrDescriptor
 .text.USBD_FS_ManufacturerStrDescriptor
                0x0800465c       0x1c build/usbd_desc.o
                0x0800465c                USBD_FS_ManufacturerStrDescriptor
 .text.USBD_FS_ConfigStrDescriptor
                0x08004678       0x24 build/usbd_desc.o
                0x08004678                USBD_FS_ConfigStrDescriptor
 .text.USBD_FS_InterfaceStrDescriptor
                0x0800469c       0x24 build/usbd_desc.o
                0x0800469c                USBD_FS_InterfaceStrDescriptor
 .text.CDC_DeInit_FS
                0x080046c0        0x4 build/usbd_cdc_if.o
 .text.CDC_Control_FS
                0x080046c4        0x4 build/usbd_cdc_if.o
 .text.CDC_TransmitCplt_FS
                0x080046c8        0x4 build/usbd_cdc_if.o
 .text.CDC_Receive_FS
                0x080046cc       0x1c build/usbd_cdc_if.o
 .text.CDC_Init_FS
                0x080046e8       0x28 build/usbd_cdc_if.o
 .text.CDC_Transmit_FS
                0x08004710       0x2c build/usbd_cdc_if.o
                0x08004710                CDC_Transmit_FS
 .text.HAL_PCD_MspInit
                0x0800473c       0xa8 build/usbd_conf.o
                0x0800473c                HAL_PCD_MspInit
 .text.HAL_PCD_SetupStageCallback
                0x080047e4       0x10 build/usbd_conf.o
                0x080047e4                HAL_PCD_SetupStageCallback
 .text.HAL_PCD_DataOutStageCallback
                0x080047f4       0x18 build/usbd_conf.o
                0x080047f4                HAL_PCD_DataOutStageCallback
 .text.HAL_PCD_DataInStageCallback
                0x0800480c       0x16 build/usbd_conf.o
                0x0800480c                HAL_PCD_DataInStageCallback
 .text.HAL_PCD_SOFCallback
                0x08004822        0xc build/usbd_conf.o
                0x08004822                HAL_PCD_SOFCallback
 .text.HAL_PCD_ResetCallback
                0x0800482e       0x28 build/usbd_conf.o
                0x0800482e                HAL_PCD_ResetCallback
 *fill*         0x08004856        0x2 
 .text.HAL_PCD_SuspendCallback
                0x08004858       0x30 build/usbd_conf.o
                0x08004858                HAL_PCD_SuspendCallback
 .text.HAL_PCD_ResumeCallback
                0x08004888        0xc build/usbd_conf.o
                0x08004888                HAL_PCD_ResumeCallback
 .text.HAL_PCD_ISOOUTIncompleteCallback
                0x08004894        0xc build/usbd_conf.o
                0x08004894                HAL_PCD_ISOOUTIncompleteCallback
 .text.HAL_PCD_ISOINIncompleteCallback
                0x080048a0        0xc build/usbd_conf.o
                0x080048a0                HAL_PCD_ISOINIncompleteCallback
 .text.HAL_PCD_ConnectCallback
                0x080048ac        0xc build/usbd_conf.o
                0x080048ac                HAL_PCD_ConnectCallback
 .text.HAL_PCD_DisconnectCallback
                0x080048b8        0xc build/usbd_conf.o
                0x080048b8                HAL_PCD_DisconnectCallback
 .text.USBD_LL_Init
                0x080048c4       0x68 build/usbd_conf.o
                0x080048c4                USBD_LL_Init
 .text.USBD_LL_IsStallEP
                0x0800492c       0x2c build/usbd_conf.o
                0x0800492c                USBD_LL_IsStallEP
 .text.USBD_LL_GetRxDataSize
                0x08004958        0xc build/usbd_conf.o
                0x08004958                USBD_LL_GetRxDataSize
 .text.HAL_PCDEx_LPM_Callback
                0x08004964       0x60 build/usbd_conf.o
                0x08004964                HAL_PCDEx_LPM_Callback
 .text.USBD_static_malloc
                0x080049c4        0x8 build/usbd_conf.o
                0x080049c4                USBD_static_malloc
 .text.USBD_static_free
                0x080049cc        0x2 build/usbd_conf.o
                0x080049cc                USBD_static_free
 .text.USBD_Get_USB_Status
                0x080049ce       0x14 build/usbd_conf.o
                0x080049ce                USBD_Get_USB_Status
 .text.USBD_LL_Start
                0x080049e2       0x10 build/usbd_conf.o
                0x080049e2                USBD_LL_Start
 .text.USBD_LL_OpenEP
                0x080049f2       0x16 build/usbd_conf.o
                0x080049f2                USBD_LL_OpenEP
 .text.USBD_LL_CloseEP
                0x08004a08       0x10 build/usbd_conf.o
                0x08004a08                USBD_LL_CloseEP
 .text.USBD_LL_StallEP
                0x08004a18       0x10 build/usbd_conf.o
                0x08004a18                USBD_LL_StallEP
 .text.USBD_LL_ClearStallEP
                0x08004a28       0x10 build/usbd_conf.o
                0x08004a28                USBD_LL_ClearStallEP
 .text.USBD_LL_SetUSBAddress
                0x08004a38       0x10 build/usbd_conf.o
                0x08004a38                USBD_LL_SetUSBAddress
 .text.USBD_LL_Transmit
                0x08004a48       0x10 build/usbd_conf.o
                0x08004a48                USBD_LL_Transmit
 .text.USBD_LL_PrepareReceive
                0x08004a58       0x10 build/usbd_conf.o
                0x08004a58                USBD_LL_PrepareReceive
 .text.PCD_WriteEmptyTxFifo
                0x08004a68       0xd0 build/stm32f4xx_hal_pcd.o
 .text.HAL_PCD_Init
                0x08004b38      0x112 build/stm32f4xx_hal_pcd.o
                0x08004b38                HAL_PCD_Init
 .text.HAL_PCD_Start
                0x08004c4a       0x44 build/stm32f4xx_hal_pcd.o
                0x08004c4a                HAL_PCD_Start
 *fill*         0x08004c8e        0x2 
 .text.PCD_EP_OutXfrComplete_int
                0x08004c90      0x104 build/stm32f4xx_hal_pcd.o
 .text.PCD_EP_OutSetupPacket_int
                0x08004d94       0x50 build/stm32f4xx_hal_pcd.o
 .text.HAL_PCD_SetAddress
                0x08004de4       0x26 build/stm32f4xx_hal_pcd.o
                0x08004de4                HAL_PCD_SetAddress
 .text.HAL_PCD_EP_Open
                0x08004e0a       0x8c build/stm32f4xx_hal_pcd.o
                0x08004e0a                HAL_PCD_EP_Open
 .text.HAL_PCD_EP_Close
                0x08004e96       0x70 build/stm32f4xx_hal_pcd.o
                0x08004e96                HAL_PCD_EP_Close
 .text.HAL_PCD_EP_Receive
                0x08004f06       0x4a build/stm32f4xx_hal_pcd.o
                0x08004f06                HAL_PCD_EP_Receive
 .text.HAL_PCD_EP_GetRxCount
                0x08004f50       0x12 build/stm32f4xx_hal_pcd.o
                0x08004f50                HAL_PCD_EP_GetRxCount
 .text.HAL_PCD_EP_Transmit
                0x08004f62       0x4a build/stm32f4xx_hal_pcd.o
                0x08004f62                HAL_PCD_EP_Transmit
 .text.HAL_PCD_EP_SetStall
                0x08004fac       0x86 build/stm32f4xx_hal_pcd.o
                0x08004fac                HAL_PCD_EP_SetStall
 .text.HAL_PCD_EP_ClrStall
                0x08005032       0x74 build/stm32f4xx_hal_pcd.o
                0x08005032                HAL_PCD_EP_ClrStall
 .text.HAL_PCD_EP_Abort
                0x080050a6       0x34 build/stm32f4xx_hal_pcd.o
                0x080050a6                HAL_PCD_EP_Abort
 .text.HAL_PCD_IRQHandler
                0x080050da      0x602 build/stm32f4xx_hal_pcd.o
                0x080050da                HAL_PCD_IRQHandler
 .text.HAL_PCDEx_SetTxFiFo
                0x080056dc       0x4c build/stm32f4xx_hal_pcd_ex.o
                0x080056dc                HAL_PCDEx_SetTxFiFo
 .text.HAL_PCDEx_SetRxFiFo
                0x08005728        0x8 build/stm32f4xx_hal_pcd_ex.o
                0x08005728                HAL_PCDEx_SetRxFiFo
 .text.HAL_PCDEx_ActivateLPM
                0x08005730       0x26 build/stm32f4xx_hal_pcd_ex.o
                0x08005730                HAL_PCDEx_ActivateLPM
 .text.USB_CoreReset
                0x08005756       0x58 build/stm32f4xx_ll_usb.o
 .text.USB_CoreInit
                0x080057ae       0x92 build/stm32f4xx_ll_usb.o
                0x080057ae                USB_CoreInit
 .text.USB_SetTurnaroundTime
                0x08005840       0xe4 build/stm32f4xx_ll_usb.o
                0x08005840                USB_SetTurnaroundTime
 .text.USB_EnableGlobalInt
                0x08005924        0xc build/stm32f4xx_ll_usb.o
                0x08005924                USB_EnableGlobalInt
 .text.USB_DisableGlobalInt
                0x08005930        0xc build/stm32f4xx_ll_usb.o
                0x08005930                USB_DisableGlobalInt
 .text.USB_FlushTxFifo
                0x0800593c       0x4a build/stm32f4xx_ll_usb.o
                0x0800593c                USB_FlushTxFifo
 .text.USB_FlushRxFifo
                0x08005986       0x46 build/stm32f4xx_ll_usb.o
                0x08005986                USB_FlushRxFifo
 .text.USB_SetDevSpeed
                0x080059cc        0xe build/stm32f4xx_ll_usb.o
                0x080059cc                USB_SetDevSpeed
 *fill*         0x080059da        0x2 
 .text.USB_DevInit
                0x080059dc      0x18c build/stm32f4xx_ll_usb.o
                0x080059dc                USB_DevInit
 .text.USB_GetDevSpeed
                0x08005b68       0x22 build/stm32f4xx_ll_usb.o
                0x08005b68                USB_GetDevSpeed
 .text.USB_ActivateEndpoint
                0x08005b8a       0x9a build/stm32f4xx_ll_usb.o
                0x08005b8a                USB_ActivateEndpoint
 .text.USB_DeactivateEndpoint
                0x08005c24       0xe0 build/stm32f4xx_ll_usb.o
                0x08005c24                USB_DeactivateEndpoint
 .text.USB_EPStopXfer
                0x08005d04       0xbe build/stm32f4xx_ll_usb.o
                0x08005d04                USB_EPStopXfer
 .text.USB_WritePacket
                0x08005dc2       0x2e build/stm32f4xx_ll_usb.o
                0x08005dc2                USB_WritePacket
 .text.USB_EPStartXfer
                0x08005df0      0x244 build/stm32f4xx_ll_usb.o
                0x08005df0                USB_EPStartXfer
 .text.USB_ReadPacket
                0x08006034       0x46 build/stm32f4xx_ll_usb.o
                0x08006034                USB_ReadPacket
 .text.USB_EPSetStall
                0x0800607a       0x5a build/stm32f4xx_ll_usb.o
                0x0800607a                USB_EPSetStall
 .text.USB_EPClearStall
                0x080060d4       0x5c build/stm32f4xx_ll_usb.o
                0x080060d4                USB_EPClearStall
 .text.USB_SetDevAddress
                0x08006130       0x20 build/stm32f4xx_ll_usb.o
                0x08006130                USB_SetDevAddress
 .text.USB_DevConnect
                0x08006150       0x1c build/stm32f4xx_ll_usb.o
                0x08006150                USB_DevConnect
 .text.USB_DevDisconnect
                0x0800616c       0x1c build/stm32f4xx_ll_usb.o
                0x0800616c                USB_DevDisconnect
 .text.USB_ReadInterrupts
                0x08006188        0x8 build/stm32f4xx_ll_usb.o
                0x08006188                USB_ReadInterrupts
 .text.USB_ReadDevAllOutEpInterrupt
                0x08006190       0x10 build/stm32f4xx_ll_usb.o
                0x08006190                USB_ReadDevAllOutEpInterrupt
 .text.USB_ReadDevAllInEpInterrupt
                0x080061a0       0x10 build/stm32f4xx_ll_usb.o
                0x080061a0                USB_ReadDevAllInEpInterrupt
 .text.USB_ReadDevOutEPInterrupt
                0x080061b0       0x12 build/stm32f4xx_ll_usb.o
                0x080061b0                USB_ReadDevOutEPInterrupt
 .text.USB_ReadDevInEPInterrupt
                0x080061c2       0x24 build/stm32f4xx_ll_usb.o
                0x080061c2                USB_ReadDevInEPInterrupt
 .text.USB_GetMode
                0x080061e6        0x8 build/stm32f4xx_ll_usb.o
                0x080061e6                USB_GetMode
 .text.USB_SetCurrentMode
                0x080061ee       0x62 build/stm32f4xx_ll_usb.o
                0x080061ee                USB_SetCurrentMode
 .text.USB_ActivateSetup
                0x08006250       0x1c build/stm32f4xx_ll_usb.o
                0x08006250                USB_ActivateSetup
 .text.USB_EP0_OutStart
                0x0800626c       0x60 build/stm32f4xx_ll_usb.o
                0x0800626c                USB_EP0_OutStart
 .text.USBD_Init
                0x080062cc       0x2e build/usbd_core.o
                0x080062cc                USBD_Init
 .text.USBD_RegisterClass
                0x080062fa       0x40 build/usbd_core.o
                0x080062fa                USBD_RegisterClass
 .text.USBD_Start
                0x0800633a        0x8 build/usbd_core.o
                0x0800633a                USBD_Start
 .text.USBD_SetClassConfig
                0x08006342       0x12 build/usbd_core.o
                0x08006342                USBD_SetClassConfig
 .text.USBD_ClrClassConfig
                0x08006354       0x12 build/usbd_core.o
                0x08006354                USBD_ClrClassConfig
 .text.USBD_LL_SetupStage
                0x08006366       0x58 build/usbd_core.o
                0x08006366                USBD_LL_SetupStage
 .text.USBD_LL_Reset
                0x080063be       0x66 build/usbd_core.o
                0x080063be                USBD_LL_Reset
 .text.USBD_LL_SetSpeed
                0x08006424        0x6 build/usbd_core.o
                0x08006424                USBD_LL_SetSpeed
 .text.USBD_LL_Suspend
                0x0800642a       0x1e build/usbd_core.o
                0x0800642a                USBD_LL_Suspend
 .text.USBD_LL_Resume
                0x08006448       0x1a build/usbd_core.o
                0x08006448                USBD_LL_Resume
 .text.USBD_LL_SOF
                0x08006462       0x22 build/usbd_core.o
                0x08006462                USBD_LL_SOF
 .text.USBD_LL_IsoINIncomplete
                0x08006484       0x2e build/usbd_core.o
                0x08006484                USBD_LL_IsoINIncomplete
 .text.USBD_LL_IsoOUTIncomplete
                0x080064b2       0x2e build/usbd_core.o
                0x080064b2                USBD_LL_IsoOUTIncomplete
 .text.USBD_LL_DevConnected
                0x080064e0        0x4 build/usbd_core.o
                0x080064e0                USBD_LL_DevConnected
 .text.USBD_LL_DevDisconnected
                0x080064e4       0x20 build/usbd_core.o
                0x080064e4                USBD_LL_DevDisconnected
 .text.USBD_CoreFindIF
                0x08006504        0x4 build/usbd_core.o
                0x08006504                USBD_CoreFindIF
 .text.USBD_CoreFindEP
                0x08006508        0x4 build/usbd_core.o
                0x08006508                USBD_CoreFindEP
 .text.USBD_LL_DataOutStage
                0x0800650c       0xca build/usbd_core.o
                0x0800650c                USBD_LL_DataOutStage
 .text.USBD_LL_DataInStage
                0x080065d6       0xd8 build/usbd_core.o
                0x080065d6                USBD_LL_DataInStage
 .text.USBD_GetNextDesc
                0x080066ae        0xe build/usbd_core.o
                0x080066ae                USBD_GetNextDesc
 .text.USBD_GetEpDesc
                0x080066bc       0x3e build/usbd_core.o
                0x080066bc                USBD_GetEpDesc
 .text.USBD_GetLen
                0x080066fa       0x14 build/usbd_ctlreq.o
 .text.USBD_ParseSetupRequest
                0x0800670e       0x28 build/usbd_ctlreq.o
                0x0800670e                USBD_ParseSetupRequest
 .text.USBD_CtlError
                0x08006736       0x14 build/usbd_ctlreq.o
                0x08006736                USBD_CtlError
 .text.USBD_GetDescriptor
                0x0800674a      0x1ac build/usbd_ctlreq.o
 .text.USBD_SetAddress
                0x080068f6       0x50 build/usbd_ctlreq.o
 *fill*         0x08006946        0x2 
 .text.USBD_SetConfig
                0x08006948       0xcc build/usbd_ctlreq.o
 .text.USBD_GetConfig
                0x08006a14       0x40 build/usbd_ctlreq.o
 .text.USBD_GetStatus
                0x08006a54       0x38 build/usbd_ctlreq.o
 .text.USBD_SetFeature
                0x08006a8c       0x2a build/usbd_ctlreq.o
 .text.USBD_ClrFeature
                0x08006ab6       0x26 build/usbd_ctlreq.o
 .text.USBD_StdDevReq
                0x08006adc       0x76 build/usbd_ctlreq.o
                0x08006adc                USBD_StdDevReq
 .text.USBD_StdItfReq
                0x08006b52       0x84 build/usbd_ctlreq.o
                0x08006b52                USBD_StdItfReq
 .text.USBD_StdEPReq
                0x08006bd6      0x232 build/usbd_ctlreq.o
                0x08006bd6                USBD_StdEPReq
 .text.USBD_GetString
                0x08006e08       0x46 build/usbd_ctlreq.o
                0x08006e08                USBD_GetString
 .text.USBD_CtlSendData
                0x08006e4e       0x1c build/usbd_ioreq.o
                0x08006e4e                USBD_CtlSendData
 .text.USBD_CtlContinueSendData
                0x08006e6a       0x10 build/usbd_ioreq.o
                0x08006e6a                USBD_CtlContinueSendData
 .text.USBD_CtlPrepareRx
                0x08006e7a       0x22 build/usbd_ioreq.o
                0x08006e7a                USBD_CtlPrepareRx
 .text.USBD_CtlContinueRx
                0x08006e9c       0x10 build/usbd_ioreq.o
                0x08006e9c                USBD_CtlContinueRx
 .text.USBD_CtlSendStatus
                0x08006eac       0x16 build/usbd_ioreq.o
                0x08006eac                USBD_CtlSendStatus
 .text.USBD_CtlReceiveStatus
                0x08006ec2       0x16 build/usbd_ioreq.o
                0x08006ec2                USBD_CtlReceiveStatus
 .text.USBD_CDC_EP0_RxReady
                0x08006ed8       0x40 build/usbd_cdc.o
 .text.USBD_CDC_GetDeviceQualifierDescriptor
                0x08006f18        0xc build/usbd_cdc.o
                0x08006f18                USBD_CDC_GetDeviceQualifierDescriptor
 .text.USBD_CDC_GetOtherSpeedCfgDesc
                0x08006f24       0x48 build/usbd_cdc.o
 .text.USBD_CDC_GetFSCfgDesc
                0x08006f6c       0x48 build/usbd_cdc.o
 .text.USBD_CDC_GetHSCfgDesc
                0x08006fb4       0x48 build/usbd_cdc.o
 .text.USBD_CDC_DataOut
                0x08006ffc       0x38 build/usbd_cdc.o
 .text.USBD_CDC_DataIn
                0x08007034       0x7c build/usbd_cdc.o
 .text.USBD_CDC_Setup
                0x080070b0      0x11a build/usbd_cdc.o
 .text.USBD_CDC_DeInit
                0x080071ca       0x64 build/usbd_cdc.o
 .text.USBD_CDC_Init
                0x0800722e       0xee build/usbd_cdc.o
 .text.USBD_CDC_RegisterInterface
                0x0800731c       0x16 build/usbd_cdc.o
                0x0800731c                USBD_CDC_RegisterInterface
 .text.USBD_CDC_SetTxBuffer
                0x08007332       0x1c build/usbd_cdc.o
                0x08007332                USBD_CDC_SetTxBuffer
 .text.USBD_CDC_SetRxBuffer
                0x0800734e       0x18 build/usbd_cdc.o
                0x0800734e                USBD_CDC_SetRxBuffer
 .text.USBD_CDC_TransmitPacket
                0x08007366       0x36 build/usbd_cdc.o
                0x08007366                USBD_CDC_TransmitPacket
 .text.USBD_CDC_ReceivePacket
                0x0800739c       0x38 build/usbd_cdc.o
                0x0800739c                USBD_CDC_ReceivePacket
 .text.Reset_Handler
                0x080073d4       0x50 build/startup_stm32f446xx.o
                0x080073d4                Reset_Handler
 .text.Default_Handler
                0x08007424        0x2 build/startup_stm32f446xx.o
                0x08007424                RTC_Alarm_IRQHandler
                0x08007424                EXTI2_IRQHandler
                0x08007424                TIM8_CC_IRQHandler
                0x08007424                FMPI2C1_EV_IRQHandler
                0x08007424                SPI4_IRQHandler
                0x08007424                TIM1_CC_IRQHandler
                0x08007424                DMA2_Stream5_IRQHandler
                0x08007424                DMA1_Stream5_IRQHandler
                0x08007424                PVD_IRQHandler
                0x08007424                SDIO_IRQHandler
                0x08007424                TAMP_STAMP_IRQHandler
                0x08007424                CAN2_RX1_IRQHandler
                0x08007424                EXTI3_IRQHandler
                0x08007424                TIM8_TRG_COM_TIM14_IRQHandler
                0x08007424                TIM1_UP_TIM10_IRQHandler
                0x08007424                TIM8_UP_TIM13_IRQHandler
                0x08007424                I2C3_ER_IRQHandler
                0x08007424                EXTI0_IRQHandler
                0x08007424                I2C2_EV_IRQHandler
                0x08007424                DMA1_Stream2_IRQHandler
                0x08007424                CAN1_RX0_IRQHandler
                0x08007424                FPU_IRQHandler
                0x08007424                OTG_HS_WKUP_IRQHandler
                0x08007424                CAN2_SCE_IRQHandler
                0x08007424                DMA2_Stream2_IRQHandler
                0x08007424                SPI1_IRQHandler
                0x08007424                TIM6_DAC_IRQHandler
                0x08007424                TIM1_BRK_TIM9_IRQHandler
                0x08007424                DCMI_IRQHandler
                0x08007424                CAN2_RX0_IRQHandler
                0x08007424                DMA2_Stream3_IRQHandler
                0x08007424                SAI2_IRQHandler
                0x08007424                USART6_IRQHandler
                0x08007424                USART3_IRQHandler
                0x08007424                CAN1_RX1_IRQHandler
                0x08007424                UART5_IRQHandler
                0x08007424                TIM4_IRQHandler
                0x08007424                QUADSPI_IRQHandler
                0x08007424                I2C1_EV_IRQHandler
                0x08007424                DMA1_Stream6_IRQHandler
                0x08007424                DMA1_Stream1_IRQHandler
                0x08007424                UART4_IRQHandler
                0x08007424                TIM3_IRQHandler
                0x08007424                RCC_IRQHandler
                0x08007424                TIM8_BRK_TIM12_IRQHandler
                0x08007424                Default_Handler
                0x08007424                CEC_IRQHandler
                0x08007424                EXTI15_10_IRQHandler
                0x08007424                ADC_IRQHandler
                0x08007424                DMA1_Stream7_IRQHandler
                0x08007424                TIM7_IRQHandler
                0x08007424                CAN2_TX_IRQHandler
                0x08007424                TIM5_IRQHandler
                0x08007424                DMA2_Stream7_IRQHandler
                0x08007424                I2C3_EV_IRQHandler
                0x08007424                EXTI9_5_IRQHandler
                0x08007424                RTC_WKUP_IRQHandler
                0x08007424                SPDIF_RX_IRQHandler
                0x08007424                SPI2_IRQHandler
                0x08007424                OTG_HS_EP1_IN_IRQHandler
                0x08007424                DMA1_Stream0_IRQHandler
                0x08007424                CAN1_TX_IRQHandler
                0x08007424                FMPI2C1_ER_IRQHandler
                0x08007424                EXTI4_IRQHandler
                0x08007424                OTG_HS_EP1_OUT_IRQHandler
                0x08007424                WWDG_IRQHandler
                0x08007424                TIM2_IRQHandler
                0x08007424                OTG_FS_WKUP_IRQHandler
                0x08007424                TIM1_TRG_COM_TIM11_IRQHandler
                0x08007424                OTG_HS_IRQHandler
                0x08007424                EXTI1_IRQHandler
                0x08007424                USART2_IRQHandler
                0x08007424                I2C2_ER_IRQHandler
                0x08007424                DMA2_Stream1_IRQHandler
                0x08007424                CAN1_SCE_IRQHandler
                0x08007424                FLASH_IRQHandler
                0x08007424                DMA2_Stream4_IRQHandler
                0x08007424                USART1_IRQHandler
                0x08007424                SPI3_IRQHandler
                0x08007424                DMA1_Stream4_IRQHandler
                0x08007424                I2C1_ER_IRQHandler
                0x08007424                FMC_IRQHandler
                0x08007424                DMA2_Stream6_IRQHandler
                0x08007424                SAI1_IRQHandler
                0x08007424                DMA1_Stream3_IRQHandler
 .text.__cvt    0x08007426       0xca /opt/st/stm32cubeclt_1.20.0/GNU-tools-for-STM32/bin/../lib/gcc/arm-none-eabi/13.3.1/../../../../arm-none-eabi/lib/thumb/v7e-m+fp/hard/libc_nano.a(libc_a-nano-vfprintf_float.o)
                0x08007426                __cvt
 .text.__exponent
                0x080074f0       0x74 /opt/st/stm32cubeclt_1.20.0/GNU-tools-for-STM32/bin/../lib/gcc/arm-none-eabi/13.3.1/../../../../arm-none-eabi/lib/thumb/v7e-m+fp/hard/libc_nano.a(libc_a-nano-vfprintf_float.o)
                0x080074f0                __exponent
 .text._printf_float
                0x08007564      0x454 /opt/st/stm32cubeclt_1.20.0/GNU-tools-for-STM32/bin/../lib/gcc/arm-none-eabi/13.3.1/../../../../arm-none-eabi/lib/thumb/v7e-m+fp/hard/libc_nano.a(libc_a-nano-vfprintf_float.o)
                0x08007564                _printf_float
 .text._printf_common
                0x080079b8       0xda /opt/st/stm32cubeclt_1.20.0/GNU-tools-for-STM32/bin/../lib/gcc/arm-none-eabi/13.3.1/../../../../arm-none-eabi/lib/thumb/v7e-m+fp/hard/libc_nano.a(libc_a-nano-vfprintf_i.o)
                0x080079b8                _printf_common
 *fill*         0x08007a92        0x2 
 .text._printf_i
                0x08007a94      0x23c /opt/st/stm32cubeclt_1.20.0/GNU-tools-for-STM32/bin/../lib/gcc/arm-none-eabi/13.3.1/../../../../arm-none-eabi/lib/thumb/v7e-m+fp/hard/libc_nano.a(libc_a-nano-vfprintf_i.o)
                0x08007a94                _printf_i
 .text.std      0x08007cd0       0x6c /opt/st/stm32cubeclt_1.20.0/GNU-tools-for-STM32/bin/../lib/gcc/arm-none-eabi/13.3.1/../../../../arm-none-eabi/lib/thumb/v7e-m+fp/hard/libc_nano.a(libc_a-findfp.o)
 .text.stdio_exit_handler
                0x08007d3c       0x18 /opt/st/stm32cubeclt_1.20.0/GNU-tools-for-STM32/bin/../lib/gcc/arm-none-eabi/13.3.1/../../../../arm-none-eabi/lib/thumb/v7e-m+fp/hard/libc_nano.a(libc_a-findfp.o)
 .text.cleanup_stdio
                0x08007d54       0x40 /opt/st/stm32cubeclt_1.20.0/GNU-tools-for-STM32/bin/../lib/gcc/arm-none-eabi/13.3.1/../../../../arm-none-eabi/lib/thumb/v7e-m+fp/hard/libc_nano.a(libc_a-findfp.o)
 .text.global_stdio_init.part.0
                0x08007d94       0x3c /opt/st/stm32cubeclt_1.20.0/GNU-tools-for-STM32/bin/../lib/gcc/arm-none-eabi/13.3.1/../../../../arm-none-eabi/lib/thumb/v7e-m+fp/hard/libc_nano.a(libc_a-findfp.o)
 .text.__sfp_lock_acquire
                0x08007dd0        0xc /opt/st/stm32cubeclt_1.20.0/GNU-tools-for-STM32/bin/../lib/gcc/arm-none-eabi/13.3.1/../../../../arm-none-eabi/lib/thumb/v7e-m+fp/hard/libc_nano.a(libc_a-findfp.o)
                0x08007dd0                __sfp_lock_acquire
 .text.__sfp_lock_release
                0x08007ddc        0xc /opt/st/stm32cubeclt_1.20.0/GNU-tools-for-STM32/bin/../lib/gcc/arm-none-eabi/13.3.1/../../../../arm-none-eabi/lib/thumb/v7e-m+fp/hard/libc_nano.a(libc_a-findfp.o)
                0x08007ddc                __sfp_lock_release
 .text.__sinit  0x08007de8       0x30 /opt/st/stm32cubeclt_1.20.0/GNU-tools-for-STM32/bin/../lib/gcc/arm-none-eabi/13.3.1/../../../../arm-none-eabi/lib/thumb/v7e-m+fp/hard/libc_nano.a(libc_a-findfp.o)
                0x08007de8                __sinit
 .text._fwalk_sglue
                0x08007e18       0x3c /opt/st/stm32cubeclt_1.20.0/GNU-tools-for-STM32/bin/../lib/gcc/arm-none-eabi/13.3.1/../../../../arm-none-eabi/lib/thumb/v7e-m+fp/hard/libc_nano.a(libc_a-fwalk.o)
                0x08007e18                _fwalk_sglue
 .text.snprintf
                0x08007e54       0x6c /opt/st/stm32cubeclt_1.20.0/GNU-tools-for-STM32/bin/../lib/gcc/arm-none-eabi/13.3.1/../../../../arm-none-eabi/lib/thumb/v7e-m+fp/hard/libc_nano.a(libc_a-snprintf.o)
                0x08007e54                snprintf
                0x08007e54                sniprintf
 .text.__sread  0x08007ec0       0x22 /opt/st/stm32cubeclt_1.20.0/GNU-tools-for-STM32/bin/../lib/gcc/arm-none-eabi/13.3.1/../../../../arm-none-eabi/lib/thumb/v7e-m+fp/hard/libc_nano.a(libc_a-stdio.o)
                0x08007ec0                __sread
 .text.__swrite
                0x08007ee2       0x38 /opt/st/stm32cubeclt_1.20.0/GNU-tools-for-STM32/bin/../lib/gcc/arm-none-eabi/13.3.1/../../../../arm-none-eabi/lib/thumb/v7e-m+fp/hard/libc_nano.a(libc_a-stdio.o)
                0x08007ee2                __swrite
 .text.__sseek  0x08007f1a       0x24 /opt/st/stm32cubeclt_1.20.0/GNU-tools-for-STM32/bin/../lib/gcc/arm-none-eabi/13.3.1/../../../../arm-none-eabi/lib/thumb/v7e-m+fp/hard/libc_nano.a(libc_a-stdio.o)
                0x08007f1a                __sseek
 .text.__sclose
                0x08007f3e        0x8 /opt/st/stm32cubeclt_1.20.0/GNU-tools-for-STM32/bin/../lib/gcc/arm-none-eabi/13.3.1/../../../../arm-none-eabi/lib/thumb/v7e-m+fp/hard/libc_nano.a(libc_a-stdio.o)
                0x08007f3e                __sclose
 .text.memset   0x08007f46       0x10 /opt/st/stm32cubeclt_1.20.0/GNU-tools-for-STM32/bin/../lib/gcc/arm-none-eabi/13.3.1/../../../../arm-none-eabi/lib/thumb/v7e-m+fp/hard/libc_nano.a(libc_a-memset.o)
                0x08007f46                memset
 *fill*         0x08007f56        0x2 
 .text._localeconv_r
                0x08007f58        0x8 /opt/st/stm32cubeclt_1.20.0/GNU-tools-for-STM32/bin/../lib/gcc/arm-none-eabi/13.3.1/../../../../arm-none-eabi/lib/thumb/v7e-m+fp/hard/libc_nano.a(libc_a-localeconv.o)
                0x08007f58                _localeconv_r
 .text._close_r
                0x08007f60       0x20 /opt/st/stm32cubeclt_1.20.0/GNU-tools-for-STM32/bin/../lib/gcc/arm-none-eabi/13.3.1/../../../../arm-none-eabi/lib/thumb/v7e-m+fp/hard/libc_nano.a(libc_a-closer.o)
                0x08007f60                _close_r
 .text._lseek_r
                0x08007f80       0x24 /opt/st/stm32cubeclt_1.20.0/GNU-tools-for-STM32/bin/../lib/gcc/arm-none-eabi/13.3.1/../../../../arm-none-eabi/lib/thumb/v7e-m+fp/hard/libc_nano.a(libc_a-lseekr.o)
                0x08007f80                _lseek_r
 .text._read_r  0x08007fa4       0x24 /opt/st/stm32cubeclt_1.20.0/GNU-tools-for-STM32/bin/../lib/gcc/arm-none-eabi/13.3.1/../../../../arm-none-eabi/lib/thumb/v7e-m+fp/hard/libc_nano.a(libc_a-readr.o)
                0x08007fa4                _read_r
 .text._write_r
                0x08007fc8       0x24 /opt/st/stm32cubeclt_1.20.0/GNU-tools-for-STM32/bin/../lib/gcc/arm-none-eabi/13.3.1/../../../../arm-none-eabi/lib/thumb/v7e-m+fp/hard/libc_nano.a(libc_a-writer.o)
                0x08007fc8                _write_r
 .text.__errno  0x08007fec        0xc /opt/st/stm32cubeclt_1.20.0/GNU-tools-for-STM32/bin/../lib/gcc/arm-none-eabi/13.3.1/../../../../arm-none-eabi/lib/thumb/v7e-m+fp/hard/libc_nano.a(libc_a-errno.o)
                0x08007fec                __errno
 .text.__libc_init_array
                0x08007ff8       0x48 /opt/st/stm32cubeclt_1.20.0/GNU-tools-for-STM32/bin/../lib/gcc/arm-none-eabi/13.3.1/../../../../arm-none-eabi/lib/thumb/v7e-m+fp/hard/libc_nano.a(libc_a-init.o)
                0x08007ff8                __libc_init_array
 .text.__retarget_lock_init_recursive
                0x08008040        0x2 /opt/st/stm32cubeclt_1.20.0/GNU-tools-for-STM32/bin/../lib/gcc/arm-none-eabi/13.3.1/../../../../arm-none-eabi/lib/thumb/v7e-m+fp/hard/libc_nano.a(libc_a-lock.o)
                0x08008040                __retarget_lock_init_recursive
 .text.__retarget_lock_acquire_recursive
                0x08008042        0x2 /opt/st/stm32cubeclt_1.20.0/GNU-tools-for-STM32/bin/../lib/gcc/arm-none-eabi/13.3.1/../../../../arm-none-eabi/lib/thumb/v7e-m+fp/hard/libc_nano.a(libc_a-lock.o)
                0x08008042                __retarget_lock_acquire_recursive
 .text.__retarget_lock_release_recursive
                0x08008044        0x2 /opt/st/stm32cubeclt_1.20.0/GNU-tools-for-STM32/bin/../lib/gcc/arm-none-eabi/13.3.1/../../../../arm-none-eabi/lib/thumb/v7e-m+fp/hard/libc_nano.a(libc_a-lock.o)
                0x08008044                __retarget_lock_release_recursive
 .text.quorem   0x08008046      0x110 /opt/st/stm32cubeclt_1.20.0/GNU-tools-for-STM32/bin/../lib/gcc/arm-none-eabi/13.3.1/../../../../arm-none-eabi/lib/thumb/v7e-m+fp/hard/libc_nano.a(libc_a-dtoa.o)
 *fill*         0x08008156        0x2 
 .text._dtoa_r  0x08008158      0xba0 /opt/st/stm32cubeclt_1.20.0/GNU-tools-for-STM32/bin/../lib/gcc/arm-none-eabi/13.3.1/../../../../arm-none-eabi/lib/thumb/v7e-m+fp/hard/libc_nano.a(libc_a-dtoa.o)
                0x08008158                _dtoa_r
 .text._free_r  0x08008cf8       0x94 /opt/st/stm32cubeclt_1.20.0/GNU-tools-for-STM32/bin/../lib/gcc/arm-none-eabi/13.3.1/../../../../arm-none-eabi/lib/thumb/v7e-m+fp/hard/libc_nano.a(libc_a-freer.o)
                0x08008cf8                _free_r
 .text.malloc   0x08008d8c       0x10 /opt/st/stm32cubeclt_1.20.0/GNU-tools-for-STM32/bin/../lib/gcc/arm-none-eabi/13.3.1/../../../../arm-none-eabi/lib/thumb/v7e-m+fp/hard/libc_nano.a(libc_a-malloc.o)
                0x08008d8c                malloc
 .text.sbrk_aligned
                0x08008d9c       0x44 /opt/st/stm32cubeclt_1.20.0/GNU-tools-for-STM32/bin/../lib/gcc/arm-none-eabi/13.3.1/../../../../arm-none-eabi/lib/thumb/v7e-m+fp/hard/libc_nano.a(libc_a-mallocr.o)
 .text._malloc_r
                0x08008de0      0x100 /opt/st/stm32cubeclt_1.20.0/GNU-tools-for-STM32/bin/../lib/gcc/arm-none-eabi/13.3.1/../../../../arm-none-eabi/lib/thumb/v7e-m+fp/hard/libc_nano.a(libc_a-mallocr.o)
                0x08008de0                _malloc_r
 .text.__malloc_lock
                0x08008ee0        0xc /opt/st/stm32cubeclt_1.20.0/GNU-tools-for-STM32/bin/../lib/gcc/arm-none-eabi/13.3.1/../../../../arm-none-eabi/lib/thumb/v7e-m+fp/hard/libc_nano.a(libc_a-mlock.o)
                0x08008ee0                __malloc_lock
 .text.__malloc_unlock
                0x08008eec        0xc /opt/st/stm32cubeclt_1.20.0/GNU-tools-for-STM32/bin/../lib/gcc/arm-none-eabi/13.3.1/../../../../arm-none-eabi/lib/thumb/v7e-m+fp/hard/libc_nano.a(libc_a-mlock.o)
                0x08008eec                __malloc_unlock
 .text._Balloc  0x08008ef8       0x80 /opt/st/stm32cubeclt_1.20.0/GNU-tools-for-STM32/bin/../lib/gcc/arm-none-eabi/13.3.1/../../../../arm-none-eabi/lib/thumb/v7e-m+fp/hard/libc_nano.a(libc_a-mprec.o)
                0x08008ef8                _Balloc
 .text._Bfree   0x08008f78       0x44 /opt/st/stm32cubeclt_1.20.0/GNU-tools-for-STM32/bin/../lib/gcc/arm-none-eabi/13.3.1/../../../../arm-none-eabi/lib/thumb/v7e-m+fp/hard/libc_nano.a(libc_a-mprec.o)
                0x08008f78                _Bfree
 .text.__multadd
                0x08008fbc       0x8c /opt/st/stm32cubeclt_1.20.0/GNU-tools-for-STM32/bin/../lib/gcc/arm-none-eabi/13.3.1/../../../../arm-none-eabi/lib/thumb/v7e-m+fp/hard/libc_nano.a(libc_a-mprec.o)
                0x08008fbc                __multadd
 .text.__hi0bits
                0x08009048       0x3e /opt/st/stm32cubeclt_1.20.0/GNU-tools-for-STM32/bin/../lib/gcc/arm-none-eabi/13.3.1/../../../../arm-none-eabi/lib/thumb/v7e-m+fp/hard/libc_nano.a(libc_a-mprec.o)
                0x08009048                __hi0bits
 .text.__lo0bits
                0x08009086       0x5a /opt/st/stm32cubeclt_1.20.0/GNU-tools-for-STM32/bin/../lib/gcc/arm-none-eabi/13.3.1/../../../../arm-none-eabi/lib/thumb/v7e-m+fp/hard/libc_nano.a(libc_a-mprec.o)
                0x08009086                __lo0bits
 .text.__i2b    0x080090e0       0x2c /opt/st/stm32cubeclt_1.20.0/GNU-tools-for-STM32/bin/../lib/gcc/arm-none-eabi/13.3.1/../../../../arm-none-eabi/lib/thumb/v7e-m+fp/hard/libc_nano.a(libc_a-mprec.o)
                0x080090e0                __i2b
 .text.__multiply
                0x0800910c      0x144 /opt/st/stm32cubeclt_1.20.0/GNU-tools-for-STM32/bin/../lib/gcc/arm-none-eabi/13.3.1/../../../../arm-none-eabi/lib/thumb/v7e-m+fp/hard/libc_nano.a(libc_a-mprec.o)
                0x0800910c                __multiply
 .text.__pow5mult
                0x08009250       0xb4 /opt/st/stm32cubeclt_1.20.0/GNU-tools-for-STM32/bin/../lib/gcc/arm-none-eabi/13.3.1/../../../../arm-none-eabi/lib/thumb/v7e-m+fp/hard/libc_nano.a(libc_a-mprec.o)
                0x08009250                __pow5mult
 .text.__lshift
                0x08009304       0xd8 /opt/st/stm32cubeclt_1.20.0/GNU-tools-for-STM32/bin/../lib/gcc/arm-none-eabi/13.3.1/../../../../arm-none-eabi/lib/thumb/v7e-m+fp/hard/libc_nano.a(libc_a-mprec.o)
                0x08009304                __lshift
 .text.__mcmp   0x080093dc       0x36 /opt/st/stm32cubeclt_1.20.0/GNU-tools-for-STM32/bin/../lib/gcc/arm-none-eabi/13.3.1/../../../../arm-none-eabi/lib/thumb/v7e-m+fp/hard/libc_nano.a(libc_a-mprec.o)
                0x080093dc                __mcmp
 *fill*         0x08009412        0x2 
 .text.__mdiff  0x08009414      0x128 /opt/st/stm32cubeclt_1.20.0/GNU-tools-for-STM32/bin/../lib/gcc/arm-none-eabi/13.3.1/../../../../arm-none-eabi/lib/thumb/v7e-m+fp/hard/libc_nano.a(libc_a-mprec.o)
                0x08009414                __mdiff
 .text.__d2b    0x0800953c       0xb0 /opt/st/stm32cubeclt_1.20.0/GNU-tools-for-STM32/bin/../lib/gcc/arm-none-eabi/13.3.1/../../../../arm-none-eabi/lib/thumb/v7e-m+fp/hard/libc_nano.a(libc_a-mprec.o)
                0x0800953c                __d2b
 .text.__ssputs_r
                0x080095ec       0xb6 /opt/st/stm32cubeclt_1.20.0/GNU-tools-for-STM32/bin/../lib/gcc/arm-none-eabi/13.3.1/../../../../arm-none-eabi/lib/thumb/v7e-m+fp/hard/libc_nano.a(libc_a-nano-svfprintf.o)
                0x080095ec                __ssputs_r
 *fill*         0x080096a2        0x2 
 .text._svfprintf_r
                0x080096a4      0x1f8 /opt/st/stm32cubeclt_1.20.0/GNU-tools-for-STM32/bin/../lib/gcc/arm-none-eabi/13.3.1/../../../../arm-none-eabi/lib/thumb/v7e-m+fp/hard/libc_nano.a(libc_a-nano-svfprintf.o)
                0x080096a4                _svfprintf_r
                0x080096a4                _svfiprintf_r
 .text.__sflush_r
                0x0800989c      0x108 /opt/st/stm32cubeclt_1.20.0/GNU-tools-for-STM32/bin/../lib/gcc/arm-none-eabi/13.3.1/../../../../arm-none-eabi/lib/thumb/v7e-m+fp/hard/libc_nano.a(libc_a-fflush.o)
                0x0800989c                __sflush_r
 .text._fflush_r
                0x080099a4       0x50 /opt/st/stm32cubeclt_1.20.0/GNU-tools-for-STM32/bin/../lib/gcc/arm-none-eabi/13.3.1/../../../../arm-none-eabi/lib/thumb/v7e-m+fp/hard/libc_nano.a(libc_a-fflush.o)
                0x080099a4                _fflush_r
 .text.memmove  0x080099f4       0x34 /opt/st/stm32cubeclt_1.20.0/GNU-tools-for-STM32/bin/../lib/gcc/arm-none-eabi/13.3.1/../../../../arm-none-eabi/lib/thumb/v7e-m+fp/hard/libc_nano.a(libc_a-memmove.o)
                0x080099f4                memmove
 .text._sbrk_r  0x08009a28       0x20 /opt/st/stm32cubeclt_1.20.0/GNU-tools-for-STM32/bin/../lib/gcc/arm-none-eabi/13.3.1/../../../../arm-none-eabi/lib/thumb/v7e-m+fp/hard/libc_nano.a(libc_a-sbrkr.o)
                0x08009a28                _sbrk_r
 .text.memcpy   0x08009a48       0x1c /opt/st/stm32cubeclt_1.20.0/GNU-tools-for-STM32/bin/../lib/gcc/arm-none-eabi/13.3.1/../../../../arm-none-eabi/lib/thumb/v7e-m+fp/hard/libc_nano.a(libc_a-memcpy-stub.o)
                0x08009a48                memcpy
 .text.__assert_func
                0x08009a64       0x3c /opt/st/stm32cubeclt_1.20.0/GNU-tools-for-STM32/bin/../lib/gcc/arm-none-eabi/13.3.1/../../../../arm-none-eabi/lib/thumb/v7e-m+fp/hard/libc_nano.a(libc_a-assert.o)
                0x08009a64                __assert_func
 .text._calloc_r
                0x08009aa0       0x28 /opt/st/stm32cubeclt_1.20.0/GNU-tools-for-STM32/bin/../lib/gcc/arm-none-eabi/13.3.1/../../../../arm-none-eabi/lib/thumb/v7e-m+fp/hard/libc_nano.a(libc_a-callocr.o)
                0x08009aa0                _calloc_r
 .text.__ascii_mbtowc
                0x08009ac8       0x24 /opt/st/stm32cubeclt_1.20.0/GNU-tools-for-STM32/bin/../lib/gcc/arm-none-eabi/13.3.1/../../../../arm-none-eabi/lib/thumb/v7e-m+fp/hard/libc_nano.a(libc_a-mbtowc_r.o)
                0x08009ac8                __ascii_mbtowc
 .text._realloc_r
                0x08009aec       0x5c /opt/st/stm32cubeclt_1.20.0/GNU-tools-for-STM32/bin/../lib/gcc/arm-none-eabi/13.3.1/../../../../arm-none-eabi/lib/thumb/v7e-m+fp/hard/libc_nano.a(libc_a-reallocr.o)
                0x08009aec                _realloc_r
 .text.__ascii_wctomb
                0x08009b48       0x1a /opt/st/stm32cubeclt_1.20.0/GNU-tools-for-STM32/bin/../lib/gcc/arm-none-eabi/13.3.1/../../../../arm-none-eabi/lib/thumb/v7e-m+fp/hard/libc_nano.a(libc_a-wctomb_r.o)
                0x08009b48                __ascii_wctomb
 *fill*         0x08009b62        0x2 
 .text.fprintf  0x08009b64       0x24 /opt/st/stm32cubeclt_1.20.0/GNU-tools-for-STM32/bin/../lib/gcc/arm-none-eabi/13.3.1/../../../../arm-none-eabi/lib/thumb/v7e-m+fp/hard/libc_nano.a(libc_a-fprintf.o)
                0x08009b64                fprintf
                0x08009b64                fiprintf
 .text.abort    0x08009b88        0xe /opt/st/stm32cubeclt_1.20.0/GNU-tools-for-STM32/bin/../lib/gcc/arm-none-eabi/13.3.1/../../../../arm-none-eabi/lib/thumb/v7e-m+fp/hard/libc_nano.a(libc_a-abort.o)
                0x08009b88                abort
 .text._malloc_usable_size_r
                0x08009b96       0x10 /opt/st/stm32cubeclt_1.20.0/GNU-tools-for-STM32/bin/../lib/gcc/arm-none-eabi/13.3.1/../../../../arm-none-eabi/lib/thumb/v7e-m+fp/hard/libc_nano.a(libc_a-msizer.o)
                0x08009b96                _malloc_usable_size_r
 .text.__sfputc_r
                0x08009ba6       0x2e /opt/st/stm32cubeclt_1.20.0/GNU-tools-for-STM32/bin/../lib/gcc/arm-none-eabi/13.3.1/../../../../arm-none-eabi/lib/thumb/v7e-m+fp/hard/libc_nano.a(libc_a-nano-vfprintf.o)
 .text.__sfputs_r
                0x08009bd4       0x24 /opt/st/stm32cubeclt_1.20.0/GNU-tools-for-STM32/bin/../lib/gcc/arm-none-eabi/13.3.1/../../../../arm-none-eabi/lib/thumb/v7e-m+fp/hard/libc_nano.a(libc_a-nano-vfprintf.o)
                0x08009bd4                __sfputs_r
 .text._vfprintf_r
                0x08009bf8      0x230 /opt/st/stm32cubeclt_1.20.0/GNU-tools-for-STM32/bin/../lib/gcc/arm-none-eabi/13.3.1/../../../../arm-none-eabi/lib/thumb/v7e-m+fp/hard/libc_nano.a(libc_a-nano-vfprintf.o)
                0x08009bf8                _vfiprintf_r
                0x08009bf8                _vfprintf_r
 .text.__swbuf_r
                0x08009e28       0x7c /opt/st/stm32cubeclt_1.20.0/GNU-tools-for-STM32/bin/../lib/gcc/arm-none-eabi/13.3.1/../../../../arm-none-eabi/lib/thumb/v7e-m+fp/hard/libc_nano.a(libc_a-wbuf.o)
                0x08009e28                __swbuf_r
 .text.__swsetup_r
                0x08009ea4       0xac /opt/st/stm32cubeclt_1.20.0/GNU-tools-for-STM32/bin/../lib/gcc/arm-none-eabi/13.3.1/../../../../arm-none-eabi/lib/thumb/v7e-m+fp/hard/libc_nano.a(libc_a-wsetup.o)
                0x08009ea4                __swsetup_r
 .text._raise_r
                0x08009f50       0x50 /opt/st/stm32cubeclt_1.20.0/GNU-tools-for-STM32/bin/../lib/gcc/arm-none-eabi/13.3.1/../../../../arm-none-eabi/lib/thumb/v7e-m+fp/hard/libc_nano.a(libc_a-signal.o)
                0x08009f50                _raise_r
 .text.raise    0x08009fa0       0x10 /opt/st/stm32cubeclt_1.20.0/GNU-tools-for-STM32/bin/../lib/gcc/arm-none-eabi/13.3.1/../../../../arm-none-eabi/lib/thumb/v7e-m+fp/hard/libc_nano.a(libc_a-signal.o)
                0x08009fa0                raise
 .text._kill_r  0x08009fb0       0x24 /opt/st/stm32cubeclt_1.20.0/GNU-tools-for-STM32/bin/../lib/gcc/arm-none-eabi/13.3.1/../../../../arm-none-eabi/lib/thumb/v7e-m+fp/hard/libc_nano.a(libc_a-signalr.o)
                0x08009fb0                _kill_r
 .text._getpid_r
                0x08009fd4        0x4 /opt/st/stm32cubeclt_1.20.0/GNU-tools-for-STM32/bin/../lib/gcc/arm-none-eabi/13.3.1/../../../../arm-none-eabi/lib/thumb/v7e-m+fp/hard/libc_nano.a(libc_a-signalr.o)
                0x08009fd4                _getpid_r
 .text.__swhatbuf_r
                0x08009fd8       0x4c /opt/st/stm32cubeclt_1.20.0/GNU-tools-for-STM32/bin/../lib/gcc/arm-none-eabi/13.3.1/../../../../arm-none-eabi/lib/thumb/v7e-m+fp/hard/libc_nano.a(libc_a-makebuf.o)
                0x08009fd8                __swhatbuf_r
 .text.__smakebuf_r
                0x0800a024       0x78 /opt/st/stm32cubeclt_1.20.0/GNU-tools-for-STM32/bin/../lib/gcc/arm-none-eabi/13.3.1/../../../../arm-none-eabi/lib/thumb/v7e-m+fp/hard/libc_nano.a(libc_a-makebuf.o)
                0x0800a024                __smakebuf_r
 .text._fstat_r
                0x0800a09c       0x24 /opt/st/stm32cubeclt_1.20.0/GNU-tools-for-STM32/bin/../lib/gcc/arm-none-eabi/13.3.1/../../../../arm-none-eabi/lib/thumb/v7e-m+fp/hard/libc_nano.a(libc_a-fstatr.o)
                0x0800a09c                _fstat_r
 .text._isatty_r
                0x0800a0c0       0x20 /opt/st/stm32cubeclt_1.20.0/GNU-tools-for-STM32/bin/../lib/gcc/arm-none-eabi/13.3.1/../../../../arm-none-eabi/lib/thumb/v7e-m+fp/hard/libc_nano.a(libc_a-isattyr.o)
                0x0800a0c0                _isatty_r
 *(.glue_7)
 .glue_7        0x0800a0e0        0x0 linker stubs
 *(.glue_7t)
 .glue_7t       0x0800a0e0        0x0 linker stubs
 *(.eh_frame)
 .eh_frame      0x0800a0e0        0x0 /opt/st/stm32cubeclt_1.20.0/GNU-tools-for-STM32/bin/../lib/gcc/arm-none-eabi/13.3.1/thumb/v7e-m+fp/hard/crtbegin.o
 *(.init)
 .init          0x0800a0e0        0x4 /opt/st/stm32cubeclt_1.20.0/GNU-tools-for-STM32/bin/../lib/gcc/arm-none-eabi/13.3.1/thumb/v7e-m+fp/hard/crti.o
                0x0800a0e0                _init
 .init          0x0800a0e4        0x8 /opt/st/stm32cubeclt_1.20.0/GNU-tools-for-STM32/bin/../lib/gcc/arm-none-eabi/13.3.1/thumb/v7e-m+fp/hard/crtn.o
 *(.fini)
 .fini          0x0800a0ec        0x4 /opt/st/stm32cubeclt_1.20.0/GNU-tools-for-STM32/bin/../lib/gcc/arm-none-eabi/13.3.1/thumb/v7e-m+fp/hard/crti.o
                0x0800a0ec                _fini
 .fini          0x0800a0f0        0x8 /opt/st/stm32cubeclt_1.20.0/GNU-tools-for-STM32/bin/../lib/gcc/arm-none-eabi/13.3.1/thumb/v7e-m+fp/hard/crtn.o
                0x0800a0f8                        . = ALIGN (0x4)
                0x0800a0f8                        _etext = .

.vfp11_veneer   0x0800a0f8        0x0
 .vfp11_veneer  0x0800a0f8        0x0 linker stubs

.v4_bx          0x0800a0f8        0x0
 .v4_bx         0x0800a0f8        0x0 linker stubs

.iplt           0x0800a0f8        0x0
 .iplt          0x0800a0f8        0x0 /opt/st/stm32cubeclt_1.20.0/GNU-tools-for-STM32/bin/../lib/gcc/arm-none-eabi/13.3.1/thumb/v7e-m+fp/hard/crtbegin.o

.rodata         0x0800a0f8      0x41c
                0x0800a0f8                        . = ALIGN (0x4)
 *(.rodata)
 *(.rodata*)
 .rodata.Data_Send.str1.4
                0x0800a0f8       0x82 build/main.o
                                 0x3c (size before relaxing)
 *fill*         0x0800a17a        0x2 
 .rodata.flagBitshiftOffset.0
                0x0800a17c        0x8 build/stm32f4xx_hal_dma.o
 .rodata.APBPrescTable
                0x0800a184        0x8 build/system_stm32f4xx.o
                0x0800a184                APBPrescTable
 .rodata.AHBPrescTable
                0x0800a18c       0x10 build/system_stm32f4xx.o
                0x0800a18c                AHBPrescTable
 .rodata.USBD_FS_ProductStrDescriptor.str1.4
                0x0800a19c        0x0 build/usbd_desc.o
                                 0x16 (size before relaxing)
 .rodata.USBD_FS_ManufacturerStrDescriptor.str1.4
                0x0800a19c        0x0 build/usbd_desc.o
                                 0x13 (size before relaxing)
 .rodata.USBD_FS_ConfigStrDescriptor.str1.4
                0x0800a19c        0x0 build/usbd_desc.o
                                  0xb (size before relaxing)
 .rodata.USBD_FS_InterfaceStrDescriptor.str1.4
                0x0800a19c        0x0 build/usbd_desc.o
                                  0xe (size before relaxing)
 .rodata._printf_float.str1.1
                0x0800a19c      0x171 /opt/st/stm32cubeclt_1.20.0/GNU-tools-for-STM32/bin/../lib/gcc/arm-none-eabi/13.3.1/../../../../arm-none-eabi/lib/thumb/v7e-m+fp/hard/libc_nano.a(libc_a-nano-vfprintf_float.o)
                                 0x12 (size before relaxing)
 .rodata._printf_i.str1.1
                0x0800a30d        0x0 /opt/st/stm32cubeclt_1.20.0/GNU-tools-for-STM32/bin/../lib/gcc/arm-none-eabi/13.3.1/../../../../arm-none-eabi/lib/thumb/v7e-m+fp/hard/libc_nano.a(libc_a-nano-vfprintf_i.o)
                                 0x22 (size before relaxing)
 .rodata._dtoa_r.str1.1
                0x0800a30d        0x0 /opt/st/stm32cubeclt_1.20.0/GNU-tools-for-STM32/bin/../lib/gcc/arm-none-eabi/13.3.1/../../../../arm-none-eabi/lib/thumb/v7e-m+fp/hard/libc_nano.a(libc_a-dtoa.o)
                                 0x8f (size before relaxing)
 .rodata._Balloc.str1.1
                0x0800a30d        0x0 /opt/st/stm32cubeclt_1.20.0/GNU-tools-for-STM32/bin/../lib/gcc/arm-none-eabi/13.3.1/../../../../arm-none-eabi/lib/thumb/v7e-m+fp/hard/libc_nano.a(libc_a-mprec.o)
                                 0x70 (size before relaxing)
 .rodata.__multadd.str1.1
                0x0800a30d        0x0 /opt/st/stm32cubeclt_1.20.0/GNU-tools-for-STM32/bin/../lib/gcc/arm-none-eabi/13.3.1/../../../../arm-none-eabi/lib/thumb/v7e-m+fp/hard/libc_nano.a(libc_a-mprec.o)
                                 0x11 (size before relaxing)
 *fill*         0x0800a30d        0x3 
 .rodata.p05.0  0x0800a310        0xc /opt/st/stm32cubeclt_1.20.0/GNU-tools-for-STM32/bin/../lib/gcc/arm-none-eabi/13.3.1/../../../../arm-none-eabi/lib/thumb/v7e-m+fp/hard/libc_nano.a(libc_a-mprec.o)
 *fill*         0x0800a31c        0x4 
 .rodata.__mprec_bigtens
                0x0800a320       0x28 /opt/st/stm32cubeclt_1.20.0/GNU-tools-for-STM32/bin/../lib/gcc/arm-none-eabi/13.3.1/../../../../arm-none-eabi/lib/thumb/v7e-m+fp/hard/libc_nano.a(libc_a-mprec.o)
                0x0800a320                __mprec_bigtens
 .rodata.__mprec_tens
                0x0800a348       0xc8 /opt/st/stm32cubeclt_1.20.0/GNU-tools-for-STM32/bin/../lib/gcc/arm-none-eabi/13.3.1/../../../../arm-none-eabi/lib/thumb/v7e-m+fp/hard/libc_nano.a(libc_a-mprec.o)
                0x0800a348                __mprec_tens
 .rodata._svfprintf_r.str1.1
                0x0800a410        0x0 /opt/st/stm32cubeclt_1.20.0/GNU-tools-for-STM32/bin/../lib/gcc/arm-none-eabi/13.3.1/../../../../arm-none-eabi/lib/thumb/v7e-m+fp/hard/libc_nano.a(libc_a-nano-svfprintf.o)
                                 0x11 (size before relaxing)
 .rodata._setlocale_r.str1.1
                0x0800a410        0x0 /opt/st/stm32cubeclt_1.20.0/GNU-tools-for-STM32/bin/../lib/gcc/arm-none-eabi/13.3.1/../../../../arm-none-eabi/lib/thumb/v7e-m+fp/hard/libc_nano.a(libc_a-locale.o)
                                  0x9 (size before relaxing)
 .rodata.str1.1
                0x0800a410        0x0 /opt/st/stm32cubeclt_1.20.0/GNU-tools-for-STM32/bin/../lib/gcc/arm-none-eabi/13.3.1/../../../../arm-none-eabi/lib/thumb/v7e-m+fp/hard/libc_nano.a(libc_a-locale.o)
                                  0x2 (size before relaxing)
 .rodata.__assert_func.str1.1
                0x0800a410        0x0 /opt/st/stm32cubeclt_1.20.0/GNU-tools-for-STM32/bin/../lib/gcc/arm-none-eabi/13.3.1/../../../../arm-none-eabi/lib/thumb/v7e-m+fp/hard/libc_nano.a(libc_a-assert.o)
                                 0x3d (size before relaxing)
 .rodata._ctype_
                0x0800a410      0x101 /opt/st/stm32cubeclt_1.20.0/GNU-tools-for-STM32/bin/../lib/gcc/arm-none-eabi/13.3.1/../../../../arm-none-eabi/lib/thumb/v7e-m+fp/hard/libc_nano.a(libc_a-ctype_.o)
                0x0800a410                _ctype_
 .rodata._vfprintf_r.str1.1
                0x0800a511        0x0 /opt/st/stm32cubeclt_1.20.0/GNU-tools-for-STM32/bin/../lib/gcc/arm-none-eabi/13.3.1/../../../../arm-none-eabi/lib/thumb/v7e-m+fp/hard/libc_nano.a(libc_a-nano-vfprintf.o)
                                 0x11 (size before relaxing)
                0x0800a514                        . = ALIGN (0x4)
 *fill*         0x0800a511        0x3 

.ARM.extab      0x0800a514        0x0
                0x0800a514                        . = ALIGN (0x4)
 *(.ARM.extab* .gnu.linkonce.armextab.*)
                0x0800a514                        . = ALIGN (0x4)

.ARM            0x0800a514        0x8
                0x0800a514                        . = ALIGN (0x4)
                0x0800a514                        __exidx_start = .
 *(.ARM.exidx*)
 .ARM.exidx     0x0800a514        0x8 /opt/st/stm32cubeclt_1.20.0/GNU-tools-for-STM32/bin/../lib/gcc/arm-none-eabi/13.3.1/../../../../arm-none-eabi/lib/thumb/v7e-m+fp/hard/libc_nano.a(libc_a-memchr.o)
 .ARM.exidx     0x0800a51c        0x0 /opt/st/stm32cubeclt_1.20.0/GNU-tools-for-STM32/bin/../lib/gcc/arm-none-eabi/13.3.1/../../../../arm-none-eabi/lib/thumb/v7e-m+fp/hard/libc_nano.a(libc_a-strlen.o)
                                  0x8 (size before relaxing)
 .ARM.exidx     0x0800a51c        0x0 /opt/st/stm32cubeclt_1.20.0/GNU-tools-for-STM32/bin/../lib/gcc/arm-none-eabi/13.3.1/thumb/v7e-m+fp/hard/libgcc.a(_udivmoddi4.o)
                                  0x8 (size before relaxing)
                0x0800a51c                        __exidx_end = .
                0x0800a51c                        . = ALIGN (0x4)

.preinit_array  0x0800a51c        0x0
                0x0800a51c                        . = ALIGN (0x4)
                0x0800a51c                        PROVIDE (__preinit_array_start = .)
 *(.preinit_array*)
                0x0800a51c                        PROVIDE (__preinit_array_end = .)
                0x0800a51c                        . = ALIGN (0x4)

.init_array     0x0800a51c        0x4
                0x0800a51c                        . = ALIGN (0x4)
                0x0800a51c                        PROVIDE (__init_array_start = .)
 *(SORT_BY_NAME(.init_array.*))
 *(.init_array*)
 .init_array    0x0800a51c        0x4 /opt/st/stm32cubeclt_1.20.0/GNU-tools-for-STM32/bin/../lib/gcc/arm-none-eabi/13.3.1/thumb/v7e-m+fp/hard/crtbegin.o
                0x0800a520                        PROVIDE (__init_array_end = .)
                0x0800a520                        . = ALIGN (0x4)

.fini_array     0x0800a520        0x4
                0x0800a520                        . = ALIGN (0x4)
                [!provide]                        PROVIDE (__fini_array_start = .)
 *(SORT_BY_NAME(.fini_array.*))
 *(.fini_array*)
 .fini_array    0x0800a520        0x4 /opt/st/stm32cubeclt_1.20.0/GNU-tools-for-STM32/bin/../lib/gcc/arm-none-eabi/13.3.1/thumb/v7e-m+fp/hard/crtbegin.o
                [!provide]                        PROVIDE (__fini_array_end = .)
                0x0800a524                        . = ALIGN (0x4)
                0x0800a524                        _sidata = LOADADDR (.data)

.rel.dyn        0x0800a524        0x0
 .rel.iplt      0x0800a524        0x0 /opt/st/stm32cubeclt_1.20.0/GNU-tools-for-STM32/bin/../lib/gcc/arm-none-eabi/13.3.1/thumb/v7e-m+fp/hard/crtbegin.o

.data           0x20000000      0x2d0 load address 0x0800a524
                0x20000000                        . = ALIGN (0x4)
                0x20000000                        _sdata = .
 *(.data)
 *(.data*)
 .data.uwTickFreq
                0x20000000        0x1 build/stm32f4xx_hal.o
                0x20000000                uwTickFreq
 *fill*         0x20000001        0x3 
 .data.uwTickPrio
                0x20000004        0x4 build/stm32f4xx_hal.o
                0x20000004                uwTickPrio
 .data.SystemCoreClock
                0x20000008        0x4 build/system_stm32f4xx.o
                0x20000008                SystemCoreClock
 .data.USBD_StringSerial
                0x2000000c       0x1a build/usbd_desc.o
                0x2000000c                USBD_StringSerial
 *fill*         0x20000026        0x2 
 .data.USBD_LangIDDesc
                0x20000028        0x4 build/usbd_desc.o
                0x20000028                USBD_LangIDDesc
 .data.USBD_FS_BOSDesc
                0x2000002c        0xc build/usbd_desc.o
                0x2000002c                USBD_FS_BOSDesc
 .data.USBD_FS_DeviceDesc
                0x20000038       0x12 build/usbd_desc.o
                0x20000038                USBD_FS_DeviceDesc
 *fill*         0x2000004a        0x2 
 .data.FS_Desc  0x2000004c       0x20 build/usbd_desc.o
                0x2000004c                FS_Desc
 .data.USBD_Interface_fops_FS
                0x2000006c       0x14 build/usbd_cdc_if.o
                0x2000006c                USBD_Interface_fops_FS
 .data.USBD_CDC_CfgDesc
                0x20000080       0x43 build/usbd_cdc.o
 *fill*         0x200000c3        0x1 
 .data.USBD_CDC
                0x200000c4       0x38 build/usbd_cdc.o
                0x200000c4                USBD_CDC
 .data.USBD_CDC_DeviceQualifierDesc
                0x200000fc        0xa build/usbd_cdc.o
 *fill*         0x20000106        0x2 
 .data.__sglue  0x20000108        0xc /opt/st/stm32cubeclt_1.20.0/GNU-tools-for-STM32/bin/../lib/gcc/arm-none-eabi/13.3.1/../../../../arm-none-eabi/lib/thumb/v7e-m+fp/hard/libc_nano.a(libc_a-findfp.o)
                0x20000108                __sglue
 .data._impure_ptr
                0x20000114        0x4 /opt/st/stm32cubeclt_1.20.0/GNU-tools-for-STM32/bin/../lib/gcc/arm-none-eabi/13.3.1/../../../../arm-none-eabi/lib/thumb/v7e-m+fp/hard/libc_nano.a(libc_a-impure.o)
                0x20000114                _impure_ptr
 .data._impure_data
                0x20000118       0x4c /opt/st/stm32cubeclt_1.20.0/GNU-tools-for-STM32/bin/../lib/gcc/arm-none-eabi/13.3.1/../../../../arm-none-eabi/lib/thumb/v7e-m+fp/hard/libc_nano.a(libc_a-impure.o)
                0x20000118                _impure_data
 .data.__global_locale
                0x20000164      0x16c /opt/st/stm32cubeclt_1.20.0/GNU-tools-for-STM32/bin/../lib/gcc/arm-none-eabi/13.3.1/../../../../arm-none-eabi/lib/thumb/v7e-m+fp/hard/libc_nano.a(libc_a-locale.o)
                0x20000164                __global_locale
 *(.RamFunc)
 *(.RamFunc*)
                0x200002d0                        . = ALIGN (0x4)
                0x200002d0                        _edata = .

.igot.plt       0x200002d0        0x0 load address 0x0800a7f4
 .igot.plt      0x200002d0        0x0 /opt/st/stm32cubeclt_1.20.0/GNU-tools-for-STM32/bin/../lib/gcc/arm-none-eabi/13.3.1/thumb/v7e-m+fp/hard/crtbegin.o
                0x200002d0                        . = ALIGN (0x4)

.bss            0x200002d0     0x20a0 load address 0x0800a7f4
                0x200002d0                        _sbss = .
                0x200002d0                        __bss_start__ = _sbss
 *(.bss)
 .bss           0x200002d0       0x1c /opt/st/stm32cubeclt_1.20.0/GNU-tools-for-STM32/bin/../lib/gcc/arm-none-eabi/13.3.1/thumb/v7e-m+fp/hard/crtbegin.o
 .bss           0x200002ec       0x10 build/microphone_sensor.o
                0x200002ec                dma_buffer
 *(.bss*)
 .bss.buffer.0  0x200002fc      0x200 build/main.o
 .bss.mic       0x200004fc       0x10 build/main.o
                0x200004fc                mic
 .bss.hdc4      0x2000050c        0x8 build/main.o
                0x2000050c                hdc4
 .bss.hdc3      0x20000514        0x8 build/main.o
                0x20000514                hdc3
 .bss.hdc2      0x2000051c        0x8 build/main.o
                0x2000051c                hdc2
 .bss.hdc1      0x20000524        0x8 build/main.o
                0x20000524                hdc1
 .bss.ens160    0x2000052c        0x8 build/main.o
                0x2000052c                ens160
 .bss.vcnl4040  0x20000534        0x8 build/main.o
                0x20000534                vcnl4040
 .bss.hi2c1     0x2000053c       0x54 build/i2c.o
                0x2000053c                hi2c1
 .bss.uwTick    0x20000590        0x4 build/stm32f4xx_hal.o
                0x20000590                uwTick
 .bss.__sbrk_heap_end
                0x20000594        0x4 build/sysmem.o
 .bss.hdma_spi1_rx
                0x20000598       0x60 build/i2s.o
                0x20000598                hdma_spi1_rx
 .bss.hi2s1     0x200005f8       0x48 build/i2s.o
                0x200005f8                hi2s1
 .bss.hUsbDeviceFS
                0x20000640      0x2dc build/usb_device.o
                0x20000640                hUsbDeviceFS
 .bss.USBD_StrDesc
                0x2000091c      0x200 build/usbd_desc.o
                0x2000091c                USBD_StrDesc
 .bss.UserTxBufferFS
                0x20000b1c      0x800 build/usbd_cdc_if.o
                0x20000b1c                UserTxBufferFS
 .bss.UserRxBufferFS
                0x2000131c      0x800 build/usbd_cdc_if.o
                0x2000131c                UserRxBufferFS
 .bss.mem.0     0x20001b1c      0x220 build/usbd_conf.o
 .bss.hpcd_USB_OTG_FS
                0x20001d3c      0x4e4 build/usbd_conf.o
                0x20001d3c                hpcd_USB_OTG_FS
 .bss.cfgidx.0  0x20002220        0x1 build/usbd_ctlreq.o
 *fill*         0x20002221        0x3 
 .bss.__sf      0x20002224      0x138 /opt/st/stm32cubeclt_1.20.0/GNU-tools-for-STM32/bin/../lib/gcc/arm-none-eabi/13.3.1/../../../../arm-none-eabi/lib/thumb/v7e-m+fp/hard/libc_nano.a(libc_a-findfp.o)
                0x20002224                __sf
 .bss.__stdio_exit_handler
                0x2000235c        0x4 /opt/st/stm32cubeclt_1.20.0/GNU-tools-for-STM32/bin/../lib/gcc/arm-none-eabi/13.3.1/../../../../arm-none-eabi/lib/thumb/v7e-m+fp/hard/libc_nano.a(libc_a-findfp.o)
                0x2000235c                __stdio_exit_handler
 .bss.errno     0x20002360        0x4 /opt/st/stm32cubeclt_1.20.0/GNU-tools-for-STM32/bin/../lib/gcc/arm-none-eabi/13.3.1/../../../../arm-none-eabi/lib/thumb/v7e-m+fp/hard/libc_nano.a(libc_a-reent.o)
                0x20002360                errno
 .bss.__lock___malloc_recursive_mutex
                0x20002364        0x1 /opt/st/stm32cubeclt_1.20.0/GNU-tools-for-STM32/bin/../lib/gcc/arm-none-eabi/13.3.1/../../../../arm-none-eabi/lib/thumb/v7e-m+fp/hard/libc_nano.a(libc_a-lock.o)
                0x20002364                __lock___malloc_recursive_mutex
 .bss.__lock___sfp_recursive_mutex
                0x20002365        0x1 /opt/st/stm32cubeclt_1.20.0/GNU-tools-for-STM32/bin/../lib/gcc/arm-none-eabi/13.3.1/../../../../arm-none-eabi/lib/thumb/v7e-m+fp/hard/libc_nano.a(libc_a-lock.o)
                0x20002365                __lock___sfp_recursive_mutex
 *fill*         0x20002366        0x2 
 .bss.__malloc_sbrk_start
                0x20002368        0x4 /opt/st/stm32cubeclt_1.20.0/GNU-tools-for-STM32/bin/../lib/gcc/arm-none-eabi/13.3.1/../../../../arm-none-eabi/lib/thumb/v7e-m+fp/hard/libc_nano.a(libc_a-mallocr.o)
                0x20002368                __malloc_sbrk_start
 .bss.__malloc_free_list
                0x2000236c        0x4 /opt/st/stm32cubeclt_1.20.0/GNU-tools-for-STM32/bin/../lib/gcc/arm-none-eabi/13.3.1/../../../../arm-none-eabi/lib/thumb/v7e-m+fp/hard/libc_nano.a(libc_a-mallocr.o)
                0x2000236c                __malloc_free_list
 *(COMMON)
                0x20002370                        . = ALIGN (0x4)
                0x20002370                        _ebss = .
                0x20002370                        __bss_end__ = _ebss

._user_heap_stack
                0x20002370      0x600 load address 0x0800a7f4
                0x20002370                        . = ALIGN (0x8)
                [!provide]                        PROVIDE (end = .)
                0x20002370                        PROVIDE (_end = .)
                0x20002570                        . = (. + _Min_Heap_Size)
 *fill*         0x20002370      0x200 
                0x20002970                        . = (. + _Min_Stack_Size)
 *fill*         0x20002570      0x400 
                0x20002970                        . = ALIGN (0x8)

/DISCARD/
 libc.a(*)
 libm.a(*)
 libgcc.a(*)
OUTPUT(build/finger.elf elf32-littlearm)
LOAD linker stubs
LOAD /opt/st/stm32cubeclt_1.20.0/GNU-tools-for-STM32/bin/../lib/gcc/arm-none-eabi/13.3.1/../../../../arm-none-eabi/lib/thumb/v7e-m+fp/hard/libc.a
LOAD /opt/st/stm32cubeclt_1.20.0/GNU-tools-for-STM32/bin/../lib/gcc/arm-none-eabi/13.3.1/../../../../arm-none-eabi/lib/thumb/v7e-m+fp/hard/libm.a
LOAD /opt/st/stm32cubeclt_1.20.0/GNU-tools-for-STM32/bin/../lib/gcc/arm-none-eabi/13.3.1/thumb/v7e-m+fp/hard/libgcc.a

.ARM.attributes
                0x00000000       0x30
 .ARM.attributes
                0x00000000       0x22 /opt/st/stm32cubeclt_1.20.0/GNU-tools-for-STM32/bin/../lib/gcc/arm-none-eabi/13.3.1/thumb/v7e-m+fp/hard/crti.o
 .ARM.attributes
                0x00000022       0x34 /opt/st/stm32cubeclt_1.20.0/GNU-tools-for-STM32/bin/../lib/gcc/arm-none-eabi/13.3.1/thumb/v7e-m+fp/hard/crtbegin.o
 .ARM.attributes
                0x00000056       0x34 build/main.o
 .ARM.attributes
                0x0000008a       0x34 build/gpio.o
 .ARM.attributes
                0x000000be       0x34 build/i2c.o
 .ARM.attributes
                0x000000f2       0x34 build/stm32f4xx_it.o
 .ARM.attributes
                0x00000126       0x34 build/stm32f4xx_hal_msp.o
 .ARM.attributes
                0x0000015a       0x34 build/vcnl4040_sensor.o
 .ARM.attributes
                0x0000018e       0x34 build/ens160_sensor.o
 .ARM.attributes
                0x000001c2       0x34 build/humidity_temp_sensor.o
 .ARM.attributes
                0x000001f6       0x34 build/microphone_sensor.o
 .ARM.attributes
                0x0000022a       0x34 build/methods.o
 .ARM.attributes
                0x0000025e       0x34 build/stm32f4xx_hal_i2c.o
 .ARM.attributes
                0x00000292       0x34 build/stm32f4xx_hal_rcc.o
 .ARM.attributes
                0x000002c6       0x34 build/stm32f4xx_hal_rcc_ex.o
 .ARM.attributes
                0x000002fa       0x34 build/stm32f4xx_hal_gpio.o
 .ARM.attributes
                0x0000032e       0x34 build/stm32f4xx_hal_dma.o
 .ARM.attributes
                0x00000362       0x34 build/stm32f4xx_hal_cortex.o
 .ARM.attributes
                0x00000396       0x34 build/stm32f4xx_hal.o
 .ARM.attributes
                0x000003ca       0x34 build/system_stm32f4xx.o
 .ARM.attributes
                0x000003fe       0x34 build/sysmem.o
 .ARM.attributes
                0x00000432       0x34 build/syscalls.o
 .ARM.attributes
                0x00000466       0x34 build/dma.o
 .ARM.attributes
                0x0000049a       0x34 build/i2s.o
 .ARM.attributes
                0x000004ce       0x34 build/stm32f4xx_hal_i2s.o
 .ARM.attributes
                0x00000502       0x34 build/usb_device.o
 .ARM.attributes
                0x00000536       0x34 build/usbd_desc.o
 .ARM.attributes
                0x0000056a       0x34 build/usbd_cdc_if.o
 .ARM.attributes
                0x0000059e       0x34 build/usbd_conf.o
 .ARM.attributes
                0x000005d2       0x34 build/stm32f4xx_hal_pcd.o
 .ARM.attributes
                0x00000606       0x34 build/stm32f4xx_hal_pcd_ex.o
 .ARM.attributes
                0x0000063a       0x34 build/stm32f4xx_ll_usb.o
 .ARM.attributes
                0x0000066e       0x34 build/usbd_core.o
 .ARM.attributes
                0x000006a2       0x34 build/usbd_ctlreq.o
 .ARM.attributes
                0x000006d6       0x34 build/usbd_ioreq.o
 .ARM.attributes
                0x0000070a       0x34 build/usbd_cdc.o
 .ARM.attributes
                0x0000073e       0x21 build/startup_stm32f446xx.o
 .ARM.attributes
                0x0000075f       0x34 /opt/st/stm32cubeclt_1.20.0/GNU-tools-for-STM32/bin/../lib/gcc/arm-none-eabi/13.3.1/../../../../arm-none-eabi/lib/thumb/v7e-m+fp/hard/libc_nano.a(libc_a-nano-vfprintf_float.o)
 .ARM.attributes
                0x00000793       0x34 /opt/st/stm32cubeclt_1.20.0/GNU-tools-for-STM32/bin/../lib/gcc/arm-none-eabi/13.3.1/../../../../arm-none-eabi/lib/thumb/v7e-m+fp/hard/libc_nano.a(libc_a-nano-vfprintf_i.o)
 .ARM.attributes
                0x000007c7       0x34 /opt/st/stm32cubeclt_1.20.0/GNU-tools-for-STM32/bin/../lib/gcc/arm-none-eabi/13.3.1/../../../../arm-none-eabi/lib/thumb/v7e-m+fp/hard/libc_nano.a(libc_a-findfp.o)
 .ARM.attributes
                0x000007fb       0x34 /opt/st/stm32cubeclt_1.20.0/GNU-tools-for-STM32/bin/../lib/gcc/arm-none-eabi/13.3.1/../../../../arm-none-eabi/lib/thumb/v7e-m+fp/hard/libc_nano.a(libc_a-fwalk.o)
 .ARM.attributes
                0x0000082f       0x34 /opt/st/stm32cubeclt_1.20.0/GNU-tools-for-STM32/bin/../lib/gcc/arm-none-eabi/13.3.1/../../../../arm-none-eabi/lib/thumb/v7e-m+fp/hard/libc_nano.a(libc_a-snprintf.o)
 .ARM.attributes
                0x00000863       0x34 /opt/st/stm32cubeclt_1.20.0/GNU-tools-for-STM32/bin/../lib/gcc/arm-none-eabi/13.3.1/../../../../arm-none-eabi/lib/thumb/v7e-m+fp/hard/libc_nano.a(libc_a-stdio.o)
 .ARM.attributes
                0x00000897       0x34 /opt/st/stm32cubeclt_1.20.0/GNU-tools-for-STM32/bin/../lib/gcc/arm-none-eabi/13.3.1/../../../../arm-none-eabi/lib/thumb/v7e-m+fp/hard/libc_nano.a(libc_a-memset.o)
 .ARM.attributes
                0x000008cb       0x34 /opt/st/stm32cubeclt_1.20.0/GNU-tools-for-STM32/bin/../lib/gcc/arm-none-eabi/13.3.1/../../../../arm-none-eabi/lib/thumb/v7e-m+fp/hard/libc_nano.a(libc_a-localeconv.o)
 .ARM.attributes
                0x000008ff       0x34 /opt/st/stm32cubeclt_1.20.0/GNU-tools-for-STM32/bin/../lib/gcc/arm-none-eabi/13.3.1/../../../../arm-none-eabi/lib/thumb/v7e-m+fp/hard/libc_nano.a(libc_a-closer.o)
 .ARM.attributes
                0x00000933       0x34 /opt/st/stm32cubeclt_1.20.0/GNU-tools-for-STM32/bin/../lib/gcc/arm-none-eabi/13.3.1/../../../../arm-none-eabi/lib/thumb/v7e-m+fp/hard/libc_nano.a(libc_a-reent.o)
 .ARM.attributes
                0x00000967       0x34 /opt/st/stm32cubeclt_1.20.0/GNU-tools-for-STM32/bin/../lib/gcc/arm-none-eabi/13.3.1/../../../../arm-none-eabi/lib/thumb/v7e-m+fp/hard/libc_nano.a(libc_a-impure.o)
 .ARM.attributes
                0x0000099b       0x34 /opt/st/stm32cubeclt_1.20.0/GNU-tools-for-STM32/bin/../lib/gcc/arm-none-eabi/13.3.1/../../../../arm-none-eabi/lib/thumb/v7e-m+fp/hard/libc_nano.a(libc_a-lseekr.o)
 .ARM.attributes
                0x000009cf       0x34 /opt/st/stm32cubeclt_1.20.0/GNU-tools-for-STM32/bin/../lib/gcc/arm-none-eabi/13.3.1/../../../../arm-none-eabi/lib/thumb/v7e-m+fp/hard/libc_nano.a(libc_a-readr.o)
 .ARM.attributes
                0x00000a03       0x34 /opt/st/stm32cubeclt_1.20.0/GNU-tools-for-STM32/bin/../lib/gcc/arm-none-eabi/13.3.1/../../../../arm-none-eabi/lib/thumb/v7e-m+fp/hard/libc_nano.a(libc_a-writer.o)
 .ARM.attributes
                0x00000a37       0x34 /opt/st/stm32cubeclt_1.20.0/GNU-tools-for-STM32/bin/../lib/gcc/arm-none-eabi/13.3.1/../../../../arm-none-eabi/lib/thumb/v7e-m+fp/hard/libc_nano.a(libc_a-errno.o)
 .ARM.attributes
                0x00000a6b       0x34 /opt/st/stm32cubeclt_1.20.0/GNU-tools-for-STM32/bin/../lib/gcc/arm-none-eabi/13.3.1/../../../../arm-none-eabi/lib/thumb/v7e-m+fp/hard/libc_nano.a(libc_a-init.o)
 .ARM.attributes
                0x00000a9f       0x34 /opt/st/stm32cubeclt_1.20.0/GNU-tools-for-STM32/bin/../lib/gcc/arm-none-eabi/13.3.1/../../../../arm-none-eabi/lib/thumb/v7e-m+fp/hard/libc_nano.a(libc_a-lock.o)
 .ARM.attributes
                0x00000ad3       0x1c /opt/st/stm32cubeclt_1.20.0/GNU-tools-for-STM32/bin/../lib/gcc/arm-none-eabi/13.3.1/../../../../arm-none-eabi/lib/thumb/v7e-m+fp/hard/libc_nano.a(libc_a-memchr.o)
 .ARM.attributes