Archive member included to satisfy reference by file (symbol)

/usr/lib/gcc/arm-none-eabi/9.2.1/../../../arm-none-eabi/lib/thumb/v7e-m+fp/hard/libc_nano.a(lib_a-atexit.o)
                              /usr/lib/gcc/arm-none-eabi/9.2.1/../../../arm-none-eabi/lib/thumb/v7e-m+fp/hard/crt0.o (atexit)
/usr/lib/gcc/arm-none-eabi/9.2.1/../../../arm-none-eabi/lib/thumb/v7e-m+fp/hard/libc_nano.a(lib_a-errno.o)
                              build/sysmem.o (__errno)
/usr/lib/gcc/arm-none-eabi/9.2.1/../../../arm-none-eabi/lib/thumb/v7e-m+fp/hard/libc_nano.a(lib_a-exit.o)
                              /usr/lib/gcc/arm-none-eabi/9.2.1/../../../arm-none-eabi/lib/thumb/v7e-m+fp/hard/crt0.o (exit)
/usr/lib/gcc/arm-none-eabi/9.2.1/../../../arm-none-eabi/lib/thumb/v7e-m+fp/hard/libc_nano.a(lib_a-fini.o)
                              /usr/lib/gcc/arm-none-eabi/9.2.1/../../../arm-none-eabi/lib/thumb/v7e-m+fp/hard/crt0.o (__libc_fini_array)
/usr/lib/gcc/arm-none-eabi/9.2.1/../../../arm-none-eabi/lib/thumb/v7e-m+fp/hard/libc_nano.a(lib_a-impure.o)
                              /usr/lib/gcc/arm-none-eabi/9.2.1/../../../arm-none-eabi/lib/thumb/v7e-m+fp/hard/libc_nano.a(lib_a-exit.o) (_global_impure_ptr)
/usr/lib/gcc/arm-none-eabi/9.2.1/../../../arm-none-eabi/lib/thumb/v7e-m+fp/hard/libc_nano.a(lib_a-init.o)
                              /usr/lib/gcc/arm-none-eabi/9.2.1/../../../arm-none-eabi/lib/thumb/v7e-m+fp/hard/crt0.o (__libc_init_array)
/usr/lib/gcc/arm-none-eabi/9.2.1/../../../arm-none-eabi/lib/thumb/v7e-m+fp/hard/libc_nano.a(lib_a-memset.o)
                              /usr/lib/gcc/arm-none-eabi/9.2.1/../../../arm-none-eabi/lib/thumb/v7e-m+fp/hard/crt0.o (memset)
/usr/lib/gcc/arm-none-eabi/9.2.1/../../../arm-none-eabi/lib/thumb/v7e-m+fp/hard/libc_nano.a(lib_a-nano-vfprintf_float.o)
                              (_printf_float)
/usr/lib/gcc/arm-none-eabi/9.2.1/../../../arm-none-eabi/lib/thumb/v7e-m+fp/hard/libc_nano.a(lib_a-nano-vfprintf_i.o)
                              /usr/lib/gcc/arm-none-eabi/9.2.1/../../../arm-none-eabi/lib/thumb/v7e-m+fp/hard/libc_nano.a(lib_a-nano-vfprintf_float.o) (_printf_common)
/usr/lib/gcc/arm-none-eabi/9.2.1/../../../arm-none-eabi/lib/thumb/v7e-m+fp/hard/libc_nano.a(lib_a-snprintf.o)
                              build/main.o (snprintf)
/usr/lib/gcc/arm-none-eabi/9.2.1/../../../arm-none-eabi/lib/thumb/v7e-m+fp/hard/libc_nano.a(lib_a-strlen.o)
                              build/methods.o (strlen)
/usr/lib/gcc/arm-none-eabi/9.2.1/../../../arm-none-eabi/lib/thumb/v7e-m+fp/hard/libc_nano.a(lib_a-vsnprintf.o)
                              build/methods.o (vsnprintf)
/usr/lib/gcc/arm-none-eabi/9.2.1/../../../arm-none-eabi/lib/thumb/v7e-m+fp/hard/libc_nano.a(lib_a-__atexit.o)
                              /usr/lib/gcc/arm-none-eabi/9.2.1/../../../arm-none-eabi/lib/thumb/v7e-m+fp/hard/libc_nano.a(lib_a-atexit.o) (__register_exitproc)
/usr/lib/gcc/arm-none-eabi/9.2.1/../../../arm-none-eabi/lib/thumb/v7e-m+fp/hard/libc_nano.a(lib_a-__call_atexit.o)
                              /usr/lib/gcc/arm-none-eabi/9.2.1/../../../arm-none-eabi/lib/thumb/v7e-m+fp/hard/libc_nano.a(lib_a-__atexit.o) (__call_exitprocs)
/usr/lib/gcc/arm-none-eabi/9.2.1/../../../arm-none-eabi/lib/thumb/v7e-m+fp/hard/libc_nano.a(lib_a-dtoa.o)
                              /usr/lib/gcc/arm-none-eabi/9.2.1/../../../arm-none-eabi/lib/thumb/v7e-m+fp/hard/libc_nano.a(lib_a-nano-vfprintf_float.o) (_dtoa_r)
/usr/lib/gcc/arm-none-eabi/9.2.1/../../../arm-none-eabi/lib/thumb/v7e-m+fp/hard/libc_nano.a(lib_a-localeconv.o)
                              /usr/lib/gcc/arm-none-eabi/9.2.1/../../../arm-none-eabi/lib/thumb/v7e-m+fp/hard/libc_nano.a(lib_a-nano-vfprintf_float.o) (_localeconv_r)
/usr/lib/gcc/arm-none-eabi/9.2.1/../../../arm-none-eabi/lib/thumb/v7e-m+fp/hard/libc_nano.a(lib_a-malloc.o)
                              /usr/lib/gcc/arm-none-eabi/9.2.1/../../../arm-none-eabi/lib/thumb/v7e-m+fp/hard/libc_nano.a(lib_a-dtoa.o) (malloc)
/usr/lib/gcc/arm-none-eabi/9.2.1/../../../arm-none-eabi/lib/thumb/v7e-m+fp/hard/libc_nano.a(lib_a-memchr.o)
                              /usr/lib/gcc/arm-none-eabi/9.2.1/../../../arm-none-eabi/lib/thumb/v7e-m+fp/hard/libc_nano.a(lib_a-nano-vfprintf_i.o) (memchr)
/usr/lib/gcc/arm-none-eabi/9.2.1/../../../arm-none-eabi/lib/thumb/v7e-m+fp/hard/libc_nano.a(lib_a-memcpy.o)
                              /usr/lib/gcc/arm-none-eabi/9.2.1/../../../arm-none-eabi/lib/thumb/v7e-m+fp/hard/libc_nano.a(lib_a-dtoa.o) (memcpy)
/usr/lib/gcc/arm-none-eabi/9.2.1/../../../arm-none-eabi/lib/thumb/v7e-m+fp/hard/libc_nano.a(lib_a-mprec.o)
                              /usr/lib/gcc/arm-none-eabi/9.2.1/../../../arm-none-eabi/lib/thumb/v7e-m+fp/hard/libc_nano.a(lib_a-dtoa.o) (_Balloc)
/usr/lib/gcc/arm-none-eabi/9.2.1/../../../arm-none-eabi/lib/thumb/v7e-m+fp/hard/libc_nano.a(lib_a-nano-callocr.o)
                              /usr/lib/gcc/arm-none-eabi/9.2.1/../../../arm-none-eabi/lib/thumb/v7e-m+fp/hard/libc_nano.a(lib_a-mprec.o) (_calloc_r)
[...]
Memory Configuration

Name             Origin             Length             Attributes
RAM              0x0000000020000000 0x0000000000020000 xrw
FLASH            0x0000000008000000 0x0000000000080000 xr
*default*        0x0000000000000000 0xffffffffffffffff

Linker script and memory map

LOAD /usr/lib/gcc/arm-none-eabi/9.2.1/thumb/v7e-m+fp/hard/crti.o
LOAD /usr/lib/gcc/arm-none-eabi/9.2.1/thumb/v7e-m+fp/hard/crtbegin.o
LOAD /usr/lib/gcc/arm-none-eabi/9.2.1/../../../arm-none-eabi/lib/thumb/v7e-m+fp/hard/crt0.o
LOAD build/main.o
LOAD build/gpio.o
LOAD build/i2c.o
LOAD build/usart.o
LOAD build/stm32f4xx_it.o
LOAD build/stm32f4xx_hal_msp.o
LOAD build/vcnl4040_sensor.o
LOAD build/ens160_sensor.o
LOAD build/humidity_temp_sensor.o
LOAD build/microphone_sensor.o
LOAD build/methods.o
LOAD build/stm32f4xx_hal_i2c.o
LOAD build/stm32f4xx_hal_i2c_ex.o
LOAD build/stm32f4xx_hal_rcc.o
LOAD build/stm32f4xx_hal_rcc_ex.o
LOAD build/stm32f4xx_hal_flash.o
LOAD build/stm32f4xx_hal_flash_ex.o
LOAD build/stm32f4xx_hal_flash_ramfunc.o
LOAD build/stm32f4xx_hal_gpio.o
LOAD build/stm32f4xx_hal_dma_ex.o
LOAD build/stm32f4xx_hal_dma.o
LOAD build/stm32f4xx_hal_pwr.o
LOAD build/stm32f4xx_hal_pwr_ex.o
LOAD build/stm32f4xx_hal_cortex.o
LOAD build/stm32f4xx_hal.o
LOAD build/stm32f4xx_hal_exti.o
LOAD build/stm32f4xx_hal_uart.o
LOAD build/system_stm32f4xx.o
LOAD build/sysmem.o
LOAD build/syscalls.o
LOAD build/dma.o
LOAD build/i2s.o
LOAD build/stm32f4xx_hal_i2s.o
LOAD build/stm32f4xx_hal_i2s_ex.o
LOAD build/usb_device.o
LOAD build/usbd_desc.o
LOAD build/usbd_cdc_if.o
LOAD build/usbd_conf.o
LOAD build/stm32f4xx_hal_pcd.o
LOAD build/stm32f4xx_hal_pcd_ex.o
LOAD build/stm32f4xx_ll_usb.o
LOAD build/usbd_core.o
LOAD build/usbd_ctlreq.o
LOAD build/usbd_ioreq.o
LOAD build/usbd_cdc.o
LOAD build/startup_stm32f446xx.o
LOAD /usr/lib/gcc/arm-none-eabi/9.2.1/../../../arm-none-eabi/lib/thumb/v7e-m+fp/hard/libc_nano.a
LOAD /usr/lib/gcc/arm-none-eabi/9.2.1/../../../arm-none-eabi/lib/thumb/v7e-m+fp/hard/libm.a
LOAD /usr/lib/gcc/arm-none-eabi/9.2.1/../../../arm-none-eabi/lib/thumb/v7e-m+fp/hard/libnosys.a
START GROUP
LOAD /usr/lib/gcc/arm-none-eabi/9.2.1/thumb/v7e-m+fp/hard/libgcc.a
LOAD /usr/lib/gcc/arm-none-eabi/9.2.1/../../../arm-none-eabi/lib/thumb/v7e-m+fp/hard/libc_nano.a
END GROUP
START GROUP
LOAD /usr/lib/gcc/arm-none-eabi/9.2.1/thumb/v7e-m+fp/hard/libgcc.a
LOAD /usr/lib/gcc/arm-none-eabi/9.2.1/../../../arm-none-eabi/lib/thumb/v7e-m+fp/hard/libc_nano.a
END GROUP
LOAD /usr/lib/gcc/arm-none-eabi/9.2.1/thumb/v7e-m+fp/hard/crtend.o
LOAD /usr/lib/gcc/arm-none-eabi/9.2.1/thumb/v7e-m+fp/hard/crtn.o
                0x0000000020020000                _estack = (ORIGIN (RAM) + LENGTH (RAM))
                0x0000000000000200                _Min_Heap_Size = 0x200
                0x0000000000000400                _Min_Stack_Size = 0x400

.isr_vector     0x0000000008000000      0x1c4
                0x0000000008000000                . = ALIGN (0x4)
 *(.isr_vector)
 .isr_vector    0x0000000008000000      0x1c4 build/startup_stm32f446xx.o
                0x0000000008000000                g_pfnVectors
                0x00000000080001c4                . = ALIGN (0x4)

.text           0x0000000008000200     0xa1c8
                0x0000000008000200                . = ALIGN (0x4)
 *(.text)
 .text          0x0000000008000200       0x88 /usr/lib/gcc/arm-none-eabi/9.2.1/thumb/v7e-m+fp/hard/crtbegin.o
 .text          0x0000000008000288        0xc /usr/lib/gcc/arm-none-eabi/9.2.1/../../../arm-none-eabi/lib/thumb/v7e-m+fp/hard/libc_nano.a(lib_a-errno.o)
                0x0000000008000288                __errno
 .text          0x0000000008000294       0x48 /usr/lib/gcc/arm-none-eabi/9.2.1/../../../arm-none-eabi/lib/thumb/v7e-m+fp/hard/libc_nano.a(lib_a-init.o)
                0x0000000008000294                __libc_init_array
 .text          0x00000000080002dc       0xa0 /usr/lib/gcc/arm-none-eabi/9.2.1/../../../arm-none-eabi/lib/thumb/v7e-m+fp/hard/libc_nano.a(lib_a-memset.o)
                0x00000000080002dc                memset
 .text          0x000000000800037c      0x6b8 /usr/lib/gcc/arm-none-eabi/9.2.1/../../../arm-none-eabi/lib/thumb/v7e-m+fp/hard/libc_nano.a(lib_a-nano-vfprintf_float.o)
                0x000000000800037c                __cvt
                0x0000000008000478                __exponent
                0x0000000008000504                _printf_float
 .text          0x0000000008000a34      0x3c4 /usr/lib/gcc/arm-none-eabi/9.2.1/../../../arm-none-eabi/lib/thumb/v7e-m+fp/hard/libc_nano.a(lib_a-nano-vfprintf_i.o)
                0x0000000008000a34                _printf_common
                0x0000000008000b60                _printf_i
 .text          0x0000000008000df8      0x110 /usr/lib/gcc/arm-none-eabi/9.2.1/../../../arm-none-eabi/lib/thumb/v7e-m+fp/hard/libc_nano.a(lib_a-snprintf.o)
                0x0000000008000df8                _sniprintf_r
                0x0000000008000df8                _snprintf_r
                0x0000000008000e7c                snprintf
                0x0000000008000e7c                sniprintf
 *fill*         0x0000000008000f08       0x38 
 .text          0x0000000008000f40       0xdc /usr/lib/gcc/arm-none-eabi/9.2.1/../../../arm-none-eabi/lib/thumb/v7e-m+fp/hard/libc_nano.a(lib_a-strlen.o)
                0x0000000008000f40                strlen
 *fill*         0x000000000800101c        0x4 
 .text          0x0000000008001020      0xffc /usr/lib/gcc/arm-none-eabi/9.2.1/../../../arm-none-eabi/lib/thumb/v7e-m+fp/hard/libc_nano.a(lib_a-dtoa.o)
                0x0000000008001144                _dtoa_r
 .text          0x000000000800201c       0x14 /usr/lib/gcc/arm-none-eabi/9.2.1/../../../arm-none-eabi/lib/thumb/v7e-m+fp/hard/libc_nano.a(lib_a-localeconv.o)
                0x000000000800201c                __localeconv_l
                0x0000000008002020                _localeconv_r
                0x0000000008002028                localeconv
 .text          0x0000000008002030       0x20 /usr/lib/gcc/arm-none-eabi/9.2.1/../../../arm-none-eabi/lib/thumb/v7e-m+fp/hard/libc_nano.a(lib_a-malloc.o)
                0x0000000008002030                malloc
                0x0000000008002040                free
 .text          0x0000000008002050       0xa0 /usr/lib/gcc/arm-none-eabi/9.2.1/../../../arm-none-eabi/lib/thumb/v7e-m+fp/hard/libc_nano.a(lib_a-memchr.o)
                0x0000000008002050                memchr
 .text          0x00000000080020f0      0x134 /usr/lib/gcc/arm-none-eabi/9.2.1/../../../arm-none-eabi/lib/thumb/v7e-m+fp/hard/libc_nano.a(lib_a-memcpy.o)
                0x00000000080020f0                memcpy
 .text          0x0000000008002224      0xa38 /usr/lib/gcc/arm-none-eabi/9.2.1/../../../arm-none-eabi/lib/thumb/v7e-m+fp/hard/libc_nano.a(lib_a-mprec.o)
                0x0000000008002224                _Balloc
                0x00000000080022a4                _Bfree
                0x00000000080022f0                __multadd
                0x0000000008002390                __s2b
                0x000000000800243c                __hi0bits
                0x000000000800247c                __lo0bits
                0x00000000080024dc                __i2b
                0x0000000008002508                __multiply
                0x0000000008002654                __pow5mult
                0x0000000008002718                __lshift
                0x00000000080027e0                __mcmp
                0x0000000008002818                __mdiff
                0x0000000008002940                __ulp
                0x0000000008002990                __b2d
                0x0000000008002a48                __d2b
                0x0000000008002b1c                __ratio
                0x0000000008002b7c                _mprec_log10
                0x0000000008002bbc                __copybits
                0x0000000008002c04                __any_on
 .text          0x0000000008002c5c       0x1c /usr/lib/gcc/arm-none-eabi/9.2.1/../../../arm-none-eabi/lib/thumb/v7e-m+fp/hard/libc_nano.a(lib_a-nano-callocr.o)
                0x0000000008002c5c                _calloc_r
 .text          0x0000000008002c78       0xac /usr/lib/gcc/arm-none-eabi/9.2.1/../../../arm-none-eabi/lib/thumb/v7e-m+fp/hard/libc_nano.a(lib_a-nano-freer.o)
                0x0000000008002c78                _free_r
 .text          0x0000000008002d24       0xc8 /usr/lib/gcc/arm-none-eabi/9.2.1/../../../arm-none-eabi/lib/thumb/v7e-m+fp/hard/libc_nano.a(lib_a-nano-mallocr.o)
                0x0000000008002d24                _malloc_r
 .text          0x0000000008002dec      0x42c /usr/lib/gcc/arm-none-eabi/9.2.1/../../../arm-none-eabi/lib/thumb/v7e-m+fp/hard/libc_nano.a(lib_a-nano-svfprintf.o)
                0x0000000008002dec                __ssputs_r
                0x0000000008002eac                __ssprint_r
                0x0000000008002fa4                _svfprintf_r
                0x0000000008002fa4                _svfiprintf_r
 .text          0x0000000008003218       0x24 /usr/lib/gcc/arm-none-eabi/9.2.1/../../../arm-none-eabi/lib/thumb/v7e-m+fp/hard/libc_nano.a(lib_a-sbrkr.o)
                0x0000000008003218                _sbrk_r
 .text          0x000000000800323c       0x48 /usr/lib/gcc/arm-none-eabi/9.2.1/../../../arm-none-eabi/lib/thumb/v7e-m+fp/hard/libc_nano.a(lib_a-assert.o)
                0x000000000800323c                __assert_func
                0x0000000008003278                __assert
 .text          0x0000000008003284       0x44 /usr/lib/gcc/arm-none-eabi/9.2.1/../../../arm-none-eabi/lib/thumb/v7e-m+fp/hard/libc_nano.a(lib_a-fprintf.o)
                0x0000000008003284                _fprintf_r
                0x0000000008003284                _fiprintf_r
                0x00000000080032a0                fprintf
                0x00000000080032a0                fiprintf
 .text          0x00000000080032c8       0x40 /usr/lib/gcc/arm-none-eabi/9.2.1/../../../arm-none-eabi/lib/thumb/v7e-m+fp/hard/libc_nano.a(lib_a-mbtowc_r.o)
                0x00000000080032c8                _mbtowc_r
                0x00000000080032dc                __ascii_mbtowc
 .text          0x0000000008003308       0xd0 /usr/lib/gcc/arm-none-eabi/9.2.1/../../../arm-none-eabi/lib/thumb/v7e-m+fp/hard/libc_nano.a(lib_a-memmove.o)
                0x0000000008003308                memmove
 .text          0x00000000080033d8        0x8 /usr/lib/gcc/arm-none-eabi/9.2.1/../../../arm-none-eabi/lib/thumb/v7e-m+fp/hard/libc_nano.a(lib_a-mlock.o)
                0x00000000080033d8                __malloc_lock
                0x00000000080033dc                __malloc_unlock
 .text          0x00000000080033e0       0x4c /usr/lib/gcc/arm-none-eabi/9.2.1/../../../arm-none-eabi/lib/thumb/v7e-m+fp/hard/libc_nano.a(lib_a-nano-reallocr.o)
                0x00000000080033e0                _realloc_r
 .text          0x000000000800342c      0x364 /usr/lib/gcc/arm-none-eabi/9.2.1/../../../arm-none-eabi/lib/thumb/v7e-m+fp/hard/libc_nano.a(lib_a-nano-vfprintf.o)
                0x0000000008003468                __sfputs_r
                0x0000000008003498                __sprint_r
                0x00000000080034b4                _vfiprintf_r
                0x00000000080034b4                _vfprintf_r
                0x0000000008003778                vfiprintf
                0x0000000008003778                vfprintf
 .text          0x0000000008003790       0xc0 /usr/lib/gcc/arm-none-eabi/9.2.1/../../../arm-none-eabi/lib/thumb/v7e-m+fp/hard/libc_nano.a(lib_a-wbuf.o)
                0x0000000008003790                __swbuf_r
                0x0000000008003840                __swbuf
 .text          0x0000000008003850       0x30 /usr/lib/gcc/arm-none-eabi/9.2.1/../../../arm-none-eabi/lib/thumb/v7e-m+fp/hard/libc_nano.a(lib_a-wctomb_r.o)
                0x0000000008003850                _wctomb_r
                0x0000000008003864                __ascii_wctomb
 .text          0x0000000008003880      0x100 /usr/lib/gcc/arm-none-eabi/9.2.1/../../../arm-none-eabi/lib/thumb/v7e-m+fp/hard/libc_nano.a(lib_a-wsetup.o)
                0x0000000008003880                __swsetup_r
 .text          0x0000000008003980       0x10 /usr/lib/gcc/arm-none-eabi/9.2.1/../../../arm-none-eabi/lib/thumb/v7e-m+fp/hard/libc_nano.a(lib_a-abort.o)
                0x0000000008003980                abort
 .text          0x0000000008003990      0x1b0 /usr/lib/gcc/arm-none-eabi/9.2.1/../../../arm-none-eabi/lib/thumb/v7e-m+fp/hard/libc_nano.a(lib_a-fflush.o)
                0x0000000008003990                __sflush_r
                0x0000000008003abc                _fflush_r
                0x0000000008003b1c                fflush
 .text          0x0000000008003b40      0x210 /usr/lib/gcc/arm-none-eabi/9.2.1/../../../arm-none-eabi/lib/thumb/v7e-m+fp/hard/libc_nano.a(lib_a-findfp.o)
                0x0000000008003b44                _cleanup_r
                0x0000000008003b54                __sfmoreglue
                0x0000000008003b84                __sfp
                0x0000000008003cfc                _cleanup
                0x0000000008003d10                __sinit
                0x0000000008003d18                __sfp_lock_acquire
                0x0000000008003d1c                __sfp_lock_release
                0x0000000008003d20                __sinit_lock_acquire
                0x0000000008003d24                __sinit_lock_release
                0x0000000008003d28                __fp_lock_all
                0x0000000008003d3c                __fp_unlock_all
 .text          0x0000000008003d50      0x308 /usr/lib/gcc/arm-none-eabi/9.2.1/../../../arm-none-eabi/lib/thumb/v7e-m+fp/hard/libc_nano.a(lib_a-fvwrite.o)
                0x0000000008003d50                __sfvwrite_r
 .text          0x0000000008004058       0xa0 /usr/lib/gcc/arm-none-eabi/9.2.1/../../../arm-none-eabi/lib/thumb/v7e-m+fp/hard/libc_nano.a(lib_a-fwalk.o)
                0x0000000008004058                _fwalk
                0x00000000080040a4                _fwalk_reent
 .text          0x00000000080040f8       0xf0 /usr/lib/gcc/arm-none-eabi/9.2.1/../../../arm-none-eabi/lib/thumb/v7e-m+fp/hard/libc_nano.a(lib_a-makebuf.o)
                0x00000000080040f8                __swhatbuf_r
                0x0000000008004154                __smakebuf_r
 .text          0x00000000080041e8       0x10 /usr/lib/gcc/arm-none-eabi/9.2.1/../../../arm-none-eabi/lib/thumb/v7e-m+fp/hard/libc_nano.a(lib_a-nano-msizer.o)
                0x00000000080041e8                _malloc_usable_size_r
 .text          0x00000000080041f8      0x150 /usr/lib/gcc/arm-none-eabi/9.2.1/../../../arm-none-eabi/lib/thumb/v7e-m+fp/hard/libc_nano.a(lib_a-signal.o)
                0x0000000008004220                _init_signal_r
                0x000000000800422c                _signal_r
                0x0000000008004260                _raise_r
                0x00000000080042b4                __sigtramp_r
                0x0000000008004304                raise
                0x0000000008004314                signal
                0x0000000008004324                _init_signal
                0x0000000008004338                __sigtramp
 .text          0x0000000008004348       0x2c /usr/lib/gcc/arm-none-eabi/9.2.1/../../../arm-none-eabi/lib/thumb/v7e-m+fp/hard/libc_nano.a(lib_a-signalr.o)
                0x0000000008004348                _kill_r
                0x0000000008004370                _getpid_r
 .text          0x0000000008004374       0x90 /usr/lib/gcc/arm-none-eabi/9.2.1/../../../arm-none-eabi/lib/thumb/v7e-m+fp/hard/libc_nano.a(lib_a-stdio.o)
                0x0000000008004374                __sread
                0x0000000008004398                __seofread
                0x000000000800439c                __swrite
                0x00000000080043dc                __sseek
                0x00000000080043fc                __sclose
 .text          0x0000000008004404       0x2c /usr/lib/gcc/arm-none-eabi/9.2.1/../../../arm-none-eabi/lib/thumb/v7e-m+fp/hard/libc_nano.a(lib_a-writer.o)
                0x0000000008004404                _write_r
 .text          0x0000000008004430       0x24 /usr/lib/gcc/arm-none-eabi/9.2.1/../../../arm-none-eabi/lib/thumb/v7e-m+fp/hard/libc_nano.a(lib_a-closer.o)
                0x0000000008004430                _close_r
 .text          0x0000000008004454       0x28 /usr/lib/gcc/arm-none-eabi/9.2.1/../../../arm-none-eabi/lib/thumb/v7e-m+fp/hard/libc_nano.a(lib_a-fstatr.o)
                0x0000000008004454                _fstat_r
 .text          0x000000000800447c       0x24 /usr/lib/gcc/arm-none-eabi/9.2.1/../../../arm-none-eabi/lib/thumb/v7e-m+fp/hard/libc_nano.a(lib_a-isattyr.o)
                0x000000000800447c                _isatty_r
 .text          0x00000000080044a0       0x2c /usr/lib/gcc/arm-none-eabi/9.2.1/../../../arm-none-eabi/lib/thumb/v7e-m+fp/hard/libc_nano.a(lib_a-lseekr.o)
                0x00000000080044a0                _lseek_r
 .text          0x00000000080044cc       0x2c /usr/lib/gcc/arm-none-eabi/9.2.1/../../../arm-none-eabi/lib/thumb/v7e-m+fp/hard/libc_nano.a(lib_a-readr.o)
                0x00000000080044cc                _read_r
 .text          0x00000000080044f8      0x378 /usr/lib/gcc/arm-none-eabi/9.2.1/thumb/v7e-m+fp/hard/libgcc.a(_arm_addsubdf3.o)
                0x00000000080044f8                __aeabi_drsub
                0x0000000008004500                __aeabi_dsub
                0x0000000008004500                __subdf3
                0x0000000008004504                __adddf3
                0x0000000008004504                __aeabi_dadd
                0x000000000800477c                __aeabi_ui2d
                0x000000000800477c                __floatunsidf
                0x000000000800479c                __floatsidf
                0x000000000800479c                __aeabi_i2d
                0x00000000080047c0                __extendsfdf2
                0x00000000080047c0                __aeabi_f2d
                0x0000000008004804                __aeabi_ul2d
                0x0000000008004804                __floatundidf
                0x0000000008004814                __floatdidf
                0x0000000008004814                __aeabi_l2d
 .text          0x0000000008004870      0x424 /usr/lib/gcc/arm-none-eabi/9.2.1/thumb/v7e-m+fp/hard/libgcc.a(_arm_muldivdf3.o)
                0x0000000008004870                __aeabi_dmul
                0x0000000008004870                __muldf3
                0x0000000008004ac4                __aeabi_ddiv
                0x0000000008004ac4                __divdf3
 .text          0x0000000008004c94      0x110 /usr/lib/gcc/arm-none-eabi/9.2.1/thumb/v7e-m+fp/hard/libgcc.a(_arm_cmpdf2.o)
                0x0000000008004c94                __gtdf2
                0x0000000008004c94                __gedf2
                0x0000000008004c9c                __ltdf2
                0x0000000008004c9c                __ledf2
                0x0000000008004ca4                __cmpdf2
                0x0000000008004ca4                __eqdf2
                0x0000000008004ca4                __nedf2
                0x0000000008004d20                __aeabi_cdrcmple
                0x0000000008004d30                __aeabi_cdcmple
                0x0000000008004d30                __aeabi_cdcmpeq
                0x0000000008004d40                __aeabi_dcmpeq
                0x0000000008004d54                __aeabi_dcmplt
                0x0000000008004d68                __aeabi_dcmple
                0x0000000008004d7c                __aeabi_dcmpge
                0x0000000008004d90                __aeabi_dcmpgt
 .text          0x0000000008004da4       0x2c /usr/lib/gcc/arm-none-eabi/9.2.1/thumb/v7e-m+fp/hard/libgcc.a(_arm_unorddf2.o)
                0x0000000008004da4                __aeabi_dcmpun
                0x0000000008004da4                __unorddf2
 .text          0x0000000008004dd0       0x50 /usr/lib/gcc/arm-none-eabi/9.2.1/thumb/v7e-m+fp/hard/libgcc.a(_arm_fixdfsi.o)
                0x0000000008004dd0                __fixdfsi
                0x0000000008004dd0                __aeabi_d2iz
 .text          0x0000000008004e20       0x30 /usr/lib/gcc/arm-none-eabi/9.2.1/thumb/v7e-m+fp/hard/libgcc.a(_aeabi_uldivmod.o)
                0x0000000008004e20                __aeabi_uldivmod
 .text          0x0000000008004e50      0x2c4 /usr/lib/gcc/arm-none-eabi/9.2.1/thumb/v7e-m+fp/hard/libgcc.a(_udivmoddi4.o)
                0x0000000008004e50                __udivmoddi4
 .text          0x0000000008005114        0x4 /usr/lib/gcc/arm-none-eabi/9.2.1/thumb/v7e-m+fp/hard/libgcc.a(_dvmd_tls.o)
                0x0000000008005114                __aeabi_ldiv0
                0x0000000008005114                __aeabi_idiv0
 *(.text*)
 .text.Data_Send
                0x0000000008005118       0x30 build/main.o
                0x0000000008005118                Data_Send
 .text.Error_Handler
                0x0000000008005148        0x4 build/main.o
                0x0000000008005148                Error_Handler
 .text.SystemClock_Config
                0x000000000800514c       0xa8 build/main.o
                0x000000000800514c                SystemClock_Config
 .text.main     0x00000000080051f4       0x58 build/main.o
                0x00000000080051f4                main
 .text.MX_GPIO_Init
                0x000000000800524c       0x98 build/gpio.o
                0x000000000800524c                MX_GPIO_Init
 .text.MX_I2C1_Init
                0x00000000080052e4       0x3c build/i2c.o
                0x00000000080052e4                MX_I2C1_Init
 .text.HAL_I2C_MspInit
                0x0000000008005320       0x74 build/i2c.o
                0x0000000008005320                HAL_I2C_MspInit
 .text.HAL_I2C_MspDeInit
                0x0000000008005394       0x38 build/i2c.o
                0x0000000008005394                HAL_I2C_MspDeInit
 .text.NMI_Handler
                0x00000000080053cc        0x2 build/stm32f4xx_it.o
                0x00000000080053cc                NMI_Handler
 .text.HardFault_Handler
                0x00000000080053ce        0x2 build/stm32f4xx_it.o
                0x00000000080053ce                HardFault_Handler
 .text.MemManage_Handler
                0x00000000080053d0        0x2 build/stm32f4xx_it.o
                0x00000000080053d0                MemManage_Handler
 .text.BusFault_Handler
                0x00000000080053d2        0x2 build/stm32f4xx_it.o
                0x00000000080053d2                BusFault_Handler
 .text.UsageFault_Handler
                0x00000000080053d4        0x2 build/stm32f4xx_it.o
                0x00000000080053d4                UsageFault_Handler
 .text.SVC_Handler
                0x00000000080053d6        0x2 build/stm32f4xx_it.o
                0x00000000080053d6                SVC_Handler
 .text.DebugMon_Handler
                0x00000000080053d8        0x2 build/stm32f4xx_it.o
                0x00000000080053d8                DebugMon_Handler
 .text.PendSV_Handler
                0x00000000080053da        0x2 build/stm32f4xx_it.o
                0x00000000080053da                PendSV_Handler
 .text.SysTick_Handler
                0x00000000080053dc        0x8 build/stm32f4xx_it.o
                0x00000000080053dc                SysTick_Handler
 .text.DMA2_Stream0_IRQHandler
                0x00000000080053e4       0x10 build/stm32f4xx_it.o
                0x00000000080053e4                DMA2_Stream0_IRQHandler
 .text.OTG_FS_IRQHandler
                0x00000000080053f4       0x10 build/stm32f4xx_it.o
                0x00000000080053f4                OTG_FS_IRQHandler
 .text.HAL_I2S_RxHalfCpltCallback
                0x0000000008005404       0x3c build/stm32f4xx_it.o
                0x0000000008005404                HAL_I2S_RxHalfCpltCallback
 .text.HAL_I2S_RxCpltCallback
                0x0000000008005440       0x18 build/stm32f4xx_it.o
                0x0000000008005440                HAL_I2S_RxCpltCallback
 .text.HAL_MspInit
                0x0000000008005458       0x38 build/stm32f4xx_hal_msp.o
                0x0000000008005458                HAL_MspInit
 .text.MIC_Init
                0x0000000008005490       0x1a build/microphone_sensor.o
                0x0000000008005490                MIC_Init
 *fill*         0x00000000080054aa        0x2 
 .text.MIC_Start
                0x00000000080054ac       0x20 build/microphone_sensor.o
                0x00000000080054ac                MIC_Start
 .text.RGB_LED_Init
                0x00000000080054cc       0x4c build/methods.o
                0x00000000080054cc                RGB_LED_Init
 .text.HAL_I2C_Init
                0x0000000008005518      0x1bc build/stm32f4xx_hal_i2c.o
                0x0000000008005518                HAL_I2C_Init
 .text.HAL_I2C_DeInit
                0x00000000080056d4       0x32 build/stm32f4xx_hal_i2c.o
                0x00000000080056d4                HAL_I2C_DeInit
 *fill*         0x0000000008005706        0x2 
 .text.HAL_RCC_ClockConfig
                0x0000000008005708      0x160 build/stm32f4xx_hal_rcc.o
                0x0000000008005708                HAL_RCC_ClockConfig
 .text.HAL_RCC_GetHCLKFreq
                0x0000000008005868        0xc build/stm32f4xx_hal_rcc.o
                0x0000000008005868                HAL_RCC_GetHCLKFreq
 .text.HAL_RCC_GetPCLK1Freq
                0x0000000008005874       0x20 build/stm32f4xx_hal_rcc.o
                0x0000000008005874                HAL_RCC_GetPCLK1Freq
 .text.HAL_RCCEx_PeriphCLKConfig
                0x0000000008005894      0x474 build/stm32f4xx_hal_rcc_ex.o
                0x0000000008005894                HAL_RCCEx_PeriphCLKConfig
 .text.HAL_RCCEx_GetPeriphCLKFreq
                0x0000000008005d08      0x30c build/stm32f4xx_hal_rcc_ex.o
                0x0000000008005d08                HAL_RCCEx_GetPeriphCLKFreq
 .text.HAL_RCC_GetSysClockFreq
                0x0000000008006014      0x190 build/stm32f4xx_hal_rcc_ex.o
                0x0000000008006014                HAL_RCC_GetSysClockFreq
 .text.HAL_RCC_OscConfig
                0x00000000080061a4      0x444 build/stm32f4xx_hal_rcc_ex.o
                0x00000000080061a4                HAL_RCC_OscConfig
 .text.HAL_GPIO_Init
                0x00000000080065e8      0x1e0 build/stm32f4xx_hal_gpio.o
                0x00000000080065e8                HAL_GPIO_Init
 .text.HAL_GPIO_DeInit
                0x00000000080067c8      0x128 build/stm32f4xx_hal_gpio.o
                0x00000000080067c8                HAL_GPIO_DeInit
 .text.HAL_GPIO_WritePin
                0x00000000080068f0        0xc build/stm32f4xx_hal_gpio.o
                0x00000000080068f0                HAL_GPIO_WritePin
 .text.DMA_SetConfig
                0x00000000080068fc       0x2c build/stm32f4xx_hal_dma.o
 .text.DMA_CalcBaseAndBitshift
                0x0000000008006928       0x3c build/stm32f4xx_hal_dma.o
 .text.DMA_CheckFifoParam
                0x0000000008006964       0x8e build/stm32f4xx_hal_dma.o
 *fill*         0x00000000080069f2        0x2 
 .text.HAL_DMA_Init
                0x00000000080069f4       0xcc build/stm32f4xx_hal_dma.o
                0x00000000080069f4                HAL_DMA_Init
 .text.HAL_DMA_Start_IT
                0x0000000008006ac0       0x6a build/stm32f4xx_hal_dma.o
                0x0000000008006ac0                HAL_DMA_Start_IT
 *fill*         0x0000000008006b2a        0x2 
 .text.HAL_DMA_IRQHandler
                0x0000000008006b2c      0x1dc build/stm32f4xx_hal_dma.o
                0x0000000008006b2c                HAL_DMA_IRQHandler
 .text.__NVIC_EnableIRQ
                0x0000000008006d08       0x1c build/stm32f4xx_hal_cortex.o
 .text.__NVIC_SetPriority
                0x0000000008006d24       0x28 build/stm32f4xx_hal_cortex.o
 .text.NVIC_EncodePriority
                0x0000000008006d4c       0x3e build/stm32f4xx_hal_cortex.o
 *fill*         0x0000000008006d8a        0x2 
 .text.HAL_NVIC_SetPriorityGrouping
                0x0000000008006d8c       0x24 build/stm32f4xx_hal_cortex.o
                0x0000000008006d8c                HAL_NVIC_SetPriorityGrouping
 .text.HAL_NVIC_SetPriority
                0x0000000008006db0       0x20 build/stm32f4xx_hal_cortex.o
                0x0000000008006db0                HAL_NVIC_SetPriority
 .text.HAL_NVIC_EnableIRQ
                0x0000000008006dd0        0x8 build/stm32f4xx_hal_cortex.o
                0x0000000008006dd0                HAL_NVIC_EnableIRQ
 .text.HAL_SYSTICK_Config
                0x0000000008006dd8       0x28 build/stm32f4xx_hal_cortex.o
                0x0000000008006dd8                HAL_SYSTICK_Config
 .text.HAL_InitTick
                0x0000000008006e00       0x4c build/stm32f4xx_hal.o
                0x0000000008006e00                HAL_InitTick
 .text.HAL_Init
                0x0000000008006e4c       0x34 build/stm32f4xx_hal.o
                0x0000000008006e4c                HAL_Init
 .text.HAL_IncTick
                0x0000000008006e80       0x18 build/stm32f4xx_hal.o
                0x0000000008006e80                HAL_IncTick
 .text.HAL_GetTick
                0x0000000008006e98        0xc build/stm32f4xx_hal.o
                0x0000000008006e98                HAL_GetTick
 .text.HAL_Delay
                0x0000000008006ea4       0x28 build/stm32f4xx_hal.o
                0x0000000008006ea4                HAL_Delay
 .text.SystemInit
                0x0000000008006ecc       0x14 build/system_stm32f4xx.o
                0x0000000008006ecc                SystemInit
 .text._sbrk    0x0000000008006ee0       0x48 build/sysmem.o
                0x0000000008006ee0                _sbrk
 .text._getpid  0x0000000008006f28        0x4 build/syscalls.o
                0x0000000008006f28                _getpid
 .text._kill    0x0000000008006f2c       0x10 build/syscalls.o
                0x0000000008006f2c                _kill
 .text._exit    0x0000000008006f3c        0xc build/syscalls.o
                0x0000000008006f3c                _exit
 .text._read    0x0000000008006f48       0x20 build/syscalls.o
                0x0000000008006f48                _read
 .text._write   0x0000000008006f68       0x1c build/syscalls.o
                0x0000000008006f68                _write
 .text._close   0x0000000008006f84        0x6 build/syscalls.o
                0x0000000008006f84                _close
 .text._fstat   0x0000000008006f8a        0xa build/syscalls.o
                0x0000000008006f8a                _fstat
 .text._isatty  0x0000000008006f94        0x4 build/syscalls.o
                0x0000000008006f94                _isatty
 .text._lseek   0x0000000008006f98        0x4 build/syscalls.o
                0x0000000008006f98                _lseek
 .text.MX_DMA_Init
                0x0000000008006f9c       0x34 build/dma.o
                0x0000000008006f9c                MX_DMA_Init
 .text.MX_I2S1_Init
                0x0000000008006fd0       0x3c build/i2s.o
                0x0000000008006fd0                MX_I2S1_Init
 .text.HAL_I2S_MspInit
                0x000000000800700c       0xe8 build/i2s.o
                0x000000000800700c                HAL_I2S_MspInit
 .text.HAL_I2S_Init
                0x00000000080070f4      0x13c build/stm32f4xx_hal_i2s.o
                0x00000000080070f4                HAL_I2S_Init
 .text.HAL_I2S_Receive_DMA
                0x0000000008007230       0xf4 build/stm32f4xx_hal_i2s.o
                0x0000000008007230                HAL_I2S_Receive_DMA
 .text.HAL_I2S_TxCpltCallback
                0x0000000008007324        0x2 build/stm32f4xx_hal_i2s.o
                0x0000000008007324                HAL_I2S_TxCpltCallback
 .text.I2S_Transmit_IT
                0x0000000008007326       0x38 build/stm32f4xx_hal_i2s.o
 .text.I2S_DMARxHalfCplt
                0x000000000800735e        0xa build/stm32f4xx_hal_i2s.o
 .text.I2S_Receive_IT
                0x0000000008007368       0x38 build/stm32f4xx_hal_i2s.o
 .text.I2S_DMARxCplt
                0x00000000080073a0       0x24 build/stm32f4xx_hal_i2s.o
 .text.HAL_I2S_ErrorCallback
                0x00000000080073c4        0x2 build/stm32f4xx_hal_i2s.o
                0x00000000080073c4                HAL_I2S_ErrorCallback
 .text.I2S_IRQHandler
                0x00000000080073c6       0xd0 build/stm32f4xx_hal_i2s.o
 .text.I2S_DMAError
                0x0000000008007496       0x28 build/stm32f4xx_hal_i2s.o
 *fill*         0x00000000080074be        0x2 
 .text.MX_USB_DEVICE_Init
                0x00000000080074c0       0x54 build/usb_device.o
                0x00000000080074c0                MX_USB_DEVICE_Init
 .text.USBD_FS_DeviceDescriptor
                0x0000000008007514        0xc build/usbd_desc.o
                0x0000000008007514                USBD_FS_DeviceDescriptor
 .text.USBD_FS_LangIDStrDescriptor
                0x0000000008007520        0xc build/usbd_desc.o
                0x0000000008007520                USBD_FS_LangIDStrDescriptor
 .text.USBD_FS_USR_BOSDescriptor
                0x000000000800752c        0xc build/usbd_desc.o
                0x000000000800752c                USBD_FS_USR_BOSDescriptor
 .text.IntToUnicode
                0x0000000008007538       0x46 build/usbd_desc.o
 *fill*         0x000000000800757e        0x2 
 .text.Get_SerialNum
                0x0000000008007580       0x38 build/usbd_desc.o
 .text.USBD_FS_SerialStrDescriptor
                0x00000000080075b8       0x14 build/usbd_desc.o
                0x00000000080075b8                USBD_FS_SerialStrDescriptor
 .text.USBD_FS_ProductStrDescriptor
                0x00000000080075cc       0x24 build/usbd_desc.o
                0x00000000080075cc                USBD_FS_ProductStrDescriptor
 .text.USBD_FS_ManufacturerStrDescriptor
                0x00000000080075f0       0x1c build/usbd_desc.o
                0x00000000080075f0                USBD_FS_ManufacturerStrDescriptor
 .text.USBD_FS_ConfigStrDescriptor
                0x000000000800760c       0x24 build/usbd_desc.o
                0x000000000800760c                USBD_FS_ConfigStrDescriptor
 .text.USBD_FS_InterfaceStrDescriptor
                0x0000000008007630       0x24 build/usbd_desc.o
                0x0000000008007630                USBD_FS_InterfaceStrDescriptor
 .text.CDC_DeInit_FS
                0x0000000008007654        0x4 build/usbd_cdc_if.o
 .text.CDC_Control_FS
                0x0000000008007658        0x4 build/usbd_cdc_if.o
 .text.CDC_TransmitCplt_FS
                0x000000000800765c        0x4 build/usbd_cdc_if.o
 .text.CDC_Receive_FS
                0x0000000008007660       0x1c build/usbd_cdc_if.o
 .text.CDC_Init_FS
                0x000000000800767c       0x28 build/usbd_cdc_if.o
 .text.CDC_Transmit_FS
                0x00000000080076a4       0x2c build/usbd_cdc_if.o
                0x00000000080076a4                CDC_Transmit_FS
 .text.HAL_PCD_MspInit
                0x00000000080076d0       0xa8 build/usbd_conf.o
                0x00000000080076d0                HAL_PCD_MspInit
 .text.HAL_PCD_SetupStageCallback
                0x0000000008007778       0x10 build/usbd_conf.o
                0x0000000008007778                HAL_PCD_SetupStageCallback
 .text.HAL_PCD_DataOutStageCallback
                0x0000000008007788       0x18 build/usbd_conf.o
                0x0000000008007788                HAL_PCD_DataOutStageCallback
 .text.HAL_PCD_DataInStageCallback
                0x00000000080077a0       0x16 build/usbd_conf.o
                0x00000000080077a0                HAL_PCD_DataInStageCallback
 .text.HAL_PCD_SOFCallback
                0x00000000080077b6        0xc build/usbd_conf.o
                0x00000000080077b6                HAL_PCD_SOFCallback
 .text.HAL_PCD_ResetCallback
                0x00000000080077c2       0x28 build/usbd_conf.o
                0x00000000080077c2                HAL_PCD_ResetCallback
 *fill*         0x00000000080077ea        0x2 
 .text.HAL_PCD_SuspendCallback
                0x00000000080077ec       0x30 build/usbd_conf.o
                0x00000000080077ec                HAL_PCD_SuspendCallback
 .text.HAL_PCD_ResumeCallback
                0x000000000800781c        0xc build/usbd_conf.o
                0x000000000800781c                HAL_PCD_ResumeCallback
 .text.HAL_PCD_ISOOUTIncompleteCallback
                0x0000000008007828        0xc build/usbd_conf.o
                0x0000000008007828                HAL_PCD_ISOOUTIncompleteCallback
 .text.HAL_PCD_ISOINIncompleteCallback
                0x0000000008007834        0xc build/usbd_conf.o
                0x0000000008007834                HAL_PCD_ISOINIncompleteCallback
 .text.HAL_PCD_ConnectCallback
                0x0000000008007840        0xc build/usbd_conf.o
                0x0000000008007840                HAL_PCD_ConnectCallback
 .text.HAL_PCD_DisconnectCallback
                0x000000000800784c        0xc build/usbd_conf.o
                0x000000000800784c                HAL_PCD_DisconnectCallback
 .text.USBD_LL_Init
                0x0000000008007858       0x68 build/usbd_conf.o
                0x0000000008007858                USBD_LL_Init
 .text.USBD_LL_IsStallEP
                0x00000000080078c0       0x2c build/usbd_conf.o
                0x00000000080078c0                USBD_LL_IsStallEP
 .text.USBD_LL_GetRxDataSize
                0x00000000080078ec        0xc build/usbd_conf.o
                0x00000000080078ec                USBD_LL_GetRxDataSize
 .text.HAL_PCDEx_LPM_Callback
                0x00000000080078f8       0x60 build/usbd_conf.o
                0x00000000080078f8                HAL_PCDEx_LPM_Callback
 .text.USBD_static_malloc
                0x0000000008007958        0x8 build/usbd_conf.o
                0x0000000008007958                USBD_static_malloc
 .text.USBD_static_free
                0x0000000008007960        0x2 build/usbd_conf.o
                0x0000000008007960                USBD_static_free
 .text.USBD_Get_USB_Status
                0x0000000008007962       0x14 build/usbd_conf.o
                0x0000000008007962                USBD_Get_USB_Status
 .text.USBD_LL_Start
                0x0000000008007976       0x10 build/usbd_conf.o
                0x0000000008007976                USBD_LL_Start
 .text.USBD_LL_OpenEP
                0x0000000008007986       0x16 build/usbd_conf.o
                0x0000000008007986                USBD_LL_OpenEP
 .text.USBD_LL_CloseEP
                0x000000000800799c       0x10 build/usbd_conf.o
                0x000000000800799c                USBD_LL_CloseEP
 .text.USBD_LL_StallEP
                0x00000000080079ac       0x10 build/usbd_conf.o
                0x00000000080079ac                USBD_LL_StallEP
 .text.USBD_LL_ClearStallEP
                0x00000000080079bc       0x10 build/usbd_conf.o
                0x00000000080079bc                USBD_LL_ClearStallEP
 .text.USBD_LL_SetUSBAddress
                0x00000000080079cc       0x10 build/usbd_conf.o
                0x00000000080079cc                USBD_LL_SetUSBAddress
 .text.USBD_LL_Transmit
                0x00000000080079dc       0x10 build/usbd_conf.o
                0x00000000080079dc                USBD_LL_Transmit
 .text.USBD_LL_PrepareReceive
                0x00000000080079ec       0x10 build/usbd_conf.o
                0x00000000080079ec                USBD_LL_PrepareReceive
 .text.PCD_WriteEmptyTxFifo
                0x00000000080079fc       0xd0 build/stm32f4xx_hal_pcd.o
 .text.HAL_PCD_Init
                0x0000000008007acc      0x112 build/stm32f4xx_hal_pcd.o
                0x0000000008007acc                HAL_PCD_Init
 .text.HAL_PCD_Start
                0x0000000008007bde       0x44 build/stm32f4xx_hal_pcd.o
                0x0000000008007bde                HAL_PCD_Start
 *fill*         0x0000000008007c22        0x2 
 .text.PCD_EP_OutXfrComplete_int
                0x0000000008007c24      0x104 build/stm32f4xx_hal_pcd.o
 .text.PCD_EP_OutSetupPacket_int
                0x0000000008007d28       0x50 build/stm32f4xx_hal_pcd.o
 .text.HAL_PCD_SetAddress
                0x0000000008007d78       0x26 build/stm32f4xx_hal_pcd.o
                0x0000000008007d78                HAL_PCD_SetAddress
 .text.HAL_PCD_EP_Open
                0x0000000008007d9e       0x8c build/stm32f4xx_hal_pcd.o
                0x0000000008007d9e                HAL_PCD_EP_Open
 .text.HAL_PCD_EP_Close
                0x0000000008007e2a       0x70 build/stm32f4xx_hal_pcd.o
                0x0000000008007e2a                HAL_PCD_EP_Close
 .text.HAL_PCD_EP_Receive
                0x0000000008007e9a       0x4a build/stm32f4xx_hal_pcd.o
                0x0000000008007e9a                HAL_PCD_EP_Receive
 .text.HAL_PCD_EP_GetRxCount
                0x0000000008007ee4       0x12 build/stm32f4xx_hal_pcd.o
                0x0000000008007ee4                HAL_PCD_EP_GetRxCount
 .text.HAL_PCD_EP_Transmit
                0x0000000008007ef6       0x4a build/stm32f4xx_hal_pcd.o
                0x0000000008007ef6                HAL_PCD_EP_Transmit
 .text.HAL_PCD_EP_SetStall
                0x0000000008007f40       0x86 build/stm32f4xx_hal_pcd.o
                0x0000000008007f40                HAL_PCD_EP_SetStall
 .text.HAL_PCD_EP_ClrStall
                0x0000000008007fc6       0x74 build/stm32f4xx_hal_pcd.o
                0x0000000008007fc6                HAL_PCD_EP_ClrStall
 .text.HAL_PCD_EP_Abort
                0x000000000800803a       0x34 build/stm32f4xx_hal_pcd.o
                0x000000000800803a                HAL_PCD_EP_Abort
 .text.HAL_PCD_IRQHandler
                0x000000000800806e      0x602 build/stm32f4xx_hal_pcd.o
                0x000000000800806e                HAL_PCD_IRQHandler
 .text.HAL_PCDEx_SetTxFiFo
                0x0000000008008670       0x4c build/stm32f4xx_hal_pcd_ex.o
                0x0000000008008670                HAL_PCDEx_SetTxFiFo
 .text.HAL_PCDEx_SetRxFiFo
                0x00000000080086bc        0x8 build/stm32f4xx_hal_pcd_ex.o
                0x00000000080086bc                HAL_PCDEx_SetRxFiFo
 .text.HAL_PCDEx_ActivateLPM
                0x00000000080086c4       0x26 build/stm32f4xx_hal_pcd_ex.o
                0x00000000080086c4                HAL_PCDEx_ActivateLPM
 .text.USB_CoreReset
                0x00000000080086ea       0x58 build/stm32f4xx_ll_usb.o
 .text.USB_CoreInit
                0x0000000008008742       0x92 build/stm32f4xx_ll_usb.o
                0x0000000008008742                USB_CoreInit
 .text.USB_SetTurnaroundTime
                0x00000000080087d4       0xe4 build/stm32f4xx_ll_usb.o
                0x00000000080087d4                USB_SetTurnaroundTime
 .text.USB_EnableGlobalInt
                0x00000000080088b8        0xc build/stm32f4xx_ll_usb.o
                0x00000000080088b8                USB_EnableGlobalInt
 .text.USB_DisableGlobalInt
                0x00000000080088c4        0xc build/stm32f4xx_ll_usb.o
                0x00000000080088c4                USB_DisableGlobalInt
 .text.USB_FlushTxFifo
                0x00000000080088d0       0x4a build/stm32f4xx_ll_usb.o
                0x00000000080088d0                USB_FlushTxFifo
 .text.USB_FlushRxFifo
                0x000000000800891a       0x46 build/stm32f4xx_ll_usb.o
                0x000000000800891a                USB_FlushRxFifo
 .text.USB_SetDevSpeed
                0x0000000008008960        0xe build/stm32f4xx_ll_usb.o
                0x0000000008008960                USB_SetDevSpeed
 *fill*         0x000000000800896e        0x2 
 .text.USB_DevInit
                0x0000000008008970      0x18c build/stm32f4xx_ll_usb.o
                0x0000000008008970                USB_DevInit
 .text.USB_GetDevSpeed
                0x0000000008008afc       0x22 build/stm32f4xx_ll_usb.o
                0x0000000008008afc                USB_GetDevSpeed
 .text.USB_ActivateEndpoint
                0x0000000008008b1e       0x9a build/stm32f4xx_ll_usb.o
                0x0000000008008b1e                USB_ActivateEndpoint
 .text.USB_DeactivateEndpoint
                0x0000000008008bb8       0xe0 build/stm32f4xx_ll_usb.o
                0x0000000008008bb8                USB_DeactivateEndpoint
 .text.USB_EPStopXfer
                0x0000000008008c98       0xbe build/stm32f4xx_ll_usb.o
                0x0000000008008c98                USB_EPStopXfer
 .text.USB_WritePacket
                0x0000000008008d56       0x2e build/stm32f4xx_ll_usb.o
                0x0000000008008d56                USB_WritePacket
 .text.USB_EPStartXfer
                0x0000000008008d84      0x244 build/stm32f4xx_ll_usb.o
                0x0000000008008d84                USB_EPStartXfer
 .text.USB_ReadPacket
                0x0000000008008fc8       0x46 build/stm32f4xx_ll_usb.o
                0x0000000008008fc8                USB_ReadPacket
 .text.USB_EPSetStall
                0x000000000800900e       0x5a build/stm32f4xx_ll_usb.o
                0x000000000800900e                USB_EPSetStall
 .text.USB_EPClearStall
                0x0000000008009068       0x5c build/stm32f4xx_ll_usb.o
                0x0000000008009068                USB_EPClearStall
 .text.USB_SetDevAddress
                0x00000000080090c4       0x20 build/stm32f4xx_ll_usb.o
                0x00000000080090c4                USB_SetDevAddress
 .text.USB_DevConnect
                0x00000000080090e4       0x1c build/stm32f4xx_ll_usb.o
                0x00000000080090e4                USB_DevConnect
 .text.USB_DevDisconnect
                0x0000000008009100       0x1c build/stm32f4xx_ll_usb.o
                0x0000000008009100                USB_DevDisconnect
 .text.USB_ReadInterrupts
                0x000000000800911c        0x8 build/stm32f4xx_ll_usb.o
                0x000000000800911c                USB_ReadInterrupts
 .text.USB_ReadDevAllOutEpInterrupt
                0x0000000008009124       0x10 build/stm32f4xx_ll_usb.o
                0x0000000008009124                USB_ReadDevAllOutEpInterrupt
 .text.USB_ReadDevAllInEpInterrupt
                0x0000000008009134       0x10 build/stm32f4xx_ll_usb.o
                0x0000000008009134                USB_ReadDevAllInEpInterrupt
 .text.USB_ReadDevOutEPInterrupt
                0x0000000008009144       0x12 build/stm32f4xx_ll_usb.o
                0x0000000008009144                USB_ReadDevOutEPInterrupt
 .text.USB_ReadDevInEPInterrupt
                0x0000000008009156       0x24 build/stm32f4xx_ll_usb.o
                0x0000000008009156                USB_ReadDevInEPInterrupt
 .text.USB_GetMode
                0x000000000800917a        0x8 build/stm32f4xx_ll_usb.o
                0x000000000800917a                USB_GetMode
 .text.USB_SetCurrentMode
                0x0000000008009182       0x62 build/stm32f4xx_ll_usb.o
                0x0000000008009182                USB_SetCurrentMode
 .text.USB_ActivateSetup
                0x00000000080091e4       0x1c build/stm32f4xx_ll_usb.o
                0x00000000080091e4                USB_ActivateSetup
 .text.USB_EP0_OutStart
                0x0000000008009200       0x60 build/stm32f4xx_ll_usb.o
                0x0000000008009200                USB_EP0_OutStart
 .text.USBD_Init
                0x0000000008009260       0x2e build/usbd_core.o
                0x0000000008009260                USBD_Init
 .text.USBD_RegisterClass
                0x000000000800928e       0x34 build/usbd_core.o
                0x000000000800928e                USBD_RegisterClass
 .text.USBD_Start
                0x00000000080092c2        0x8 build/usbd_core.o
                0x00000000080092c2                USBD_Start
 .text.USBD_SetClassConfig
                0x00000000080092ca       0x12 build/usbd_core.o
                0x00000000080092ca                USBD_SetClassConfig
 .text.USBD_ClrClassConfig
                0x00000000080092dc       0x12 build/usbd_core.o
                0x00000000080092dc                USBD_ClrClassConfig
 .text.USBD_LL_SetupStage
                0x00000000080092ee       0x58 build/usbd_core.o
                0x00000000080092ee                USBD_LL_SetupStage
 .text.USBD_LL_Reset
                0x0000000008009346       0x66 build/usbd_core.o
                0x0000000008009346                USBD_LL_Reset
 .text.USBD_LL_SetSpeed
                0x00000000080093ac        0x6 build/usbd_core.o
                0x00000000080093ac                USBD_LL_SetSpeed
 .text.USBD_LL_Suspend
                0x00000000080093b2       0x1e build/usbd_core.o
                0x00000000080093b2                USBD_LL_Suspend
 .text.USBD_LL_Resume
                0x00000000080093d0       0x1a build/usbd_core.o
                0x00000000080093d0                USBD_LL_Resume
 .text.USBD_LL_SOF
                0x00000000080093ea       0x22 build/usbd_core.o
                0x00000000080093ea                USBD_LL_SOF
 .text.USBD_LL_IsoINIncomplete
                0x000000000800940c       0x2e build/usbd_core.o
                0x000000000800940c                USBD_LL_IsoINIncomplete
 .text.USBD_LL_IsoOUTIncomplete
                0x000000000800943a       0x2e build/usbd_core.o
                0x000000000800943a                USBD_LL_IsoOUTIncomplete
 .text.USBD_LL_DevConnected
                0x0000000008009468        0x4 build/usbd_core.o
                0x0000000008009468                USBD_LL_DevConnected
 .text.USBD_LL_DevDisconnected
                0x000000000800946c       0x20 build/usbd_core.o
                0x000000000800946c                USBD_LL_DevDisconnected
 .text.USBD_CoreFindIF
                0x000000000800948c        0x4 build/usbd_core.o
                0x000000000800948c                USBD_CoreFindIF
 .text.USBD_CoreFindEP
                0x0000000008009490        0x4 build/usbd_core.o
                0x0000000008009490                USBD_CoreFindEP
 .text.USBD_LL_DataOutStage
                0x0000000008009494       0xca build/usbd_core.o
                0x0000000008009494                USBD_LL_DataOutStage
 .text.USBD_LL_DataInStage
                0x000000000800955e       0xd8 build/usbd_core.o
                0x000000000800955e                USBD_LL_DataInStage
 .text.USBD_GetNextDesc
                0x0000000008009636        0xe build/usbd_core.o
                0x0000000008009636                USBD_GetNextDesc
 .text.USBD_GetEpDesc
                0x0000000008009644       0x3e build/usbd_core.o
                0x0000000008009644                USBD_GetEpDesc
 .text.USBD_GetLen
                0x0000000008009682       0x14 build/usbd_ctlreq.o
 .text.USBD_ParseSetupRequest
                0x0000000008009696       0x28 build/usbd_ctlreq.o
                0x0000000008009696                USBD_ParseSetupRequest
 .text.USBD_CtlError
                0x00000000080096be       0x14 build/usbd_ctlreq.o
                0x00000000080096be                USBD_CtlError
 .text.USBD_GetDescriptor
                0x00000000080096d2      0x1ac build/usbd_ctlreq.o
 .text.USBD_SetAddress
                0x000000000800987e       0x50 build/usbd_ctlreq.o
 *fill*         0x00000000080098ce        0x2 
 .text.USBD_SetConfig
                0x00000000080098d0       0xcc build/usbd_ctlreq.o
 .text.USBD_GetConfig
                0x000000000800999c       0x40 build/usbd_ctlreq.o
 .text.USBD_GetStatus
                0x00000000080099dc       0x38 build/usbd_ctlreq.o
 .text.USBD_SetFeature
                0x0000000008009a14       0x2a build/usbd_ctlreq.o
 .text.USBD_ClrFeature
                0x0000000008009a3e       0x26 build/usbd_ctlreq.o
 .text.USBD_StdDevReq
                0x0000000008009a64       0x76 build/usbd_ctlreq.o
                0x0000000008009a64                USBD_StdDevReq
 .text.USBD_StdItfReq
                0x0000000008009ada       0x84 build/usbd_ctlreq.o
                0x0000000008009ada                USBD_StdItfReq
 .text.USBD_StdEPReq
                0x0000000008009b5e      0x232 build/usbd_ctlreq.o
                0x0000000008009b5e                USBD_StdEPReq
 .text.USBD_GetString
                0x0000000008009d90       0x46 build/usbd_ctlreq.o
                0x0000000008009d90                USBD_GetString
 .text.USBD_CtlSendData
                0x0000000008009dd6       0x1c build/usbd_ioreq.o
                0x0000000008009dd6                USBD_CtlSendData
 .text.USBD_CtlContinueSendData
                0x0000000008009df2       0x10 build/usbd_ioreq.o
                0x0000000008009df2                USBD_CtlContinueSendData
 .text.USBD_CtlPrepareRx
                0x0000000008009e02       0x22 build/usbd_ioreq.o
                0x0000000008009e02                USBD_CtlPrepareRx
 .text.USBD_CtlContinueRx
                0x0000000008009e24       0x10 build/usbd_ioreq.o
                0x0000000008009e24                USBD_CtlContinueRx
 .text.USBD_CtlSendStatus
                0x0000000008009e34       0x16 build/usbd_ioreq.o
                0x0000000008009e34                USBD_CtlSendStatus
 .text.USBD_CtlReceiveStatus
                0x0000000008009e4a       0x16 build/usbd_ioreq.o
                0x0000000008009e4a                USBD_CtlReceiveStatus
 .text.USBD_CDC_EP0_RxReady
                0x0000000008009e60       0x40 build/usbd_cdc.o
 .text.USBD_CDC_GetDeviceQualifierDescriptor
                0x0000000008009ea0        0xc build/usbd_cdc.o
                0x0000000008009ea0                USBD_CDC_GetDeviceQualifierDescriptor
 .text.USBD_CDC_GetOtherSpeedCfgDesc
                0x0000000008009eac       0x48 build/usbd_cdc.o
 .text.USBD_CDC_GetFSCfgDesc
                0x0000000008009ef4       0x48 build/usbd_cdc.o
 .text.USBD_CDC_GetHSCfgDesc
                0x0000000008009f3c       0x48 build/usbd_cdc.o
 .text.USBD_CDC_DataOut
                0x0000000008009f84       0x38 build/usbd_cdc.o
 .text.USBD_CDC_DataIn
                0x0000000008009fbc       0x7c build/usbd_cdc.o
 .text.USBD_CDC_Setup
                0x000000000800a038      0x11a build/usbd_cdc.o
 .text.USBD_CDC_DeInit
                0x000000000800a152       0x64 build/usbd_cdc.o
 .text.USBD_CDC_Init
                0x000000000800a1b6       0xee build/usbd_cdc.o
 .text.USBD_CDC_RegisterInterface
                0x000000000800a2a4       0x16 build/usbd_cdc.o
                0x000000000800a2a4                USBD_CDC_RegisterInterface
 .text.USBD_CDC_SetTxBuffer
                0x000000000800a2ba       0x1c build/usbd_cdc.o
                0x000000000800a2ba                USBD_CDC_SetTxBuffer
 .text.USBD_CDC_SetRxBuffer
                0x000000000800a2d6       0x18 build/usbd_cdc.o
                0x000000000800a2d6                USBD_CDC_SetRxBuffer
 .text.USBD_CDC_TransmitPacket
                0x000000000800a2ee       0x36 build/usbd_cdc.o
                0x000000000800a2ee                USBD_CDC_TransmitPacket
 .text.USBD_CDC_ReceivePacket
                0x000000000800a324       0x38 build/usbd_cdc.o
                0x000000000800a324                USBD_CDC_ReceivePacket
 .text.Reset_Handler
                0x000000000800a35c       0x50 build/startup_stm32f446xx.o
                0x000000000800a35c                Reset_Handler
 .text.Default_Handler
                0x000000000800a3ac        0x2 build/startup_stm32f446xx.o
                0x000000000800a3ac                RTC_Alarm_IRQHandler
                0x000000000800a3ac                EXTI2_IRQHandler
                0x000000000800a3ac                TIM8_CC_IRQHandler
                0x000000000800a3ac                FMPI2C1_EV_IRQHandler
                0x000000000800a3ac                SPI4_IRQHandler
                0x000000000800a3ac                TIM1_CC_IRQHandler
                0x000000000800a3ac                DMA2_Stream5_IRQHandler
                0x000000000800a3ac                DMA1_Stream5_IRQHandler
                0x000000000800a3ac                PVD_IRQHandler
                0x000000000800a3ac                SDIO_IRQHandler
                0x000000000800a3ac                TAMP_STAMP_IRQHandler
                0x000000000800a3ac                CAN2_RX1_IRQHandler
                0x000000000800a3ac                EXTI3_IRQHandler
                0x000000000800a3ac                TIM8_TRG_COM_TIM14_IRQHandler
                0x000000000800a3ac                TIM1_UP_TIM10_IRQHandler
                0x000000000800a3ac                TIM8_UP_TIM13_IRQHandler
                0x000000000800a3ac                I2C3_ER_IRQHandler
                0x000000000800a3ac                EXTI0_IRQHandler
                0x000000000800a3ac                I2C2_EV_IRQHandler
                0x000000000800a3ac                DMA1_Stream2_IRQHandler
                0x000000000800a3ac                CAN1_RX0_IRQHandler
                0x000000000800a3ac                FPU_IRQHandler
                0x000000000800a3ac                OTG_HS_WKUP_IRQHandler
                0x000000000800a3ac                CAN2_SCE_IRQHandler
                0x000000000800a3ac                DMA2_Stream2_IRQHandler
                0x000000000800a3ac                SPI1_IRQHandler
                0x000000000800a3ac                TIM6_DAC_IRQHandler
                0x000000000800a3ac                TIM1_BRK_TIM9_IRQHandler
                0x000000000800a3ac                DCMI_IRQHandler
                0x000000000800a3ac                CAN2_RX0_IRQHandler
                0x000000000800a3ac                DMA2_Stream3_IRQHandler
                0x000000000800a3ac                SAI2_IRQHandler
                0x000000000800a3ac                USART6_IRQHandler
                0x000000000800a3ac                USART3_IRQHandler
                0x000000000800a3ac                CAN1_RX1_IRQHandler
                0x000000000800a3ac                UART5_IRQHandler
                0x000000000800a3ac                TIM4_IRQHandler
                0x000000000800a3ac                QUADSPI_IRQHandler
                0x000000000800a3ac                I2C1_EV_IRQHandler
                0x000000000800a3ac                DMA1_Stream6_IRQHandler
                0x000000000800a3ac                DMA1_Stream1_IRQHandler
                0x000000000800a3ac                UART4_IRQHandler
                0x000000000800a3ac                TIM3_IRQHandler
                0x000000000800a3ac                RCC_IRQHandler
                0x000000000800a3ac                TIM8_BRK_TIM12_IRQHandler
                0x000000000800a3ac                Default_Handler
                0x000000000800a3ac                CEC_IRQHandler
                0x000000000800a3ac                EXTI15_10_IRQHandler
                0x000000000800a3ac                ADC_IRQHandler
                0x000000000800a3ac                DMA1_Stream7_IRQHandler
                0x000000000800a3ac                TIM7_IRQHandler
                0x000000000800a3ac                CAN2_TX_IRQHandler
                0x000000000800a3ac                TIM5_IRQHandler
                0x000000000800a3ac                DMA2_Stream7_IRQHandler
                0x000000000800a3ac                I2C3_EV_IRQHandler
                0x000000000800a3ac                EXTI9_5_IRQHandler
                0x000000000800a3ac                RTC_WKUP_IRQHandler
                0x000000000800a3ac                SPDIF_RX_IRQHandler
                0x000000000800a3ac                SPI2_IRQHandler
                0x000000000800a3ac                OTG_HS_EP1_IN_IRQHandler
                0x000000000800a3ac                DMA1_Stream0_IRQHandler
                0x000000000800a3ac                CAN1_TX_IRQHandler
                0x000000000800a3ac                FMPI2C1_ER_IRQHandler
                0x000000000800a3ac                EXTI4_IRQHandler
                0x000000000800a3ac                OTG_HS_EP1_OUT_IRQHandler
                0x000000000800a3ac                WWDG_IRQHandler
                0x000000000800a3ac                TIM2_IRQHandler
                0x000000000800a3ac                OTG_FS_WKUP_IRQHandler
                0x000000000800a3ac                TIM1_TRG_COM_TIM11_IRQHandler
                0x000000000800a3ac                OTG_HS_IRQHandler
                0x000000000800a3ac                EXTI1_IRQHandler
                0x000000000800a3ac                USART2_IRQHandler
                0x000000000800a3ac                I2C2_ER_IRQHandler
                0x000000000800a3ac                DMA2_Stream1_IRQHandler
                0x000000000800a3ac                CAN1_SCE_IRQHandler
                0x000000000800a3ac                FLASH_IRQHandler
                0x000000000800a3ac                DMA2_Stream4_IRQHandler
                0x000000000800a3ac                USART1_IRQHandler
                0x000000000800a3ac                SPI3_IRQHandler
                0x000000000800a3ac                DMA1_Stream4_IRQHandler
                0x000000000800a3ac                I2C1_ER_IRQHandler
                0x000000000800a3ac                FMC_IRQHandler
                0x000000000800a3ac                DMA2_Stream6_IRQHandler
                0x000000000800a3ac                SAI1_IRQHandler
                0x000000000800a3ac                DMA1_Stream3_IRQHandler
 *(.glue_7)
 .glue_7        0x000000000800a3ae        0x0 linker stubs
 *(.glue_7t)
 .glue_7t       0x000000000800a3ae        0x0 linker stubs
 *(.eh_frame)
 *fill*         0x000000000800a3ae        0x2 
 .eh_frame      0x000000000800a3b0        0x0 /usr/lib/gcc/arm-none-eabi/9.2.1/thumb/v7e-m+fp/hard/crtbegin.o
 *(.init)
 .init          0x000000000800a3b0        0x4 /usr/lib/gcc/arm-none-eabi/9.2.1/thumb/v7e-m+fp/hard/crti.o
                0x000000000800a3b0                _init
 .init          0x000000000800a3b4        0x8 /usr/lib/gcc/arm-none-eabi/9.2.1/thumb/v7e-m+fp/hard/crtn.o
 *(.fini)
 .fini          0x000000000800a3bc        0x4 /usr/lib/gcc/arm-none-eabi/9.2.1/thumb/v7e-m+fp/hard/crti.o
                0x000000000800a3bc                _fini
 .fini          0x000000000800a3c0        0x8 /usr/lib/gcc/arm-none-eabi/9.2.1/thumb/v7e-m+fp/hard/crtn.o
                0x000000000800a3c8                . = ALIGN (0x4)
                0x000000000800a3c8                _etext = .

.vfp11_veneer   0x000000000800a3c8        0x0
 .vfp11_veneer  0x000000000800a3c8        0x0 linker stubs

.v4_bx          0x000000000800a3c8        0x0
 .v4_bx         0x000000000800a3c8        0x0 linker stubs

.iplt           0x000000000800a3c8        0x0
 .iplt          0x000000000800a3c8        0x0 /usr/lib/gcc/arm-none-eabi/9.2.1/thumb/v7e-m+fp/hard/crtbegin.o

.rodata         0x000000000800a3c8      0x44c
                0x000000000800a3c8                . = ALIGN (0x4)
 *(.rodata)
 .rodata        0x000000000800a3c8        0x4 /usr/lib/gcc/arm-none-eabi/9.2.1/../../../arm-none-eabi/lib/thumb/v7e-m+fp/hard/libc_nano.a(lib_a-impure.o)
                0x000000000800a3c8                _global_impure_ptr
 *fill*         0x000000000800a3cc        0x4 
 .rodata        0x000000000800a3d0      0x128 /usr/lib/gcc/arm-none-eabi/9.2.1/../../../arm-none-eabi/lib/thumb/v7e-m+fp/hard/libc_nano.a(lib_a-mprec.o)
                0x000000000800a3e0                __mprec_tens
                0x000000000800a4a8                __mprec_tinytens
                0x000000000800a4d0                __mprec_bigtens
 .rodata        0x000000000800a4f8      0x101 /usr/lib/gcc/arm-none-eabi/9.2.1/../../../arm-none-eabi/lib/thumb/v7e-m+fp/hard/libc_nano.a(lib_a-ctype_.o)
                0x000000000800a4f8                _ctype_
 *fill*         0x000000000800a5f9        0x3 
 .rodata        0x000000000800a5fc       0x60 /usr/lib/gcc/arm-none-eabi/9.2.1/../../../arm-none-eabi/lib/thumb/v7e-m+fp/hard/libc_nano.a(lib_a-findfp.o)
                0x000000000800a5fc                __sf_fake_stderr
                0x000000000800a61c                __sf_fake_stdout
                0x000000000800a63c                __sf_fake_stdin
 *(.rodata*)
 .rodata.Data_Send.str1.4
                0x000000000800a65c        0xb build/main.o
 *fill*         0x000000000800a667        0x1 
 .rodata.flagBitshiftOffset.0
                0x000000000800a668        0x8 build/stm32f4xx_hal_dma.o
 .rodata.APBPrescTable
                0x000000000800a670        0x8 build/system_stm32f4xx.o
                0x000000000800a670                APBPrescTable
 .rodata.AHBPrescTable
                0x000000000800a678       0x10 build/system_stm32f4xx.o
                0x000000000800a678                AHBPrescTable
 .rodata.USBD_FS_ProductStrDescriptor.str1.4
                0x000000000800a688       0x16 build/usbd_desc.o
 *fill*         0x000000000800a69e        0x2 
 .rodata.USBD_FS_ManufacturerStrDescriptor.str1.4
                0x000000000800a6a0       0x13 build/usbd_desc.o
 *fill*         0x000000000800a6b3        0x1 
 .rodata.USBD_FS_ConfigStrDescriptor.str1.4
                0x000000000800a6b4        0xb build/usbd_desc.o
 *fill*         0x000000000800a6bf        0x1 
 .rodata.USBD_FS_InterfaceStrDescriptor.str1.4
                0x000000000800a6c0        0xe build/usbd_desc.o
 *fill*         0x000000000800a6ce        0x2 
 .rodata.str1.4
                0x000000000800a6d0       0x12 /usr/lib/gcc/arm-none-eabi/9.2.1/../../../arm-none-eabi/lib/thumb/v7e-m+fp/hard/libc_nano.a(lib_a-nano-vfprintf_float.o)
 *fill*         0x000000000800a6e2        0x2 
 .rodata.str1.4
                0x000000000800a6e4       0x25 /usr/lib/gcc/arm-none-eabi/9.2.1/../../../arm-none-eabi/lib/thumb/v7e-m+fp/hard/libc_nano.a(lib_a-nano-vfprintf_i.o)
 *fill*         0x000000000800a709        0x3 
 .rodata.str1.4
                0x000000000800a70c       0x6d /usr/lib/gcc/arm-none-eabi/9.2.1/../../../arm-none-eabi/lib/thumb/v7e-m+fp/hard/libc_nano.a(lib_a-dtoa.o)
                                         0x71 (size before relaxing)
 *fill*         0x000000000800a779        0x3 
 .rodata.str1.4
                0x000000000800a77c       0x33 /usr/lib/gcc/arm-none-eabi/9.2.1/../../../arm-none-eabi/lib/thumb/v7e-m+fp/hard/libc_nano.a(lib_a-mprec.o)
                                         0x5d (size before relaxing)
 *fill*         0x000000000800a7af        0x1 
 .rodata.str1.4
                0x000000000800a7b0       0x13 /usr/lib/gcc/arm-none-eabi/9.2.1/../../../arm-none-eabi/lib/thumb/v7e-m+fp/hard/libc_nano.a(lib_a-nano-svfprintf.o)
 *fill*         0x000000000800a7c3        0x1 
 .rodata.str1.4
                0x000000000800a7c4       0x3f /usr/lib/gcc/arm-none-eabi/9.2.1/../../../arm-none-eabi/lib/thumb/v7e-m+fp/hard/libc_nano.a(lib_a-assert.o)
                                         0x43 (size before relaxing)
 *fill*         0x000000000800a803        0x1 
 .rodata.str1.4
                0x000000000800a804        0xe /usr/lib/gcc/arm-none-eabi/9.2.1/../../../arm-none-eabi/lib/thumb/v7e-m+fp/hard/libc_nano.a(lib_a-locale.o)
                                         0x12 (size before relaxing)
 .rodata.str1.4
                0x000000000800a812       0x13 /usr/lib/gcc/arm-none-eabi/9.2.1/../../../arm-none-eabi/lib/thumb/v7e-m+fp/hard/libc_nano.a(lib_a-nano-vfprintf.o)
                0x000000000800a828                . = ALIGN (0x4)
 *fill*         0x000000000800a812        0x2 

.ARM.extab      0x000000000800a814        0x0
                0x000000000800a814                . = ALIGN (0x4)
 *(.ARM.extab* .gnu.linkonce.armextab.*)
                0x000000000800a814                . = ALIGN (0x4)

.ARM            0x000000000800a814        0x8
                0x000000000800a814                . = ALIGN (0x4)
                0x000000000800a814                __exidx_start = .
 *(.ARM.exidx*)
 .ARM.exidx     0x000000000800a814        0x8 /usr/lib/gcc/arm-none-eabi/9.2.1/thumb/v7e-m+fp/hard/libgcc.a(_udivmoddi4.o)
                0x000000000800a81c                __exidx_end = .
                0x000000000800a81c                . = ALIGN (0x4)

.rel.dyn        0x000000000800a81c        0x0
 .rel.iplt      0x000000000800a81c        0x0 /usr/lib/gcc/arm-none-eabi/9.2.1/thumb/v7e-m+fp/hard/crtbegin.o

.preinit_array  0x000000000800a81c        0x0
                0x000000000800a81c                . = ALIGN (0x4)
                0x000000000800a81c                PROVIDE (__preinit_array_start = .)
 *(.preinit_array*)
                0x000000000800a81c                PROVIDE (__preinit_array_end = .)
                0x000000000800a81c                . = ALIGN (0x4)

.init_array     0x000000000800a81c        0x4
                0x000000000800a81c                . = ALIGN (0x4)
                0x000000000800a81c                PROVIDE (__init_array_start = .)
 *(SORT_BY_NAME(.init_array.*))
 *(.init_array*)
 .init_array    0x000000000800a81c        0x4 /usr/lib/gcc/arm-none-eabi/9.2.1/thumb/v7e-m+fp/hard/crtbegin.o
                0x000000000800a820                PROVIDE (__init_array_end = .)
                0x000000000800a820                . = ALIGN (0x4)

.fini_array     0x000000000800a820        0x4
                0x000000000800a820                . = ALIGN (0x4)
                0x000000000800a820                PROVIDE (__fini_array_start = .)
 *(SORT_BY_NAME(.fini_array.*))
 *(.fini_array*)
 .fini_array    0x000000000800a820        0x4 /usr/lib/gcc/arm-none-eabi/9.2.1/thumb/v7e-m+fp/hard/crtbegin.o
                0x000000000800a824                PROVIDE (__fini_array_end = .)
                0x000000000800a824                . = ALIGN (0x4)
                0x000000000800a824                _sidata = LOADADDR (.data)

.data           0x0000000020000000      0x2d8 load address 0x000000000800a824
                0x0000000020000000                . = ALIGN (0x4)
                0x0000000020000000                _sdata = .
 *(.data)
 .data          0x0000000020000000       0x64 /usr/lib/gcc/arm-none-eabi/9.2.1/../../../arm-none-eabi/lib/thumb/v7e-m+fp/hard/libc_nano.a(lib_a-impure.o)
                0x0000000020000000                _impure_ptr
 .data          0x0000000020000064      0x16c /usr/lib/gcc/arm-none-eabi/9.2.1/../../../arm-none-eabi/lib/thumb/v7e-m+fp/hard/libc_nano.a(lib_a-locale.o)
                0x0000000020000064                __global_locale
 *(.data*)
 .data.uwTickFreq
                0x00000000200001d0        0x1 build/stm32f4xx_hal.o
                0x00000000200001d0                uwTickFreq
 *fill*         0x00000000200001d1        0x3 
 .data.uwTickPrio
                0x00000000200001d4        0x4 build/stm32f4xx_hal.o
                0x00000000200001d4                uwTickPrio
 .data.SystemCoreClock
                0x00000000200001d8        0x4 build/system_stm32f4xx.o
                0x00000000200001d8                SystemCoreClock
 .data.USBD_StringSerial
                0x00000000200001dc       0x1a build/usbd_desc.o
                0x00000000200001dc                USBD_StringSerial
 *fill*         0x00000000200001f6        0x2 
 .data.USBD_LangIDDesc
                0x00000000200001f8        0x4 build/usbd_desc.o
                0x00000000200001f8                USBD_LangIDDesc
 .data.USBD_FS_BOSDesc
                0x00000000200001fc        0xc build/usbd_desc.o
                0x00000000200001fc                USBD_FS_BOSDesc
 .data.USBD_FS_DeviceDesc
                0x0000000020000208       0x12 build/usbd_desc.o
                0x0000000020000208                USBD_FS_DeviceDesc
 *fill*         0x000000002000021a        0x2 
 .data.FS_Desc  0x000000002000021c       0x20 build/usbd_desc.o
                0x000000002000021c                FS_Desc
 .data.USBD_Interface_fops_FS
                0x000000002000023c       0x14 build/usbd_cdc_if.o
                0x000000002000023c                USBD_Interface_fops_FS
 .data.USBD_CDC_CfgDesc
                0x0000000020000250       0x43 build/usbd_cdc.o
 *fill*         0x0000000020000293        0x1 
 .data.USBD_CDC
                0x0000000020000294       0x38 build/usbd_cdc.o
                0x0000000020000294                USBD_CDC
 .data.USBD_CDC_DeviceQualifierDesc
                0x00000000200002cc        0xa build/usbd_cdc.o
 *(.RamFunc)
 *(.RamFunc*)
                0x00000000200002d8                . = ALIGN (0x4)
 *fill*         0x00000000200002d6        0x2 
                0x00000000200002d8                _edata = .

.tm_clone_table
                0x00000000200002d8        0x0 load address 0x000000000800aafc
 .tm_clone_table
                0x00000000200002d8        0x0 /usr/lib/gcc/arm-none-eabi/9.2.1/thumb/v7e-m+fp/hard/crtbegin.o
 .tm_clone_table
                0x00000000200002d8        0x0 /usr/lib/gcc/arm-none-eabi/9.2.1/thumb/v7e-m+fp/hard/crtend.o

.igot.plt       0x00000000200002d8        0x0 load address 0x000000000800aafc
 .igot.plt      0x00000000200002d8        0x0 /usr/lib/gcc/arm-none-eabi/9.2.1/thumb/v7e-m+fp/hard/crtbegin.o
                0x00000000200002d8                . = ALIGN (0x4)

.bss            0x00000000200002d8     0x1d2c load address 0x000000000800aafc
                0x00000000200002d8                _sbss = .
                0x00000000200002d8                __bss_start__ = _sbss
 *(.bss)
 .bss           0x00000000200002d8       0x1c /usr/lib/gcc/arm-none-eabi/9.2.1/thumb/v7e-m+fp/hard/crtbegin.o
 .bss           0x00000000200002f4       0x10 build/microphone_sensor.o
                0x00000000200002f4                dma_buffer
 .bss           0x0000000020000304        0x8 /usr/lib/gcc/arm-none-eabi/9.2.1/../../../arm-none-eabi/lib/thumb/v7e-m+fp/hard/libc_nano.a(lib_a-nano-mallocr.o)
                0x0000000020000304                __malloc_free_list
                0x0000000020000308                __malloc_sbrk_start
 *(.bss*)
 .bss.uwTick    0x000000002000030c        0x4 build/stm32f4xx_hal.o
                0x000000002000030c                uwTick
 .bss.__sbrk_heap_end
                0x0000000020000310        0x4 build/sysmem.o
 .bss.hdma_spi1_rx
                0x0000000020000314       0x60 build/i2s.o
                0x0000000020000314                hdma_spi1_rx
 .bss.hi2s1     0x0000000020000374       0x48 build/i2s.o
                0x0000000020000374                hi2s1
 .bss.hUsbDeviceFS
                0x00000000200003bc      0x2dc build/usb_device.o
                0x00000000200003bc                hUsbDeviceFS
 .bss.USBD_StrDesc
                0x0000000020000698      0x200 build/usbd_desc.o
                0x0000000020000698                USBD_StrDesc
 .bss.UserTxBufferFS
                0x0000000020000898      0x800 build/usbd_cdc_if.o
                0x0000000020000898                UserTxBufferFS
 .bss.UserRxBufferFS
                0x0000000020001098      0x800 build/usbd_cdc_if.o
                0x0000000020001098                UserRxBufferFS
 .bss.mem.0     0x0000000020001898      0x220 build/usbd_conf.o
 .bss.hpcd_USB_OTG_FS
                0x0000000020001ab8      0x4e4 build/usbd_conf.o
                0x0000000020001ab8                hpcd_USB_OTG_FS
 .bss.cfgidx.0  0x0000000020001f9c        0x1 build/usbd_ctlreq.o
 *(COMMON)
 *fill*         0x0000000020001f9d        0x3 
 COMMON         0x0000000020001fa0        0xc build/main.o
                0x0000000020001fa0                mic
 COMMON         0x0000000020001fac       0x54 build/i2c.o
                0x0000000020001fac                hi2c1
 COMMON         0x0000000020002000        0x4 /usr/lib/gcc/arm-none-eabi/9.2.1/../../../arm-none-eabi/lib/thumb/v7e-m+fp/hard/libc_nano.a(lib_a-reent.o)
                0x0000000020002000                errno
                0x0000000020002004                . = ALIGN (0x4)
                0x0000000020002004                _ebss = .
                0x0000000020002004                __bss_end__ = _ebss

._user_heap_stack
                0x0000000020002004      0x604 load address 0x000000000800aafc
                0x0000000020002008                . = ALIGN (0x8)
 *fill*         0x0000000020002004        0x4 
                [!provide]                        PROVIDE (end = .)
                0x0000000020002008                PROVIDE (_end = .)
                0x0000000020002208                . = (. + _Min_Heap_Size)
 *fill*         0x0000000020002008      0x200 
                0x0000000020002608                . = (. + _Min_Stack_Size)
 *fill*         0x0000000020002208      0x400 
                0x0000000020002608                . = ALIGN (0x8)

/DISCARD/
 libc.a(*)
 libm.a(*)
 libgcc.a(*)
OUTPUT(build/finger.elf elf32-littlearm)
LOAD linker stubs
LOAD /usr/lib/gcc/arm-none-eabi/9.2.1/../../../arm-none-eabi/lib/thumb/v7e-m+fp/hard/libc.a
LOAD /usr/lib/gcc/arm-none-eabi/9.2.1/../../../arm-none-eabi/lib/thumb/v7e-m+fp/hard/libm.a
LOAD /usr/lib/gcc/arm-none-eabi/9.2.1/thumb/v7e-m+fp/hard/libgcc.a

.ARM.attributes
                0x0000000000000000       0x30
 .ARM.attributes
                0x0000000000000000       0x1e /usr/lib/gcc/arm-none-eabi/9.2.1/thumb/v7e-m+fp/hard/crti.o
 .ARM.attributes
                0x000000000000001e       0x34 /usr/lib/gcc/arm-none-eabi/9.2.1/thumb/v7e-m+fp/hard/crtbegin.o
 .ARM.attributes
                0x0000000000000052       0x34 build/main.o
 .ARM.attributes
                0x0000000000000086       0x34 build/gpio.o
 .ARM.attributes
                0x00000000000000ba       0x34 build/i2c.o
 .ARM.attributes
                0x00000000000000ee       0x34 build/stm32f4xx_it.o
 .ARM.attributes
                0x0000000000000122       0x34 build/stm32f4xx_hal_msp.o
 .ARM.attributes
                0x0000000000000156       0x34 build/microphone_sensor.o
 .ARM.attributes
                0x000000000000018a       0x34 build/methods.o
 .ARM.attributes
                0x00000000000001be       0x34 build/stm32f4xx_hal_i2c.o
 .ARM.attributes
                0x00000000000001f2       0x34 build/stm32f4xx_hal_rcc.o
 .ARM.attributes
                0x0000000000000226       0x34 build/stm32f4xx_hal_rcc_ex.o
 .ARM.attributes
                0x000000000000025a       0x34 build/stm32f4xx_hal_gpio.o
 .ARM.attributes
                0x000000000000028e       0x34 build/stm32f4xx_hal_dma.o
 .ARM.attributes
                0x00000000000002c2       0x34 build/stm32f4xx_hal_cortex.o
 .ARM.attributes
                0x00000000000002f6       0x34 build/stm32f4xx_hal.o
 .ARM.attributes
                0x000000000000032a       0x34 build/system_stm32f4xx.o
 .ARM.attributes
                0x000000000000035e       0x34 build/sysmem.o
 .ARM.attributes
                0x0000000000000392       0x34 build/syscalls.o
 .ARM.attributes
                0x00000000000003c6       0x34 build/dma.o
 .ARM.attributes
                0x00000000000003fa       0x34 build/i2s.o
 .ARM.attributes
                0x000000000000042e       0x34 build/stm32f4xx_hal_i2s.o
 .ARM.attributes
                0x0000000000000462       0x34 build/usb_device.o
 .ARM.attributes
                0x0000000000000496       0x34 build/usbd_desc.o
 .ARM.attributes
                0x00000000000004ca       0x34 build/usbd_cdc_if.o
 .ARM.attributes
                0x00000000000004fe       0x34 build/usbd_conf.o
 .ARM.attributes
                0x0000000000000532       0x34 build/stm32f4xx_hal_pcd.o
 .ARM.attributes
                0x0000000000000566       0x34 build/stm32f4xx_hal_pcd_ex.o
 .ARM.attributes
                0x000000000000059a       0x34 build/stm32f4xx_ll_usb.o
 .ARM.attributes
                0x00000000000005ce       0x34 build/usbd_core.o
 .ARM.attributes
                0x0000000000000602       0x34 build/usbd_ctlreq.o
 .ARM.attributes
                0x0000000000000636       0x34 build/usbd_ioreq.o
 .ARM.attributes
                0x000000000000066a       0x34 build/usbd_cdc.o
 .ARM.attributes
                0x000000000000069e       0x21 build/startup_stm32f446xx.o
 .ARM.attributes
                0x00000000000006bf       0x34 /usr/lib/gcc/arm-none-eabi/9.2.1/../../../arm-none-eabi/lib/thumb/v7e-m+fp/hard/libc_nano.a(lib_a-errno.o)
 .ARM.attributes
                0x00000000000006f3       0x32 /usr/lib/gcc/arm-none-eabi/9.2.1/../../../arm-none-eabi/lib/thumb/v7e-m+fp/hard/libc_nano.a(lib_a-impure.o)
 .ARM.attributes
                0x0000000000000725       0x34 /usr/lib/gcc/arm-none-eabi/9.2.1/../../../arm-none-eabi/lib/thumb/v7e-m+fp/hard/libc_nano.a(lib_a-init.o)
 .ARM.attributes
                0x0000000000000759       0x34 /usr/lib/gcc/arm-none-eabi/9.2.1/../../../arm-none-eabi/lib/thumb/v7e-m+fp/hard/libc_nano.a(lib_a-memset.o)
 .ARM.attributes
                0x000000000000078d       0x34 /usr/lib/gcc/arm-none-eabi/9.2.1/../../../arm-none-eabi/lib/thumb/v7e-m+fp/hard/libc_nano.a(lib_a-nano-vfprintf_float.o)
 .ARM.attributes
                0x00000000000007c1       0x34 /usr/lib/gcc/arm-none-eabi/9.2.1/../../../arm-none-eabi/lib/thumb/v7e-m+fp/hard/libc_nano.a(lib_a-nano-vfprintf_i.o)
 .ARM.attributes
                0x00000000000007f5       0x34 /usr/lib/gcc/arm-none-eabi/9.2.1/../../../arm-none-eabi/lib/thumb/v7e-m+fp/hard/libc_nano.a(lib_a-snprintf.o)
 .ARM.attributes
                0x0000000000000829       0x1c /usr/lib/gcc/arm-none-eabi/9.2.1/../../../arm-none-eabi/lib/thumb/v7e-m+fp/hard/libc_nano.a(lib_a-strlen.o)
 .ARM.attributes
                0x0000000000000845       0x34 /usr/lib/gcc/arm-none-eabi/9.2.1/../../../arm-none-eabi/lib/thumb/v7e-m+fp/hard/libc_nano.a(lib_a-dtoa.o)
 .ARM.attributes
                0x0000000000000879       0x34 /usr/lib/gcc/arm-none-eabi/9.2.1/../../../arm-none-eabi/lib/thumb/v7e-m+fp/hard/libc_nano.a(lib_a-localeconv.o)
 .ARM.attributes
                0x00000000000008ad       0x34 /usr/lib/gcc/arm-none-eabi/9.2.1/../../../arm-none-eabi/lib/thumb/v7e-m+fp/hard/libc_nano.a(lib_a-malloc.o)
 .ARM.attributes
                0x00000000000008e1       0x1c /usr/lib/gcc/arm-none-eabi/9.2.1/../../../arm-none-eabi/lib/thumb/v7e-m+fp/hard/libc_nano.a(lib_a-memchr.o)
 .ARM.attributes
                0x00000000000008fd       0x1c /usr/lib/gcc/arm-none-eabi/9.2.1/../../../arm-none-eabi/lib/thumb/v7e-m+fp/hard/libc_nano.a(lib_a-memcpy.o)
 .ARM.attributes
                0x0000000000000919       0x34 /usr/lib/gcc/arm-none-eabi/9.2.1/../../../arm-none-eabi/lib/thumb/v7e-m+fp/hard/libc_nano.a(lib_a-mprec.o)
 .ARM.attributes
                0x000000000000094d       0x34 /usr/lib/gcc/arm-none-eabi/9.2.1/../../../arm-none-eabi/lib/thumb/v7e-m+fp/hard/libc_nano.a(lib_a-nano-callocr.o)
 .ARM.attributes
                0x0000000000000981       0x34 /usr/lib/gcc/arm-none-eabi/9.2.1/../../../arm-none-eabi/lib/thumb/v7e-m+fp/hard/libc_nano.a(lib_a-nano-freer.o)
 .ARM.attributes
                0x00000000000009b5       0x34 /usr/lib/gcc/arm-none-eabi/9.2.1/../../../arm-none-eabi/lib/thumb/v7e-m+fp/hard/libc_nano.a(lib_a-nano-mallocr.o)
 .ARM.attributes
                0x00000000000009e9       0x34 /usr/lib/gcc/arm-none-eabi/9.2.1/../../../arm-none-eabi/lib/thumb/v7e-m+fp/hard/libc_nano.a(lib_a-nano-svfprintf.o)
 .ARM.attributes
                0x0000000000000a1d       0x34 /usr/lib/gcc/arm-none-eabi/9.2.1/../../../arm-none-eabi/lib/thumb/v7e-m+fp/hard/libc_nano.a(lib_a-sbrkr.o)
 .ARM.attributes
                0x0000000000000a51       0x34 /usr/lib/gcc/arm-none-eabi/9.2.1/../../../arm-none-eabi/lib/thumb/v7e-m+fp/hard/libc_nano.a(lib_a-assert.o)
 .ARM.attributes
                0x0000000000000a85       0x34 /usr/lib/gcc/arm-none-eabi/9.2.1/../../../arm-none-eabi/lib/thumb/v7e-m+fp/hard/libc_nano.a(lib_a-fprintf.o)
 .ARM.attributes
                0x0000000000000ab9       0x34 /usr/lib/gcc/arm-none-eabi/9.2.1/../../../arm-none-eabi/lib/thumb/v7e-m+fp/hard/libc_nano.a(lib_a-locale.o)
 .ARM.attributes
                0x0000000000000aed       0x34 /usr/lib/gcc/arm-none-eabi/9.2.1/../../../arm-none-eabi/lib/thumb/v7e-m+fp/hard/libc_nano.a(lib_a-mbtowc_r.o)
 .ARM.attributes
                0x0000000000000b21       0x34 /usr/lib/gcc/arm-none-eabi/9.2.1/../../../arm-none-eabi/lib/thumb/v7e-m+fp/hard/libc_nano.a(lib_a-memmove.o)
 .ARM.attributes
                0x0000000000000b55       0x34 /usr/lib/gcc/arm-none-eabi/9.2.1/../../../arm-none-eabi/lib/thumb/v7e-m+fp/hard/libc_nano.a(lib_a-mlock.o)
 .ARM.attributes
                0x0000000000000b89       0x34 /usr/lib/gcc/arm-none-eabi/9.2.1/../../../arm-none-eabi/lib/thumb/v7e-m+fp/hard/libc_nano.a(lib_a-nano-reallocr.o)
 .ARM.attributes
                0x0000000000000bbd       0x34 /usr/lib/gcc/arm-none-eabi/9.2.1/../../../arm-none-eabi/lib/thumb/v7e-m+fp/hard/libc_nano.a(lib_a-nano-vfprintf.o)
 .ARM.attributes
                0x0000000000000bf1       0x34 /usr/lib/gcc/arm-none-eabi/9.2.1/../../../arm-none-eabi/lib/thumb/v7e-m+fp/hard/libc_nano.a(lib_a-reent.o)
 .ARM.attributes
                0x0000000000000c25       0x34 /usr/lib/gcc/arm-none-eabi/9.2.1/../../../arm-none-eabi/lib/thumb/v7e-m+fp/hard/libc_nano.a(lib_a-wbuf.o)
 .ARM.attributes
                0x0000000000000c59       0x34 /usr/lib/gcc/arm-none-eabi/9.2.1/../../../arm-none-eabi/lib/thumb/v7e-m+fp/hard/libc_nano.a(lib_a-wctomb_r.o)
 .ARM.attributes
                0x0000000000000c8d       0x34 /usr/lib/gcc/arm-none-eabi/9.2.1/../../../arm-none-eabi/lib/thumb/v7e-m+fp/hard/libc_nano.a(lib_a-wsetup.o)
 .ARM.attributes
                0x0000000000000cc1       0x34 /usr/lib/gcc/arm-none-eabi/9.2.1/../../../arm-none-eabi/lib/thumb/v7e-m+fp/hard/libc_nano.a(lib_a-abort.o)
 .ARM.attributes
                0x0000000000000cf5       0x32 /usr/lib/gcc/arm-none-eabi/9.2.1/../../../arm-none-eabi/lib/thumb/v7e-m+fp/hard/libc_nano.a(lib_a-ctype_.o)
 .ARM.attributes
                0x0000000000000d27       0x34 /usr/lib/gcc/arm-none-eabi/9.2.1/../../../arm-none-eabi/lib/thumb/v7e-m+fp/hard/libc_nano.a(lib_a-fflush.o)
 .ARM.attributes
                0x0000000000000d5b       0x34 /usr/lib/gcc/arm-none-eabi/9.2.1/../../../arm-none-eabi/lib/thumb/v7e-m+fp/hard/libc_nano.a(lib_a-findfp.o)
 .ARM.attributes
                0x0000000000000d8f       0x34 /usr/lib/gcc/arm-none-eabi/9.2.1/../../../arm-none-eabi/lib/thumb/v7e-m+fp/hard/libc_nano.a(lib_a-fvwrite.o)
 .ARM.attributes
                0x0000000000000dc3       0x34 /usr/lib/gcc/arm-none-eabi/9.2.1/../../../arm-none-eabi/lib/thumb/v7e-m+fp/hard/libc_nano.a(lib_a-fwalk.o)
 .ARM.attributes
                0x0000000000000df7       0x34 /usr/lib/gcc/arm-none-eabi/9.2.1/../../../arm-none-eabi/lib/thumb/v7e-m+fp/hard/libc_nano.a(lib_a-makebuf.o)
 .ARM.attributes
                0x0000000000000e2b       0x34 /usr/lib/gcc/arm-none-eabi/9.2.1/../../../arm-none-eabi/lib/thumb/v7e-m+fp/hard/libc_nano.a(lib_a-nano-msizer.o)
 .ARM.attributes
                0x0000000000000e5f       0x34 /usr/lib/gcc/arm-none-eabi/9.2.1/../../../arm-none-eabi/lib/thumb/v7e-m+fp/hard/libc_nano.a(lib_a-signal.o)
 .ARM.attributes
                0x0000000000000e93       0x34 /usr/lib/gcc/arm-none-eabi/9.2.1/../../../arm-none-eabi/lib/thumb/v7e-m+fp/hard/libc_nano.a(lib_a-signalr.o)
 .ARM.attributes
                0x0000000000000ec7       0x34 /usr/lib/gcc/arm-none-eabi/9.2.1/../../../arm-none-eabi/lib/thumb/v7e-m+fp/hard/libc_nano.a(lib_a-stdio.o)
 .ARM.attributes
                0x0000000000000efb       0x34 /usr/lib/gcc/arm-none-eabi/9.2.1/../../../arm-none-eabi/lib/thumb/v7e-m+fp/hard/libc_nano.a(lib_a-writer.o)
 .ARM.attributes
                0x0000000000000f2f       0x34 /usr/lib/gcc/arm-none-eabi/9.2.1/../../../arm-none-eabi/lib/thumb/v7e-m+fp/hard/libc_nano.a(lib_a-closer.o)
 .ARM.attributes
                0x0000000000000f63       0x34 /usr/lib/gcc/arm-none-eabi/9.2.1/../../../arm-none-eabi/lib/thumb/v7e-m+fp/hard/libc_nano.a(lib_a-fstatr.o)
 .ARM.attributes
                0x0000000000000f97       0x34 /usr/lib/gcc/arm-none-eabi/9.2.1/../../../arm-none-eabi/lib/thumb/v7e-m+fp/hard/libc_nano.a(lib_a-isattyr.o)
 .ARM.attributes
                0x0000000000000fcb       0x34 /usr/lib/gcc/arm-none-eabi/9.2.1/../../../arm-none-eabi/lib/thumb/v7e-m+fp/hard/libc_nano.a(lib_a-lseekr.o)
 .ARM.attributes
                0x0000000000000fff       0x34 /usr/lib/gcc/arm-none-eabi/9.2.1/../../../arm-none-eabi/lib/thumb/v7e-m+fp/hard/libc_nano.a(lib_a-readr.o)
 .ARM.attributes
                0x0000000000001033       0x1e /usr/lib/gcc/arm-none-eabi/9.2.1/thumb/v7e-m+fp/hard/libgcc.a(_arm_addsubdf3.o)
 .ARM.attributes
                0x0000000000001051       0x1e /usr/lib/gcc/arm-none-eabi/9.2.1/thumb/v7e-m+fp/hard/libgcc.a(_arm_muldivdf3.o)
 .ARM.attributes
                0x000000000000106f       0x1e /usr/lib/gcc/arm-none-eabi/9.2.1/thumb/v7e-m+fp/hard/libgcc.a(_arm_cmpdf2.o)
 .ARM.attributes
                0x000000000000108d       0x1e /usr/lib/gcc/arm-none-eabi/9.2.1/thumb/v7e-m+fp/hard/libgcc.a(_arm_unorddf2.o)
 .ARM.attributes
                0x00000000000010ab       0x1e /usr/lib/gcc/arm-none-eabi/9.2.1/thumb/v7e-m+fp/hard/libgcc.a(_arm_fixdfsi.o)
 .ARM.attributes
                0x00000000000010c9       0x1e /usr/lib/gcc/arm-none-eabi/9.2.1/thumb/v7e-m+fp/hard/libgcc.a(_aeabi_uldivmod.o)
 .ARM.attributes
                0x00000000000010e7       0x34 /usr/lib/gcc/arm-none-eabi/9.2.1/thumb/v7e-m+fp/hard/libgcc.a(_udivmoddi4.o)
 .ARM.attributes
                0x000000000000111b       0x1e /usr/lib/gcc/arm-none-eabi/9.2.1/thumb/v7e-m+fp/hard/libgcc.a(_dvmd_tls.o)
 .ARM.attributes
                0x0000000000001139       0x32 /usr/lib/gcc/arm-none-eabi/9.2.1/thumb/v7e-m+fp/hard/crtend.o
 .ARM.attributes
                0x000000000000116b       0x1e /usr/lib/gcc/arm-none-eabi/9.2.1/thumb/v7e-m+fp/hard/crtn.o

.comment        0x0000000000000000       0xcd
 .comment       0x0000000000000000       0x59 /usr/lib/gcc/arm-none-eabi/9.2.1/thumb/v7e-m+fp/hard/crtbegin.o
                                         0x5a (size before relaxing)
 .comment       0x0000000000000059       0x5a build/main.o
 .comment       0x0000000000000059       0x26 build/gpio.o
                                         0x27 (size before relaxing)
 .comment       0x000000000000007f       0x5a build/i2c.o
 .comment       0x000000000000007f       0x27 build/stm32f4xx_it.o
 .comment       0x000000000000007f       0x27 build/stm32f4xx_hal_msp.o
 .comment       0x000000000000007f       0x27 build/microphone_sensor.o
 .comment       0x000000000000007f       0x5a build/methods.o
 .comment       0x000000000000007f       0x27 build/stm32f4xx_hal_i2c.o
 .comment       0x000000000000007f       0x27 build/stm32f4xx_hal_rcc.o
 .comment       0x000000000000007f       0x27 build/stm32f4xx_hal_rcc_ex.o
 .comment       0x000000000000007f       0x27 build/stm32f4xx_hal_gpio.o
 .comment       0x000000000000007f       0x27 build/stm32f4xx_hal_dma.o
 .comment       0x000000000000007f       0x27 build/stm32f4xx_hal_cortex.o
 .comment       0x000000000000007f       0x27 build/stm32f4xx_hal.o
 .comment       0x000000000000007f       0x27 build/system_stm32f4xx.o
 .comment       0x000000000000007f       0x27 build/sysmem.o
 .comment       0x000000000000007f       0x27 build/syscalls.o
 .comment       0x000000000000007f       0x27 build/dma.o
 .comment       0x000000000000007f       0x27 build/i2s.o
 .comment       0x000000000000007f       0x27 build/stm32f4xx_hal_i2s.o
 .comment       0x000000000000007f       0x27 build/usb_device.o
 .comment       0x000000000000007f       0x27 build/usbd_desc.o
 .comment       0x000000000000007f       0x27 build/usbd_cdc_if.o
 .comment       0x000000000000007f       0x27 build/usbd_conf.o
 .comment       0x000000000000007f       0x27 build/stm32f4xx_hal_pcd.o
 .comment       0x000000000000007f       0x27 build/stm32f4xx_hal_pcd_ex.o
 .comment       0x000000000000007f       0x27 build/stm32f4xx_ll_usb.o
 .comment       0x000000000000007f       0x27 build/usbd_core.o
 .comment       0x000000000000007f       0x27 build/usbd_ctlreq.o
 .comment       0x000000000000007f       0x27 build/usbd_ioreq.o
 .comment       0x000000000000007f       0x27 build/usbd_cdc.o
 .comment       0x000000000000007f       0x4e /usr/lib/gcc/arm-none-eabi/9.2.1/../../../arm-none-eabi/lib/thumb/v7e-m+fp/hard/libc_nano.a(lib_a-errno.o)
                                         0x4f (size before relaxing)
 .comment       0x00000000000000cd       0x4f /usr/lib/gcc/arm-none-eabi/9.2.1/../../../arm-none-eabi/lib/thumb/v7e-m+fp/hard/libc_nano.a(lib_a-impure.o)
 .comment       0x00000000000000cd       0x4f /usr/lib/gcc/arm-none-eabi/9.2.1/../../../arm-none-eabi/lib/thumb/v7e-m+fp/hard/libc_nano.a(lib_a-init.o)
 .comment       0x00000000000000cd       0x4f /usr/lib/gcc/arm-none-eabi/9.2.1/../../../arm-none-eabi/lib/thumb/v7e-m+fp/hard/libc_nano.a(lib_a-memset.o)
 .comment       0x00000000000000cd       0x4f /usr/lib/gcc/arm-none-eabi/9.2.1/../../../arm-none-eabi/lib/thumb/v7e-m+fp/hard/libc_nano.a(lib_a-nano-vfprintf_float.o)
 .comment       0x00000000000000cd       0x4f /usr/lib/gcc/arm-none-eabi/9.2.1/../../../arm-none-eabi/lib/thumb/v7e-m+fp/hard/libc_nano.a(lib_a-nano-vfprintf_i.o)
 .comment       0x00000000000000cd       0x4f /usr/lib/gcc/arm-none-eabi/9.2.1/../../../arm-none-eabi/lib/thumb/v7e-m+fp/hard/libc_nano.a(lib_a-snprintf.o)
 .comment       0x00000000000000cd       0x4f /usr/lib/gcc/arm-none-eabi/9.2.1/../../../arm-none-eabi/lib/thumb/v7e-m+fp/hard/libc_nano.a(lib_a-dtoa.o)
 .comment       0x00000000000000cd       0x4f /usr/lib/gcc/arm-none-eabi/9.2.1/../../../arm-none-eabi/lib/thumb/v7e-m+fp/hard/libc_nano.a(lib_a-localeconv.o)
 .comment       0x00000000000000cd       0x4f /usr/lib/gcc/arm-none-eabi/9.2.1/../../../arm-none-eabi/lib/thumb/v7e-m+fp/hard/libc_nano.a(lib_a-malloc.o)
 .comment       0x00000000000000cd       0x4f /usr/lib/gcc/arm-none-eabi/9.2.1/../../../arm-none-eabi/lib/thumb/v7e-m+fp/hard/libc_nano.a(lib_a-mprec.o)
 .comment       0x00000000000000cd       0x4f /usr/lib/gcc/arm-none-eabi/9.2.1/../../../arm-none-eabi/lib/thumb/v7e-m+fp/hard/libc_nano.a(lib_a-nano-callocr.o)
 .comment       0x00000000000000cd       0x4f /usr/lib/gcc/arm-none-eabi/9.2.1/../../../arm-none-eabi/lib/thumb/v7e-m+fp/hard/libc_nano.a(lib_a-nano-freer.o)
 .comment       0x00000000000000cd       0x4f /usr/lib/gcc/arm-none-eabi/9.2.1/../../../arm-none-eabi/lib/thumb/v7e-m+fp/hard/libc_nano.a(lib_a-nano-mallocr.o)
 .comment       0x00000000000000cd       0x4f /usr/lib/gcc/arm-none-eabi/9.2.1/../../../arm-none-eabi/lib/thumb/v7e-m+fp/hard/libc_nano.a(lib_a-nano-svfprintf.o)
 .comment       0x00000000000000cd       0x4f /usr/lib/gcc/arm-none-eabi/9.2.1/../../../arm-none-eabi/lib/thumb/v7e-m+fp/hard/libc_nano.a(lib_a-sbrkr.o)
 .comment       0x00000000000000cd       0x4f /usr/lib/gcc/arm-none-eabi/9.2.1/../../../arm-none-eabi/lib/thumb/v7e-m+fp/hard/libc_nano.a(lib_a-assert.o)
 .comment       0x00000000000000cd       0x4f /usr/lib/gcc/arm-none-eabi/9.2.1/../../../arm-none-eabi/lib/thumb/v7e-m+fp/hard/libc_nano.a(lib_a-fprintf.o)
 .comment       0x00000000000000cd       0x4f /usr/lib/gcc/arm-none-eabi/9.2.1/../../../arm-none-eabi/lib/thumb/v7e-m+fp/hard/libc_nano.a(lib_a-locale.o)
 .comment       0x00000000000000cd       0x4f /usr/lib/gcc/arm-none-eabi/9.2.1/../../../arm-none-eabi/lib/thumb/v7e-m+fp/hard/libc_nano.a(lib_a-mbtowc_r.o)
 .comment       0x00000000000000cd       0x4f /usr/lib/gcc/arm-none-eabi/9.2.1/../../../arm-none-eabi/lib/thumb/v7e-m+fp/hard/libc_nano.a(lib_a-memmove.o)