Archive member included to satisfy reference by file (symbol)

/usr/lib/gcc/arm-none-eabi/13.2.1/../../../arm-none-eabi/lib/thumb/v7e-m+fp/hard/libc_nano.a(libc_a-vsnprintf.o)
                              build/methods.o (vsnprintf)
/usr/lib/gcc/arm-none-eabi/13.2.1/../../../arm-none-eabi/lib/thumb/v7e-m+fp/hard/libc_nano.a(libc_a-impure.o)
                              /usr/lib/gcc/arm-none-eabi/13.2.1/../../../arm-none-eabi/lib/thumb/v7e-m+fp/hard/libc_nano.a(libc_a-vsnprintf.o) (_impure_ptr)
/usr/lib/gcc/arm-none-eabi/13.2.1/../../../arm-none-eabi/lib/thumb/v7e-m+fp/hard/libc_nano.a(libc_a-nano-svfprintf.o)
                              /usr/lib/gcc/arm-none-eabi/13.2.1/../../../arm-none-eabi/lib/thumb/v7e-m+fp/hard/libc_nano.a(libc_a-vsnprintf.o) (_svfprintf_r)
/usr/lib/gcc/arm-none-eabi/13.2.1/../../../arm-none-eabi/lib/thumb/v7e-m+fp/hard/libc_nano.a(libc_a-init.o)
                              /usr/lib/gcc/arm-none-eabi/13.2.1/../../../arm-none-eabi/lib/thumb/v7e-m+fp/hard/crt0.o (__libc_init_array)
/usr/lib/gcc/arm-none-eabi/13.2.1/../../../arm-none-eabi/lib/thumb/v7e-m+fp/hard/libc_nano.a(libc_a-strlen.o)
                              build/methods.o (strlen)
/usr/lib/gcc/arm-none-eabi/13.2.1/../../../arm-none-eabi/lib/thumb/v7e-m+fp/hard/libc_nano.a(libc_a-memset.o)
                              /usr/lib/gcc/arm-none-eabi/13.2.1/../../../arm-none-eabi/lib/thumb/v7e-m+fp/hard/crt0.o (memset)
/usr/lib/gcc/arm-none-eabi/13.2.1/../../../arm-none-eabi/lib/thumb/v7e-m+fp/hard/libc_nano.a(libc_a-errno.o)
                              build/sysmem.o (__errno)
/usr/lib/gcc/arm-none-eabi/13.2.1/../../../arm-none-eabi/lib/thumb/v7e-m+fp/hard/libc_nano.a(libc_a-nano-vfprintf_float.o)
                              /usr/lib/gcc/arm-none-eabi/13.2.1/../../../arm-none-eabi/lib/thumb/v7e-m+fp/hard/libc_nano.a(libc_a-nano-svfprintf.o) (_printf_float)
/usr/lib/gcc/arm-none-eabi/13.2.1/../../../arm-none-eabi/lib/thumb/v7e-m+fp/hard/libc_nano.a(libc_a-mallocr.o)
                              /usr/lib/gcc/arm-none-eabi/13.2.1/../../../arm-none-eabi/lib/thumb/v7e-m+fp/hard/libc_nano.a(libc_a-nano-svfprintf.o) (_malloc_r)
/usr/lib/gcc/arm-none-eabi/13.2.1/../../../arm-none-eabi/lib/thumb/v7e-m+fp/hard/libc_nano.a(libc_a-dtoa.o)
                              /usr/lib/gcc/arm-none-eabi/13.2.1/../../../arm-none-eabi/lib/thumb/v7e-m+fp/hard/libc_nano.a(libc_a-nano-vfprintf_float.o) (_dtoa_r)
/usr/lib/gcc/arm-none-eabi/13.2.1/../../../arm-none-eabi/lib/thumb/v7e-m+fp/hard/libc_nano.a(libc_a-freer.o)
                              /usr/lib/gcc/arm-none-eabi/13.2.1/../../../arm-none-eabi/lib/thumb/v7e-m+fp/hard/libc_nano.a(libc_a-nano-svfprintf.o) (_free_r)
/usr/lib/gcc/arm-none-eabi/13.2.1/../../../arm-none-eabi/lib/thumb/v7e-m+fp/hard/libc_nano.a(libc_a-memmove.o)
                              /usr/lib/gcc/arm-none-eabi/13.2.1/../../../arm-none-eabi/lib/thumb/v7e-m+fp/hard/libc_nano.a(libc_a-nano-svfprintf.o) (memmove)
/usr/lib/gcc/arm-none-eabi/13.2.1/../../../arm-none-eabi/lib/thumb/v7e-m+fp/hard/libc_nano.a(libc_a-memchr.o)
                              /usr/lib/gcc/arm-none-eabi/13.2.1/../../../arm-none-eabi/lib/thumb/v7e-m+fp/hard/libc_nano.a(libc_a-nano-svfprintf.o) (memchr)
/usr/lib/gcc/arm-none-eabi/13.2.1/../../../arm-none-eabi/lib/thumb/v7e-m+fp/hard/libc_nano.a(libc_a-memcpy.o)
                              /usr/lib/gcc/arm-none-eabi/13.2.1/../../../arm-none-eabi/lib/thumb/v7e-m+fp/hard/libc_nano.a(libc_a-nano-svfprintf.o) (memcpy)
/usr/lib/gcc/arm-none-eabi/13.2.1/../../../arm-none-eabi/lib/thumb/v7e-m+fp/hard/libc_nano.a(libc_a-malloc.o)
                              /usr/lib/gcc/arm-none-eabi/13.2.1/../../../arm-none-eabi/lib/thumb/v7e-m+fp/hard/libc_nano.a(libc_a-dtoa.o) (malloc)
/usr/lib/gcc/arm-none-eabi/13.2.1/../../../arm-none-eabi/lib/thumb/v7e-m+fp/hard/libc_nano.a(libc_a-reallocr.o)
                              /usr/lib/gcc/arm-none-eabi/13.2.1/../../../arm-none-eabi/lib/thumb/v7e-m+fp/hard/libc_nano.a(libc_a-nano-svfprintf.o) (_realloc_r)
/usr/lib/gcc/arm-none-eabi/13.2.1/../../../arm-none-eabi/lib/thumb/v7e-m+fp/hard/libc_nano.a(libc_a-nano-vfprintf_i.o)
                              /usr/lib/gcc/arm-none-eabi/13.2.1/../../../arm-none-eabi/lib/thumb/v7e-m+fp/hard/libc_nano.a(libc_a-nano-vfprintf_float.o) (_printf_common)
/usr/lib/gcc/arm-none-eabi/13.2.1/../../../arm-none-eabi/lib/thumb/v7e-m+fp/hard/libc_nano.a(libc_a-mlock.o)
                              /usr/lib/gcc/arm-none-eabi/13.2.1/../../../arm-none-eabi/lib/thumb/v7e-m+fp/hard/libc_nano.a(libc_a-mallocr.o) (__malloc_lock)
/usr/lib/gcc/arm-none-eabi/13.2.1/../../../arm-none-eabi/lib/thumb/v7e-m+fp/hard/libc_nano.a(libc_a-exit.o)
                              /usr/lib/gcc/arm-none-eabi/13.2.1/../../../arm-none-eabi/lib/thumb/v7e-m+fp/hard/crt0.o (exit)
/usr/lib/gcc/arm-none-eabi/13.2.1/../../../arm-none-eabi/lib/thumb/v7e-m+fp/hard/libc_nano.a(libc_a-atexit.o)
[...]
Memory Configuration

Name             Origin             Length             Attributes
RAM              0x20000000         0x00020000         xrw
FLASH            0x08000000         0x00080000         xr
*default*        0x00000000         0xffffffff

Linker script and memory map

LOAD /usr/lib/gcc/arm-none-eabi/13.2.1/thumb/v7e-m+fp/hard/crti.o
LOAD /usr/lib/gcc/arm-none-eabi/13.2.1/thumb/v7e-m+fp/hard/crtbegin.o
LOAD /usr/lib/gcc/arm-none-eabi/13.2.1/../../../arm-none-eabi/lib/thumb/v7e-m+fp/hard/crt0.o
LOAD build/main.o
LOAD build/gpio.o
LOAD build/i2c.o
LOAD build/usart.o
LOAD build/stm32f4xx_it.o
LOAD build/stm32f4xx_hal_msp.o
LOAD build/vcnl4040_sensor.o
LOAD build/ens160_sensor.o
LOAD build/humidity_temp_sensor.o
LOAD build/microphone_sensor.o
LOAD build/methods.o
LOAD build/stm32f4xx_hal_i2c.o
LOAD build/stm32f4xx_hal_i2c_ex.o
LOAD build/stm32f4xx_hal_rcc.o
LOAD build/stm32f4xx_hal_rcc_ex.o
LOAD build/stm32f4xx_hal_flash.o
LOAD build/stm32f4xx_hal_flash_ex.o
LOAD build/stm32f4xx_hal_flash_ramfunc.o
LOAD build/stm32f4xx_hal_gpio.o
LOAD build/stm32f4xx_hal_dma_ex.o
LOAD build/stm32f4xx_hal_dma.o
LOAD build/stm32f4xx_hal_pwr.o
LOAD build/stm32f4xx_hal_pwr_ex.o
LOAD build/stm32f4xx_hal_cortex.o
LOAD build/stm32f4xx_hal.o
LOAD build/stm32f4xx_hal_exti.o
LOAD build/stm32f4xx_hal_uart.o
LOAD build/system_stm32f4xx.o
LOAD build/sysmem.o
LOAD build/syscalls.o
LOAD build/dma.o
LOAD build/i2s.o
LOAD build/stm32f4xx_hal_i2s.o
LOAD build/stm32f4xx_hal_i2s_ex.o
LOAD build/usb_device.o
LOAD build/usbd_desc.o
LOAD build/usbd_cdc_if.o
LOAD build/usbd_conf.o
LOAD build/stm32f4xx_hal_pcd.o
LOAD build/stm32f4xx_hal_pcd_ex.o
LOAD build/stm32f4xx_ll_usb.o
LOAD build/usbd_core.o
LOAD build/usbd_ctlreq.o
LOAD build/usbd_ioreq.o
LOAD build/usbd_cdc.o
LOAD build/startup_stm32f446xx.o
LOAD /usr/lib/gcc/arm-none-eabi/13.2.1/../../../arm-none-eabi/lib/thumb/v7e-m+fp/hard/libc_nano.a
LOAD /usr/lib/gcc/arm-none-eabi/13.2.1/../../../arm-none-eabi/lib/thumb/v7e-m+fp/hard/libm.a
LOAD /usr/lib/gcc/arm-none-eabi/13.2.1/../../../arm-none-eabi/lib/thumb/v7e-m+fp/hard/libnosys.a
START GROUP
LOAD /usr/lib/gcc/arm-none-eabi/13.2.1/thumb/v7e-m+fp/hard/libgcc.a
LOAD /usr/lib/gcc/arm-none-eabi/13.2.1/../../../arm-none-eabi/lib/thumb/v7e-m+fp/hard/libc_nano.a
END GROUP
START GROUP
LOAD /usr/lib/gcc/arm-none-eabi/13.2.1/thumb/v7e-m+fp/hard/libgcc.a
LOAD /usr/lib/gcc/arm-none-eabi/13.2.1/../../../arm-none-eabi/lib/thumb/v7e-m+fp/hard/libc_nano.a
END GROUP
LOAD /usr/lib/gcc/arm-none-eabi/13.2.1/thumb/v7e-m+fp/hard/crtend.o
LOAD /usr/lib/gcc/arm-none-eabi/13.2.1/thumb/v7e-m+fp/hard/crtn.o
                0x20020000                        _estack = (ORIGIN (RAM) + LENGTH (RAM))
                0x00000200                        _Min_Heap_Size = 0x200
                0x00000400                        _Min_Stack_Size = 0x400

.isr_vector     0x08000000      0x1c4
                0x08000000                        . = ALIGN (0x4)
 *(.isr_vector)
 .isr_vector    0x08000000      0x1c4 build/startup_stm32f446xx.o
                0x08000000                g_pfnVectors
                0x080001c4                        . = ALIGN (0x4)

.text           0x08000200     0xb878
                0x08000200                        . = ALIGN (0x4)
 *(.text)
 .text          0x08000200       0x88 /usr/lib/gcc/arm-none-eabi/13.2.1/thumb/v7e-m+fp/hard/crtbegin.o
 .text          0x08000288       0xec /usr/lib/gcc/arm-none-eabi/13.2.1/../../../arm-none-eabi/lib/thumb/v7e-m+fp/hard/libc_nano.a(libc_a-vsnprintf.o)
                0x08000288                vsnprintf
                0x08000288                vsniprintf
                0x08000300                _vsnprintf_r
                0x08000300                _vsniprintf_r
 .text          0x08000374      0x400 /usr/lib/gcc/arm-none-eabi/13.2.1/../../../arm-none-eabi/lib/thumb/v7e-m+fp/hard/libc_nano.a(libc_a-nano-svfprintf.o)
                0x08000374                __ssputs_r
                0x08000434                __ssprint_r
                0x0800053c                _svfprintf_r
                0x0800053c                _svfiprintf_r
 .text          0x08000774       0x50 /usr/lib/gcc/arm-none-eabi/13.2.1/../../../arm-none-eabi/lib/thumb/v7e-m+fp/hard/libc_nano.a(libc_a-init.o)
                0x08000774                __libc_init_array
 *fill*         0x080007c4       0x3c 
 .text          0x08000800       0xd8 /usr/lib/gcc/arm-none-eabi/13.2.1/../../../arm-none-eabi/lib/thumb/v7e-m+fp/hard/libc_nano.a(libc_a-strlen.o)
                0x08000800                strlen
 .text          0x080008d8       0xa4 /usr/lib/gcc/arm-none-eabi/13.2.1/../../../arm-none-eabi/lib/thumb/v7e-m+fp/hard/libc_nano.a(libc_a-memset.o)
                0x080008d8                memset
 .text          0x0800097c        0xc /usr/lib/gcc/arm-none-eabi/13.2.1/../../../arm-none-eabi/lib/thumb/v7e-m+fp/hard/libc_nano.a(libc_a-errno.o)
                0x0800097c                __errno
 .text          0x08000988      0x6b0 /usr/lib/gcc/arm-none-eabi/13.2.1/../../../arm-none-eabi/lib/thumb/v7e-m+fp/hard/libc_nano.a(libc_a-nano-vfprintf_float.o)
                0x08000988                __cvt
                0x08000a98                __exponent
                0x08000b1c                _printf_float
 .text          0x08001038      0x148 /usr/lib/gcc/arm-none-eabi/13.2.1/../../../arm-none-eabi/lib/thumb/v7e-m+fp/hard/libc_nano.a(libc_a-mallocr.o)
                0x08001080                _malloc_r
 .text          0x08001180      0xfdc /usr/lib/gcc/arm-none-eabi/13.2.1/../../../arm-none-eabi/lib/thumb/v7e-m+fp/hard/libc_nano.a(libc_a-dtoa.o)
                0x080012ac                _dtoa_r
 .text          0x0800215c       0xbc /usr/lib/gcc/arm-none-eabi/13.2.1/../../../arm-none-eabi/lib/thumb/v7e-m+fp/hard/libc_nano.a(libc_a-freer.o)
                0x0800215c                _free_r
 .text          0x08002218      0x100 /usr/lib/gcc/arm-none-eabi/13.2.1/../../../arm-none-eabi/lib/thumb/v7e-m+fp/hard/libc_nano.a(libc_a-memmove.o)
                0x08002218                memmove
 *fill*         0x08002318        0x8 
 .text          0x08002320       0xa0 /usr/lib/gcc/arm-none-eabi/13.2.1/../../../arm-none-eabi/lib/thumb/v7e-m+fp/hard/libc_nano.a(libc_a-memchr.o)
                0x08002320                memchr
 .text          0x080023c0      0x134 /usr/lib/gcc/arm-none-eabi/13.2.1/../../../arm-none-eabi/lib/thumb/v7e-m+fp/hard/libc_nano.a(libc_a-memcpy.o)
                0x080023c0                memcpy
 .text          0x080024f4       0x20 /usr/lib/gcc/arm-none-eabi/13.2.1/../../../arm-none-eabi/lib/thumb/v7e-m+fp/hard/libc_nano.a(libc_a-malloc.o)
                0x080024f4                malloc
                0x08002504                free
 .text          0x08002514       0x64 /usr/lib/gcc/arm-none-eabi/13.2.1/../../../arm-none-eabi/lib/thumb/v7e-m+fp/hard/libc_nano.a(libc_a-reallocr.o)
                0x08002514                _realloc_r
 .text          0x08002578      0x3a8 /usr/lib/gcc/arm-none-eabi/13.2.1/../../../arm-none-eabi/lib/thumb/v7e-m+fp/hard/libc_nano.a(libc_a-nano-vfprintf_i.o)
                0x08002578                _printf_common
                0x0800269c                _printf_i
 .text          0x08002920        0x8 /usr/lib/gcc/arm-none-eabi/13.2.1/../../../arm-none-eabi/lib/thumb/v7e-m+fp/hard/libc_nano.a(libc_a-mlock.o)
                0x08002920                __malloc_lock
                0x08002924                __malloc_unlock
 .text          0x08002928       0x4c /usr/lib/gcc/arm-none-eabi/13.2.1/../../../arm-none-eabi/lib/thumb/v7e-m+fp/hard/libc_nano.a(libc_a-assert.o)
                0x08002928                __assert_func
                0x08002968                __assert
 .text          0x08002974      0xb10 /usr/lib/gcc/arm-none-eabi/13.2.1/../../../arm-none-eabi/lib/thumb/v7e-m+fp/hard/libc_nano.a(libc_a-mprec.o)
                0x08002974                _Balloc
                0x080029f4                _Bfree
                0x08002a3c                __multadd
                0x08002ad8                __s2b
                0x08002b8c                __hi0bits
                0x08002bd0                __lo0bits
                0x08002c30                __i2b
                0x08002c5c                __multiply
                0x08002dc8                __pow5mult
                0x08002ea8                __lshift
                0x08002f90                __mcmp
                0x08002fd4                __mdiff
                0x0800314c                __ulp
                0x080031b0                __b2d
                0x0800326c                __d2b
                0x0800332c                __ratio
                0x0800338c                _mprec_log10
                0x080033cc                __copybits
                0x08003428                __any_on
 .text          0x08003484       0x24 /usr/lib/gcc/arm-none-eabi/13.2.1/../../../arm-none-eabi/lib/thumb/v7e-m+fp/hard/libc_nano.a(libc_a-sbrkr.o)
                0x08003484                _sbrk_r
 .text          0x080034a8       0x10 /usr/lib/gcc/arm-none-eabi/13.2.1/../../../arm-none-eabi/lib/thumb/v7e-m+fp/hard/libc_nano.a(libc_a-msizer.o)
                0x080034a8                _malloc_usable_size_r
 .text          0x080034b8       0x14 /usr/lib/gcc/arm-none-eabi/13.2.1/../../../arm-none-eabi/lib/thumb/v7e-m+fp/hard/libc_nano.a(libc_a-localeconv.o)
                0x080034b8                __localeconv_l
                0x080034bc                _localeconv_r
                0x080034c4                localeconv
 .text          0x080034cc      0x224 /usr/lib/gcc/arm-none-eabi/13.2.1/../../../arm-none-eabi/lib/thumb/v7e-m+fp/hard/libc_nano.a(libc_a-findfp.o)
                0x080035fc                __sfp
                0x080036a0                __sinit
                0x080036c0                __sfp_lock_acquire
                0x080036c4                __sfp_lock_release
                0x080036c8                __fp_lock_all
                0x080036dc                __fp_unlock_all
 .text          0x080036f0       0x10 /usr/lib/gcc/arm-none-eabi/13.2.1/../../../arm-none-eabi/lib/thumb/v7e-m+fp/hard/libc_nano.a(libc_a-abort.o)
                0x080036f0                abort
 .text          0x08003700      0x1a8 /usr/lib/gcc/arm-none-eabi/13.2.1/../../../arm-none-eabi/lib/thumb/v7e-m+fp/hard/libc_nano.a(libc_a-fflush.o)
                0x08003700                __sflush_r
                0x08003824                _fflush_r
                0x0800385c                fflush
 .text          0x080038a8       0x28 /usr/lib/gcc/arm-none-eabi/13.2.1/../../../arm-none-eabi/lib/thumb/v7e-m+fp/hard/libc_nano.a(libc_a-callocr.o)
                0x080038a8                _calloc_r
 .text          0x080038d0       0x44 /usr/lib/gcc/arm-none-eabi/13.2.1/../../../arm-none-eabi/lib/thumb/v7e-m+fp/hard/libc_nano.a(libc_a-fwalk.o)
                0x080038d0                _fwalk_sglue
 .text          0x08003914       0x30 /usr/lib/gcc/arm-none-eabi/13.2.1/../../../arm-none-eabi/lib/thumb/v7e-m+fp/hard/libc_nano.a(libc_a-wctomb_r.o)
                0x08003914                _wctomb_r
                0x08003928                __ascii_wctomb
 .text          0x08003944       0x44 /usr/lib/gcc/arm-none-eabi/13.2.1/../../../arm-none-eabi/lib/thumb/v7e-m+fp/hard/libc_nano.a(libc_a-fprintf.o)
                0x08003944                _fprintf_r
                0x08003944                _fiprintf_r
                0x08003960                fprintf
                0x08003960                fiprintf
 .text          0x08003988      0x314 /usr/lib/gcc/arm-none-eabi/13.2.1/../../../arm-none-eabi/lib/thumb/v7e-m+fp/hard/libc_nano.a(libc_a-nano-vfprintf.o)
                0x080039c4                __sfputs_r
                0x080039f4                __sprint_r
                0x08003a14                _vfiprintf_r
                0x08003a14                _vfprintf_r
                0x08003c80                vfiprintf
                0x08003c80                vfprintf
 .text          0x08003c9c       0xa0 /usr/lib/gcc/arm-none-eabi/13.2.1/../../../arm-none-eabi/lib/thumb/v7e-m+fp/hard/libc_nano.a(libc_a-wbuf.o)
                0x08003c9c                __swbuf_r
                0x08003d24                __swbuf
 .text          0x08003d3c       0x94 /usr/lib/gcc/arm-none-eabi/13.2.1/../../../arm-none-eabi/lib/thumb/v7e-m+fp/hard/libc_nano.a(libc_a-stdio.o)
                0x08003d3c                __sread
                0x08003d60                __seofread
                0x08003d64                __swrite
                0x08003da4                __sseek
                0x08003dc8                __sclose
 .text          0x08003dd0      0x300 /usr/lib/gcc/arm-none-eabi/13.2.1/../../../arm-none-eabi/lib/thumb/v7e-m+fp/hard/libc_nano.a(libc_a-fvwrite.o)
                0x08003dd0                __sfvwrite_r
 .text          0x080040d0       0x40 /usr/lib/gcc/arm-none-eabi/13.2.1/../../../arm-none-eabi/lib/thumb/v7e-m+fp/hard/libc_nano.a(libc_a-mbtowc_r.o)
                0x080040d0                _mbtowc_r
                0x080040e4                __ascii_mbtowc
 .text          0x08004110      0x260 /usr/lib/gcc/arm-none-eabi/13.2.1/../../../arm-none-eabi/lib/thumb/v7e-m+fp/hard/libc_nano.a(libc_a-signal.o)
                0x08004110                _init_signal_r
                0x0800413c                _signal_r
                0x08004188                _raise_r
                0x080041d8                __sigtramp_r
                0x08004238                raise
                0x0800428c                signal
                0x080042d8                _init_signal
                0x0800430c                __sigtramp
 .text          0x08004370       0x24 /usr/lib/gcc/arm-none-eabi/13.2.1/../../../arm-none-eabi/lib/thumb/v7e-m+fp/hard/libc_nano.a(libc_a-closer.o)
                0x08004370                _close_r
 .text          0x08004394       0xc4 /usr/lib/gcc/arm-none-eabi/13.2.1/../../../arm-none-eabi/lib/thumb/v7e-m+fp/hard/libc_nano.a(libc_a-wsetup.o)
                0x08004394                __swsetup_r
 .text          0x08004458       0x2c /usr/lib/gcc/arm-none-eabi/13.2.1/../../../arm-none-eabi/lib/thumb/v7e-m+fp/hard/libc_nano.a(libc_a-readr.o)
                0x08004458                _read_r
 .text          0x08004484      0x114 /usr/lib/gcc/arm-none-eabi/13.2.1/../../../arm-none-eabi/lib/thumb/v7e-m+fp/hard/libc_nano.a(libc_a-makebuf.o)
                0x08004484                __smakebuf_r
                0x08004548                __swhatbuf_r
 .text          0x08004598       0x2c /usr/lib/gcc/arm-none-eabi/13.2.1/../../../arm-none-eabi/lib/thumb/v7e-m+fp/hard/libc_nano.a(libc_a-lseekr.o)
                0x08004598                _lseek_r
 .text          0x080045c4       0x2c /usr/lib/gcc/arm-none-eabi/13.2.1/../../../arm-none-eabi/lib/thumb/v7e-m+fp/hard/libc_nano.a(libc_a-writer.o)
                0x080045c4                _write_r
 .text          0x080045f0       0x24 /usr/lib/gcc/arm-none-eabi/13.2.1/../../../arm-none-eabi/lib/thumb/v7e-m+fp/hard/libc_nano.a(libc_a-isattyr.o)
                0x080045f0                _isatty_r
 .text          0x08004614       0x30 /usr/lib/gcc/arm-none-eabi/13.2.1/../../../arm-none-eabi/lib/thumb/v7e-m+fp/hard/libc_nano.a(libc_a-signalr.o)
                0x08004614                _kill_r
                0x08004640                _getpid_r
 .text          0x08004644       0x2c /usr/lib/gcc/arm-none-eabi/13.2.1/../../../arm-none-eabi/lib/thumb/v7e-m+fp/hard/libc_nano.a(libc_a-fstatr.o)
                0x08004644                _fstat_r
 .text          0x08004670      0x378 /usr/lib/gcc/arm-none-eabi/13.2.1/thumb/v7e-m+fp/hard/libgcc.a(_arm_addsubdf3.o)
                0x08004670                __aeabi_drsub
                0x08004678                __aeabi_dsub
                0x08004678                __subdf3
                0x0800467c                __adddf3
                0x0800467c                __aeabi_dadd
                0x080048f4                __aeabi_ui2d
                0x080048f4                __floatunsidf
                0x08004914                __floatsidf
                0x08004914                __aeabi_i2d
                0x08004938                __extendsfdf2
                0x08004938                __aeabi_f2d
                0x0800497c                __aeabi_ul2d
                0x0800497c                __floatundidf
                0x0800498c                __floatdidf
                0x0800498c                __aeabi_l2d
 .text          0x080049e8      0x424 /usr/lib/gcc/arm-none-eabi/13.2.1/thumb/v7e-m+fp/hard/libgcc.a(_arm_muldivdf3.o)
                0x080049e8                __aeabi_dmul
                0x080049e8                __muldf3
                0x08004c3c                __aeabi_ddiv
                0x08004c3c                __divdf3
 .text          0x08004e0c      0x110 /usr/lib/gcc/arm-none-eabi/13.2.1/thumb/v7e-m+fp/hard/libgcc.a(_arm_cmpdf2.o)
                0x08004e0c                __gtdf2
                0x08004e0c                __gedf2
                0x08004e14                __ltdf2
                0x08004e14                __ledf2
                0x08004e1c                __cmpdf2
                0x08004e1c                __eqdf2
                0x08004e1c                __nedf2
                0x08004e98                __aeabi_cdrcmple
                0x08004ea8                __aeabi_cdcmple
                0x08004ea8                __aeabi_cdcmpeq
                0x08004eb8                __aeabi_dcmpeq
                0x08004ecc                __aeabi_dcmplt
                0x08004ee0                __aeabi_dcmple
                0x08004ef4                __aeabi_dcmpge
                0x08004f08                __aeabi_dcmpgt
 .text          0x08004f1c       0x2c /usr/lib/gcc/arm-none-eabi/13.2.1/thumb/v7e-m+fp/hard/libgcc.a(_arm_unorddf2.o)
                0x08004f1c                __aeabi_dcmpun
                0x08004f1c                __unorddf2
 .text          0x08004f48       0x50 /usr/lib/gcc/arm-none-eabi/13.2.1/thumb/v7e-m+fp/hard/libgcc.a(_arm_fixdfsi.o)
                0x08004f48                __fixdfsi
                0x08004f48                __aeabi_d2iz
 .text          0x08004f98       0x30 /usr/lib/gcc/arm-none-eabi/13.2.1/thumb/v7e-m+fp/hard/libgcc.a(_aeabi_uldivmod.o)
                0x08004f98                __aeabi_uldivmod
 .text          0x08004fc8      0x2bc /usr/lib/gcc/arm-none-eabi/13.2.1/thumb/v7e-m+fp/hard/libgcc.a(_udivmoddi4.o)
                0x08004fc8                __udivmoddi4
 .text          0x08005284        0x4 /usr/lib/gcc/arm-none-eabi/13.2.1/thumb/v7e-m+fp/hard/libgcc.a(_dvmd_tls.o)
                0x08005284                __aeabi_ldiv0
                0x08005284                __aeabi_idiv0
 *(.text*)
 .text.Error_Handler
                0x08005288        0x4 build/main.o
                0x08005288                Error_Handler
 .text.SystemClock_Config
                0x0800528c       0xa8 build/main.o
                0x0800528c                SystemClock_Config
 .text.main     0x08005334      0x1c0 build/main.o
                0x08005334                main
 .text.MX_GPIO_Init
                0x080054f4       0x98 build/gpio.o
                0x080054f4                MX_GPIO_Init
 .text.MX_I2C1_Init
                0x0800558c       0x3c build/i2c.o
                0x0800558c                MX_I2C1_Init
 .text.HAL_I2C_MspInit
                0x080055c8       0x70 build/i2c.o
                0x080055c8                HAL_I2C_MspInit
 .text.MX_USART1_UART_Init
                0x08005638       0x34 build/usart.o
                0x08005638                MX_USART1_UART_Init
 .text.HAL_UART_MspInit
                0x0800566c       0x9c build/usart.o
                0x0800566c                HAL_UART_MspInit
 .text.NMI_Handler
                0x08005708        0x2 build/stm32f4xx_it.o
                0x08005708                NMI_Handler
 .text.HardFault_Handler
                0x0800570a        0x2 build/stm32f4xx_it.o
                0x0800570a                HardFault_Handler
 .text.MemManage_Handler
                0x0800570c        0x2 build/stm32f4xx_it.o
                0x0800570c                MemManage_Handler
 .text.BusFault_Handler
                0x0800570e        0x2 build/stm32f4xx_it.o
                0x0800570e                BusFault_Handler
 .text.UsageFault_Handler
                0x08005710        0x2 build/stm32f4xx_it.o
                0x08005710                UsageFault_Handler
 .text.SVC_Handler
                0x08005712        0x2 build/stm32f4xx_it.o
                0x08005712                SVC_Handler
 .text.DebugMon_Handler
                0x08005714        0x2 build/stm32f4xx_it.o
                0x08005714                DebugMon_Handler
 .text.PendSV_Handler
                0x08005716        0x2 build/stm32f4xx_it.o
                0x08005716                PendSV_Handler
 .text.SysTick_Handler
                0x08005718        0x8 build/stm32f4xx_it.o
                0x08005718                SysTick_Handler
 .text.DMA2_Stream0_IRQHandler
                0x08005720       0x10 build/stm32f4xx_it.o
                0x08005720                DMA2_Stream0_IRQHandler
 .text.OTG_FS_IRQHandler
                0x08005730       0x10 build/stm32f4xx_it.o
                0x08005730                OTG_FS_IRQHandler
 .text.HAL_I2S_RxHalfCpltCallback
                0x08005740       0x3c build/stm32f4xx_it.o
                0x08005740                HAL_I2S_RxHalfCpltCallback
 .text.HAL_I2S_RxCpltCallback
                0x0800577c       0x18 build/stm32f4xx_it.o
                0x0800577c                HAL_I2S_RxCpltCallback
 .text.HAL_MspInit
                0x08005794       0x38 build/stm32f4xx_hal_msp.o
                0x08005794                HAL_MspInit
 .text.VCNL4040_Write16
                0x080057cc       0x2a build/vcnl4040_sensor.o
 .text.VCNL4040_Read16
                0x080057f6       0x32 build/vcnl4040_sensor.o
 .text.VCNL4040_ReadALS
                0x08005828        0xc build/vcnl4040_sensor.o
                0x08005828                VCNL4040_ReadALS
 .text.VCNL4040_ReadPS
                0x08005834        0xc build/vcnl4040_sensor.o
                0x08005834                VCNL4040_ReadPS
 .text.VCNL4040_ReadID
                0x08005840        0xc build/vcnl4040_sensor.o
                0x08005840                VCNL4040_ReadID
 .text.VCNL4040_Init
                0x0800584c       0x6a build/vcnl4040_sensor.o
                0x0800584c                VCNL4040_Init
 .text.ENS160_Write8
                0x080058b6       0x26 build/ens160_sensor.o
 .text.ENS160_Read8
                0x080058dc       0x1e build/ens160_sensor.o
 .text.ENS160_Read16
                0x080058fa       0x32 build/ens160_sensor.o
 .text.ENS160_SetMode
                0x0800592c        0xc build/ens160_sensor.o
                0x0800592c                ENS160_SetMode
 .text.ENS160_ReadAQI
                0x08005938        0xc build/ens160_sensor.o
                0x08005938                ENS160_ReadAQI
 .text.ENS160_ReadTVOC
                0x08005944        0xc build/ens160_sensor.o
                0x08005944                ENS160_ReadTVOC
 .text.ENS160_ReadECO2
                0x08005950        0xc build/ens160_sensor.o
                0x08005950                ENS160_ReadECO2
 .text.ENS160_ReadID
                0x0800595c        0xc build/ens160_sensor.o
                0x0800595c                ENS160_ReadID
 .text.ENS160_Init
                0x08005968       0x4a build/ens160_sensor.o
                0x08005968                ENS160_Init
 .text.HDC302x_CRC8
                0x080059b2       0x42 build/humidity_temp_sensor.o
 .text.HDC302x_WriteCmd
                0x080059f4       0x24 build/humidity_temp_sensor.o
 .text.HDC302x_Init
                0x08005a18       0x20 build/humidity_temp_sensor.o
                0x08005a18                HDC302x_Init
 .text.HDC302x_ReadData
                0x08005a38       0xdc build/humidity_temp_sensor.o
                0x08005a38                HDC302x_ReadData
 .text.MIC_Init
                0x08005b14       0x1a build/microphone_sensor.o
                0x08005b14                MIC_Init
 *fill*         0x08005b2e        0x2 
 .text.MIC_Start
                0x08005b30       0x20 build/microphone_sensor.o
                0x08005b30                MIC_Start
 .text.RGB_LED_Init
                0x08005b50       0x50 build/methods.o
                0x08005b50                RGB_LED_Init
 .text.USB_Print
                0x08005ba0       0x38 build/methods.o
                0x08005ba0                USB_Print
 .text.I2C_IsAcknowledgeFailed
                0x08005bd8       0x32 build/stm32f4xx_hal_i2c.o
 .text.I2C_WaitOnFlagUntilTimeout
                0x08005c0a       0xaa build/stm32f4xx_hal_i2c.o
 .text.I2C_WaitOnMasterAddressFlagUntilTimeout
                0x08005cb4       0xd6 build/stm32f4xx_hal_i2c.o
 *fill*         0x08005d8a        0x2 
 .text.I2C_MasterRequestWrite
                0x08005d8c       0xb4 build/stm32f4xx_hal_i2c.o
 .text.I2C_MasterRequestRead
                0x08005e40      0x120 build/stm32f4xx_hal_i2c.o
 .text.I2C_WaitOnTXEFlagUntilTimeout
                0x08005f60       0x5e build/stm32f4xx_hal_i2c.o
 *fill*         0x08005fbe        0x2 
 .text.I2C_RequestMemoryWrite
                0x08005fc0       0xd8 build/stm32f4xx_hal_i2c.o
 .text.I2C_RequestMemoryRead
                0x08006098      0x154 build/stm32f4xx_hal_i2c.o
 .text.I2C_WaitOnBTFFlagUntilTimeout
                0x080061ec       0x5e build/stm32f4xx_hal_i2c.o
 .text.I2C_WaitOnRXNEFlagUntilTimeout
                0x0800624a       0x78 build/stm32f4xx_hal_i2c.o
 *fill*         0x080062c2        0x2 
 .text.HAL_I2C_Init
                0x080062c4      0x1bc build/stm32f4xx_hal_i2c.o
                0x080062c4                HAL_I2C_Init
 .text.HAL_I2C_Master_Transmit
                0x08006480      0x178 build/stm32f4xx_hal_i2c.o
                0x08006480                HAL_I2C_Master_Transmit
 .text.HAL_I2C_Master_Receive
                0x080065f8      0x2fc build/stm32f4xx_hal_i2c.o
                0x080065f8                HAL_I2C_Master_Receive
 .text.HAL_I2C_Mem_Write
                0x080068f4      0x164 build/stm32f4xx_hal_i2c.o
                0x080068f4                HAL_I2C_Mem_Write
 .text.HAL_I2C_Mem_Read
                0x08006a58      0x2f8 build/stm32f4xx_hal_i2c.o
                0x08006a58                HAL_I2C_Mem_Read
 .text.HAL_RCC_ClockConfig
                0x08006d50      0x160 build/stm32f4xx_hal_rcc.o
                0x08006d50                HAL_RCC_ClockConfig
 .text.HAL_RCC_GetHCLKFreq
                0x08006eb0        0xc build/stm32f4xx_hal_rcc.o
                0x08006eb0                HAL_RCC_GetHCLKFreq
 .text.HAL_RCC_GetPCLK1Freq
                0x08006ebc       0x20 build/stm32f4xx_hal_rcc.o
                0x08006ebc                HAL_RCC_GetPCLK1Freq
 .text.HAL_RCC_GetPCLK2Freq
                0x08006edc       0x20 build/stm32f4xx_hal_rcc.o
                0x08006edc                HAL_RCC_GetPCLK2Freq
 .text.HAL_RCCEx_PeriphCLKConfig
                0x08006efc      0x474 build/stm32f4xx_hal_rcc_ex.o
                0x08006efc                HAL_RCCEx_PeriphCLKConfig
 .text.HAL_RCCEx_GetPeriphCLKFreq
                0x08007370      0x30c build/stm32f4xx_hal_rcc_ex.o
                0x08007370                HAL_RCCEx_GetPeriphCLKFreq
 .text.HAL_RCC_GetSysClockFreq
                0x0800767c      0x190 build/stm32f4xx_hal_rcc_ex.o
                0x0800767c                HAL_RCC_GetSysClockFreq
 .text.HAL_RCC_OscConfig
                0x0800780c      0x444 build/stm32f4xx_hal_rcc_ex.o
                0x0800780c                HAL_RCC_OscConfig
 .text.HAL_GPIO_Init
                0x08007c50      0x1e0 build/stm32f4xx_hal_gpio.o
                0x08007c50                HAL_GPIO_Init
 .text.HAL_GPIO_WritePin
                0x08007e30        0xc build/stm32f4xx_hal_gpio.o
                0x08007e30                HAL_GPIO_WritePin
 .text.DMA_SetConfig
                0x08007e3c       0x2c build/stm32f4xx_hal_dma.o
 .text.DMA_CalcBaseAndBitshift
                0x08007e68       0x3c build/stm32f4xx_hal_dma.o
 .text.DMA_CheckFifoParam
                0x08007ea4       0x8e build/stm32f4xx_hal_dma.o
 *fill*         0x08007f32        0x2 
 .text.HAL_DMA_Init
                0x08007f34       0xcc build/stm32f4xx_hal_dma.o
                0x08007f34                HAL_DMA_Init
 .text.HAL_DMA_Start_IT
                0x08008000       0x6a build/stm32f4xx_hal_dma.o
                0x08008000                HAL_DMA_Start_IT
 *fill*         0x0800806a        0x2 
 .text.HAL_DMA_IRQHandler
                0x0800806c      0x1dc build/stm32f4xx_hal_dma.o
                0x0800806c                HAL_DMA_IRQHandler
 .text.__NVIC_EnableIRQ
                0x08008248       0x1c build/stm32f4xx_hal_cortex.o
 .text.__NVIC_SetPriority
                0x08008264       0x28 build/stm32f4xx_hal_cortex.o
 .text.NVIC_EncodePriority
                0x0800828c       0x3e build/stm32f4xx_hal_cortex.o
 *fill*         0x080082ca        0x2 
 .text.HAL_NVIC_SetPriorityGrouping
                0x080082cc       0x24 build/stm32f4xx_hal_cortex.o
                0x080082cc                HAL_NVIC_SetPriorityGrouping
 .text.HAL_NVIC_SetPriority
                0x080082f0       0x20 build/stm32f4xx_hal_cortex.o
                0x080082f0                HAL_NVIC_SetPriority
 .text.HAL_NVIC_EnableIRQ
                0x08008310        0x8 build/stm32f4xx_hal_cortex.o
                0x08008310                HAL_NVIC_EnableIRQ
 .text.HAL_SYSTICK_Config
                0x08008318       0x28 build/stm32f4xx_hal_cortex.o
                0x08008318                HAL_SYSTICK_Config
 .text.HAL_InitTick
                0x08008340       0x4c build/stm32f4xx_hal.o
                0x08008340                HAL_InitTick
 .text.HAL_Init
                0x0800838c       0x34 build/stm32f4xx_hal.o
                0x0800838c                HAL_Init
 .text.HAL_IncTick
                0x080083c0       0x18 build/stm32f4xx_hal.o
                0x080083c0                HAL_IncTick
 .text.HAL_GetTick
                0x080083d8        0xc build/stm32f4xx_hal.o
                0x080083d8                HAL_GetTick
 .text.HAL_Delay
                0x080083e4       0x28 build/stm32f4xx_hal.o
                0x080083e4                HAL_Delay
 .text.UART_SetConfig
                0x0800840c      0x110 build/stm32f4xx_hal_uart.o
 .text.HAL_UART_Init
                0x0800851c       0x60 build/stm32f4xx_hal_uart.o
                0x0800851c                HAL_UART_Init
 .text.SystemInit
                0x0800857c       0x14 build/system_stm32f4xx.o
                0x0800857c                SystemInit
 .text._sbrk    0x08008590       0x48 build/sysmem.o
                0x08008590                _sbrk
 .text._getpid  0x080085d8        0x4 build/syscalls.o
                0x080085d8                _getpid
 .text._kill    0x080085dc       0x10 build/syscalls.o
                0x080085dc                _kill
 .text._exit    0x080085ec        0xc build/syscalls.o
                0x080085ec                _exit
 .text._read    0x080085f8       0x20 build/syscalls.o
                0x080085f8                _read
 .text._write   0x08008618       0x1c build/syscalls.o
                0x08008618                _write
 .text._close   0x08008634        0x6 build/syscalls.o
                0x08008634                _close
 .text._fstat   0x0800863a        0xa build/syscalls.o
                0x0800863a                _fstat
 .text._isatty  0x08008644        0x4 build/syscalls.o
                0x08008644                _isatty
 .text._lseek   0x08008648        0x4 build/syscalls.o
                0x08008648                _lseek
 .text.MX_DMA_Init
                0x0800864c       0x34 build/dma.o
                0x0800864c                MX_DMA_Init
 .text.MX_I2S1_Init
                0x08008680       0x3c build/i2s.o
                0x08008680                MX_I2S1_Init
 .text.HAL_I2S_MspInit
                0x080086bc       0xe8 build/i2s.o
                0x080086bc                HAL_I2S_MspInit
 .text.HAL_I2S_Init
                0x080087a4      0x13c build/stm32f4xx_hal_i2s.o
                0x080087a4                HAL_I2S_Init
 .text.HAL_I2S_Receive_DMA
                0x080088e0       0xf4 build/stm32f4xx_hal_i2s.o
                0x080088e0                HAL_I2S_Receive_DMA
 .text.HAL_I2S_TxCpltCallback
                0x080089d4        0x2 build/stm32f4xx_hal_i2s.o
                0x080089d4                HAL_I2S_TxCpltCallback
 .text.I2S_Transmit_IT
                0x080089d6       0x38 build/stm32f4xx_hal_i2s.o
 .text.I2S_DMARxHalfCplt
                0x08008a0e        0xa build/stm32f4xx_hal_i2s.o
 .text.I2S_Receive_IT
                0x08008a18       0x38 build/stm32f4xx_hal_i2s.o
 .text.I2S_DMARxCplt
                0x08008a50       0x24 build/stm32f4xx_hal_i2s.o
 .text.HAL_I2S_ErrorCallback
                0x08008a74        0x2 build/stm32f4xx_hal_i2s.o
                0x08008a74                HAL_I2S_ErrorCallback
 .text.I2S_IRQHandler
                0x08008a76       0xd0 build/stm32f4xx_hal_i2s.o
 .text.I2S_DMAError
                0x08008b46       0x28 build/stm32f4xx_hal_i2s.o
 *fill*         0x08008b6e        0x2 
 .text.MX_USB_DEVICE_Init
                0x08008b70       0x54 build/usb_device.o
                0x08008b70                MX_USB_DEVICE_Init
 .text.USBD_FS_DeviceDescriptor
                0x08008bc4        0xc build/usbd_desc.o
                0x08008bc4                USBD_FS_DeviceDescriptor
 .text.USBD_FS_LangIDStrDescriptor
                0x08008bd0        0xc build/usbd_desc.o
                0x08008bd0                USBD_FS_LangIDStrDescriptor
 .text.USBD_FS_USR_BOSDescriptor
                0x08008bdc        0xc build/usbd_desc.o
                0x08008bdc                USBD_FS_USR_BOSDescriptor
 .text.IntToUnicode
                0x08008be8       0x46 build/usbd_desc.o
 *fill*         0x08008c2e        0x2 
 .text.Get_SerialNum
                0x08008c30       0x38 build/usbd_desc.o
 .text.USBD_FS_SerialStrDescriptor
                0x08008c68       0x14 build/usbd_desc.o
                0x08008c68                USBD_FS_SerialStrDescriptor
 .text.USBD_FS_ProductStrDescriptor
                0x08008c7c       0x24 build/usbd_desc.o
                0x08008c7c                USBD_FS_ProductStrDescriptor
 .text.USBD_FS_ManufacturerStrDescriptor
                0x08008ca0       0x1c build/usbd_desc.o
                0x08008ca0                USBD_FS_ManufacturerStrDescriptor
 .text.USBD_FS_ConfigStrDescriptor
                0x08008cbc       0x24 build/usbd_desc.o
                0x08008cbc                USBD_FS_ConfigStrDescriptor
 .text.USBD_FS_InterfaceStrDescriptor
                0x08008ce0       0x24 build/usbd_desc.o
                0x08008ce0                USBD_FS_InterfaceStrDescriptor
 .text.CDC_DeInit_FS
                0x08008d04        0x4 build/usbd_cdc_if.o
 .text.CDC_Control_FS
                0x08008d08        0x4 build/usbd_cdc_if.o
 .text.CDC_TransmitCplt_FS
                0x08008d0c        0x4 build/usbd_cdc_if.o
 .text.CDC_Receive_FS
                0x08008d10       0x1c build/usbd_cdc_if.o
 .text.CDC_Init_FS
                0x08008d2c       0x28 build/usbd_cdc_if.o
 .text.CDC_Transmit_FS
                0x08008d54       0x2c build/usbd_cdc_if.o
                0x08008d54                CDC_Transmit_FS
 .text.HAL_PCD_MspInit
                0x08008d80       0xa8 build/usbd_conf.o
                0x08008d80                HAL_PCD_MspInit
 .text.HAL_PCD_SetupStageCallback
                0x08008e28       0x10 build/usbd_conf.o
                0x08008e28                HAL_PCD_SetupStageCallback
 .text.HAL_PCD_DataOutStageCallback
                0x08008e38       0x18 build/usbd_conf.o
                0x08008e38                HAL_PCD_DataOutStageCallback
 .text.HAL_PCD_DataInStageCallback
                0x08008e50       0x16 build/usbd_conf.o
                0x08008e50                HAL_PCD_DataInStageCallback
 .text.HAL_PCD_SOFCallback
                0x08008e66        0xc build/usbd_conf.o
                0x08008e66                HAL_PCD_SOFCallback
 .text.HAL_PCD_ResetCallback
                0x08008e72       0x28 build/usbd_conf.o
                0x08008e72                HAL_PCD_ResetCallback
 *fill*         0x08008e9a        0x2 
 .text.HAL_PCD_SuspendCallback
                0x08008e9c       0x30 build/usbd_conf.o
                0x08008e9c                HAL_PCD_SuspendCallback
 .text.HAL_PCD_ResumeCallback
                0x08008ecc        0xc build/usbd_conf.o
                0x08008ecc                HAL_PCD_ResumeCallback
 .text.HAL_PCD_ISOOUTIncompleteCallback
                0x08008ed8        0xc build/usbd_conf.o
                0x08008ed8                HAL_PCD_ISOOUTIncompleteCallback
 .text.HAL_PCD_ISOINIncompleteCallback
                0x08008ee4        0xc build/usbd_conf.o
                0x08008ee4                HAL_PCD_ISOINIncompleteCallback
 .text.HAL_PCD_ConnectCallback
                0x08008ef0        0xc build/usbd_conf.o
                0x08008ef0                HAL_PCD_ConnectCallback
 .text.HAL_PCD_DisconnectCallback
                0x08008efc        0xc build/usbd_conf.o
                0x08008efc                HAL_PCD_DisconnectCallback
 .text.USBD_LL_Init
                0x08008f08       0x68 build/usbd_conf.o
                0x08008f08                USBD_LL_Init
 .text.USBD_LL_IsStallEP
                0x08008f70       0x2c build/usbd_conf.o
                0x08008f70                USBD_LL_IsStallEP
 .text.USBD_LL_GetRxDataSize
                0x08008f9c        0xc build/usbd_conf.o
                0x08008f9c                USBD_LL_GetRxDataSize
 .text.HAL_PCDEx_LPM_Callback
                0x08008fa8       0x60 build/usbd_conf.o
                0x08008fa8                HAL_PCDEx_LPM_Callback
 .text.USBD_static_malloc
                0x08009008        0x8 build/usbd_conf.o
                0x08009008                USBD_static_malloc
 .text.USBD_static_free
                0x08009010        0x2 build/usbd_conf.o
                0x08009010                USBD_static_free
 .text.USBD_Get_USB_Status
                0x08009012       0x14 build/usbd_conf.o
                0x08009012                USBD_Get_USB_Status
 .text.USBD_LL_Start
                0x08009026       0x10 build/usbd_conf.o
                0x08009026                USBD_LL_Start
 .text.USBD_LL_OpenEP
                0x08009036       0x16 build/usbd_conf.o
                0x08009036                USBD_LL_OpenEP
 .text.USBD_LL_CloseEP
                0x0800904c       0x10 build/usbd_conf.o
                0x0800904c                USBD_LL_CloseEP
 .text.USBD_LL_StallEP
                0x0800905c       0x10 build/usbd_conf.o
                0x0800905c                USBD_LL_StallEP
 .text.USBD_LL_ClearStallEP
                0x0800906c       0x10 build/usbd_conf.o
                0x0800906c                USBD_LL_ClearStallEP
 .text.USBD_LL_SetUSBAddress
                0x0800907c       0x10 build/usbd_conf.o
                0x0800907c                USBD_LL_SetUSBAddress
 .text.USBD_LL_Transmit
                0x0800908c       0x10 build/usbd_conf.o
                0x0800908c                USBD_LL_Transmit
 .text.USBD_LL_PrepareReceive
                0x0800909c       0x10 build/usbd_conf.o
                0x0800909c                USBD_LL_PrepareReceive
 .text.PCD_WriteEmptyTxFifo
                0x080090ac       0xd0 build/stm32f4xx_hal_pcd.o
 .text.HAL_PCD_Init
                0x0800917c      0x112 build/stm32f4xx_hal_pcd.o
                0x0800917c                HAL_PCD_Init
 .text.HAL_PCD_Start
                0x0800928e       0x44 build/stm32f4xx_hal_pcd.o
                0x0800928e                HAL_PCD_Start
 *fill*         0x080092d2        0x2 
 .text.PCD_EP_OutXfrComplete_int
                0x080092d4      0x104 build/stm32f4xx_hal_pcd.o
 .text.PCD_EP_OutSetupPacket_int
                0x080093d8       0x50 build/stm32f4xx_hal_pcd.o
 .text.HAL_PCD_SetAddress
                0x08009428       0x26 build/stm32f4xx_hal_pcd.o
                0x08009428                HAL_PCD_SetAddress
 .text.HAL_PCD_EP_Open
                0x0800944e       0x8c build/stm32f4xx_hal_pcd.o
                0x0800944e                HAL_PCD_EP_Open
 .text.HAL_PCD_EP_Close
                0x080094da       0x70 build/stm32f4xx_hal_pcd.o
                0x080094da                HAL_PCD_EP_Close
 .text.HAL_PCD_EP_Receive
                0x0800954a       0x4a build/stm32f4xx_hal_pcd.o
                0x0800954a                HAL_PCD_EP_Receive
 .text.HAL_PCD_EP_GetRxCount
                0x08009594       0x12 build/stm32f4xx_hal_pcd.o
                0x08009594                HAL_PCD_EP_GetRxCount
 .text.HAL_PCD_EP_Transmit
                0x080095a6       0x4a build/stm32f4xx_hal_pcd.o
                0x080095a6                HAL_PCD_EP_Transmit
 .text.HAL_PCD_EP_SetStall
                0x080095f0       0x86 build/stm32f4xx_hal_pcd.o
                0x080095f0                HAL_PCD_EP_SetStall
 .text.HAL_PCD_EP_ClrStall
                0x08009676       0x74 build/stm32f4xx_hal_pcd.o
                0x08009676                HAL_PCD_EP_ClrStall
 .text.HAL_PCD_EP_Abort
                0x080096ea       0x34 build/stm32f4xx_hal_pcd.o
                0x080096ea                HAL_PCD_EP_Abort
 .text.HAL_PCD_IRQHandler
                0x0800971e      0x602 build/stm32f4xx_hal_pcd.o
                0x0800971e                HAL_PCD_IRQHandler
 .text.HAL_PCDEx_SetTxFiFo
                0x08009d20       0x4c build/stm32f4xx_hal_pcd_ex.o
                0x08009d20                HAL_PCDEx_SetTxFiFo
 .text.HAL_PCDEx_SetRxFiFo
                0x08009d6c        0x8 build/stm32f4xx_hal_pcd_ex.o
                0x08009d6c                HAL_PCDEx_SetRxFiFo
 .text.HAL_PCDEx_ActivateLPM
                0x08009d74       0x26 build/stm32f4xx_hal_pcd_ex.o
                0x08009d74                HAL_PCDEx_ActivateLPM
 .text.USB_CoreReset
                0x08009d9a       0x58 build/stm32f4xx_ll_usb.o
 .text.USB_CoreInit
                0x08009df2       0x92 build/stm32f4xx_ll_usb.o
                0x08009df2                USB_CoreInit
 .text.USB_SetTurnaroundTime
                0x08009e84       0xe4 build/stm32f4xx_ll_usb.o
                0x08009e84                USB_SetTurnaroundTime
 .text.USB_EnableGlobalInt
                0x08009f68        0xc build/stm32f4xx_ll_usb.o
                0x08009f68                USB_EnableGlobalInt
 .text.USB_DisableGlobalInt
                0x08009f74        0xc build/stm32f4xx_ll_usb.o
                0x08009f74                USB_DisableGlobalInt
 .text.USB_FlushTxFifo
                0x08009f80       0x4a build/stm32f4xx_ll_usb.o
                0x08009f80                USB_FlushTxFifo
 .text.USB_FlushRxFifo
                0x08009fca       0x46 build/stm32f4xx_ll_usb.o
                0x08009fca                USB_FlushRxFifo
 .text.USB_SetDevSpeed
                0x0800a010        0xe build/stm32f4xx_ll_usb.o
                0x0800a010                USB_SetDevSpeed
 *fill*         0x0800a01e        0x2 
 .text.USB_DevInit
                0x0800a020      0x18c build/stm32f4xx_ll_usb.o
                0x0800a020                USB_DevInit
 .text.USB_GetDevSpeed
                0x0800a1ac       0x22 build/stm32f4xx_ll_usb.o
                0x0800a1ac                USB_GetDevSpeed
 .text.USB_ActivateEndpoint
                0x0800a1ce       0x9a build/stm32f4xx_ll_usb.o
                0x0800a1ce                USB_ActivateEndpoint
 .text.USB_DeactivateEndpoint
                0x0800a268       0xe0 build/stm32f4xx_ll_usb.o
                0x0800a268                USB_DeactivateEndpoint
 .text.USB_EPStopXfer
                0x0800a348       0xbe build/stm32f4xx_ll_usb.o
                0x0800a348                USB_EPStopXfer
 .text.USB_WritePacket
                0x0800a406       0x2e build/stm32f4xx_ll_usb.o
                0x0800a406                USB_WritePacket
 .text.USB_EPStartXfer
                0x0800a434      0x244 build/stm32f4xx_ll_usb.o
                0x0800a434                USB_EPStartXfer
 .text.USB_ReadPacket
                0x0800a678       0x46 build/stm32f4xx_ll_usb.o
                0x0800a678                USB_ReadPacket
 .text.USB_EPSetStall
                0x0800a6be       0x5a build/stm32f4xx_ll_usb.o
                0x0800a6be                USB_EPSetStall
 .text.USB_EPClearStall
                0x0800a718       0x5c build/stm32f4xx_ll_usb.o
                0x0800a718                USB_EPClearStall
 .text.USB_SetDevAddress
                0x0800a774       0x20 build/stm32f4xx_ll_usb.o
                0x0800a774                USB_SetDevAddress
 .text.USB_DevConnect
                0x0800a794       0x1c build/stm32f4xx_ll_usb.o
                0x0800a794                USB_DevConnect
 .text.USB_DevDisconnect
                0x0800a7b0       0x1c build/stm32f4xx_ll_usb.o
                0x0800a7b0                USB_DevDisconnect
 .text.USB_ReadInterrupts
                0x0800a7cc        0x8 build/stm32f4xx_ll_usb.o
                0x0800a7cc                USB_ReadInterrupts
 .text.USB_ReadDevAllOutEpInterrupt
                0x0800a7d4       0x10 build/stm32f4xx_ll_usb.o
                0x0800a7d4                USB_ReadDevAllOutEpInterrupt
 .text.USB_ReadDevAllInEpInterrupt
                0x0800a7e4       0x10 build/stm32f4xx_ll_usb.o
                0x0800a7e4                USB_ReadDevAllInEpInterrupt
 .text.USB_ReadDevOutEPInterrupt
                0x0800a7f4       0x12 build/stm32f4xx_ll_usb.o
                0x0800a7f4                USB_ReadDevOutEPInterrupt
 .text.USB_ReadDevInEPInterrupt
                0x0800a806       0x24 build/stm32f4xx_ll_usb.o
                0x0800a806                USB_ReadDevInEPInterrupt
 .text.USB_GetMode
                0x0800a82a        0x8 build/stm32f4xx_ll_usb.o
                0x0800a82a                USB_GetMode
 .text.USB_SetCurrentMode
                0x0800a832       0x62 build/stm32f4xx_ll_usb.o
                0x0800a832                USB_SetCurrentMode
 .text.USB_ActivateSetup
                0x0800a894       0x1c build/stm32f4xx_ll_usb.o
                0x0800a894                USB_ActivateSetup
 .text.USB_EP0_OutStart
                0x0800a8b0       0x60 build/stm32f4xx_ll_usb.o
                0x0800a8b0                USB_EP0_OutStart
 .text.USBD_Init
                0x0800a910       0x2e build/usbd_core.o
                0x0800a910                USBD_Init
 .text.USBD_RegisterClass
                0x0800a93e       0x34 build/usbd_core.o
                0x0800a93e                USBD_RegisterClass
 .text.USBD_Start
                0x0800a972        0x8 build/usbd_core.o
                0x0800a972                USBD_Start
 .text.USBD_SetClassConfig
                0x0800a97a       0x12 build/usbd_core.o
                0x0800a97a                USBD_SetClassConfig
 .text.USBD_ClrClassConfig
                0x0800a98c       0x12 build/usbd_core.o
                0x0800a98c                USBD_ClrClassConfig
 .text.USBD_LL_SetupStage
                0x0800a99e       0x58 build/usbd_core.o
                0x0800a99e                USBD_LL_SetupStage
 .text.USBD_LL_Reset
                0x0800a9f6       0x66 build/usbd_core.o
                0x0800a9f6                USBD_LL_Reset
 .text.USBD_LL_SetSpeed
                0x0800aa5c        0x6 build/usbd_core.o
                0x0800aa5c                USBD_LL_SetSpeed
 .text.USBD_LL_Suspend
                0x0800aa62       0x1e build/usbd_core.o
                0x0800aa62                USBD_LL_Suspend
 .text.USBD_LL_Resume
                0x0800aa80       0x1a build/usbd_core.o
                0x0800aa80                USBD_LL_Resume
 .text.USBD_LL_SOF
                0x0800aa9a       0x22 build/usbd_core.o
                0x0800aa9a                USBD_LL_SOF
 .text.USBD_LL_IsoINIncomplete
                0x0800aabc       0x2e build/usbd_core.o
                0x0800aabc                USBD_LL_IsoINIncomplete
 .text.USBD_LL_IsoOUTIncomplete
                0x0800aaea       0x2e build/usbd_core.o
                0x0800aaea                USBD_LL_IsoOUTIncomplete
 .text.USBD_LL_DevConnected
                0x0800ab18        0x4 build/usbd_core.o
                0x0800ab18                USBD_LL_DevConnected
 .text.USBD_LL_DevDisconnected
                0x0800ab1c       0x20 build/usbd_core.o
                0x0800ab1c                USBD_LL_DevDisconnected
 .text.USBD_CoreFindIF
                0x0800ab3c        0x4 build/usbd_core.o
                0x0800ab3c                USBD_CoreFindIF
 .text.USBD_CoreFindEP
                0x0800ab40        0x4 build/usbd_core.o
                0x0800ab40                USBD_CoreFindEP
 .text.USBD_LL_DataOutStage
                0x0800ab44       0xca build/usbd_core.o
                0x0800ab44                USBD_LL_DataOutStage
 .text.USBD_LL_DataInStage
                0x0800ac0e       0xd8 build/usbd_core.o
                0x0800ac0e                USBD_LL_DataInStage
 .text.USBD_GetNextDesc
                0x0800ace6        0xe build/usbd_core.o
                0x0800ace6                USBD_GetNextDesc
 .text.USBD_GetEpDesc
                0x0800acf4       0x3e build/usbd_core.o
                0x0800acf4                USBD_GetEpDesc
 .text.USBD_GetLen
                0x0800ad32       0x14 build/usbd_ctlreq.o
 .text.USBD_ParseSetupRequest
                0x0800ad46       0x28 build/usbd_ctlreq.o
                0x0800ad46                USBD_ParseSetupRequest
 .text.USBD_CtlError
                0x0800ad6e       0x14 build/usbd_ctlreq.o
                0x0800ad6e                USBD_CtlError
 .text.USBD_GetDescriptor
                0x0800ad82      0x1ac build/usbd_ctlreq.o
 .text.USBD_SetAddress
                0x0800af2e       0x50 build/usbd_ctlreq.o
 *fill*         0x0800af7e        0x2 
 .text.USBD_SetConfig
                0x0800af80       0xcc build/usbd_ctlreq.o
 .text.USBD_GetConfig
                0x0800b04c       0x40 build/usbd_ctlreq.o
 .text.USBD_GetStatus
                0x0800b08c       0x38 build/usbd_ctlreq.o
 .text.USBD_SetFeature
                0x0800b0c4       0x2a build/usbd_ctlreq.o
 .text.USBD_ClrFeature
                0x0800b0ee       0x26 build/usbd_ctlreq.o
 .text.USBD_StdDevReq
                0x0800b114       0x76 build/usbd_ctlreq.o
                0x0800b114                USBD_StdDevReq
 .text.USBD_StdItfReq
                0x0800b18a       0x84 build/usbd_ctlreq.o
                0x0800b18a                USBD_StdItfReq
 .text.USBD_StdEPReq
                0x0800b20e      0x232 build/usbd_ctlreq.o
                0x0800b20e                USBD_StdEPReq
 .text.USBD_GetString
                0x0800b440       0x46 build/usbd_ctlreq.o
                0x0800b440                USBD_GetString
 .text.USBD_CtlSendData
                0x0800b486       0x1c build/usbd_ioreq.o
                0x0800b486                USBD_CtlSendData
 .text.USBD_CtlContinueSendData
                0x0800b4a2       0x10 build/usbd_ioreq.o
                0x0800b4a2                USBD_CtlContinueSendData
 .text.USBD_CtlPrepareRx
                0x0800b4b2       0x22 build/usbd_ioreq.o
                0x0800b4b2                USBD_CtlPrepareRx
 .text.USBD_CtlContinueRx
                0x0800b4d4       0x10 build/usbd_ioreq.o
                0x0800b4d4                USBD_CtlContinueRx
 .text.USBD_CtlSendStatus
                0x0800b4e4       0x16 build/usbd_ioreq.o
                0x0800b4e4                USBD_CtlSendStatus
 .text.USBD_CtlReceiveStatus
                0x0800b4fa       0x16 build/usbd_ioreq.o
                0x0800b4fa                USBD_CtlReceiveStatus
 .text.USBD_CDC_EP0_RxReady
                0x0800b510       0x40 build/usbd_cdc.o
 .text.USBD_CDC_GetDeviceQualifierDescriptor
                0x0800b550        0xc build/usbd_cdc.o
                0x0800b550                USBD_CDC_GetDeviceQualifierDescriptor
 .text.USBD_CDC_GetOtherSpeedCfgDesc
                0x0800b55c       0x48 build/usbd_cdc.o
 .text.USBD_CDC_GetFSCfgDesc
                0x0800b5a4       0x48 build/usbd_cdc.o
 .text.USBD_CDC_GetHSCfgDesc
                0x0800b5ec       0x48 build/usbd_cdc.o
 .text.USBD_CDC_DataOut
                0x0800b634       0x38 build/usbd_cdc.o
 .text.USBD_CDC_DataIn
                0x0800b66c       0x7c build/usbd_cdc.o
 .text.USBD_CDC_Setup
                0x0800b6e8      0x11a build/usbd_cdc.o
 .text.USBD_CDC_DeInit
                0x0800b802       0x64 build/usbd_cdc.o
 .text.USBD_CDC_Init
                0x0800b866       0xee build/usbd_cdc.o
 .text.USBD_CDC_RegisterInterface
                0x0800b954       0x16 build/usbd_cdc.o
                0x0800b954                USBD_CDC_RegisterInterface
 .text.USBD_CDC_SetTxBuffer
                0x0800b96a       0x1c build/usbd_cdc.o
                0x0800b96a                USBD_CDC_SetTxBuffer
 .text.USBD_CDC_SetRxBuffer
                0x0800b986       0x18 build/usbd_cdc.o
                0x0800b986                USBD_CDC_SetRxBuffer
 .text.USBD_CDC_TransmitPacket
                0x0800b99e       0x36 build/usbd_cdc.o
                0x0800b99e                USBD_CDC_TransmitPacket
 .text.USBD_CDC_ReceivePacket
                0x0800b9d4       0x38 build/usbd_cdc.o
                0x0800b9d4                USBD_CDC_ReceivePacket
 .text.Reset_Handler
                0x0800ba0c       0x50 build/startup_stm32f446xx.o
                0x0800ba0c                Reset_Handler
 .text.Default_Handler
                0x0800ba5c        0x2 build/startup_stm32f446xx.o
                0x0800ba5c                RTC_Alarm_IRQHandler
                0x0800ba5c                EXTI2_IRQHandler
                0x0800ba5c                TIM8_CC_IRQHandler
                0x0800ba5c                FMPI2C1_EV_IRQHandler
                0x0800ba5c                SPI4_IRQHandler
                0x0800ba5c                TIM1_CC_IRQHandler
                0x0800ba5c                DMA2_Stream5_IRQHandler
                0x0800ba5c                DMA1_Stream5_IRQHandler
                0x0800ba5c                PVD_IRQHandler
                0x0800ba5c                SDIO_IRQHandler
                0x0800ba5c                TAMP_STAMP_IRQHandler
                0x0800ba5c                CAN2_RX1_IRQHandler
                0x0800ba5c                EXTI3_IRQHandler
                0x0800ba5c                TIM8_TRG_COM_TIM14_IRQHandler
                0x0800ba5c                TIM1_UP_TIM10_IRQHandler
                0x0800ba5c                TIM8_UP_TIM13_IRQHandler
                0x0800ba5c                I2C3_ER_IRQHandler
                0x0800ba5c                EXTI0_IRQHandler
                0x0800ba5c                I2C2_EV_IRQHandler
                0x0800ba5c                DMA1_Stream2_IRQHandler
                0x0800ba5c                CAN1_RX0_IRQHandler
                0x0800ba5c                FPU_IRQHandler
                0x0800ba5c                OTG_HS_WKUP_IRQHandler
                0x0800ba5c                CAN2_SCE_IRQHandler
                0x0800ba5c                DMA2_Stream2_IRQHandler
                0x0800ba5c                SPI1_IRQHandler
                0x0800ba5c                TIM6_DAC_IRQHandler
                0x0800ba5c                TIM1_BRK_TIM9_IRQHandler
                0x0800ba5c                DCMI_IRQHandler
                0x0800ba5c                CAN2_RX0_IRQHandler
                0x0800ba5c                DMA2_Stream3_IRQHandler
                0x0800ba5c                SAI2_IRQHandler
                0x0800ba5c                USART6_IRQHandler
                0x0800ba5c                USART3_IRQHandler
                0x0800ba5c                CAN1_RX1_IRQHandler
                0x0800ba5c                UART5_IRQHandler
                0x0800ba5c                TIM4_IRQHandler
                0x0800ba5c                QUADSPI_IRQHandler
                0x0800ba5c                I2C1_EV_IRQHandler
                0x0800ba5c                DMA1_Stream6_IRQHandler
                0x0800ba5c                DMA1_Stream1_IRQHandler
                0x0800ba5c                UART4_IRQHandler
                0x0800ba5c                TIM3_IRQHandler
                0x0800ba5c                RCC_IRQHandler
                0x0800ba5c                TIM8_BRK_TIM12_IRQHandler
                0x0800ba5c                Default_Handler
                0x0800ba5c                CEC_IRQHandler
                0x0800ba5c                EXTI15_10_IRQHandler
                0x0800ba5c                ADC_IRQHandler
                0x0800ba5c                DMA1_Stream7_IRQHandler
                0x0800ba5c                TIM7_IRQHandler
                0x0800ba5c                CAN2_TX_IRQHandler
                0x0800ba5c                TIM5_IRQHandler
                0x0800ba5c                DMA2_Stream7_IRQHandler
                0x0800ba5c                I2C3_EV_IRQHandler
                0x0800ba5c                EXTI9_5_IRQHandler
                0x0800ba5c                RTC_WKUP_IRQHandler
                0x0800ba5c                SPDIF_RX_IRQHandler
                0x0800ba5c                SPI2_IRQHandler
                0x0800ba5c                OTG_HS_EP1_IN_IRQHandler
                0x0800ba5c                DMA1_Stream0_IRQHandler
                0x0800ba5c                CAN1_TX_IRQHandler
                0x0800ba5c                FMPI2C1_ER_IRQHandler
                0x0800ba5c                EXTI4_IRQHandler
                0x0800ba5c                OTG_HS_EP1_OUT_IRQHandler
                0x0800ba5c                WWDG_IRQHandler
                0x0800ba5c                TIM2_IRQHandler
                0x0800ba5c                OTG_FS_WKUP_IRQHandler
                0x0800ba5c                TIM1_TRG_COM_TIM11_IRQHandler
                0x0800ba5c                OTG_HS_IRQHandler
                0x0800ba5c                EXTI1_IRQHandler
                0x0800ba5c                USART2_IRQHandler
                0x0800ba5c                I2C2_ER_IRQHandler
                0x0800ba5c                DMA2_Stream1_IRQHandler
                0x0800ba5c                CAN1_SCE_IRQHandler
                0x0800ba5c                FLASH_IRQHandler
                0x0800ba5c                DMA2_Stream4_IRQHandler
                0x0800ba5c                USART1_IRQHandler
                0x0800ba5c                SPI3_IRQHandler
                0x0800ba5c                DMA1_Stream4_IRQHandler
                0x0800ba5c                I2C1_ER_IRQHandler
                0x0800ba5c                FMC_IRQHandler
                0x0800ba5c                DMA2_Stream6_IRQHandler
                0x0800ba5c                SAI1_IRQHandler
                0x0800ba5c                DMA1_Stream3_IRQHandler
 *(.glue_7)
 .glue_7        0x0800ba5e        0x0 linker stubs
 *(.glue_7t)
 .glue_7t       0x0800ba5e        0x0 linker stubs
 *(.eh_frame)
 *fill*         0x0800ba5e        0x2 
 .eh_frame      0x0800ba60        0x0 /usr/lib/gcc/arm-none-eabi/13.2.1/thumb/v7e-m+fp/hard/crtbegin.o
 *(.init)
 .init          0x0800ba60        0x4 /usr/lib/gcc/arm-none-eabi/13.2.1/thumb/v7e-m+fp/hard/crti.o
                0x0800ba60                _init
 .init          0x0800ba64        0x8 /usr/lib/gcc/arm-none-eabi/13.2.1/thumb/v7e-m+fp/hard/crtn.o
 *(.fini)
 .fini          0x0800ba6c        0x4 /usr/lib/gcc/arm-none-eabi/13.2.1/thumb/v7e-m+fp/hard/crti.o
                0x0800ba6c                _fini
 .fini          0x0800ba70        0x8 /usr/lib/gcc/arm-none-eabi/13.2.1/thumb/v7e-m+fp/hard/crtn.o
                0x0800ba78                        . = ALIGN (0x4)
                0x0800ba78                        _etext = .

.vfp11_veneer   0x0800ba78        0x0
 .vfp11_veneer  0x0800ba78        0x0 linker stubs

.v4_bx          0x0800ba78        0x0
 .v4_bx         0x0800ba78        0x0 linker stubs

.iplt           0x0800ba78        0x0
 .iplt          0x0800ba78        0x0 /usr/lib/gcc/arm-none-eabi/13.2.1/thumb/v7e-m+fp/hard/crtbegin.o

.rodata         0x0800ba78      0x400
                0x0800ba78                        . = ALIGN (0x4)
 *(.rodata)
 .rodata        0x0800ba78      0x128 /usr/lib/gcc/arm-none-eabi/13.2.1/../../../arm-none-eabi/lib/thumb/v7e-m+fp/hard/libc_nano.a(libc_a-mprec.o)
                0x0800ba88                __mprec_tens
                0x0800bb50                __mprec_tinytens
                0x0800bb78                __mprec_bigtens
 .rodata        0x0800bba0      0x101 /usr/lib/gcc/arm-none-eabi/13.2.1/../../../arm-none-eabi/lib/thumb/v7e-m+fp/hard/libc_nano.a(libc_a-ctype_.o)
                0x0800bba0                _ctype_
 *(.rodata*)
 *fill*         0x0800bca1        0x3 
 .rodata.main.str1.4
                0x0800bca4      0x1b2 build/main.o
                                 0x34 (size before relaxing)
 *fill*         0x0800be56        0x2 
 .rodata.flagBitshiftOffset.0
                0x0800be58        0x8 build/stm32f4xx_hal_dma.o
 .rodata.APBPrescTable
                0x0800be60        0x8 build/system_stm32f4xx.o
                0x0800be60                APBPrescTable
 .rodata.AHBPrescTable
                0x0800be68       0x10 build/system_stm32f4xx.o
                0x0800be68                AHBPrescTable
 .rodata.USBD_FS_ProductStrDescriptor.str1.4
                0x0800be78       0x16 build/usbd_desc.o
 .rodata.USBD_FS_ManufacturerStrDescriptor.str1.4
                0x0800be78       0x13 build/usbd_desc.o
 .rodata.USBD_FS_ConfigStrDescriptor.str1.4
                0x0800be78        0xb build/usbd_desc.o
 .rodata.USBD_FS_InterfaceStrDescriptor.str1.4
                0x0800be78        0xe build/usbd_desc.o
 .rodata.str1.4
                0x0800be78       0x13 /usr/lib/gcc/arm-none-eabi/13.2.1/../../../arm-none-eabi/lib/thumb/v7e-m+fp/hard/libc_nano.a(libc_a-nano-svfprintf.o)
 .rodata.str1.4
                0x0800be78       0x12 /usr/lib/gcc/arm-none-eabi/13.2.1/../../../arm-none-eabi/lib/thumb/v7e-m+fp/hard/libc_nano.a(libc_a-nano-vfprintf_float.o)
 .rodata.str1.4
                0x0800be78       0x69 /usr/lib/gcc/arm-none-eabi/13.2.1/../../../arm-none-eabi/lib/thumb/v7e-m+fp/hard/libc_nano.a(libc_a-dtoa.o)
 .rodata.str1.4
                0x0800be78       0x25 /usr/lib/gcc/arm-none-eabi/13.2.1/../../../arm-none-eabi/lib/thumb/v7e-m+fp/hard/libc_nano.a(libc_a-nano-vfprintf_i.o)
 .rodata.str1.4
                0x0800be78       0x43 /usr/lib/gcc/arm-none-eabi/13.2.1/../../../arm-none-eabi/lib/thumb/v7e-m+fp/hard/libc_nano.a(libc_a-assert.o)
 .rodata.str1.4
                0x0800be78       0x59 /usr/lib/gcc/arm-none-eabi/13.2.1/../../../arm-none-eabi/lib/thumb/v7e-m+fp/hard/libc_nano.a(libc_a-mprec.o)
 .rodata.str1.4
                0x0800be78       0x12 /usr/lib/gcc/arm-none-eabi/13.2.1/../../../arm-none-eabi/lib/thumb/v7e-m+fp/hard/libc_nano.a(libc_a-locale.o)
 .rodata.str1.4
                0x0800be78       0x13 /usr/lib/gcc/arm-none-eabi/13.2.1/../../../arm-none-eabi/lib/thumb/v7e-m+fp/hard/libc_nano.a(libc_a-nano-vfprintf.o)
                0x0800bee4                        . = ALIGN (0x4)

.ARM.extab      0x0800be78        0x0
                0x0800be78                        . = ALIGN (0x4)
 *(.ARM.extab* .gnu.linkonce.armextab.*)
                0x0800be78                        . = ALIGN (0x4)

.ARM            0x0800be78        0x8
                0x0800be78                        . = ALIGN (0x4)
                0x0800be78                        __exidx_start = .
 *(.ARM.exidx*)
 .ARM.exidx     0x0800be78        0x8 /usr/lib/gcc/arm-none-eabi/13.2.1/../../../arm-none-eabi/lib/thumb/v7e-m+fp/hard/libc_nano.a(libc_a-strlen.o)
 .ARM.exidx     0x0800be80        0x0 /usr/lib/gcc/arm-none-eabi/13.2.1/../../../arm-none-eabi/lib/thumb/v7e-m+fp/hard/libc_nano.a(libc_a-memchr.o)
                                  0x8 (size before relaxing)
 .ARM.exidx     0x0800be80        0x0 /usr/lib/gcc/arm-none-eabi/13.2.1/../../../arm-none-eabi/lib/thumb/v7e-m+fp/hard/libc_nano.a(libc_a-memcpy.o)
                                  0x8 (size before relaxing)
 .ARM.exidx     0x0800be80        0x0 /usr/lib/gcc/arm-none-eabi/13.2.1/thumb/v7e-m+fp/hard/libgcc.a(_udivmoddi4.o)
                                  0x8 (size before relaxing)
                0x0800be80                        __exidx_end = .
                0x0800be80                        . = ALIGN (0x4)

.preinit_array  0x0800be80        0x0
                0x0800be80                        . = ALIGN (0x4)
                0x0800be80                        PROVIDE (__preinit_array_start = .)
 *(.preinit_array*)
                0x0800be80                        PROVIDE (__preinit_array_end = .)
                0x0800be80                        . = ALIGN (0x4)

.init_array     0x0800be80        0x4
                0x0800be80                        . = ALIGN (0x4)
                0x0800be80                        PROVIDE (__init_array_start = .)
 *(SORT_BY_NAME(.init_array.*))
 *(.init_array*)
 .init_array    0x0800be80        0x4 /usr/lib/gcc/arm-none-eabi/13.2.1/thumb/v7e-m+fp/hard/crtbegin.o
                0x0800be84                        PROVIDE (__init_array_end = .)
                0x0800be84                        . = ALIGN (0x4)

.fini_array     0x0800be84        0x4
                0x0800be84                        . = ALIGN (0x4)
                0x0800be84                        PROVIDE (__fini_array_start = .)
 *(SORT_BY_NAME(.fini_array.*))
 *(.fini_array*)
 .fini_array    0x0800be84        0x4 /usr/lib/gcc/arm-none-eabi/13.2.1/thumb/v7e-m+fp/hard/crtbegin.o
                0x0800be88                        PROVIDE (__fini_array_end = .)
                0x0800be88                        . = ALIGN (0x4)
                0x0800be88                        _sidata = LOADADDR (.data)

.rel.dyn        0x0800be88        0x0
 .rel.iplt      0x0800be88        0x0 /usr/lib/gcc/arm-none-eabi/13.2.1/thumb/v7e-m+fp/hard/crtbegin.o

.data           0x20000000      0x2d0 load address 0x0800be88
                0x20000000                        . = ALIGN (0x4)
                0x20000000                        _sdata = .
 *(.data)
 .data          0x20000000       0x50 /usr/lib/gcc/arm-none-eabi/13.2.1/../../../arm-none-eabi/lib/thumb/v7e-m+fp/hard/libc_nano.a(libc_a-impure.o)
                0x20000000                _impure_ptr
                0x20000004                _impure_data
 .data          0x20000050        0xc /usr/lib/gcc/arm-none-eabi/13.2.1/../../../arm-none-eabi/lib/thumb/v7e-m+fp/hard/libc_nano.a(libc_a-findfp.o)
                0x20000050                __sglue
 .data          0x2000005c      0x16c /usr/lib/gcc/arm-none-eabi/13.2.1/../../../arm-none-eabi/lib/thumb/v7e-m+fp/hard/libc_nano.a(libc_a-locale.o)
                0x2000005c                __global_locale
 *(.data*)
 .data.uwTickFreq
                0x200001c8        0x1 build/stm32f4xx_hal.o
                0x200001c8                uwTickFreq
 *fill*         0x200001c9        0x3 
 .data.uwTickPrio
                0x200001cc        0x4 build/stm32f4xx_hal.o
                0x200001cc                uwTickPrio
 .data.SystemCoreClock
                0x200001d0        0x4 build/system_stm32f4xx.o
                0x200001d0                SystemCoreClock
 .data.USBD_StringSerial
                0x200001d4       0x1a build/usbd_desc.o
                0x200001d4                USBD_StringSerial
 *fill*         0x200001ee        0x2 
 .data.USBD_LangIDDesc
                0x200001f0        0x4 build/usbd_desc.o
                0x200001f0                USBD_LangIDDesc
 .data.USBD_FS_BOSDesc
                0x200001f4        0xc build/usbd_desc.o
                0x200001f4                USBD_FS_BOSDesc
 .data.USBD_FS_DeviceDesc
                0x20000200       0x12 build/usbd_desc.o
                0x20000200                USBD_FS_DeviceDesc
 *fill*         0x20000212        0x2 
 .data.FS_Desc  0x20000214       0x20 build/usbd_desc.o
                0x20000214                FS_Desc
 .data.USBD_Interface_fops_FS
                0x20000234       0x14 build/usbd_cdc_if.o
                0x20000234                USBD_Interface_fops_FS
 .data.USBD_CDC_CfgDesc
                0x20000248       0x43 build/usbd_cdc.o
 *fill*         0x2000028b        0x1 
 .data.USBD_CDC
                0x2000028c       0x38 build/usbd_cdc.o
                0x2000028c                USBD_CDC
 .data.USBD_CDC_DeviceQualifierDesc
                0x200002c4        0xa build/usbd_cdc.o
 *(.RamFunc)
 *(.RamFunc*)
                0x200002d0                        . = ALIGN (0x4)
 *fill*         0x200002ce        0x2 
                0x200002d0                        _edata = .

.tm_clone_table
                0x200002d0        0x0 load address 0x0800c158
 .tm_clone_table
                0x200002d0        0x0 /usr/lib/gcc/arm-none-eabi/13.2.1/thumb/v7e-m+fp/hard/crtbegin.o
 .tm_clone_table
                0x200002d0        0x0 /usr/lib/gcc/arm-none-eabi/13.2.1/thumb/v7e-m+fp/hard/crtend.o

.igot.plt       0x200002d0        0x0 load address 0x0800c158
 .igot.plt      0x200002d0        0x0 /usr/lib/gcc/arm-none-eabi/13.2.1/thumb/v7e-m+fp/hard/crtbegin.o
                0x200002d0                        . = ALIGN (0x4)

.bss            0x200002d0     0x1ee0 load address 0x0800c158
                0x200002d0                        _sbss = .
                0x200002d0                        __bss_start__ = _sbss
 *(.bss)
 .bss           0x200002d0       0x1c /usr/lib/gcc/arm-none-eabi/13.2.1/thumb/v7e-m+fp/hard/crtbegin.o
 .bss           0x200002ec       0x10 build/microphone_sensor.o
                0x200002ec                dma_buffer
 .bss           0x200002fc        0x8 /usr/lib/gcc/arm-none-eabi/13.2.1/../../../arm-none-eabi/lib/thumb/v7e-m+fp/hard/libc_nano.a(libc_a-mallocr.o)
                0x200002fc                __malloc_sbrk_start
                0x20000300                __malloc_free_list
 .bss           0x20000304      0x13c /usr/lib/gcc/arm-none-eabi/13.2.1/../../../arm-none-eabi/lib/thumb/v7e-m+fp/hard/libc_nano.a(libc_a-findfp.o)
                0x20000304                __sf
                0x2000043c                __stdio_exit_handler
 .bss           0x20000440        0x4 /usr/lib/gcc/arm-none-eabi/13.2.1/../../../arm-none-eabi/lib/thumb/v7e-m+fp/hard/libc_nano.a(libc_a-reent.o)
                0x20000440                errno
 *(.bss*)
 .bss.mic       0x20000444        0xc build/main.o
                0x20000444                mic
 .bss.hdc4      0x20000450        0x8 build/main.o
                0x20000450                hdc4
 .bss.hdc3      0x20000458        0x8 build/main.o
                0x20000458                hdc3
 .bss.hdc2      0x20000460        0x8 build/main.o
                0x20000460                hdc2
 .bss.hdc1      0x20000468        0x8 build/main.o
                0x20000468                hdc1
 .bss.ens160    0x20000470        0x8 build/main.o
                0x20000470                ens160
 .bss.vcnl4040  0x20000478        0x8 build/main.o
                0x20000478                vcnl4040
 .bss.hi2c1     0x20000480       0x54 build/i2c.o
                0x20000480                hi2c1
 .bss.huart1    0x200004d4       0x48 build/usart.o
                0x200004d4                huart1
 .bss.uwTick    0x2000051c        0x4 build/stm32f4xx_hal.o
                0x2000051c                uwTick
 .bss.__sbrk_heap_end
                0x20000520        0x4 build/sysmem.o
 .bss.hdma_spi1_rx
                0x20000524       0x60 build/i2s.o
                0x20000524                hdma_spi1_rx
 .bss.hi2s1     0x20000584       0x48 build/i2s.o
                0x20000584                hi2s1
 .bss.hUsbDeviceFS
                0x200005cc      0x2dc build/usb_device.o
                0x200005cc                hUsbDeviceFS
 .bss.USBD_StrDesc
                0x200008a8      0x200 build/usbd_desc.o
                0x200008a8                USBD_StrDesc
 .bss.UserTxBufferFS
                0x20000aa8      0x800 build/usbd_cdc_if.o
                0x20000aa8                UserTxBufferFS
 .bss.UserRxBufferFS
                0x200012a8      0x800 build/usbd_cdc_if.o
                0x200012a8                UserRxBufferFS
 .bss.mem.0     0x20001aa8      0x220 build/usbd_conf.o
 .bss.hpcd_USB_OTG_FS
                0x20001cc8      0x4e4 build/usbd_conf.o
                0x20001cc8                hpcd_USB_OTG_FS
 .bss.cfgidx.0  0x200021ac        0x1 build/usbd_ctlreq.o
 *(COMMON)
                0x200021b0                        . = ALIGN (0x4)
 *fill*         0x200021ad        0x3 
                0x200021b0                        _ebss = .
                0x200021b0                        __bss_end__ = _ebss

._user_heap_stack
                0x200021b0      0x600 load address 0x0800c158
                0x200021b0                        . = ALIGN (0x8)
                [!provide]                        PROVIDE (end = .)
                0x200021b0                        PROVIDE (_end = .)
                0x200023b0                        . = (. + _Min_Heap_Size)
 *fill*         0x200021b0      0x200 
                0x200027b0                        . = (. + _Min_Stack_Size)
 *fill*         0x200023b0      0x400 
                0x200027b0                        . = ALIGN (0x8)

/DISCARD/
 libc.a(*)
 libm.a(*)
 libgcc.a(*)
OUTPUT(build/finger.elf elf32-littlearm)
LOAD linker stubs
LOAD /usr/lib/gcc/arm-none-eabi/13.2.1/../../../arm-none-eabi/lib/thumb/v7e-m+fp/hard/libc.a
LOAD /usr/lib/gcc/arm-none-eabi/13.2.1/../../../arm-none-eabi/lib/thumb/v7e-m+fp/hard/libm.a
LOAD /usr/lib/gcc/arm-none-eabi/13.2.1/thumb/v7e-m+fp/hard/libgcc.a

.ARM.attributes
                0x00000000       0x30
 .ARM.attributes
                0x00000000       0x22 /usr/lib/gcc/arm-none-eabi/13.2.1/thumb/v7e-m+fp/hard/crti.o
 .ARM.attributes
                0x00000022       0x34 /usr/lib/gcc/arm-none-eabi/13.2.1/thumb/v7e-m+fp/hard/crtbegin.o
 .ARM.attributes
                0x00000056       0x34 build/main.o
 .ARM.attributes
                0x0000008a       0x34 build/gpio.o
 .ARM.attributes
                0x000000be       0x34 build/i2c.o
 .ARM.attributes
                0x000000f2       0x34 build/usart.o
 .ARM.attributes
                0x00000126       0x34 build/stm32f4xx_it.o
 .ARM.attributes
                0x0000015a       0x34 build/stm32f4xx_hal_msp.o
 .ARM.attributes
                0x0000018e       0x34 build/vcnl4040_sensor.o
 .ARM.attributes
                0x000001c2       0x34 build/ens160_sensor.o
 .ARM.attributes
                0x000001f6       0x34 build/humidity_temp_sensor.o
 .ARM.attributes
                0x0000022a       0x34 build/microphone_sensor.o
 .ARM.attributes
                0x0000025e       0x34 build/methods.o
 .ARM.attributes
                0x00000292       0x34 build/stm32f4xx_hal_i2c.o
 .ARM.attributes
                0x000002c6       0x34 build/stm32f4xx_hal_rcc.o
 .ARM.attributes
                0x000002fa       0x34 build/stm32f4xx_hal_rcc_ex.o
 .ARM.attributes
                0x0000032e       0x34 build/stm32f4xx_hal_gpio.o
 .ARM.attributes
                0x00000362       0x34 build/stm32f4xx_hal_dma.o
 .ARM.attributes
                0x00000396       0x34 build/stm32f4xx_hal_cortex.o
 .ARM.attributes
                0x000003ca       0x34 build/stm32f4xx_hal.o
 .ARM.attributes
                0x000003fe       0x34 build/stm32f4xx_hal_uart.o
 .ARM.attributes
                0x00000432       0x34 build/system_stm32f4xx.o
 .ARM.attributes
                0x00000466       0x34 build/sysmem.o
 .ARM.attributes
                0x0000049a       0x34 build/syscalls.o
 .ARM.attributes
                0x000004ce       0x34 build/dma.o
 .ARM.attributes
                0x00000502       0x34 build/i2s.o
 .ARM.attributes
                0x00000536       0x34 build/stm32f4xx_hal_i2s.o
 .ARM.attributes
                0x0000056a       0x34 build/usb_device.o
 .ARM.attributes
                0x0000059e       0x34 build/usbd_desc.o
 .ARM.attributes
                0x000005d2       0x34 build/usbd_cdc_if.o
 .ARM.attributes
                0x00000606       0x34 build/usbd_conf.o
 .ARM.attributes
                0x0000063a       0x34 build/stm32f4xx_hal_pcd.o
 .ARM.attributes
                0x0000066e       0x34 build/stm32f4xx_hal_pcd_ex.o
 .ARM.attributes
                0x000006a2       0x34 build/stm32f4xx_ll_usb.o
 .ARM.attributes
                0x000006d6       0x34 build/usbd_core.o
 .ARM.attributes
                0x0000070a       0x34 build/usbd_ctlreq.o
 .ARM.attributes
                0x0000073e       0x34 build/usbd_ioreq.o
 .ARM.attributes
                0x00000772       0x34 build/usbd_cdc.o
 .ARM.attributes
                0x000007a6       0x21 build/startup_stm32f446xx.o
 .ARM.attributes
                0x000007c7       0x34 /usr/lib/gcc/arm-none-eabi/13.2.1/../../../arm-none-eabi/lib/thumb/v7e-m+fp/hard/libc_nano.a(libc_a-vsnprintf.o)
 .ARM.attributes
                0x000007fb       0x34 /usr/lib/gcc/arm-none-eabi/13.2.1/../../../arm-none-eabi/lib/thumb/v7e-m+fp/hard/libc_nano.a(libc_a-impure.o)
 .ARM.attributes
                0x0000082f       0x34 /usr/lib/gcc/arm-none-eabi/13.2.1/../../../arm-none-eabi/lib/thumb/v7e-m+fp/hard/libc_nano.a(libc_a-nano-svfprintf.o)
 .ARM.attributes
                0x00000863       0x34 /usr/lib/gcc/arm-none-eabi/13.2.1/../../../arm-none-eabi/lib/thumb/v7e-m+fp/hard/libc_nano.a(libc_a-init.o)
 .ARM.attributes
                0x00000897       0x1c /usr/lib/gcc/arm-none-eabi/13.2.1/../../../arm-none-eabi/lib/thumb/v7e-m+fp/hard/libc_nano.a(libc_a-strlen.o)
 .ARM.attributes
                0x000008b3       0x34 /usr/lib/gcc/arm-none-eabi/13.2.1/../../../arm-none-eabi/lib/thumb/v7e-m+fp/hard/libc_nano.a(libc_a-memset.o)
 .ARM.attributes
                0x000008e7       0x34 /usr/lib/gcc/arm-none-eabi/13.2.1/../../../arm-none-eabi/lib/thumb/v7e-m+fp/hard/libc_nano.a(libc_a-errno.o)
 .ARM.attributes
                0x0000091b       0x34 /usr/lib/gcc/arm-none-eabi/13.2.1/../../../arm-none-eabi/lib/thumb/v7e-m+fp/hard/libc_nano.a(libc_a-nano-vfprintf_float.o)
 .ARM.attributes
                0x0000094f       0x34 /usr/lib/gcc/arm-none-eabi/13.2.1/../../../arm-none-eabi/lib/thumb/v7e-m+fp/hard/libc_nano.a(libc_a-mallocr.o)
 .ARM.attributes
                0x00000983       0x34 /usr/lib/gcc/arm-none-eabi/13.2.1/../../../arm-none-eabi/lib/thumb/v7e-m+fp/hard/libc_nano.a(libc_a-dtoa.o)
 .ARM.attributes
                0x000009b7       0x34 /usr/lib/gcc/arm-none-eabi/13.2.1/../../../arm-none-eabi/lib/thumb/v7e-m+fp/hard/libc_nano.a(libc_a-freer.o)
 .ARM.attributes
                0x000009eb       0x34 /usr/lib/gcc/arm-none-eabi/13.2.1/../../../arm-none-eabi/lib/thumb/v7e-m+fp/hard/libc_nano.a(libc_a-memmove.o)
 .ARM.attributes
                0x00000a1f       0x1c /usr/lib/gcc/arm-none-eabi/13.2.1/../../../arm-none-eabi/lib/thumb/v7e-m+fp/hard/libc_nano.a(libc_a-memchr.o)
 .ARM.attributes
                0x00000a3b       0x20 /usr/lib/gcc/arm-none-eabi/13.2.1/../../../arm-none-eabi/lib/thumb/v7e-m+fp/hard/libc_nano.a(libc_a-memcpy.o)
 .ARM.attributes
                0x00000a5b       0x34 /usr/lib/gcc/arm-none-eabi/13.2.1/../../../arm-none-eabi/lib/thumb/v7e-m+fp/hard/libc_nano.a(libc_a-malloc.o)
 .ARM.attributes
                0x00000a8f       0x34 /usr/lib/gcc/arm-none-eabi/13.2.1/../../../arm-none-eabi/lib/thumb/v7e-m+fp/hard/libc_nano.a(libc_a-reallocr.o)
 .ARM.attributes
                0x00000ac3       0x34 /usr/lib/gcc/arm-none-eabi/13.2.1/../../../arm-none-eabi/lib/thumb/v7e-m+fp/hard/libc_nano.a(libc_a-nano-vfprintf_i.o)
 .ARM.attributes
                0x00000af7       0x34 /usr/lib/gcc/arm-none-eabi/13.2.1/../../../arm-none-eabi/lib/thumb/v7e-m+fp/hard/libc_nano.a(libc_a-mlock.o)
 .ARM.attributes
                0x00000b2b       0x34 /usr/lib/gcc/arm-none-eabi/13.2.1/../../../arm-none-eabi/lib/thumb/v7e-m+fp/hard/libc_nano.a(libc_a-assert.o)
 .ARM.attributes
                0x00000b5f       0x34 /usr/lib/gcc/arm-none-eabi/13.2.1/../../../arm-none-eabi/lib/thumb/v7e-m+fp/hard/libc_nano.a(libc_a-mprec.o)
 .ARM.attributes
                0x00000b93       0x34 /usr/lib/gcc/arm-none-eabi/13.2.1/../../../arm-none-eabi/lib/thumb/v7e-m+fp/hard/libc_nano.a(libc_a-sbrkr.o)
 .ARM.attributes
                0x00000bc7       0x34 /usr/lib/gcc/arm-none-eabi/13.2.1/../../../arm-none-eabi/lib/thumb/v7e-m+fp/hard/libc_nano.a(libc_a-msizer.o)
 .ARM.attributes
                0x00000bfb       0x34 /usr/lib/gcc/arm-none-eabi/13.2.1/../../../arm-none-eabi/lib/thumb/v7e-m+fp/hard/libc_nano.a(libc_a-localeconv.o)
 .ARM.attributes
                0x00000c2f       0x34 /usr/lib/gcc/arm-none-eabi/13.2.1/../../../arm-none-eabi/lib/thumb/v7e-m+fp/hard/libc_nano.a(libc_a-findfp.o)
 .ARM.attributes
                0x00000c63       0x34 /usr/lib/gcc/arm-none-eabi/13.2.1/../../../arm-none-eabi/lib/thumb/v7e-m+fp/hard/libc_nano.a(libc_a-abort.o)
 .ARM.attributes
                0x00000c97       0x34 /usr/lib/gcc/arm-none-eabi/13.2.1/../../../arm-none-eabi/lib/thumb/v7e-m+fp/hard/libc_nano.a(libc_a-fflush.o)
 .ARM.attributes
                0x00000ccb       0x34 /usr/lib/gcc/arm-none-eabi/13.2.1/../../../arm-none-eabi/lib/thumb/v7e-m+fp/hard/libc_nano.a(libc_a-callocr.o)
 .ARM.attributes
                0x00000cff       0x34 /usr/lib/gcc/arm-none-eabi/13.2.1/../../../arm-none-eabi/lib/thumb/v7e-m+fp/hard/libc_nano.a(libc_a-locale.o)
 .ARM.attributes
                0x00000d33       0x34 /usr/lib/gcc/arm-none-eabi/13.2.1/../../../arm-none-eabi/lib/thumb/v7e-m+fp/hard/libc_nano.a(libc_a-fwalk.o)
 .ARM.attributes
                0x00000d67       0x34 /usr/lib/gcc/arm-none-eabi/13.2.1/../../../arm-none-eabi/lib/thumb/v7e-m+fp/hard/libc_nano.a(libc_a-wctomb_r.o)
 .ARM.attributes
                0x00000d9b       0x34 /usr/lib/gcc/arm-none-eabi/13.2.1/../../../arm-none-eabi/lib/thumb/v7e-m+fp/hard/libc_nano.a(libc_a-fprintf.o)
 .ARM.attributes
                0x00000dcf       0x34 /usr/lib/gcc/arm-none-eabi/13.2.1/../../../arm-none-eabi/lib/thumb/v7e-m+fp/hard/libc_nano.a(libc_a-reent.o)
 .ARM.attributes
                0x00000e03       0x34 /usr/lib/gcc/arm-none-eabi/13.2.1/../../../arm-none-eabi/lib/thumb/v7e-m+fp/hard/libc_nano.a(libc_a-ctype_.o)
 .ARM.attributes
                0x00000e37       0x34 /usr/lib/gcc/arm-none-eabi/13.2.1/../../../arm-none-eabi/lib/thumb/v7e-m+fp/hard/libc_nano.a(libc_a-nano-vfprintf.o)
 .ARM.attributes
                0x00000e6b       0x34 /usr/lib/gcc/arm-none-eabi/13.2.1/../../../arm-none-eabi/lib/thumb/v7e-m+fp/hard/libc_nano.a(libc_a-wbuf.o)
 .ARM.attributes
                0x00000e9f       0x34 /usr/lib/gcc/arm-none-eabi/13.2.1/../../../arm-none-eabi/lib/thumb/v7e-m+fp/hard/libc_nano.a(libc_a-stdio.o)
 .ARM.attributes
                0x00000ed3       0x34 /usr/lib/gcc/arm-none-eabi/13.2.1/../../../arm-none-eabi/lib/thumb/v7e-m+fp/hard/libc_nano.a(libc_a-fvwrite.o)
 .ARM.attributes
                0x00000f07       0x34 /usr/lib/gcc/arm-none-eabi/13.2.1/../../../arm-none-eabi/lib/thumb/v7e-m+fp/hard/libc_nano.a(libc_a-mbtowc_r.o)
 .ARM.attributes
                0x00000f3b       0x34 /usr/lib/gcc/arm-none-eabi/13.2.1/../../../arm-none-eabi/lib/thumb/v7e-m+fp/hard/libc_nano.a(libc_a-signal.o)
 .ARM.attributes
                0x00000f6f       0x34 /usr/lib/gcc/arm-none-eabi/13.2.1/../../../arm-none-eabi/lib/thumb/v7e-m+fp/hard/libc_nano.a(libc_a-closer.o)
 .ARM.attributes
                0x00000fa3       0x34 /usr/lib/gcc/arm-none-eabi/13.2.1/../../../arm-none-eabi/lib/thumb/v7e-m+fp/hard/libc_nano.a(libc_a-wsetup.o)
 .ARM.attributes
                0x00000fd7       0x34 /usr/lib/gcc/arm-none-eabi/13.2.1/../../../arm-none-eabi/lib/thumb/v7e-m+fp/hard/libc_nano.a(libc_a-readr.o)
 .ARM.attributes
                0x0000100b       0x34 /usr/lib/gcc/arm-none-eabi/13.2.1/../../../arm-none-eabi/lib/thumb/v7e-m+fp/hard/libc_nano.a(libc_a-makebuf.o)
 .ARM.attributes
                0x0000103f       0x34 /usr/lib/gcc/arm-none-eabi/13.2.1/../../../arm-none-eabi/lib/thumb/v7e-m+fp/hard/libc_nano.a(libc_a-lseekr.o)
 .ARM.attributes
                0x00001073       0x34 /usr/lib/gcc/arm-none-eabi/13.2.1/../../../arm-none-eabi/lib/thumb/v7e-m+fp/hard/libc_nano.a(libc_a-writer.o)
 .ARM.attributes
                0x000010a7       0x34 /usr/lib/gcc/arm-none-eabi/13.2.1/../../../arm-none-eabi/lib/thumb/v7e-m+fp/hard/libc_nano.a(libc_a-isattyr.o)
 .ARM.attributes
                0x000010db       0x34 /usr/lib/gcc/arm-none-eabi/13.2.1/../../../arm-none-eabi/lib/thumb/v7e-m+fp/hard/libc_nano.a(libc_a-signalr.o)
 .ARM.attributes
                0x0000110f       0x34 /usr/lib/gcc/arm-none-eabi/13.2.1/../../../arm-none-eabi/lib/thumb/v7e-m+fp/hard/libc_nano.a(libc_a-fstatr.o)
 .ARM.attributes
                0x00001143       0x22 /usr/lib/gcc/arm-none-eabi/13.2.1/thumb/v7e-m+fp/hard/libgcc.a(_arm_addsubdf3.o)
 .ARM.attributes
                0x00001165       0x22 /usr/lib/gcc/arm-none-eabi/13.2.1/thumb/v7e-m+fp/hard/libgcc.a(_arm_muldivdf3.o)
 .ARM.attributes
                0x00001187       0x22 /usr/lib/gcc/arm-none-eabi/13.2.1/thumb/v7e-m+fp/hard/libgcc.a(_arm_cmpdf2.o)
 .ARM.attributes
                0x000011a9       0x22 /usr/lib/gcc/arm-none-eabi/13.2.1/thumb/v7e-m+fp/hard/libgcc.a(_arm_unorddf2.o)
 .ARM.attributes
                0x000011cb       0x22 /usr/lib/gcc/arm-none-eabi/13.2.1/thumb/v7e-m+fp/hard/libgcc.a(_arm_fixdfsi.o)
 .ARM.attributes
                0x000011ed       0x22 /usr/lib/gcc/arm-none-eabi/13.2.1/thumb/v7e-m+fp/hard/libgcc.a(_aeabi_uldivmod.o)
 .ARM.attributes
                0x0000120f       0x34 /usr/lib/gcc/arm-none-eabi/13.2.1/thumb/v7e-m+fp/hard/libgcc.a(_udivmoddi4.o)
 .ARM.attributes
                0x00001243       0x22 /usr/lib/gcc/arm-none-eabi/13.2.1/thumb/v7e-m+fp/hard/libgcc.a(_dvmd_tls.o)
 .ARM.attributes
                0x00001265       0x34 /usr/lib/gcc/arm-none-eabi/13.2.1/thumb/v7e-m+fp/hard/crtend.o
 .ARM.attributes
                0x00001299       0x22 /usr/lib/gcc/arm-none-eabi/13.2.1/thumb/v7e-m+fp/hard/crtn.o

.comment        0x00000000       0x26
 .comment       0x00000000       0x26 /usr/lib/gcc/arm-none-eabi/13.2.1/thumb/v7e-m+fp/hard/crtbegin.o
                                 0x27 (size before relaxing)
 .comment       0x00000026       0x27 build/main.o
 .comment       0x00000026       0x27 build/gpio.o
 .comment       0x00000026       0x27 build/i2c.o
 .comment       0x00000026       0x27 build/usart.o
 .comment       0x00000026       0x27 build/stm32f4xx_it.o
 .comment       0x00000026       0x27 build/stm32f4xx_hal_msp.o
 .comment       0x00000026       0x27 build/vcnl4040_sensor.o
 .comment       0x00000026       0x27 build/ens160_sensor.o
 .comment       0x00000026       0x27 build/humidity_temp_sensor.o
 .comment       0x00000026       0x27 build/microphone_sensor.o
 .comment       0x00000026       0x27 build/methods.o
 .comment       0x00000026       0x27 build/stm32f4xx_hal_i2c.o
 .comment       0x00000026       0x27 build/stm32f4xx_hal_rcc.o
 .comment       0x00000026       0x27 build/stm32f4xx_hal_rcc_ex.o
 .comment       0x00000026       0x27 build/stm32f4xx_hal_gpio.o
 .comment       0x00000026       0x27 build/stm32f4xx_hal_dma.o
 .comment       0x00000026       0x27 build/stm32f4xx_hal_cortex.o
 .comment       0x00000026       0x27 build/stm32f4xx_hal.o
 .comment       0x00000026       0x27 build/stm32f4xx_hal_uart.o
 .comment       0x00000026       0x27 build/system_stm32f4xx.o
 .comment       0x00000026       0x27 build/sysmem.o
 .comment       0x00000026       0x27 build/syscalls.o
 .comment       0x00000026       0x27 build/dma.o
 .comment       0x00000026       0x27 build/i2s.o
 .comment       0x00000026       0x27 build/stm32f4xx_hal_i2s.o
 .comment       0x00000026       0x27 build/usb_device.o
 .comment       0x00000026       0x27 build/usbd_desc.o
 .comment       0x00000026       0x27 build/usbd_cdc_if.o
 .comment       0x00000026       0x27 build/usbd_conf.o
 .comment       0x00000026       0x27 build/stm32f4xx_hal_pcd.o
 .comment       0x00000026       0x27 build/stm32f4xx_hal_pcd_ex.o
 .comment       0x00000026       0x27 build/stm32f4xx_ll_usb.o
 .comment       0x00000026       0x27 build/usbd_core.o
 .comment       0x00000026       0x27 build/usbd_ctlreq.o
 .comment       0x00000026       0x27 build/usbd_ioreq.o
 .comment       0x00000026       0x27 build/usbd_cdc.o
 .comment       0x00000026       0x27 /usr/lib/gcc/arm-none-eabi/13.2.1/../../../arm-none-eabi/lib/thumb/v7e-m+fp/hard/libc_nano.a(libc_a-vsnprintf.o)
 .comment       0x00000026       0x27 /usr/lib/gcc/arm-none-eabi/13.2.1/../../../arm-none-eabi/lib/thumb/v7e-m+fp/hard/libc_nano.a(libc_a-impure.o)
 .comment       0x00000026       0x27 /usr/lib/gcc/arm-none-eabi/13.2.1/../../../arm-none-eabi/lib/thumb/v7e-m+fp/hard/libc_nano.a(libc_a-nano-svfprintf.o)
 .comment       0x00000026       0x27 /usr/lib/gcc/arm-none-eabi/13.2.1/../../../arm-none-eabi/lib/thumb/v7e-m+fp/hard/libc_nano.a(libc_a-init.o)
 .comment       0x00000026       0x27 /usr/lib/gcc/arm-none-eabi/13.2.1/../../../arm-none-eabi/lib/thumb/v7e-m+fp/hard/libc_nano.a(libc_a-memset.o)
 .comment       0x00000026       0x27 /usr/lib/gcc/arm-none-eabi/13.2.1/../../../arm-none-eabi/lib/thumb/v7e-m+fp/hard/libc_nano.a(libc_a-errno.o)
 .comment       0x00000026       0x27 /usr/lib/gcc/arm-none-eabi/13.2.1/../../../arm-none-eabi/lib/thumb/v7e-m+fp/hard/libc_nano.a(libc_a-nano-vfprintf_float.o)
 .comment       0x00000026       0x27 /usr/lib/gcc/arm-none-eabi/13.2.1/../../../arm-none-eabi/lib/thumb/v7e-m+fp/hard/libc_nano.a(libc_a-mallocr.o)
 .comment       0x00000026       0x27 /usr/lib/gcc/arm-none-eabi/13.2.1/../../../arm-none-eabi/lib/thumb/v7e-m+fp/hard/libc_nano.a(libc_a-dtoa.o)
 .comment       0x00000026       0x27 /usr/lib/gcc/arm-none-eabi/13.2.1/../../../arm-none-eabi/lib/thumb/v7e-m+fp/hard/libc_nano.a(libc_a-freer.o)
 .comment       0x00000026       0x27 /usr/lib/gcc/arm-none-eabi/13.2.1/../../../arm-none-eabi/lib/thumb/v7e-m+fp/hard/libc_nano.a(libc_a-memmove.o)
 .comment       0x00000026       0x27 /usr/lib/gcc/arm-none-eabi/13.2.1/../../../arm-none-eabi/lib/thumb/v7e-m+fp/hard/libc_nano.a(libc_a-malloc.o)
 .comment       0x00000026       0x27 /usr/lib/gcc/arm-none-eabi/13.2.1/../../../arm-none-eabi/lib/thumb/v7e-m+fp/hard/libc_nano.a(libc_a-reallocr.o)
 .comment       0x00000026       0x27 /usr/lib/gcc/arm-none-eabi/13.2.1/../../../arm-none-eabi/lib/thumb/v7e-m+fp/hard/libc_nano.a(libc_a-nano-vfprintf_i.o)
 .comment       0x00000026       0x27 /usr/lib/gcc/arm-none-eabi/13.2.1/../../../arm-none-eabi/lib/thumb/v7e-m+fp/hard/libc_nano.a(libc_a-mlock.o)
 .comment       0x00000026       0x27 /usr/lib/gcc/arm-none-eabi/13.2.1/../../../arm-none-eabi/lib/thumb/v7e-m+fp/hard/libc_nano.a(libc_a-assert.o)
 .comment       0x00000026       0x27 /usr/lib/gcc/arm-none-eabi/13.2.1/../../../arm-none-eabi/lib/thumb/v7e-m+fp/hard/libc_nano.a(libc_a-mprec.o)
 .comment       0x00000026       0x27 /usr/lib/gcc/arm-none-eabi/13.2.1/../../../arm-none-eabi/lib/thumb/v7e-m+fp/hard/libc_nano.a(libc_a-sbrkr.o)
 .comment       0x00000026       0x27 /usr/lib/gcc/arm-none-eabi/13.2.1/../../../arm-none-eabi/lib/thumb/v7e-m+fp/hard/libc_nano.a(libc_a-msizer.o)
 .comment       0x00000026       0x27 /usr/lib/gcc/arm-none-eabi/13.2.1/../../../arm-none-eabi/lib/thumb/v7e-m+fp/hard/libc_nano.a(libc_a-localeconv.o)
 .comment       0x00000026       0x27 /usr/lib/gcc/arm-none-eabi/13.2.1/../../../arm-none-eabi/lib/thumb/v7e-m+fp/hard/libc_nano.a(libc_a-findfp.o)
 .comment       0x00000026       0x27 /usr/lib/gcc/arm-none-eabi/13.2.1/../../../arm-none-eabi/lib/thumb/v7e-m+fp/hard/libc_nano.a(libc_a-abort.o)
 .comment       0x00000026       0x27 /usr/lib/gcc/arm-none-eabi/13.2.1/../../../arm-none-eabi/lib/thumb/v7e-m+fp/hard/libc_nano.a(libc_a-fflush.o)
 .comment       0x00000026       0x27 /usr/lib/gcc/arm-none-eabi/13.2.1/../../../arm-none-eabi/lib/thumb/v7e-m+fp/hard/libc_nano.a(libc_a-callocr.o)
 .comment       0x00000026       0x27 /usr/lib/gcc/arm-none-eabi/13.2.1/../../../arm-none-eabi/lib/thumb/v7e-m+fp/hard/libc_nano.a(libc_a-locale.o)
 .comment       0x00000026       0x27 /usr/lib/gcc/arm-none-eabi/13.2.1/../../../arm-none-eabi/lib/thumb/v7e-m+fp/hard/libc_nano.a(libc_a-fwalk.o)
 .comment       0x00000026       0x27 /usr/lib/gcc/arm-none-eabi/13.2.1/../../../arm-none-eabi/lib/thumb/v7e-m+fp/hard/libc_nano.a(libc_a-wctomb_r.o)
 .comment       0x00000026       0x27 /usr/lib/gcc/arm-none-eabi/13.2.1/../../../arm-none-eabi/lib/thumb/v7e-m+fp/hard/libc_nano.a(libc_a-fprintf.o)
 .comment       0x00000026       0x27 /usr/lib/gcc/arm-none-eabi/13.2.1/../../../arm-none-eabi/lib/thumb/v7e-m+fp/hard/libc_nano.a(libc_a-reent.o)
 .comment       0x00000026       0x27 /usr/lib/gcc/arm-none-eabi/13.2.1/../../../arm-none-eabi/lib/thumb/v7e-m+fp/hard/libc_nano.a(libc_a-ctype_.o)
 .comment       0x00000026       0x27 /usr/lib/gcc/arm-none-eabi/13.2.1/../../../arm-none-eabi/lib/thumb/v7e-m+fp/hard/libc_nano.a(libc_a-nano-vfprintf.o)
 .comment       0x00000026       0x27 /usr/lib/gcc/arm-none-eabi/13.2.1/../../../arm-none-eabi/lib/thumb/v7e-m+fp/hard/libc_nano.a(libc_a-wbuf.o)
 .comment       0x00000026       0x27 /usr/lib/gcc/arm-none-eabi/13.2.1/../../../arm-none-eabi/lib/thumb/v7e-m+fp/hard/libc_nano.a(libc_a-stdio.o)
 .comment       0x00000026       0x27 /usr/lib/gcc/arm-none-eabi/13.2.1/../../../arm-none-eabi/lib/thumb/v7e-m+fp/hard/libc_nano.a(libc_a-fvwrite.o)
 .comment       0x00000026       0x27 /usr/lib/gcc/arm-none-eabi/13.2.1/../../../arm-none-eabi/lib/thumb/v7e-m+fp/hard/libc_nano.a(libc_a-mbtowc_r.o)
 .comment       0x00000026       0x27 /usr/lib/gcc/arm-none-eabi/13.2.1/../../../arm-none-eabi/lib/thumb/v7e-m+fp/hard/libc_nano.a(libc_a-signal.o)
 .comment       0x00000026       0x27 /usr/lib/gcc/arm-none-eabi/13.2.1/../../../arm-none-eabi/lib/thumb/v7e-m+fp/hard/libc_nano.a(libc_a-closer.o)
 .comment       0x00000026       0x27 /usr/lib/gcc/arm-none-eabi/13.2.1/../../../arm-none-eabi/lib/thumb/v7e-m+fp/hard/libc_nano.a(libc_a-wsetup.o)
 .comment       0x00000026       0x27 /usr/lib/gcc/arm-none-eabi/13.2.1/../../../arm-none-eabi/lib/thumb/v7e-m+fp/hard/libc_nano.a(libc_a-readr.o)
 .comment       0x00000026       0x27 /usr/lib/gcc/arm-none-eabi/13.2.1/../../../arm-none-eabi/lib/thumb/v7e-m+fp/hard/libc_nano.a(libc_a-makebuf.o)
 .comment       0x00000026       0x27 /usr/lib/gcc/arm-none-eabi/13.2.1/../../../arm-none-eabi/lib/thumb/v7e-m+fp/hard/libc_nano.a(libc_a-lseekr.o)