Archive member included to satisfy reference by file (symbol)

/usr/lib/gcc/arm-none-eabi/9.2.1/../../../arm-none-eabi/lib/thumb/v7e-m+fp/hard/libc_nano.a(lib_a-atexit.o)
                              /usr/lib/gcc/arm-none-eabi/9.2.1/../../../arm-none-eabi/lib/thumb/v7e-m+fp/hard/crt0.o (atexit)
/usr/lib/gcc/arm-none-eabi/9.2.1/../../../arm-none-eabi/lib/thumb/v7e-m+fp/hard/libc_nano.a(lib_a-errno.o)
                              build/sysmem.o (__errno)
/usr/lib/gcc/arm-none-eabi/9.2.1/../../../arm-none-eabi/lib/thumb/v7e-m+fp/hard/libc_nano.a(lib_a-exit.o)
                              /usr/lib/gcc/arm-none-eabi/9.2.1/../../../arm-none-eabi/lib/thumb/v7e-m+fp/hard/crt0.o (exit)
/usr/lib/gcc/arm-none-eabi/9.2.1/../../../arm-none-eabi/lib/thumb/v7e-m+fp/hard/libc_nano.a(lib_a-fini.o)
                              /usr/lib/gcc/arm-none-eabi/9.2.1/../../../arm-none-eabi/lib/thumb/v7e-m+fp/hard/crt0.o (__libc_fini_array)
/usr/lib/gcc/arm-none-eabi/9.2.1/../../../arm-none-eabi/lib/thumb/v7e-m+fp/hard/libc_nano.a(lib_a-impure.o)
                              /usr/lib/gcc/arm-none-eabi/9.2.1/../../../arm-none-eabi/lib/thumb/v7e-m+fp/hard/libc_nano.a(lib_a-exit.o) (_global_impure_ptr)
/usr/lib/gcc/arm-none-eabi/9.2.1/../../../arm-none-eabi/lib/thumb/v7e-m+fp/hard/libc_nano.a(lib_a-init.o)
                              /usr/lib/gcc/arm-none-eabi/9.2.1/../../../arm-none-eabi/lib/thumb/v7e-m+fp/hard/crt0.o (__libc_init_array)
/usr/lib/gcc/arm-none-eabi/9.2.1/../../../arm-none-eabi/lib/thumb/v7e-m+fp/hard/libc_nano.a(lib_a-memset.o)
                              /usr/lib/gcc/arm-none-eabi/9.2.1/../../../arm-none-eabi/lib/thumb/v7e-m+fp/hard/crt0.o (memset)
/usr/lib/gcc/arm-none-eabi/9.2.1/../../../arm-none-eabi/lib/thumb/v7e-m+fp/hard/libc_nano.a(lib_a-nano-vfprintf_float.o)
                              (_printf_float)
/usr/lib/gcc/arm-none-eabi/9.2.1/../../../arm-none-eabi/lib/thumb/v7e-m+fp/hard/libc_nano.a(lib_a-nano-vfprintf_i.o)
                              /usr/lib/gcc/arm-none-eabi/9.2.1/../../../arm-none-eabi/lib/thumb/v7e-m+fp/hard/libc_nano.a(lib_a-nano-vfprintf_float.o) (_printf_common)
/usr/lib/gcc/arm-none-eabi/9.2.1/../../../arm-none-eabi/lib/thumb/v7e-m+fp/hard/libc_nano.a(lib_a-sprintf.o)
                              build/my_application.o (sprintf)
/usr/lib/gcc/arm-none-eabi/9.2.1/../../../arm-none-eabi/lib/thumb/v7e-m+fp/hard/libc_nano.a(lib_a-strlen.o)
                              build/methods.o (strlen)
/usr/lib/gcc/arm-none-eabi/9.2.1/../../../arm-none-eabi/lib/thumb/v7e-m+fp/hard/libc_nano.a(lib_a-vsnprintf.o)
                              build/methods.o (vsnprintf)
/usr/lib/gcc/arm-none-eabi/9.2.1/../../../arm-none-eabi/lib/thumb/v7e-m+fp/hard/libc_nano.a(lib_a-__atexit.o)
                              /usr/lib/gcc/arm-none-eabi/9.2.1/../../../arm-none-eabi/lib/thumb/v7e-m+fp/hard/libc_nano.a(lib_a-atexit.o) (__register_exitproc)
/usr/lib/gcc/arm-none-eabi/9.2.1/../../../arm-none-eabi/lib/thumb/v7e-m+fp/hard/libc_nano.a(lib_a-__call_atexit.o)
                              /usr/lib/gcc/arm-none-eabi/9.2.1/../../../arm-none-eabi/lib/thumb/v7e-m+fp/hard/libc_nano.a(lib_a-__atexit.o) (__call_exitprocs)
/usr/lib/gcc/arm-none-eabi/9.2.1/../../../arm-none-eabi/lib/thumb/v7e-m+fp/hard/libc_nano.a(lib_a-dtoa.o)
                              /usr/lib/gcc/arm-none-eabi/9.2.1/../../../arm-none-eabi/lib/thumb/v7e-m+fp/hard/libc_nano.a(lib_a-nano-vfprintf_float.o) (_dtoa_r)
/usr/lib/gcc/arm-none-eabi/9.2.1/../../../arm-none-eabi/lib/thumb/v7e-m+fp/hard/libc_nano.a(lib_a-localeconv.o)
                              /usr/lib/gcc/arm-none-eabi/9.2.1/../../../arm-none-eabi/lib/thumb/v7e-m+fp/hard/libc_nano.a(lib_a-nano-vfprintf_float.o) (_localeconv_r)
/usr/lib/gcc/arm-none-eabi/9.2.1/../../../arm-none-eabi/lib/thumb/v7e-m+fp/hard/libc_nano.a(lib_a-malloc.o)
                              /usr/lib/gcc/arm-none-eabi/9.2.1/../../../arm-none-eabi/lib/thumb/v7e-m+fp/hard/libc_nano.a(lib_a-dtoa.o) (malloc)
/usr/lib/gcc/arm-none-eabi/9.2.1/../../../arm-none-eabi/lib/thumb/v7e-m+fp/hard/libc_nano.a(lib_a-memchr.o)
                              /usr/lib/gcc/arm-none-eabi/9.2.1/../../../arm-none-eabi/lib/thumb/v7e-m+fp/hard/libc_nano.a(lib_a-nano-vfprintf_i.o) (memchr)
/usr/lib/gcc/arm-none-eabi/9.2.1/../../../arm-none-eabi/lib/thumb/v7e-m+fp/hard/libc_nano.a(lib_a-memcpy.o)
                              /usr/lib/gcc/arm-none-eabi/9.2.1/../../../arm-none-eabi/lib/thumb/v7e-m+fp/hard/libc_nano.a(lib_a-dtoa.o) (memcpy)
/usr/lib/gcc/arm-none-eabi/9.2.1/../../../arm-none-eabi/lib/thumb/v7e-m+fp/hard/libc_nano.a(lib_a-mprec.o)
                              /usr/lib/gcc/arm-none-eabi/9.2.1/../../../arm-none-eabi/lib/thumb/v7e-m+fp/hard/libc_nano.a(lib_a-dtoa.o) (_Balloc)
/usr/lib/gcc/arm-none-eabi/9.2.1/../../../arm-none-eabi/lib/thumb/v7e-m+fp/hard/libc_nano.a(lib_a-nano-callocr.o)
[...]
Memory Configuration

Name             Origin             Length             Attributes
RAM              0x0000000020000000 0x0000000000020000 xrw
FLASH            0x0000000008000000 0x0000000000080000 xr
*default*        0x0000000000000000 0xffffffffffffffff

Linker script and memory map

LOAD /usr/lib/gcc/arm-none-eabi/9.2.1/thumb/v7e-m+fp/hard/crti.o
LOAD /usr/lib/gcc/arm-none-eabi/9.2.1/thumb/v7e-m+fp/hard/crtbegin.o
LOAD /usr/lib/gcc/arm-none-eabi/9.2.1/../../../arm-none-eabi/lib/thumb/v7e-m+fp/hard/crt0.o
LOAD build/main.o
LOAD build/gpio.o
LOAD build/i2c.o
LOAD build/i2c_error_handler.o
LOAD build/i2c_dma_manager.o
LOAD build/usart.o
LOAD build/stm32f4xx_it.o
LOAD build/stm32f4xx_hal_msp.o
LOAD build/vcnl4040_sensor.o
LOAD build/ens160_sensor.o
LOAD build/humidity_temp_sensor.o
LOAD build/microphone_sensor.o
LOAD build/icm42688_sensor.o
LOAD build/methods.o
LOAD build/my_application.o
LOAD build/stm32f4xx_hal_i2c.o
LOAD build/stm32f4xx_hal_i2c_ex.o
LOAD build/stm32f4xx_hal_rcc.o
LOAD build/stm32f4xx_hal_rcc_ex.o
LOAD build/stm32f4xx_hal_flash.o
LOAD build/stm32f4xx_hal_flash_ex.o
LOAD build/stm32f4xx_hal_flash_ramfunc.o
LOAD build/stm32f4xx_hal_gpio.o
LOAD build/stm32f4xx_hal_dma_ex.o
LOAD build/stm32f4xx_hal_dma.o
LOAD build/stm32f4xx_hal_pwr.o
LOAD build/stm32f4xx_hal_pwr_ex.o
LOAD build/stm32f4xx_hal_cortex.o
LOAD build/stm32f4xx_hal.o
LOAD build/stm32f4xx_hal_exti.o
LOAD build/stm32f4xx_hal_uart.o
LOAD build/system_stm32f4xx.o
LOAD build/sysmem.o
LOAD build/syscalls.o
LOAD build/dma.o
LOAD build/i2s.o
LOAD build/stm32f4xx_hal_i2s.o
LOAD build/stm32f4xx_hal_i2s_ex.o
LOAD build/usb_device.o
LOAD build/usbd_desc.o
LOAD build/usbd_cdc_if.o
LOAD build/usbd_conf.o
LOAD build/stm32f4xx_hal_pcd.o
LOAD build/stm32f4xx_hal_pcd_ex.o
LOAD build/stm32f4xx_ll_usb.o
LOAD build/usbd_core.o
LOAD build/usbd_ctlreq.o
LOAD build/usbd_ioreq.o
LOAD build/usbd_cdc.o
LOAD build/startup_stm32f446xx.o
LOAD /usr/lib/gcc/arm-none-eabi/9.2.1/../../../arm-none-eabi/lib/thumb/v7e-m+fp/hard/libc_nano.a
LOAD /usr/lib/gcc/arm-none-eabi/9.2.1/../../../arm-none-eabi/lib/thumb/v7e-m+fp/hard/libm.a
LOAD /usr/lib/gcc/arm-none-eabi/9.2.1/../../../arm-none-eabi/lib/thumb/v7e-m+fp/hard/libnosys.a
START GROUP
LOAD /usr/lib/gcc/arm-none-eabi/9.2.1/thumb/v7e-m+fp/hard/libgcc.a
LOAD /usr/lib/gcc/arm-none-eabi/9.2.1/../../../arm-none-eabi/lib/thumb/v7e-m+fp/hard/libc_nano.a
END GROUP
START GROUP
LOAD /usr/lib/gcc/arm-none-eabi/9.2.1/thumb/v7e-m+fp/hard/libgcc.a
LOAD /usr/lib/gcc/arm-none-eabi/9.2.1/../../../arm-none-eabi/lib/thumb/v7e-m+fp/hard/libc_nano.a
END GROUP
LOAD /usr/lib/gcc/arm-none-eabi/9.2.1/thumb/v7e-m+fp/hard/crtend.o
LOAD /usr/lib/gcc/arm-none-eabi/9.2.1/thumb/v7e-m+fp/hard/crtn.o
                0x0000000020020000                _estack = (ORIGIN (RAM) + LENGTH (RAM))
                0x0000000000000200                _Min_Heap_Size = 0x200
                0x0000000000000400                _Min_Stack_Size = 0x400

.isr_vector     0x0000000008000000      0x1c4
                0x0000000008000000                . = ALIGN (0x4)
 *(.isr_vector)
 .isr_vector    0x0000000008000000      0x1c4 build/startup_stm32f446xx.o
                0x0000000008000000                g_pfnVectors
                0x00000000080001c4                . = ALIGN (0x4)

.text           0x0000000008000200     0xbf78
                0x0000000008000200                . = ALIGN (0x4)
 *(.text)
 .text          0x0000000008000200       0x88 /usr/lib/gcc/arm-none-eabi/9.2.1/thumb/v7e-m+fp/hard/crtbegin.o
 .text          0x0000000008000288        0xc /usr/lib/gcc/arm-none-eabi/9.2.1/../../../arm-none-eabi/lib/thumb/v7e-m+fp/hard/libc_nano.a(lib_a-errno.o)
                0x0000000008000288                __errno
 .text          0x0000000008000294       0x48 /usr/lib/gcc/arm-none-eabi/9.2.1/../../../arm-none-eabi/lib/thumb/v7e-m+fp/hard/libc_nano.a(lib_a-init.o)
                0x0000000008000294                __libc_init_array
 .text          0x00000000080002dc       0xa0 /usr/lib/gcc/arm-none-eabi/9.2.1/../../../arm-none-eabi/lib/thumb/v7e-m+fp/hard/libc_nano.a(lib_a-memset.o)
                0x00000000080002dc                memset
 .text          0x000000000800037c      0x6b8 /usr/lib/gcc/arm-none-eabi/9.2.1/../../../arm-none-eabi/lib/thumb/v7e-m+fp/hard/libc_nano.a(lib_a-nano-vfprintf_float.o)
                0x000000000800037c                __cvt
                0x0000000008000478                __exponent
                0x0000000008000504                _printf_float
 .text          0x0000000008000a34      0x3c4 /usr/lib/gcc/arm-none-eabi/9.2.1/../../../arm-none-eabi/lib/thumb/v7e-m+fp/hard/libc_nano.a(lib_a-nano-vfprintf_i.o)
                0x0000000008000a34                _printf_common
                0x0000000008000b60                _printf_i
 .text          0x0000000008000df8       0x80 /usr/lib/gcc/arm-none-eabi/9.2.1/../../../arm-none-eabi/lib/thumb/v7e-m+fp/hard/libc_nano.a(lib_a-sprintf.o)
                0x0000000008000df8                _siprintf_r
                0x0000000008000df8                _sprintf_r
                0x0000000008000e34                sprintf
                0x0000000008000e34                siprintf
 *fill*         0x0000000008000e78        0x8 
 .text          0x0000000008000e80       0xdc /usr/lib/gcc/arm-none-eabi/9.2.1/../../../arm-none-eabi/lib/thumb/v7e-m+fp/hard/libc_nano.a(lib_a-strlen.o)
                0x0000000008000e80                strlen
 *fill*         0x0000000008000f5c        0x4 
 .text          0x0000000008000f60      0xffc /usr/lib/gcc/arm-none-eabi/9.2.1/../../../arm-none-eabi/lib/thumb/v7e-m+fp/hard/libc_nano.a(lib_a-dtoa.o)
                0x0000000008001084                _dtoa_r
 .text          0x0000000008001f5c       0x14 /usr/lib/gcc/arm-none-eabi/9.2.1/../../../arm-none-eabi/lib/thumb/v7e-m+fp/hard/libc_nano.a(lib_a-localeconv.o)
                0x0000000008001f5c                __localeconv_l
                0x0000000008001f60                _localeconv_r
                0x0000000008001f68                localeconv
 .text          0x0000000008001f70       0x20 /usr/lib/gcc/arm-none-eabi/9.2.1/../../../arm-none-eabi/lib/thumb/v7e-m+fp/hard/libc_nano.a(lib_a-malloc.o)
                0x0000000008001f70                malloc
                0x0000000008001f80                free
 .text          0x0000000008001f90       0xa0 /usr/lib/gcc/arm-none-eabi/9.2.1/../../../arm-none-eabi/lib/thumb/v7e-m+fp/hard/libc_nano.a(lib_a-memchr.o)
                0x0000000008001f90                memchr
 .text          0x0000000008002030      0x134 /usr/lib/gcc/arm-none-eabi/9.2.1/../../../arm-none-eabi/lib/thumb/v7e-m+fp/hard/libc_nano.a(lib_a-memcpy.o)
                0x0000000008002030                memcpy
 .text          0x0000000008002164      0xa38 /usr/lib/gcc/arm-none-eabi/9.2.1/../../../arm-none-eabi/lib/thumb/v7e-m+fp/hard/libc_nano.a(lib_a-mprec.o)
                0x0000000008002164                _Balloc
                0x00000000080021e4                _Bfree
                0x0000000008002230                __multadd
                0x00000000080022d0                __s2b
                0x000000000800237c                __hi0bits
                0x00000000080023bc                __lo0bits
                0x000000000800241c                __i2b
                0x0000000008002448                __multiply
                0x0000000008002594                __pow5mult
                0x0000000008002658                __lshift
                0x0000000008002720                __mcmp
                0x0000000008002758                __mdiff
                0x0000000008002880                __ulp
                0x00000000080028d0                __b2d
                0x0000000008002988                __d2b
                0x0000000008002a5c                __ratio
                0x0000000008002abc                _mprec_log10
                0x0000000008002afc                __copybits
                0x0000000008002b44                __any_on
 .text          0x0000000008002b9c       0x1c /usr/lib/gcc/arm-none-eabi/9.2.1/../../../arm-none-eabi/lib/thumb/v7e-m+fp/hard/libc_nano.a(lib_a-nano-callocr.o)
                0x0000000008002b9c                _calloc_r
 .text          0x0000000008002bb8       0xac /usr/lib/gcc/arm-none-eabi/9.2.1/../../../arm-none-eabi/lib/thumb/v7e-m+fp/hard/libc_nano.a(lib_a-nano-freer.o)
                0x0000000008002bb8                _free_r
 .text          0x0000000008002c64       0xc8 /usr/lib/gcc/arm-none-eabi/9.2.1/../../../arm-none-eabi/lib/thumb/v7e-m+fp/hard/libc_nano.a(lib_a-nano-mallocr.o)
                0x0000000008002c64                _malloc_r
 .text          0x0000000008002d2c      0x42c /usr/lib/gcc/arm-none-eabi/9.2.1/../../../arm-none-eabi/lib/thumb/v7e-m+fp/hard/libc_nano.a(lib_a-nano-svfprintf.o)
                0x0000000008002d2c                __ssputs_r
                0x0000000008002dec                __ssprint_r
                0x0000000008002ee4                _svfprintf_r
                0x0000000008002ee4                _svfiprintf_r
 .text          0x0000000008003158       0x24 /usr/lib/gcc/arm-none-eabi/9.2.1/../../../arm-none-eabi/lib/thumb/v7e-m+fp/hard/libc_nano.a(lib_a-sbrkr.o)
                0x0000000008003158                _sbrk_r
 .text          0x000000000800317c       0x48 /usr/lib/gcc/arm-none-eabi/9.2.1/../../../arm-none-eabi/lib/thumb/v7e-m+fp/hard/libc_nano.a(lib_a-assert.o)
                0x000000000800317c                __assert_func
                0x00000000080031b8                __assert
 .text          0x00000000080031c4       0x44 /usr/lib/gcc/arm-none-eabi/9.2.1/../../../arm-none-eabi/lib/thumb/v7e-m+fp/hard/libc_nano.a(lib_a-fprintf.o)
                0x00000000080031c4                _fprintf_r
                0x00000000080031c4                _fiprintf_r
                0x00000000080031e0                fprintf
                0x00000000080031e0                fiprintf
 .text          0x0000000008003208       0x40 /usr/lib/gcc/arm-none-eabi/9.2.1/../../../arm-none-eabi/lib/thumb/v7e-m+fp/hard/libc_nano.a(lib_a-mbtowc_r.o)
                0x0000000008003208                _mbtowc_r
                0x000000000800321c                __ascii_mbtowc
 .text          0x0000000008003248       0xd0 /usr/lib/gcc/arm-none-eabi/9.2.1/../../../arm-none-eabi/lib/thumb/v7e-m+fp/hard/libc_nano.a(lib_a-memmove.o)
                0x0000000008003248                memmove
 .text          0x0000000008003318        0x8 /usr/lib/gcc/arm-none-eabi/9.2.1/../../../arm-none-eabi/lib/thumb/v7e-m+fp/hard/libc_nano.a(lib_a-mlock.o)
                0x0000000008003318                __malloc_lock
                0x000000000800331c                __malloc_unlock
 .text          0x0000000008003320       0x4c /usr/lib/gcc/arm-none-eabi/9.2.1/../../../arm-none-eabi/lib/thumb/v7e-m+fp/hard/libc_nano.a(lib_a-nano-reallocr.o)
                0x0000000008003320                _realloc_r
 .text          0x000000000800336c      0x364 /usr/lib/gcc/arm-none-eabi/9.2.1/../../../arm-none-eabi/lib/thumb/v7e-m+fp/hard/libc_nano.a(lib_a-nano-vfprintf.o)
                0x00000000080033a8                __sfputs_r
                0x00000000080033d8                __sprint_r
                0x00000000080033f4                _vfiprintf_r
                0x00000000080033f4                _vfprintf_r
                0x00000000080036b8                vfiprintf
                0x00000000080036b8                vfprintf
 .text          0x00000000080036d0       0xc0 /usr/lib/gcc/arm-none-eabi/9.2.1/../../../arm-none-eabi/lib/thumb/v7e-m+fp/hard/libc_nano.a(lib_a-wbuf.o)
                0x00000000080036d0                __swbuf_r
                0x0000000008003780                __swbuf
 .text          0x0000000008003790       0x30 /usr/lib/gcc/arm-none-eabi/9.2.1/../../../arm-none-eabi/lib/thumb/v7e-m+fp/hard/libc_nano.a(lib_a-wctomb_r.o)
                0x0000000008003790                _wctomb_r
                0x00000000080037a4                __ascii_wctomb
 .text          0x00000000080037c0      0x100 /usr/lib/gcc/arm-none-eabi/9.2.1/../../../arm-none-eabi/lib/thumb/v7e-m+fp/hard/libc_nano.a(lib_a-wsetup.o)
                0x00000000080037c0                __swsetup_r
 .text          0x00000000080038c0       0x10 /usr/lib/gcc/arm-none-eabi/9.2.1/../../../arm-none-eabi/lib/thumb/v7e-m+fp/hard/libc_nano.a(lib_a-abort.o)
                0x00000000080038c0                abort
 .text          0x00000000080038d0      0x1b0 /usr/lib/gcc/arm-none-eabi/9.2.1/../../../arm-none-eabi/lib/thumb/v7e-m+fp/hard/libc_nano.a(lib_a-fflush.o)
                0x00000000080038d0                __sflush_r
                0x00000000080039fc                _fflush_r
                0x0000000008003a5c                fflush
 .text          0x0000000008003a80      0x210 /usr/lib/gcc/arm-none-eabi/9.2.1/../../../arm-none-eabi/lib/thumb/v7e-m+fp/hard/libc_nano.a(lib_a-findfp.o)
                0x0000000008003a84                _cleanup_r
                0x0000000008003a94                __sfmoreglue
                0x0000000008003ac4                __sfp
                0x0000000008003c3c                _cleanup
                0x0000000008003c50                __sinit
                0x0000000008003c58                __sfp_lock_acquire
                0x0000000008003c5c                __sfp_lock_release
                0x0000000008003c60                __sinit_lock_acquire
                0x0000000008003c64                __sinit_lock_release
                0x0000000008003c68                __fp_lock_all
                0x0000000008003c7c                __fp_unlock_all
 .text          0x0000000008003c90      0x308 /usr/lib/gcc/arm-none-eabi/9.2.1/../../../arm-none-eabi/lib/thumb/v7e-m+fp/hard/libc_nano.a(lib_a-fvwrite.o)
                0x0000000008003c90                __sfvwrite_r
 .text          0x0000000008003f98       0xa0 /usr/lib/gcc/arm-none-eabi/9.2.1/../../../arm-none-eabi/lib/thumb/v7e-m+fp/hard/libc_nano.a(lib_a-fwalk.o)
                0x0000000008003f98                _fwalk
                0x0000000008003fe4                _fwalk_reent
 .text          0x0000000008004038       0xf0 /usr/lib/gcc/arm-none-eabi/9.2.1/../../../arm-none-eabi/lib/thumb/v7e-m+fp/hard/libc_nano.a(lib_a-makebuf.o)
                0x0000000008004038                __swhatbuf_r
                0x0000000008004094                __smakebuf_r
 .text          0x0000000008004128       0x10 /usr/lib/gcc/arm-none-eabi/9.2.1/../../../arm-none-eabi/lib/thumb/v7e-m+fp/hard/libc_nano.a(lib_a-nano-msizer.o)
                0x0000000008004128                _malloc_usable_size_r
 .text          0x0000000008004138      0x150 /usr/lib/gcc/arm-none-eabi/9.2.1/../../../arm-none-eabi/lib/thumb/v7e-m+fp/hard/libc_nano.a(lib_a-signal.o)
                0x0000000008004160                _init_signal_r
                0x000000000800416c                _signal_r
                0x00000000080041a0                _raise_r
                0x00000000080041f4                __sigtramp_r
                0x0000000008004244                raise
                0x0000000008004254                signal
                0x0000000008004264                _init_signal
                0x0000000008004278                __sigtramp
 .text          0x0000000008004288       0x2c /usr/lib/gcc/arm-none-eabi/9.2.1/../../../arm-none-eabi/lib/thumb/v7e-m+fp/hard/libc_nano.a(lib_a-signalr.o)
                0x0000000008004288                _kill_r
                0x00000000080042b0                _getpid_r
 .text          0x00000000080042b4       0x90 /usr/lib/gcc/arm-none-eabi/9.2.1/../../../arm-none-eabi/lib/thumb/v7e-m+fp/hard/libc_nano.a(lib_a-stdio.o)
                0x00000000080042b4                __sread
                0x00000000080042d8                __seofread
                0x00000000080042dc                __swrite
                0x000000000800431c                __sseek
                0x000000000800433c                __sclose
 .text          0x0000000008004344       0x2c /usr/lib/gcc/arm-none-eabi/9.2.1/../../../arm-none-eabi/lib/thumb/v7e-m+fp/hard/libc_nano.a(lib_a-writer.o)
                0x0000000008004344                _write_r
 .text          0x0000000008004370       0x24 /usr/lib/gcc/arm-none-eabi/9.2.1/../../../arm-none-eabi/lib/thumb/v7e-m+fp/hard/libc_nano.a(lib_a-closer.o)
                0x0000000008004370                _close_r
 .text          0x0000000008004394       0x28 /usr/lib/gcc/arm-none-eabi/9.2.1/../../../arm-none-eabi/lib/thumb/v7e-m+fp/hard/libc_nano.a(lib_a-fstatr.o)
                0x0000000008004394                _fstat_r
 .text          0x00000000080043bc       0x24 /usr/lib/gcc/arm-none-eabi/9.2.1/../../../arm-none-eabi/lib/thumb/v7e-m+fp/hard/libc_nano.a(lib_a-isattyr.o)
                0x00000000080043bc                _isatty_r
 .text          0x00000000080043e0       0x2c /usr/lib/gcc/arm-none-eabi/9.2.1/../../../arm-none-eabi/lib/thumb/v7e-m+fp/hard/libc_nano.a(lib_a-lseekr.o)
                0x00000000080043e0                _lseek_r
 .text          0x000000000800440c       0x2c /usr/lib/gcc/arm-none-eabi/9.2.1/../../../arm-none-eabi/lib/thumb/v7e-m+fp/hard/libc_nano.a(lib_a-readr.o)
                0x000000000800440c                _read_r
 .text          0x0000000008004438      0x378 /usr/lib/gcc/arm-none-eabi/9.2.1/thumb/v7e-m+fp/hard/libgcc.a(_arm_addsubdf3.o)
                0x0000000008004438                __aeabi_drsub
                0x0000000008004440                __aeabi_dsub
                0x0000000008004440                __subdf3
                0x0000000008004444                __adddf3
                0x0000000008004444                __aeabi_dadd
                0x00000000080046bc                __aeabi_ui2d
                0x00000000080046bc                __floatunsidf
                0x00000000080046dc                __floatsidf
                0x00000000080046dc                __aeabi_i2d
                0x0000000008004700                __extendsfdf2
                0x0000000008004700                __aeabi_f2d
                0x0000000008004744                __aeabi_ul2d
                0x0000000008004744                __floatundidf
                0x0000000008004754                __floatdidf
                0x0000000008004754                __aeabi_l2d
 .text          0x00000000080047b0      0x424 /usr/lib/gcc/arm-none-eabi/9.2.1/thumb/v7e-m+fp/hard/libgcc.a(_arm_muldivdf3.o)
                0x00000000080047b0                __aeabi_dmul
                0x00000000080047b0                __muldf3
                0x0000000008004a04                __aeabi_ddiv
                0x0000000008004a04                __divdf3
 .text          0x0000000008004bd4      0x110 /usr/lib/gcc/arm-none-eabi/9.2.1/thumb/v7e-m+fp/hard/libgcc.a(_arm_cmpdf2.o)
                0x0000000008004bd4                __gtdf2
                0x0000000008004bd4                __gedf2
                0x0000000008004bdc                __ltdf2
                0x0000000008004bdc                __ledf2
                0x0000000008004be4                __cmpdf2
                0x0000000008004be4                __eqdf2
                0x0000000008004be4                __nedf2
                0x0000000008004c60                __aeabi_cdrcmple
                0x0000000008004c70                __aeabi_cdcmple
                0x0000000008004c70                __aeabi_cdcmpeq
                0x0000000008004c80                __aeabi_dcmpeq
                0x0000000008004c94                __aeabi_dcmplt
                0x0000000008004ca8                __aeabi_dcmple
                0x0000000008004cbc                __aeabi_dcmpge
                0x0000000008004cd0                __aeabi_dcmpgt
 .text          0x0000000008004ce4       0x2c /usr/lib/gcc/arm-none-eabi/9.2.1/thumb/v7e-m+fp/hard/libgcc.a(_arm_unorddf2.o)
                0x0000000008004ce4                __aeabi_dcmpun
                0x0000000008004ce4                __unorddf2
 .text          0x0000000008004d10       0x50 /usr/lib/gcc/arm-none-eabi/9.2.1/thumb/v7e-m+fp/hard/libgcc.a(_arm_fixdfsi.o)
                0x0000000008004d10                __fixdfsi
                0x0000000008004d10                __aeabi_d2iz
 .text          0x0000000008004d60       0x30 /usr/lib/gcc/arm-none-eabi/9.2.1/thumb/v7e-m+fp/hard/libgcc.a(_aeabi_uldivmod.o)
                0x0000000008004d60                __aeabi_uldivmod
 .text          0x0000000008004d90      0x2c4 /usr/lib/gcc/arm-none-eabi/9.2.1/thumb/v7e-m+fp/hard/libgcc.a(_udivmoddi4.o)
                0x0000000008004d90                __udivmoddi4
 .text          0x0000000008005054        0x4 /usr/lib/gcc/arm-none-eabi/9.2.1/thumb/v7e-m+fp/hard/libgcc.a(_dvmd_tls.o)
                0x0000000008005054                __aeabi_ldiv0
                0x0000000008005054                __aeabi_idiv0
 *(.text*)
 .text.Error_Handler
                0x0000000008005058        0x4 build/main.o
                0x0000000008005058                Error_Handler
 .text.SystemClock_Config
                0x000000000800505c       0xa8 build/main.o
                0x000000000800505c                SystemClock_Config
 .text.main     0x0000000008005104       0x2e build/main.o
                0x0000000008005104                main
 *fill*         0x0000000008005132        0x2 
 .text.MX_GPIO_Init
                0x0000000008005134       0x90 build/gpio.o
                0x0000000008005134                MX_GPIO_Init
 .text.MX_I2C1_Init
                0x00000000080051c4       0x3c build/i2c.o
                0x00000000080051c4                MX_I2C1_Init
 .text.HAL_I2C_MspInit
                0x0000000008005200      0x114 build/i2c.o
                0x0000000008005200                HAL_I2C_MspInit
 .text.HAL_I2C_ErrorCallback
                0x0000000008005314       0x9c build/i2c_error_handler.o
                0x0000000008005314                HAL_I2C_ErrorCallback
 .text.HAL_I2C_MemRxCpltCallback
                0x00000000080053b0      0x198 build/i2c_dma_manager.o
                0x00000000080053b0                HAL_I2C_MemRxCpltCallback
 .text.I2C_DMA_HandleError
                0x0000000008005548       0x24 build/i2c_dma_manager.o
                0x0000000008005548                I2C_DMA_HandleError
 .text.MX_USART1_UART_Init
                0x000000000800556c       0x34 build/usart.o
                0x000000000800556c                MX_USART1_UART_Init
 .text.HAL_UART_MspInit
                0x00000000080055a0       0x74 build/usart.o
                0x00000000080055a0                HAL_UART_MspInit
 .text.NMI_Handler
                0x0000000008005614        0x2 build/stm32f4xx_it.o
                0x0000000008005614                NMI_Handler
 .text.HardFault_Handler
                0x0000000008005616        0x2 build/stm32f4xx_it.o
                0x0000000008005616                HardFault_Handler
 .text.MemManage_Handler
                0x0000000008005618        0x2 build/stm32f4xx_it.o
                0x0000000008005618                MemManage_Handler
 .text.BusFault_Handler
                0x000000000800561a        0x2 build/stm32f4xx_it.o
                0x000000000800561a                BusFault_Handler
 .text.UsageFault_Handler
                0x000000000800561c        0x2 build/stm32f4xx_it.o
                0x000000000800561c                UsageFault_Handler
 .text.SVC_Handler
                0x000000000800561e        0x2 build/stm32f4xx_it.o
                0x000000000800561e                SVC_Handler
 .text.DebugMon_Handler
                0x0000000008005620        0x2 build/stm32f4xx_it.o
                0x0000000008005620                DebugMon_Handler
 .text.PendSV_Handler
                0x0000000008005622        0x2 build/stm32f4xx_it.o
                0x0000000008005622                PendSV_Handler
 .text.SysTick_Handler
                0x0000000008005624        0x8 build/stm32f4xx_it.o
                0x0000000008005624                SysTick_Handler
 .text.DMA1_Stream0_IRQHandler
                0x000000000800562c       0x10 build/stm32f4xx_it.o
                0x000000000800562c                DMA1_Stream0_IRQHandler
 .text.DMA1_Stream6_IRQHandler
                0x000000000800563c       0x10 build/stm32f4xx_it.o
                0x000000000800563c                DMA1_Stream6_IRQHandler
 .text.I2C1_EV_IRQHandler
                0x000000000800564c       0x10 build/stm32f4xx_it.o
                0x000000000800564c                I2C1_EV_IRQHandler
 .text.I2C1_ER_IRQHandler
                0x000000000800565c       0x10 build/stm32f4xx_it.o
                0x000000000800565c                I2C1_ER_IRQHandler
 .text.DMA2_Stream0_IRQHandler
                0x000000000800566c       0x10 build/stm32f4xx_it.o
                0x000000000800566c                DMA2_Stream0_IRQHandler
 .text.OTG_FS_IRQHandler
                0x000000000800567c       0x10 build/stm32f4xx_it.o
                0x000000000800567c                OTG_FS_IRQHandler
 .text.HAL_I2S_RxHalfCpltCallback
                0x000000000800568c        0x2 build/stm32f4xx_it.o
                0x000000000800568c                HAL_I2S_RxHalfCpltCallback
 *fill*         0x000000000800568e        0x2 
 .text.HAL_I2S_RxCpltCallback
                0x0000000008005690       0x38 build/stm32f4xx_it.o
                0x0000000008005690                HAL_I2S_RxCpltCallback
 .text.HAL_MspInit
                0x00000000080056c8       0x38 build/stm32f4xx_hal_msp.o
                0x00000000080056c8                HAL_MspInit
 .text.TCA9548A_SelectChannel
                0x0000000008005700       0x28 build/humidity_temp_sensor.o
                0x0000000008005700                TCA9548A_SelectChannel
 .text.MIC_Init
                0x0000000008005728       0x1c build/microphone_sensor.o
                0x0000000008005728                MIC_Init
 .text.MIC_Start
                0x0000000008005744       0x20 build/microphone_sensor.o
                0x0000000008005744                MIC_Start
 .text.RGB_LED_Init
                0x0000000008005764       0x4c build/methods.o
                0x0000000008005764                RGB_LED_Init
 .text.My_Application_Init
                0x00000000080057b0       0xe0 build/my_application.o
                0x00000000080057b0                My_Application_Init
 .text.My_Application_Run
                0x0000000008005890       0x38 build/my_application.o
                0x0000000008005890                My_Application_Run
 .text.I2C_Flush_DR
                0x00000000080058c8       0x10 build/stm32f4xx_hal_i2c.o
 .text.I2C_Master_SB
                0x00000000080058d8       0xa8 build/stm32f4xx_hal_i2c.o
 .text.I2C_Master_ADD10
                0x0000000008005980       0x2a build/stm32f4xx_hal_i2c.o
 .text.I2C_Master_ADDR
                0x00000000080059aa      0x206 build/stm32f4xx_hal_i2c.o
 .text.I2C_SlaveTransmit_BTF
                0x0000000008005bb0       0x20 build/stm32f4xx_hal_i2c.o
 .text.I2C_SlaveReceive_BTF
                0x0000000008005bd0       0x20 build/stm32f4xx_hal_i2c.o
 .text.I2C_WaitOnSTOPRequestThroughIT
                0x0000000008005bf0       0x48 build/stm32f4xx_hal_i2c.o
 .text.I2C_IsAcknowledgeFailed
                0x0000000008005c38       0x32 build/stm32f4xx_hal_i2c.o
 .text.I2C_ConvertOtherXferOptions
                0x0000000008005c6a       0x1e build/stm32f4xx_hal_i2c.o
 .text.I2C_WaitOnFlagUntilTimeout
                0x0000000008005c88       0xb2 build/stm32f4xx_hal_i2c.o
 .text.I2C_WaitOnMasterAddressFlagUntilTimeout
                0x0000000008005d3a       0xd6 build/stm32f4xx_hal_i2c.o
 .text.I2C_MasterRequestWrite
                0x0000000008005e10       0xb4 build/stm32f4xx_hal_i2c.o
 .text.I2C_WaitOnTXEFlagUntilTimeout
                0x0000000008005ec4       0x5e build/stm32f4xx_hal_i2c.o
 *fill*         0x0000000008005f22        0x2 
 .text.I2C_RequestMemoryRead
                0x0000000008005f24      0x154 build/stm32f4xx_hal_i2c.o
 .text.I2C_WaitOnBTFFlagUntilTimeout
                0x0000000008006078       0x5e build/stm32f4xx_hal_i2c.o
 *fill*         0x00000000080060d6        0x2 
 .text.HAL_I2C_Init
                0x00000000080060d8      0x1bc build/stm32f4xx_hal_i2c.o
                0x00000000080060d8                HAL_I2C_Init
 .text.HAL_I2C_Master_Transmit
                0x0000000008006294      0x178 build/stm32f4xx_hal_i2c.o
                0x0000000008006294                HAL_I2C_Master_Transmit
 .text.HAL_I2C_Mem_Read_DMA
                0x000000000800640c      0x214 build/stm32f4xx_hal_i2c.o
                0x000000000800640c                HAL_I2C_Mem_Read_DMA
 .text.HAL_I2C_MasterTxCpltCallback
                0x0000000008006620        0x2 build/stm32f4xx_hal_i2c.o
                0x0000000008006620                HAL_I2C_MasterTxCpltCallback
 .text.HAL_I2C_MasterRxCpltCallback
                0x0000000008006622        0x2 build/stm32f4xx_hal_i2c.o
                0x0000000008006622                HAL_I2C_MasterRxCpltCallback
 .text.HAL_I2C_SlaveTxCpltCallback
                0x0000000008006624        0x2 build/stm32f4xx_hal_i2c.o
                0x0000000008006624                HAL_I2C_SlaveTxCpltCallback
 .text.I2C_SlaveTransmit_TXE
                0x0000000008006626       0x4c build/stm32f4xx_hal_i2c.o
 .text.HAL_I2C_SlaveRxCpltCallback
                0x0000000008006672        0x2 build/stm32f4xx_hal_i2c.o
                0x0000000008006672                HAL_I2C_SlaveRxCpltCallback
 .text.I2C_SlaveReceive_RXNE
                0x0000000008006674       0x4c build/stm32f4xx_hal_i2c.o
 .text.HAL_I2C_AddrCallback
                0x00000000080066c0        0x2 build/stm32f4xx_hal_i2c.o
                0x00000000080066c0                HAL_I2C_AddrCallback
 .text.I2C_Slave_ADDR
                0x00000000080066c2       0x5a build/stm32f4xx_hal_i2c.o
 .text.HAL_I2C_ListenCpltCallback
                0x000000000800671c        0x2 build/stm32f4xx_hal_i2c.o
                0x000000000800671c                HAL_I2C_ListenCpltCallback
 *fill*         0x000000000800671e        0x2 
 .text.I2C_Slave_AF
                0x0000000008006720       0xa0 build/stm32f4xx_hal_i2c.o
 .text.HAL_I2C_MemTxCpltCallback
                0x00000000080067c0        0x2 build/stm32f4xx_hal_i2c.o
                0x00000000080067c0                HAL_I2C_MemTxCpltCallback
 .text.I2C_MasterTransmit_BTF
                0x00000000080067c2       0x9e build/stm32f4xx_hal_i2c.o
 .text.I2C_MemoryTransmit_TXE_BTF
                0x0000000008006860       0xc4 build/stm32f4xx_hal_i2c.o
 .text.I2C_MasterTransmit_TXE
                0x0000000008006924       0xd0 build/stm32f4xx_hal_i2c.o
 .text.I2C_MasterReceive_BTF
                0x00000000080069f4      0x136 build/stm32f4xx_hal_i2c.o
 .text.I2C_DMAError
                0x0000000008006b2a       0x46 build/stm32f4xx_hal_i2c.o
 .text.I2C_DMAXferCplt
                0x0000000008006b70      0x130 build/stm32f4xx_hal_i2c.o
 .text.I2C_MasterReceive_RXNE
                0x0000000008006ca0      0x106 build/stm32f4xx_hal_i2c.o
 .text.HAL_I2C_AbortCpltCallback
                0x0000000008006da6        0x2 build/stm32f4xx_hal_i2c.o
                0x0000000008006da6                HAL_I2C_AbortCpltCallback
 .text.I2C_DMAAbort
                0x0000000008006da8       0xe4 build/stm32f4xx_hal_i2c.o
 .text.I2C_ITError
                0x0000000008006e8c      0x178 build/stm32f4xx_hal_i2c.o
 .text.I2C_Slave_STOPF
                0x0000000008007004      0x18c build/stm32f4xx_hal_i2c.o
 .text.HAL_I2C_EV_IRQHandler
                0x0000000008007190      0x1a0 build/stm32f4xx_hal_i2c.o
                0x0000000008007190                HAL_I2C_EV_IRQHandler
 .text.HAL_I2C_ER_IRQHandler
                0x0000000008007330       0xc4 build/stm32f4xx_hal_i2c.o
                0x0000000008007330                HAL_I2C_ER_IRQHandler
 .text.HAL_I2C_GetError
                0x00000000080073f4        0x4 build/stm32f4xx_hal_i2c.o
                0x00000000080073f4                HAL_I2C_GetError
 .text.HAL_RCC_ClockConfig
                0x00000000080073f8      0x160 build/stm32f4xx_hal_rcc.o
                0x00000000080073f8                HAL_RCC_ClockConfig
 .text.HAL_RCC_GetHCLKFreq
                0x0000000008007558        0xc build/stm32f4xx_hal_rcc.o
                0x0000000008007558                HAL_RCC_GetHCLKFreq
 .text.HAL_RCC_GetPCLK1Freq
                0x0000000008007564       0x20 build/stm32f4xx_hal_rcc.o
                0x0000000008007564                HAL_RCC_GetPCLK1Freq
 .text.HAL_RCC_GetPCLK2Freq
                0x0000000008007584       0x20 build/stm32f4xx_hal_rcc.o
                0x0000000008007584                HAL_RCC_GetPCLK2Freq
 .text.HAL_RCCEx_PeriphCLKConfig
                0x00000000080075a4      0x478 build/stm32f4xx_hal_rcc_ex.o
                0x00000000080075a4                HAL_RCCEx_PeriphCLKConfig
 .text.HAL_RCCEx_GetPeriphCLKFreq
                0x0000000008007a1c      0x300 build/stm32f4xx_hal_rcc_ex.o
                0x0000000008007a1c                HAL_RCCEx_GetPeriphCLKFreq
 .text.HAL_RCC_GetSysClockFreq
                0x0000000008007d1c      0x178 build/stm32f4xx_hal_rcc_ex.o
                0x0000000008007d1c                HAL_RCC_GetSysClockFreq
 .text.HAL_RCC_OscConfig
                0x0000000008007e94      0x440 build/stm32f4xx_hal_rcc_ex.o
                0x0000000008007e94                HAL_RCC_OscConfig
 .text.HAL_GPIO_Init
                0x00000000080082d4      0x1c8 build/stm32f4xx_hal_gpio.o
                0x00000000080082d4                HAL_GPIO_Init
 .text.HAL_GPIO_WritePin
                0x000000000800849c        0xc build/stm32f4xx_hal_gpio.o
                0x000000000800849c                HAL_GPIO_WritePin
 .text.DMA_SetConfig
                0x00000000080084a8       0x2c build/stm32f4xx_hal_dma.o
 .text.DMA_CalcBaseAndBitshift
                0x00000000080084d4       0x44 build/stm32f4xx_hal_dma.o
 .text.DMA_CheckFifoParam
                0x0000000008008518       0x8e build/stm32f4xx_hal_dma.o
 *fill*         0x00000000080085a6        0x2 
 .text.HAL_DMA_Init
                0x00000000080085a8       0xcc build/stm32f4xx_hal_dma.o
                0x00000000080085a8                HAL_DMA_Init
 .text.HAL_DMA_Start_IT
                0x0000000008008674       0x6a build/stm32f4xx_hal_dma.o
                0x0000000008008674                HAL_DMA_Start_IT
 .text.HAL_DMA_Abort_IT
                0x00000000080086de       0x26 build/stm32f4xx_hal_dma.o
                0x00000000080086de                HAL_DMA_Abort_IT
 .text.HAL_DMA_IRQHandler
                0x0000000008008704      0x1dc build/stm32f4xx_hal_dma.o
                0x0000000008008704                HAL_DMA_IRQHandler
 .text.HAL_DMA_GetState
                0x00000000080088e0        0x6 build/stm32f4xx_hal_dma.o
                0x00000000080088e0                HAL_DMA_GetState
 .text.HAL_DMA_GetError
                0x00000000080088e6        0x4 build/stm32f4xx_hal_dma.o
                0x00000000080088e6                HAL_DMA_GetError
 *fill*         0x00000000080088ea        0x2 
 .text.HAL_NVIC_SetPriorityGrouping
                0x00000000080088ec       0x24 build/stm32f4xx_hal_cortex.o
                0x00000000080088ec                HAL_NVIC_SetPriorityGrouping
 .text.HAL_NVIC_SetPriority
                0x0000000008008910       0x68 build/stm32f4xx_hal_cortex.o
                0x0000000008008910                HAL_NVIC_SetPriority
 .text.HAL_NVIC_EnableIRQ
                0x0000000008008978       0x1c build/stm32f4xx_hal_cortex.o
                0x0000000008008978                HAL_NVIC_EnableIRQ
 .text.HAL_SYSTICK_Config
                0x0000000008008994       0x2c build/stm32f4xx_hal_cortex.o
                0x0000000008008994                HAL_SYSTICK_Config
 .text.HAL_InitTick
                0x00000000080089c0       0x4c build/stm32f4xx_hal.o
                0x00000000080089c0                HAL_InitTick
 .text.HAL_Init
                0x0000000008008a0c       0x34 build/stm32f4xx_hal.o
                0x0000000008008a0c                HAL_Init
 .text.HAL_IncTick
                0x0000000008008a40       0x18 build/stm32f4xx_hal.o
                0x0000000008008a40                HAL_IncTick
 .text.HAL_GetTick
                0x0000000008008a58        0xc build/stm32f4xx_hal.o
                0x0000000008008a58                HAL_GetTick
 .text.HAL_Delay
                0x0000000008008a64       0x28 build/stm32f4xx_hal.o
                0x0000000008008a64                HAL_Delay
 .text.UART_SetConfig
                0x0000000008008a8c      0x11c build/stm32f4xx_hal_uart.o
 .text.HAL_UART_Init
                0x0000000008008ba8       0x60 build/stm32f4xx_hal_uart.o
                0x0000000008008ba8                HAL_UART_Init
 .text.SystemInit
                0x0000000008008c08       0x14 build/system_stm32f4xx.o
                0x0000000008008c08                SystemInit
 .text._sbrk    0x0000000008008c1c       0x48 build/sysmem.o
                0x0000000008008c1c                _sbrk
 .text._getpid  0x0000000008008c64        0x4 build/syscalls.o
                0x0000000008008c64                _getpid
 .text._kill    0x0000000008008c68       0x10 build/syscalls.o
                0x0000000008008c68                _kill
 .text._exit    0x0000000008008c78        0xc build/syscalls.o
                0x0000000008008c78                _exit
 .text._read    0x0000000008008c84       0x20 build/syscalls.o
                0x0000000008008c84                _read
 .text._write   0x0000000008008ca4       0x1c build/syscalls.o
                0x0000000008008ca4                _write
 .text._close   0x0000000008008cc0        0x6 build/syscalls.o
                0x0000000008008cc0                _close
 .text._fstat   0x0000000008008cc6        0xa build/syscalls.o
                0x0000000008008cc6                _fstat
 .text._isatty  0x0000000008008cd0        0x4 build/syscalls.o
                0x0000000008008cd0                _isatty
 .text._lseek   0x0000000008008cd4        0x4 build/syscalls.o
                0x0000000008008cd4                _lseek
 .text.MX_DMA_Init
                0x0000000008008cd8       0x68 build/dma.o
                0x0000000008008cd8                MX_DMA_Init
 .text.MX_I2S1_Init
                0x0000000008008d40       0x3c build/i2s.o
                0x0000000008008d40                MX_I2S1_Init
 .text.HAL_I2S_MspInit
                0x0000000008008d7c       0xe8 build/i2s.o
                0x0000000008008d7c                HAL_I2S_MspInit
 .text.HAL_I2S_Init
                0x0000000008008e64      0x13c build/stm32f4xx_hal_i2s.o
                0x0000000008008e64                HAL_I2S_Init
 .text.HAL_I2S_Receive_DMA
                0x0000000008008fa0       0xf4 build/stm32f4xx_hal_i2s.o
                0x0000000008008fa0                HAL_I2S_Receive_DMA
 .text.HAL_I2S_TxCpltCallback
                0x0000000008009094        0x2 build/stm32f4xx_hal_i2s.o
                0x0000000008009094                HAL_I2S_TxCpltCallback
 .text.I2S_Transmit_IT
                0x0000000008009096       0x38 build/stm32f4xx_hal_i2s.o
 .text.I2S_DMARxHalfCplt
                0x00000000080090ce        0xa build/stm32f4xx_hal_i2s.o
 .text.I2S_Receive_IT
                0x00000000080090d8       0x38 build/stm32f4xx_hal_i2s.o
 .text.I2S_DMARxCplt
                0x0000000008009110       0x24 build/stm32f4xx_hal_i2s.o
 .text.HAL_I2S_ErrorCallback
                0x0000000008009134        0x2 build/stm32f4xx_hal_i2s.o
                0x0000000008009134                HAL_I2S_ErrorCallback
 .text.I2S_IRQHandler
                0x0000000008009136       0xd0 build/stm32f4xx_hal_i2s.o
 .text.I2S_DMAError
                0x0000000008009206       0x28 build/stm32f4xx_hal_i2s.o
 *fill*         0x000000000800922e        0x2 
 .text.MX_USB_DEVICE_Init
                0x0000000008009230       0x54 build/usb_device.o
                0x0000000008009230                MX_USB_DEVICE_Init
 .text.USBD_FS_DeviceDescriptor
                0x0000000008009284        0xc build/usbd_desc.o
                0x0000000008009284                USBD_FS_DeviceDescriptor
 .text.USBD_FS_LangIDStrDescriptor
                0x0000000008009290        0xc build/usbd_desc.o
                0x0000000008009290                USBD_FS_LangIDStrDescriptor
 .text.USBD_FS_USR_BOSDescriptor
                0x000000000800929c        0xc build/usbd_desc.o
                0x000000000800929c                USBD_FS_USR_BOSDescriptor
 .text.IntToUnicode
                0x00000000080092a8       0x38 build/usbd_desc.o
 .text.Get_SerialNum
                0x00000000080092e0       0x34 build/usbd_desc.o
 .text.USBD_FS_SerialStrDescriptor
                0x0000000008009314       0x14 build/usbd_desc.o
                0x0000000008009314                USBD_FS_SerialStrDescriptor
 .text.USBD_FS_ProductStrDescriptor
                0x0000000008009328       0x24 build/usbd_desc.o
                0x0000000008009328                USBD_FS_ProductStrDescriptor
 .text.USBD_FS_ManufacturerStrDescriptor
                0x000000000800934c       0x1c build/usbd_desc.o
                0x000000000800934c                USBD_FS_ManufacturerStrDescriptor
 .text.USBD_FS_ConfigStrDescriptor
                0x0000000008009368       0x24 build/usbd_desc.o
                0x0000000008009368                USBD_FS_ConfigStrDescriptor
 .text.USBD_FS_InterfaceStrDescriptor
                0x000000000800938c       0x24 build/usbd_desc.o
                0x000000000800938c                USBD_FS_InterfaceStrDescriptor
 .text.CDC_DeInit_FS
                0x00000000080093b0        0x4 build/usbd_cdc_if.o
 .text.CDC_Control_FS
                0x00000000080093b4        0x4 build/usbd_cdc_if.o
 .text.CDC_TransmitCplt_FS
                0x00000000080093b8        0x4 build/usbd_cdc_if.o
 .text.CDC_Receive_FS
                0x00000000080093bc       0x1c build/usbd_cdc_if.o
 .text.CDC_Init_FS
                0x00000000080093d8       0x28 build/usbd_cdc_if.o
 .text.CDC_Transmit_FS
                0x0000000008009400       0x30 build/usbd_cdc_if.o
                0x0000000008009400                CDC_Transmit_FS
 .text.HAL_PCD_MspInit
                0x0000000008009430       0xac build/usbd_conf.o
                0x0000000008009430                HAL_PCD_MspInit
 .text.HAL_PCD_SetupStageCallback
                0x00000000080094dc       0x10 build/usbd_conf.o
                0x00000000080094dc                HAL_PCD_SetupStageCallback
 .text.HAL_PCD_DataOutStageCallback
                0x00000000080094ec       0x18 build/usbd_conf.o
                0x00000000080094ec                HAL_PCD_DataOutStageCallback
 .text.HAL_PCD_DataInStageCallback
                0x0000000008009504       0x16 build/usbd_conf.o
                0x0000000008009504                HAL_PCD_DataInStageCallback
 .text.HAL_PCD_SOFCallback
                0x000000000800951a        0xc build/usbd_conf.o
                0x000000000800951a                HAL_PCD_SOFCallback
 .text.HAL_PCD_ResetCallback
                0x0000000008009526       0x28 build/usbd_conf.o
                0x0000000008009526                HAL_PCD_ResetCallback
 *fill*         0x000000000800954e        0x2 
 .text.HAL_PCD_SuspendCallback
                0x0000000008009550       0x30 build/usbd_conf.o
                0x0000000008009550                HAL_PCD_SuspendCallback
 .text.HAL_PCD_ResumeCallback
                0x0000000008009580        0xc build/usbd_conf.o
                0x0000000008009580                HAL_PCD_ResumeCallback
 .text.HAL_PCD_ISOOUTIncompleteCallback
                0x000000000800958c        0xc build/usbd_conf.o
                0x000000000800958c                HAL_PCD_ISOOUTIncompleteCallback
 .text.HAL_PCD_ISOINIncompleteCallback
                0x0000000008009598        0xc build/usbd_conf.o
                0x0000000008009598                HAL_PCD_ISOINIncompleteCallback
 .text.HAL_PCD_ConnectCallback
                0x00000000080095a4        0xc build/usbd_conf.o
                0x00000000080095a4                HAL_PCD_ConnectCallback
 .text.HAL_PCD_DisconnectCallback
                0x00000000080095b0        0xc build/usbd_conf.o
                0x00000000080095b0                HAL_PCD_DisconnectCallback
 .text.USBD_LL_Init
                0x00000000080095bc       0x68 build/usbd_conf.o
                0x00000000080095bc                USBD_LL_Init
 .text.USBD_LL_IsStallEP
                0x0000000008009624       0x2c build/usbd_conf.o
                0x0000000008009624                USBD_LL_IsStallEP
 .text.USBD_LL_GetRxDataSize
                0x0000000008009650        0xc build/usbd_conf.o
                0x0000000008009650                USBD_LL_GetRxDataSize
 .text.HAL_PCDEx_LPM_Callback
                0x000000000800965c       0x64 build/usbd_conf.o
                0x000000000800965c                HAL_PCDEx_LPM_Callback
 .text.USBD_static_malloc
                0x00000000080096c0        0x8 build/usbd_conf.o
                0x00000000080096c0                USBD_static_malloc
 .text.USBD_static_free
                0x00000000080096c8        0x2 build/usbd_conf.o
                0x00000000080096c8                USBD_static_free
 .text.USBD_Get_USB_Status
                0x00000000080096ca       0x14 build/usbd_conf.o
                0x00000000080096ca                USBD_Get_USB_Status
 .text.USBD_LL_Start
                0x00000000080096de       0x10 build/usbd_conf.o
                0x00000000080096de                USBD_LL_Start
 .text.USBD_LL_OpenEP
                0x00000000080096ee       0x16 build/usbd_conf.o
                0x00000000080096ee                USBD_LL_OpenEP
 .text.USBD_LL_CloseEP
                0x0000000008009704       0x10 build/usbd_conf.o
                0x0000000008009704                USBD_LL_CloseEP
 .text.USBD_LL_StallEP
                0x0000000008009714       0x10 build/usbd_conf.o
                0x0000000008009714                USBD_LL_StallEP
 .text.USBD_LL_ClearStallEP
                0x0000000008009724       0x10 build/usbd_conf.o
                0x0000000008009724                USBD_LL_ClearStallEP
 .text.USBD_LL_SetUSBAddress
                0x0000000008009734       0x10 build/usbd_conf.o
                0x0000000008009734                USBD_LL_SetUSBAddress
 .text.USBD_LL_Transmit
                0x0000000008009744       0x10 build/usbd_conf.o
                0x0000000008009744                USBD_LL_Transmit
 .text.USBD_LL_PrepareReceive
                0x0000000008009754       0x10 build/usbd_conf.o
                0x0000000008009754                USBD_LL_PrepareReceive
 .text.PCD_WriteEmptyTxFifo
                0x0000000008009764       0xd2 build/stm32f4xx_hal_pcd.o
 .text.HAL_PCD_Init
                0x0000000008009836      0x110 build/stm32f4xx_hal_pcd.o
                0x0000000008009836                HAL_PCD_Init
 .text.HAL_PCD_Start
                0x0000000008009946       0x44 build/stm32f4xx_hal_pcd.o
                0x0000000008009946                HAL_PCD_Start
 *fill*         0x000000000800998a        0x2 
 .text.PCD_EP_OutXfrComplete_int
                0x000000000800998c      0x104 build/stm32f4xx_hal_pcd.o
 .text.PCD_EP_OutSetupPacket_int
                0x0000000008009a90       0x50 build/stm32f4xx_hal_pcd.o
 .text.HAL_PCD_SetAddress
                0x0000000008009ae0       0x26 build/stm32f4xx_hal_pcd.o
                0x0000000008009ae0                HAL_PCD_SetAddress
 .text.HAL_PCD_EP_Open
                0x0000000008009b06       0x88 build/stm32f4xx_hal_pcd.o
                0x0000000008009b06                HAL_PCD_EP_Open
 .text.HAL_PCD_EP_Close
                0x0000000008009b8e       0x70 build/stm32f4xx_hal_pcd.o
                0x0000000008009b8e                HAL_PCD_EP_Close
 .text.HAL_PCD_EP_Receive
                0x0000000008009bfe       0x4a build/stm32f4xx_hal_pcd.o
                0x0000000008009bfe                HAL_PCD_EP_Receive
 .text.HAL_PCD_EP_GetRxCount
                0x0000000008009c48       0x12 build/stm32f4xx_hal_pcd.o
                0x0000000008009c48                HAL_PCD_EP_GetRxCount
 .text.HAL_PCD_EP_Transmit
                0x0000000008009c5a       0x3e build/stm32f4xx_hal_pcd.o
                0x0000000008009c5a                HAL_PCD_EP_Transmit
 .text.HAL_PCD_EP_SetStall
                0x0000000008009c98       0x86 build/stm32f4xx_hal_pcd.o
                0x0000000008009c98                HAL_PCD_EP_SetStall
 .text.HAL_PCD_EP_ClrStall
                0x0000000008009d1e       0x74 build/stm32f4xx_hal_pcd.o
                0x0000000008009d1e                HAL_PCD_EP_ClrStall
 .text.HAL_PCD_EP_Abort
                0x0000000008009d92       0x34 build/stm32f4xx_hal_pcd.o
                0x0000000008009d92                HAL_PCD_EP_Abort
 .text.HAL_PCD_IRQHandler
                0x0000000008009dc6      0x632 build/stm32f4xx_hal_pcd.o
                0x0000000008009dc6                HAL_PCD_IRQHandler
 .text.HAL_PCDEx_SetTxFiFo
                0x000000000800a3f8       0x48 build/stm32f4xx_hal_pcd_ex.o
                0x000000000800a3f8                HAL_PCDEx_SetTxFiFo
 .text.HAL_PCDEx_SetRxFiFo
                0x000000000800a440        0x8 build/stm32f4xx_hal_pcd_ex.o
                0x000000000800a440                HAL_PCDEx_SetRxFiFo
 .text.HAL_PCDEx_ActivateLPM
                0x000000000800a448       0x26 build/stm32f4xx_hal_pcd_ex.o
                0x000000000800a448                HAL_PCDEx_ActivateLPM
 .text.USB_CoreReset
                0x000000000800a46e       0x56 build/stm32f4xx_ll_usb.o
 .text.USB_CoreInit
                0x000000000800a4c4       0x92 build/stm32f4xx_ll_usb.o
                0x000000000800a4c4                USB_CoreInit
 *fill*         0x000000000800a556        0x2 
 .text.USB_SetTurnaroundTime
                0x000000000800a558       0xe4 build/stm32f4xx_ll_usb.o
                0x000000000800a558                USB_SetTurnaroundTime
 .text.USB_EnableGlobalInt
                0x000000000800a63c        0xc build/stm32f4xx_ll_usb.o
                0x000000000800a63c                USB_EnableGlobalInt
 .text.USB_DisableGlobalInt
                0x000000000800a648        0xc build/stm32f4xx_ll_usb.o
                0x000000000800a648                USB_DisableGlobalInt
 .text.USB_FlushTxFifo
                0x000000000800a654       0x4a build/stm32f4xx_ll_usb.o
                0x000000000800a654                USB_FlushTxFifo
 .text.USB_FlushRxFifo
                0x000000000800a69e       0x46 build/stm32f4xx_ll_usb.o
                0x000000000800a69e                USB_FlushRxFifo
 .text.USB_SetDevSpeed
                0x000000000800a6e4        0xe build/stm32f4xx_ll_usb.o
                0x000000000800a6e4                USB_SetDevSpeed
 *fill*         0x000000000800a6f2        0x2 
 .text.USB_DevInit
                0x000000000800a6f4      0x190 build/stm32f4xx_ll_usb.o
                0x000000000800a6f4                USB_DevInit
 .text.USB_GetDevSpeed
                0x000000000800a884       0x22 build/stm32f4xx_ll_usb.o
                0x000000000800a884                USB_GetDevSpeed
 .text.USB_ActivateEndpoint
                0x000000000800a8a6       0x94 build/stm32f4xx_ll_usb.o
                0x000000000800a8a6                USB_ActivateEndpoint
 *fill*         0x000000000800a93a        0x2 
 .text.USB_DeactivateEndpoint
                0x000000000800a93c       0xdc build/stm32f4xx_ll_usb.o
                0x000000000800a93c                USB_DeactivateEndpoint
 .text.USB_EPStopXfer
                0x000000000800aa18       0xbe build/stm32f4xx_ll_usb.o
                0x000000000800aa18                USB_EPStopXfer
 .text.USB_WritePacket
                0x000000000800aad6       0x28 build/stm32f4xx_ll_usb.o
                0x000000000800aad6                USB_WritePacket
 *fill*         0x000000000800aafe        0x2 
 .text.USB_EPStartXfer
                0x000000000800ab00      0x244 build/stm32f4xx_ll_usb.o
                0x000000000800ab00                USB_EPStartXfer
 .text.USB_ReadPacket
                0x000000000800ad44       0x4c build/stm32f4xx_ll_usb.o
                0x000000000800ad44                USB_ReadPacket
 .text.USB_EPSetStall
                0x000000000800ad90       0x5a build/stm32f4xx_ll_usb.o
                0x000000000800ad90                USB_EPSetStall
 .text.USB_EPClearStall
                0x000000000800adea       0x5c build/stm32f4xx_ll_usb.o
                0x000000000800adea                USB_EPClearStall
 .text.USB_SetDevAddress
                0x000000000800ae46       0x20 build/stm32f4xx_ll_usb.o
                0x000000000800ae46                USB_SetDevAddress
 .text.USB_DevConnect
                0x000000000800ae66       0x1c build/stm32f4xx_ll_usb.o
                0x000000000800ae66                USB_DevConnect
 .text.USB_DevDisconnect
                0x000000000800ae82       0x1c build/stm32f4xx_ll_usb.o
                0x000000000800ae82                USB_DevDisconnect
 .text.USB_ReadInterrupts
                0x000000000800ae9e        0x8 build/stm32f4xx_ll_usb.o
                0x000000000800ae9e                USB_ReadInterrupts
 .text.USB_ReadDevAllOutEpInterrupt
                0x000000000800aea6       0x10 build/stm32f4xx_ll_usb.o
                0x000000000800aea6                USB_ReadDevAllOutEpInterrupt
 .text.USB_ReadDevAllInEpInterrupt
                0x000000000800aeb6       0x10 build/stm32f4xx_ll_usb.o
                0x000000000800aeb6                USB_ReadDevAllInEpInterrupt
 .text.USB_ReadDevOutEPInterrupt
                0x000000000800aec6       0x12 build/stm32f4xx_ll_usb.o
                0x000000000800aec6                USB_ReadDevOutEPInterrupt
 .text.USB_ReadDevInEPInterrupt
                0x000000000800aed8       0x28 build/stm32f4xx_ll_usb.o
                0x000000000800aed8                USB_ReadDevInEPInterrupt
 .text.USB_GetMode
                0x000000000800af00        0x8 build/stm32f4xx_ll_usb.o
                0x000000000800af00                USB_GetMode
 .text.USB_SetCurrentMode
                0x000000000800af08       0x62 build/stm32f4xx_ll_usb.o
                0x000000000800af08                USB_SetCurrentMode
 .text.USB_ActivateSetup
                0x000000000800af6a       0x20 build/stm32f4xx_ll_usb.o
                0x000000000800af6a                USB_ActivateSetup
 *fill*         0x000000000800af8a        0x2 
 .text.USB_EP0_OutStart
                0x000000000800af8c       0x60 build/stm32f4xx_ll_usb.o
                0x000000000800af8c                USB_EP0_OutStart
 .text.USBD_Init
                0x000000000800afec       0x2e build/usbd_core.o
                0x000000000800afec                USBD_Init
 .text.USBD_RegisterClass
                0x000000000800b01a       0x34 build/usbd_core.o
                0x000000000800b01a                USBD_RegisterClass
 .text.USBD_Start
                0x000000000800b04e        0x8 build/usbd_core.o
                0x000000000800b04e                USBD_Start
 .text.USBD_SetClassConfig
                0x000000000800b056       0x12 build/usbd_core.o
                0x000000000800b056                USBD_SetClassConfig
 .text.USBD_ClrClassConfig
                0x000000000800b068       0x12 build/usbd_core.o
                0x000000000800b068                USBD_ClrClassConfig
 .text.USBD_LL_SetupStage
                0x000000000800b07a       0x58 build/usbd_core.o
                0x000000000800b07a                USBD_LL_SetupStage
 .text.USBD_LL_Reset
                0x000000000800b0d2       0x66 build/usbd_core.o
                0x000000000800b0d2                USBD_LL_Reset
 .text.USBD_LL_SetSpeed
                0x000000000800b138        0x6 build/usbd_core.o
                0x000000000800b138                USBD_LL_SetSpeed
 .text.USBD_LL_Suspend
                0x000000000800b13e       0x1e build/usbd_core.o
                0x000000000800b13e                USBD_LL_Suspend
 .text.USBD_LL_Resume
                0x000000000800b15c       0x1a build/usbd_core.o
                0x000000000800b15c                USBD_LL_Resume
 .text.USBD_LL_SOF
                0x000000000800b176       0x22 build/usbd_core.o
                0x000000000800b176                USBD_LL_SOF
 .text.USBD_LL_IsoINIncomplete
                0x000000000800b198       0x2e build/usbd_core.o
                0x000000000800b198                USBD_LL_IsoINIncomplete
 .text.USBD_LL_IsoOUTIncomplete
                0x000000000800b1c6       0x2e build/usbd_core.o
                0x000000000800b1c6                USBD_LL_IsoOUTIncomplete
 .text.USBD_LL_DevConnected
                0x000000000800b1f4        0x4 build/usbd_core.o
                0x000000000800b1f4                USBD_LL_DevConnected
 .text.USBD_LL_DevDisconnected
                0x000000000800b1f8       0x20 build/usbd_core.o
                0x000000000800b1f8                USBD_LL_DevDisconnected
 .text.USBD_CoreFindIF
                0x000000000800b218        0x4 build/usbd_core.o
                0x000000000800b218                USBD_CoreFindIF
 .text.USBD_CoreFindEP
                0x000000000800b21c        0x4 build/usbd_core.o
                0x000000000800b21c                USBD_CoreFindEP
 .text.USBD_LL_DataOutStage
                0x000000000800b220       0xd8 build/usbd_core.o
                0x000000000800b220                USBD_LL_DataOutStage
 .text.USBD_LL_DataInStage
                0x000000000800b2f8       0xde build/usbd_core.o
                0x000000000800b2f8                USBD_LL_DataInStage
 .text.USBD_GetNextDesc
                0x000000000800b3d6        0xe build/usbd_core.o
                0x000000000800b3d6                USBD_GetNextDesc
 .text.USBD_GetEpDesc
                0x000000000800b3e4       0x3e build/usbd_core.o
                0x000000000800b3e4                USBD_GetEpDesc
 .text.USBD_GetLen
                0x000000000800b422       0x12 build/usbd_ctlreq.o
 .text.USBD_ParseSetupRequest
                0x000000000800b434       0x28 build/usbd_ctlreq.o
                0x000000000800b434                USBD_ParseSetupRequest
 .text.USBD_CtlError
                0x000000000800b45c       0x14 build/usbd_ctlreq.o
                0x000000000800b45c                USBD_CtlError
 .text.USBD_GetDescriptor
                0x000000000800b470      0x1ac build/usbd_ctlreq.o
 .text.USBD_SetAddress
                0x000000000800b61c       0x50 build/usbd_ctlreq.o
 .text.USBD_SetConfig
                0x000000000800b66c       0xcc build/usbd_ctlreq.o
 .text.USBD_GetConfig
                0x000000000800b738       0x40 build/usbd_ctlreq.o
 .text.USBD_GetStatus
                0x000000000800b778       0x38 build/usbd_ctlreq.o
 .text.USBD_SetFeature
                0x000000000800b7b0       0x2a build/usbd_ctlreq.o
 .text.USBD_ClrFeature
                0x000000000800b7da       0x26 build/usbd_ctlreq.o
 .text.USBD_StdDevReq
                0x000000000800b800       0x76 build/usbd_ctlreq.o
                0x000000000800b800                USBD_StdDevReq
 .text.USBD_StdItfReq
                0x000000000800b876       0x8c build/usbd_ctlreq.o
                0x000000000800b876                USBD_StdItfReq
 .text.USBD_StdEPReq
                0x000000000800b902      0x23a build/usbd_ctlreq.o
                0x000000000800b902                USBD_StdEPReq
 .text.USBD_GetString
                0x000000000800bb3c       0x44 build/usbd_ctlreq.o
                0x000000000800bb3c                USBD_GetString
 .text.USBD_CtlSendData
                0x000000000800bb80       0x1c build/usbd_ioreq.o
                0x000000000800bb80                USBD_CtlSendData
 .text.USBD_CtlContinueSendData
                0x000000000800bb9c       0x10 build/usbd_ioreq.o
                0x000000000800bb9c                USBD_CtlContinueSendData
 .text.USBD_CtlPrepareRx
                0x000000000800bbac       0x22 build/usbd_ioreq.o
                0x000000000800bbac                USBD_CtlPrepareRx
 .text.USBD_CtlContinueRx
                0x000000000800bbce       0x10 build/usbd_ioreq.o
                0x000000000800bbce                USBD_CtlContinueRx
 .text.USBD_CtlSendStatus
                0x000000000800bbde       0x16 build/usbd_ioreq.o
                0x000000000800bbde                USBD_CtlSendStatus
 .text.USBD_CtlReceiveStatus
                0x000000000800bbf4       0x16 build/usbd_ioreq.o
                0x000000000800bbf4                USBD_CtlReceiveStatus
 .text.USBD_CDC_EP0_RxReady
                0x000000000800bc0a       0x40 build/usbd_cdc.o
 *fill*         0x000000000800bc4a        0x2 
 .text.USBD_CDC_GetDeviceQualifierDescriptor
                0x000000000800bc4c        0xc build/usbd_cdc.o
                0x000000000800bc4c                USBD_CDC_GetDeviceQualifierDescriptor
 .text.USBD_CDC_GetOtherSpeedCfgDesc
                0x000000000800bc58       0x48 build/usbd_cdc.o
 .text.USBD_CDC_GetFSCfgDesc
                0x000000000800bca0       0x48 build/usbd_cdc.o
 .text.USBD_CDC_GetHSCfgDesc
                0x000000000800bce8       0x48 build/usbd_cdc.o
 .text.USBD_CDC_DataOut
                0x000000000800bd30       0x38 build/usbd_cdc.o
 .text.USBD_CDC_DataIn
                0x000000000800bd68       0x7c build/usbd_cdc.o
 .text.USBD_CDC_Setup
                0x000000000800bde4      0x11a build/usbd_cdc.o
 .text.USBD_CDC_DeInit
                0x000000000800befe       0x64 build/usbd_cdc.o
 .text.USBD_CDC_Init
                0x000000000800bf62       0xee build/usbd_cdc.o
 .text.USBD_CDC_RegisterInterface
                0x000000000800c050       0x16 build/usbd_cdc.o
                0x000000000800c050                USBD_CDC_RegisterInterface
 .text.USBD_CDC_SetTxBuffer
                0x000000000800c066       0x1c build/usbd_cdc.o
                0x000000000800c066                USBD_CDC_SetTxBuffer
 .text.USBD_CDC_SetRxBuffer
                0x000000000800c082       0x18 build/usbd_cdc.o
                0x000000000800c082                USBD_CDC_SetRxBuffer
 .text.USBD_CDC_TransmitPacket
                0x000000000800c09a       0x3a build/usbd_cdc.o
                0x000000000800c09a                USBD_CDC_TransmitPacket
 .text.USBD_CDC_ReceivePacket
                0x000000000800c0d4       0x38 build/usbd_cdc.o
                0x000000000800c0d4                USBD_CDC_ReceivePacket
 .text.Reset_Handler
                0x000000000800c10c       0x50 build/startup_stm32f446xx.o
                0x000000000800c10c                Reset_Handler
 .text.Default_Handler
                0x000000000800c15c        0x2 build/startup_stm32f446xx.o
                0x000000000800c15c                RTC_Alarm_IRQHandler
                0x000000000800c15c                EXTI2_IRQHandler
                0x000000000800c15c                TIM8_CC_IRQHandler
                0x000000000800c15c                FMPI2C1_EV_IRQHandler
                0x000000000800c15c                SPI4_IRQHandler
                0x000000000800c15c                TIM1_CC_IRQHandler
                0x000000000800c15c                DMA2_Stream5_IRQHandler
                0x000000000800c15c                DMA1_Stream5_IRQHandler
                0x000000000800c15c                PVD_IRQHandler
                0x000000000800c15c                SDIO_IRQHandler
                0x000000000800c15c                TAMP_STAMP_IRQHandler
                0x000000000800c15c                CAN2_RX1_IRQHandler
                0x000000000800c15c                EXTI3_IRQHandler
                0x000000000800c15c                TIM8_TRG_COM_TIM14_IRQHandler
                0x000000000800c15c                TIM1_UP_TIM10_IRQHandler
                0x000000000800c15c                TIM8_UP_TIM13_IRQHandler
                0x000000000800c15c                I2C3_ER_IRQHandler
                0x000000000800c15c                EXTI0_IRQHandler
                0x000000000800c15c                I2C2_EV_IRQHandler
                0x000000000800c15c                DMA1_Stream2_IRQHandler
                0x000000000800c15c                CAN1_RX0_IRQHandler
                0x000000000800c15c                FPU_IRQHandler
                0x000000000800c15c                OTG_HS_WKUP_IRQHandler
                0x000000000800c15c                CAN2_SCE_IRQHandler
                0x000000000800c15c                DMA2_Stream2_IRQHandler
                0x000000000800c15c                SPI1_IRQHandler
                0x000000000800c15c                TIM6_DAC_IRQHandler
                0x000000000800c15c                TIM1_BRK_TIM9_IRQHandler
                0x000000000800c15c                DCMI_IRQHandler
                0x000000000800c15c                CAN2_RX0_IRQHandler
                0x000000000800c15c                DMA2_Stream3_IRQHandler
                0x000000000800c15c                SAI2_IRQHandler
                0x000000000800c15c                USART6_IRQHandler
                0x000000000800c15c                USART3_IRQHandler
                0x000000000800c15c                CAN1_RX1_IRQHandler
                0x000000000800c15c                UART5_IRQHandler
                0x000000000800c15c                TIM4_IRQHandler
                0x000000000800c15c                QUADSPI_IRQHandler
                0x000000000800c15c                DMA1_Stream1_IRQHandler
                0x000000000800c15c                UART4_IRQHandler
                0x000000000800c15c                TIM3_IRQHandler
                0x000000000800c15c                RCC_IRQHandler
                0x000000000800c15c                TIM8_BRK_TIM12_IRQHandler
                0x000000000800c15c                Default_Handler
                0x000000000800c15c                CEC_IRQHandler
                0x000000000800c15c                EXTI15_10_IRQHandler
                0x000000000800c15c                ADC_IRQHandler
                0x000000000800c15c                DMA1_Stream7_IRQHandler
                0x000000000800c15c                TIM7_IRQHandler
                0x000000000800c15c                CAN2_TX_IRQHandler
                0x000000000800c15c                TIM5_IRQHandler
                0x000000000800c15c                DMA2_Stream7_IRQHandler
                0x000000000800c15c                I2C3_EV_IRQHandler
                0x000000000800c15c                EXTI9_5_IRQHandler
                0x000000000800c15c                RTC_WKUP_IRQHandler
                0x000000000800c15c                SPDIF_RX_IRQHandler
                0x000000000800c15c                SPI2_IRQHandler
                0x000000000800c15c                OTG_HS_EP1_IN_IRQHandler
                0x000000000800c15c                CAN1_TX_IRQHandler
                0x000000000800c15c                FMPI2C1_ER_IRQHandler
                0x000000000800c15c                EXTI4_IRQHandler
                0x000000000800c15c                OTG_HS_EP1_OUT_IRQHandler
                0x000000000800c15c                WWDG_IRQHandler
                0x000000000800c15c                TIM2_IRQHandler
                0x000000000800c15c                OTG_FS_WKUP_IRQHandler
                0x000000000800c15c                TIM1_TRG_COM_TIM11_IRQHandler
                0x000000000800c15c                OTG_HS_IRQHandler
                0x000000000800c15c                EXTI1_IRQHandler
                0x000000000800c15c                USART2_IRQHandler
                0x000000000800c15c                I2C2_ER_IRQHandler
                0x000000000800c15c                DMA2_Stream1_IRQHandler
                0x000000000800c15c                CAN1_SCE_IRQHandler
                0x000000000800c15c                FLASH_IRQHandler
                0x000000000800c15c                DMA2_Stream4_IRQHandler
                0x000000000800c15c                USART1_IRQHandler
                0x000000000800c15c                SPI3_IRQHandler
                0x000000000800c15c                DMA1_Stream4_IRQHandler
                0x000000000800c15c                FMC_IRQHandler
                0x000000000800c15c                DMA2_Stream6_IRQHandler
                0x000000000800c15c                SAI1_IRQHandler
                0x000000000800c15c                DMA1_Stream3_IRQHandler
 *(.glue_7)
 .glue_7        0x000000000800c15e        0x0 linker stubs
 *(.glue_7t)
 .glue_7t       0x000000000800c15e        0x0 linker stubs
 *(.eh_frame)
 *fill*         0x000000000800c15e        0x2 
 .eh_frame      0x000000000800c160        0x0 /usr/lib/gcc/arm-none-eabi/9.2.1/thumb/v7e-m+fp/hard/crtbegin.o
 *(.init)
 .init          0x000000000800c160        0x4 /usr/lib/gcc/arm-none-eabi/9.2.1/thumb/v7e-m+fp/hard/crti.o
                0x000000000800c160                _init
 .init          0x000000000800c164        0x8 /usr/lib/gcc/arm-none-eabi/9.2.1/thumb/v7e-m+fp/hard/crtn.o
 *(.fini)
 .fini          0x000000000800c16c        0x4 /usr/lib/gcc/arm-none-eabi/9.2.1/thumb/v7e-m+fp/hard/crti.o
                0x000000000800c16c                _fini
 .fini          0x000000000800c170        0x8 /usr/lib/gcc/arm-none-eabi/9.2.1/thumb/v7e-m+fp/hard/crtn.o
                0x000000000800c178                . = ALIGN (0x4)
                0x000000000800c178                _etext = .

.vfp11_veneer   0x000000000800c178        0x0
 .vfp11_veneer  0x000000000800c178        0x0 linker stubs

.v4_bx          0x000000000800c178        0x0
 .v4_bx         0x000000000800c178        0x0 linker stubs

.iplt           0x000000000800c178        0x0
 .iplt          0x000000000800c178        0x0 /usr/lib/gcc/arm-none-eabi/9.2.1/thumb/v7e-m+fp/hard/crtbegin.o

.rodata         0x000000000800c178      0x4c4
                0x000000000800c178                . = ALIGN (0x4)
 *(.rodata)
 .rodata        0x000000000800c178        0x4 /usr/lib/gcc/arm-none-eabi/9.2.1/../../../arm-none-eabi/lib/thumb/v7e-m+fp/hard/libc_nano.a(lib_a-impure.o)
                0x000000000800c178                _global_impure_ptr
 *fill*         0x000000000800c17c        0x4 
 .rodata        0x000000000800c180      0x128 /usr/lib/gcc/arm-none-eabi/9.2.1/../../../arm-none-eabi/lib/thumb/v7e-m+fp/hard/libc_nano.a(lib_a-mprec.o)
                0x000000000800c190                __mprec_tens
                0x000000000800c258                __mprec_tinytens
                0x000000000800c280                __mprec_bigtens
 .rodata        0x000000000800c2a8      0x101 /usr/lib/gcc/arm-none-eabi/9.2.1/../../../arm-none-eabi/lib/thumb/v7e-m+fp/hard/libc_nano.a(lib_a-ctype_.o)
                0x000000000800c2a8                _ctype_
 *fill*         0x000000000800c3a9        0x3 
 .rodata        0x000000000800c3ac       0x60 /usr/lib/gcc/arm-none-eabi/9.2.1/../../../arm-none-eabi/lib/thumb/v7e-m+fp/hard/libc_nano.a(lib_a-findfp.o)
                0x000000000800c3ac                __sf_fake_stderr
                0x000000000800c3cc                __sf_fake_stdout
                0x000000000800c3ec                __sf_fake_stdin
 *(.rodata*)
 .rodata.My_Application_Init.str1.4
                0x000000000800c40c       0x79 build/my_application.o
 *fill*         0x000000000800c485        0x3 
 .rodata.My_Application_Run.str1.4
                0x000000000800c488        0x5 build/my_application.o
 *fill*         0x000000000800c48d        0x3 
 .rodata.flagBitshiftOffset.8602
                0x000000000800c490        0x8 build/stm32f4xx_hal_dma.o
 .rodata.AHBPrescTable
                0x000000000800c498       0x10 build/system_stm32f4xx.o
                0x000000000800c498                AHBPrescTable
 .rodata.APBPrescTable
                0x000000000800c4a8        0x8 build/system_stm32f4xx.o
                0x000000000800c4a8                APBPrescTable
 .rodata.USBD_FS_ProductStrDescriptor.str1.4
                0x000000000800c4b0       0x16 build/usbd_desc.o
 *fill*         0x000000000800c4c6        0x2 
 .rodata.USBD_FS_ManufacturerStrDescriptor.str1.4
                0x000000000800c4c8       0x13 build/usbd_desc.o
 *fill*         0x000000000800c4db        0x1 
 .rodata.USBD_FS_ConfigStrDescriptor.str1.4
                0x000000000800c4dc        0xb build/usbd_desc.o
 *fill*         0x000000000800c4e7        0x1 
 .rodata.USBD_FS_InterfaceStrDescriptor.str1.4
                0x000000000800c4e8        0xe build/usbd_desc.o
 *fill*         0x000000000800c4f6        0x2 
 .rodata.str1.4
                0x000000000800c4f8       0x12 /usr/lib/gcc/arm-none-eabi/9.2.1/../../../arm-none-eabi/lib/thumb/v7e-m+fp/hard/libc_nano.a(lib_a-nano-vfprintf_float.o)
 *fill*         0x000000000800c50a        0x2 
 .rodata.str1.4
                0x000000000800c50c       0x25 /usr/lib/gcc/arm-none-eabi/9.2.1/../../../arm-none-eabi/lib/thumb/v7e-m+fp/hard/libc_nano.a(lib_a-nano-vfprintf_i.o)
 *fill*         0x000000000800c531        0x3 
 .rodata.str1.4
                0x000000000800c534       0x6d /usr/lib/gcc/arm-none-eabi/9.2.1/../../../arm-none-eabi/lib/thumb/v7e-m+fp/hard/libc_nano.a(lib_a-dtoa.o)
                                         0x71 (size before relaxing)
 *fill*         0x000000000800c5a1        0x3 
 .rodata.str1.4
                0x000000000800c5a4       0x33 /usr/lib/gcc/arm-none-eabi/9.2.1/../../../arm-none-eabi/lib/thumb/v7e-m+fp/hard/libc_nano.a(lib_a-mprec.o)
                                         0x5d (size before relaxing)
 *fill*         0x000000000800c5d7        0x1 
 .rodata.str1.4
                0x000000000800c5d8       0x13 /usr/lib/gcc/arm-none-eabi/9.2.1/../../../arm-none-eabi/lib/thumb/v7e-m+fp/hard/libc_nano.a(lib_a-nano-svfprintf.o)
 *fill*         0x000000000800c5eb        0x1 
 .rodata.str1.4
                0x000000000800c5ec       0x3f /usr/lib/gcc/arm-none-eabi/9.2.1/../../../arm-none-eabi/lib/thumb/v7e-m+fp/hard/libc_nano.a(lib_a-assert.o)
                                         0x43 (size before relaxing)
 *fill*         0x000000000800c62b        0x1 
 .rodata.str1.4
                0x000000000800c62c        0xe /usr/lib/gcc/arm-none-eabi/9.2.1/../../../arm-none-eabi/lib/thumb/v7e-m+fp/hard/libc_nano.a(lib_a-locale.o)
                                         0x12 (size before relaxing)
 .rodata.str1.4
                0x000000000800c63a       0x13 /usr/lib/gcc/arm-none-eabi/9.2.1/../../../arm-none-eabi/lib/thumb/v7e-m+fp/hard/libc_nano.a(lib_a-nano-vfprintf.o)
                0x000000000800c650                . = ALIGN (0x4)
 *fill*         0x000000000800c63a        0x2 

.ARM.extab      0x000000000800c63c        0x0
                0x000000000800c63c                . = ALIGN (0x4)
 *(.ARM.extab* .gnu.linkonce.armextab.*)
                0x000000000800c63c                . = ALIGN (0x4)

.ARM            0x000000000800c63c        0x8
                0x000000000800c63c                . = ALIGN (0x4)
                0x000000000800c63c                __exidx_start = .
 *(.ARM.exidx*)
 .ARM.exidx     0x000000000800c63c        0x8 /usr/lib/gcc/arm-none-eabi/9.2.1/thumb/v7e-m+fp/hard/libgcc.a(_udivmoddi4.o)
                0x000000000800c644                __exidx_end = .
                0x000000000800c644                . = ALIGN (0x4)

.rel.dyn        0x000000000800c644        0x0
 .rel.iplt      0x000000000800c644        0x0 /usr/lib/gcc/arm-none-eabi/9.2.1/thumb/v7e-m+fp/hard/crtbegin.o

.preinit_array  0x000000000800c644        0x0
                0x000000000800c644                . = ALIGN (0x4)
                0x000000000800c644                PROVIDE (__preinit_array_start = .)
 *(.preinit_array*)
                0x000000000800c644                PROVIDE (__preinit_array_end = .)
                0x000000000800c644                . = ALIGN (0x4)

.init_array     0x000000000800c644        0x4
                0x000000000800c644                . = ALIGN (0x4)
                0x000000000800c644                PROVIDE (__init_array_start = .)
 *(SORT_BY_NAME(.init_array.*))
 *(.init_array*)
 .init_array    0x000000000800c644        0x4 /usr/lib/gcc/arm-none-eabi/9.2.1/thumb/v7e-m+fp/hard/crtbegin.o
                0x000000000800c648                PROVIDE (__init_array_end = .)
                0x000000000800c648                . = ALIGN (0x4)

.fini_array     0x000000000800c648        0x4
                0x000000000800c648                . = ALIGN (0x4)
                0x000000000800c648                PROVIDE (__fini_array_start = .)
 *(SORT_BY_NAME(.fini_array.*))
 *(.fini_array*)
 .fini_array    0x000000000800c648        0x4 /usr/lib/gcc/arm-none-eabi/9.2.1/thumb/v7e-m+fp/hard/crtbegin.o
                0x000000000800c64c                PROVIDE (__fini_array_end = .)
                0x000000000800c64c                . = ALIGN (0x4)
                0x000000000800c64c                _sidata = LOADADDR (.data)

.data           0x0000000020000000      0x2d8 load address 0x000000000800c64c
                0x0000000020000000                . = ALIGN (0x4)
                0x0000000020000000                _sdata = .
 *(.data)
 .data          0x0000000020000000       0x64 /usr/lib/gcc/arm-none-eabi/9.2.1/../../../arm-none-eabi/lib/thumb/v7e-m+fp/hard/libc_nano.a(lib_a-impure.o)
                0x0000000020000000                _impure_ptr
 .data          0x0000000020000064      0x16c /usr/lib/gcc/arm-none-eabi/9.2.1/../../../arm-none-eabi/lib/thumb/v7e-m+fp/hard/libc_nano.a(lib_a-locale.o)
                0x0000000020000064                __global_locale
 *(.data*)
 .data.uwTickFreq
                0x00000000200001d0        0x1 build/stm32f4xx_hal.o
                0x00000000200001d0                uwTickFreq
 *fill*         0x00000000200001d1        0x3 
 .data.uwTickPrio
                0x00000000200001d4        0x4 build/stm32f4xx_hal.o
                0x00000000200001d4                uwTickPrio
 .data.SystemCoreClock
                0x00000000200001d8        0x4 build/system_stm32f4xx.o
                0x00000000200001d8                SystemCoreClock
 .data.FS_Desc  0x00000000200001dc       0x20 build/usbd_desc.o
                0x00000000200001dc                FS_Desc
 .data.USBD_FS_BOSDesc
                0x00000000200001fc        0xc build/usbd_desc.o
                0x00000000200001fc                USBD_FS_BOSDesc
 .data.USBD_FS_DeviceDesc
                0x0000000020000208       0x12 build/usbd_desc.o
                0x0000000020000208                USBD_FS_DeviceDesc
 *fill*         0x000000002000021a        0x2 
 .data.USBD_LangIDDesc
                0x000000002000021c        0x4 build/usbd_desc.o
                0x000000002000021c                USBD_LangIDDesc
 .data.USBD_StringSerial
                0x0000000020000220       0x1a build/usbd_desc.o
                0x0000000020000220                USBD_StringSerial
 *fill*         0x000000002000023a        0x2 
 .data.USBD_Interface_fops_FS
                0x000000002000023c       0x14 build/usbd_cdc_if.o
                0x000000002000023c                USBD_Interface_fops_FS
 .data.USBD_CDC
                0x0000000020000250       0x38 build/usbd_cdc.o
                0x0000000020000250                USBD_CDC
 .data.USBD_CDC_CfgDesc
                0x0000000020000288       0x43 build/usbd_cdc.o
 *fill*         0x00000000200002cb        0x1 
 .data.USBD_CDC_DeviceQualifierDesc
                0x00000000200002cc        0xa build/usbd_cdc.o
 *(.RamFunc)
 *(.RamFunc*)
                0x00000000200002d8                . = ALIGN (0x4)
 *fill*         0x00000000200002d6        0x2 

.tm_clone_table
                0x00000000200002d8        0x0 load address 0x000000000800c924
 .tm_clone_table
                0x00000000200002d8        0x0 /usr/lib/gcc/arm-none-eabi/9.2.1/thumb/v7e-m+fp/hard/crtbegin.o
 .tm_clone_table
                0x00000000200002d8        0x0 /usr/lib/gcc/arm-none-eabi/9.2.1/thumb/v7e-m+fp/hard/crtend.o

.igot.plt       0x00000000200002d8        0x0 load address 0x000000000800c924
 .igot.plt      0x00000000200002d8        0x0 /usr/lib/gcc/arm-none-eabi/9.2.1/thumb/v7e-m+fp/hard/crtbegin.o

.tdata          0x00000000200002d8        0x0 load address 0x000000000800c924
 *(.tdata .tdata.* .gnu.linkonce.td.*)
                0x00000000200002d8                . = ALIGN (0x4)
                0x00000000200002d8                _edata = .
                [!provide]                        PROVIDE (__data_end = .)
                [!provide]                        PROVIDE (__tdata_end = .)
                [!provide]                        PROVIDE (__tdata_start = ADDR (.tdata))
                [!provide]                        PROVIDE (__tdata_size = (__tdata_end - __tdata_start))
                [!provide]                        PROVIDE (__data_start = ADDR (.data))
                [!provide]                        PROVIDE (__data_size = (__data_end - __data_start))
                [!provide]                        PROVIDE (__tdata_source = LOADADDR (.tdata))
                [!provide]                        PROVIDE (__tdata_source_end = (LOADADDR (.tdata) + SIZEOF (.tdata)))
                [!provide]                        PROVIDE (__tdata_source_size = (__tdata_source_end - __tdata_source))
                [!provide]                        PROVIDE (__data_source = LOADADDR (.data))
                [!provide]                        PROVIDE (__data_source_end = __tdata_source_end)
                [!provide]                        PROVIDE (__data_source_size = (__data_source_end - __data_source))

.tbss           0x00000000200002d8        0x0 load address 0x000000000800c924
                0x00000000200002d8                _sbss = .
                0x00000000200002d8                __bss_start__ = _sbss
 *(.tbss .tbss.*)
                0x00000000200002d8                . = ALIGN (0x4)
                [!provide]                        PROVIDE (__tbss_end = .)
                [!provide]                        PROVIDE (__tbss_start = ADDR (.tbss))
                [!provide]                        PROVIDE (__tbss_size = (__tbss_end - __tbss_start))
                [!provide]                        PROVIDE (__tbss_offset = (ADDR (.tbss) - ADDR (.tdata)))
                [!provide]                        PROVIDE (__tls_base = __tdata_start)
                [!provide]                        PROVIDE (__tls_end = __tbss_end)
                [!provide]                        PROVIDE (__tls_size = (__tls_end - __tls_base))
                [!provide]                        PROVIDE (__tls_align = MAX (ALIGNOF (.tdata), ALIGNOF (.tbss)))
                [!provide]                        PROVIDE (__tls_size_align = (((__tls_size + __tls_align) - 0x1) & ~ ((__tls_align - 0x1))))
                [!provide]                        PROVIDE (__arm32_tls_tcb_offset = MAX (0x8, __tls_align))
                [!provide]                        PROVIDE (__arm64_tls_tcb_offset = MAX (0x10, __tls_align))

.bss            0x00000000200002d8     0x1f50 load address 0x000000000800c924
 *(.bss)
 .bss           0x00000000200002d8       0x1c /usr/lib/gcc/arm-none-eabi/9.2.1/thumb/v7e-m+fp/hard/crtbegin.o
 .bss           0x00000000200002f4       0x10 build/microphone_sensor.o
                0x00000000200002f4                dma_buffer
 .bss           0x0000000020000304        0x8 /usr/lib/gcc/arm-none-eabi/9.2.1/../../../arm-none-eabi/lib/thumb/v7e-m+fp/hard/libc_nano.a(lib_a-nano-mallocr.o)
                0x0000000020000304                __malloc_free_list
                0x0000000020000308                __malloc_sbrk_start
 *(.bss*)
 .bss.i2c_arbitration_lost_count
                0x000000002000030c        0x4 build/i2c_error_handler.o
                0x000000002000030c                i2c_arbitration_lost_count
 .bss.i2c_bus_error_count
                0x0000000020000310        0x4 build/i2c_error_handler.o
                0x0000000020000310                i2c_bus_error_count
 .bss.i2c_error_count
                0x0000000020000314        0x4 build/i2c_error_handler.o
                0x0000000020000314                i2c_error_count
 .bss.i2c_recovery_count
                0x0000000020000318        0x4 build/i2c_error_handler.o
                0x0000000020000318                i2c_recovery_count
 .bss.i2c_timeout_count
                0x000000002000031c        0x4 build/i2c_error_handler.o
                0x000000002000031c                i2c_timeout_count
 .bss.current_state
                0x0000000020000320        0x1 build/i2c_dma_manager.o
 *fill*         0x0000000020000321        0x3 
 .bss.i2c_dma_data
                0x0000000020000324       0x64 build/i2c_dma_manager.o
                0x0000000020000324                i2c_dma_data
 .bss.reading_in_progress
                0x0000000020000388        0x1 build/i2c_dma_manager.o
 *fill*         0x0000000020000389        0x3 
 .bss.msg.10735
                0x000000002000038c       0x80 build/my_application.o
 .bss.__sbrk_heap_end
                0x000000002000040c        0x4 build/sysmem.o
 .bss.mem.10645
                0x0000000020000410      0x220 build/usbd_conf.o
 .bss.cfgidx.10571
                0x0000000020000630        0x1 build/usbd_ctlreq.o
 *(COMMON)
 *fill*         0x0000000020000631        0x3 
 COMMON         0x0000000020000634      0x114 build/i2c.o
                0x0000000020000634                hdma_i2c1_tx
                0x0000000020000694                hi2c1
                0x00000000200006e8                hdma_i2c1_rx
 COMMON         0x0000000020000748       0x48 build/usart.o
                0x0000000020000748                huart1
 COMMON         0x0000000020000790       0x28 build/my_application.o
                0x0000000020000790                icm42688
                0x00000000200007a0                vcnl4040
                0x00000000200007a8                mic
 COMMON         0x00000000200007b8        0x4 build/stm32f4xx_hal.o
                0x00000000200007b8                uwTick
 COMMON         0x00000000200007bc       0xa8 build/i2s.o
                0x00000000200007bc                hi2s1
                0x0000000020000804                hdma_spi1_rx
 COMMON         0x0000000020000864      0x2dc build/usb_device.o
                0x0000000020000864                hUsbDeviceFS
 COMMON         0x0000000020000b40      0x200 build/usbd_desc.o
                0x0000000020000b40                USBD_StrDesc
 COMMON         0x0000000020000d40     0x1000 build/usbd_cdc_if.o
                0x0000000020000d40                UserRxBufferFS
                0x0000000020001540                UserTxBufferFS
 COMMON         0x0000000020001d40      0x4e4 build/usbd_conf.o
                0x0000000020001d40                hpcd_USB_OTG_FS
 COMMON         0x0000000020002224        0x4 /usr/lib/gcc/arm-none-eabi/9.2.1/../../../arm-none-eabi/lib/thumb/v7e-m+fp/hard/libc_nano.a(lib_a-reent.o)
                0x0000000020002224                errno
                0x0000000020002228                . = ALIGN (0x4)
                0x0000000020002228                _ebss = .
                0x0000000020002228                __bss_end__ = _ebss
                [!provide]                        PROVIDE (__bss_end = .)
                [!provide]                        PROVIDE (__non_tls_bss_start = ADDR (.bss))
                [!provide]                        PROVIDE (__bss_start = __tbss_start)
                [!provide]                        PROVIDE (__bss_size = (__bss_end - __bss_start))

._user_heap_stack
                0x0000000020002228      0x600 load address 0x000000000800c924
                0x0000000020002228                . = ALIGN (0x8)
                [!provide]                        PROVIDE (end = .)
                0x0000000020002228                PROVIDE (_end = .)
                0x0000000020002428                . = (. + _Min_Heap_Size)
 *fill*         0x0000000020002228      0x200 
                0x0000000020002828                . = (. + _Min_Stack_Size)
 *fill*         0x0000000020002428      0x400 
                0x0000000020002828                . = ALIGN (0x8)

/DISCARD/
 libc.a:*(*)
 libm.a:*(*)
 libgcc.a:*(*)
OUTPUT(build/finger.elf elf32-littlearm)
LOAD linker stubs

.ARM.attributes
                0x0000000000000000       0x30
 .ARM.attributes
                0x0000000000000000       0x1e /usr/lib/gcc/arm-none-eabi/9.2.1/thumb/v7e-m+fp/hard/crti.o
 .ARM.attributes
                0x000000000000001e       0x34 /usr/lib/gcc/arm-none-eabi/9.2.1/thumb/v7e-m+fp/hard/crtbegin.o
 .ARM.attributes
                0x0000000000000052       0x34 build/main.o
 .ARM.attributes
                0x0000000000000086       0x34 build/gpio.o
 .ARM.attributes
                0x00000000000000ba       0x34 build/i2c.o
 .ARM.attributes
                0x00000000000000ee       0x34 build/i2c_error_handler.o
 .ARM.attributes
                0x0000000000000122       0x34 build/i2c_dma_manager.o
 .ARM.attributes
                0x0000000000000156       0x34 build/usart.o
 .ARM.attributes
                0x000000000000018a       0x34 build/stm32f4xx_it.o
 .ARM.attributes
                0x00000000000001be       0x34 build/stm32f4xx_hal_msp.o
 .ARM.attributes
                0x00000000000001f2       0x34 build/humidity_temp_sensor.o
 .ARM.attributes
                0x0000000000000226       0x34 build/microphone_sensor.o
 .ARM.attributes
                0x000000000000025a       0x34 build/methods.o
 .ARM.attributes
                0x000000000000028e       0x34 build/my_application.o
 .ARM.attributes
                0x00000000000002c2       0x34 build/stm32f4xx_hal_i2c.o
 .ARM.attributes
                0x00000000000002f6       0x34 build/stm32f4xx_hal_rcc.o
 .ARM.attributes
                0x000000000000032a       0x34 build/stm32f4xx_hal_rcc_ex.o
 .ARM.attributes
                0x000000000000035e       0x34 build/stm32f4xx_hal_gpio.o
 .ARM.attributes
                0x0000000000000392       0x34 build/stm32f4xx_hal_dma.o
 .ARM.attributes
                0x00000000000003c6       0x34 build/stm32f4xx_hal_cortex.o
 .ARM.attributes
                0x00000000000003fa       0x34 build/stm32f4xx_hal.o
 .ARM.attributes
                0x000000000000042e       0x34 build/stm32f4xx_hal_uart.o
 .ARM.attributes
                0x0000000000000462       0x34 build/system_stm32f4xx.o
 .ARM.attributes
                0x0000000000000496       0x34 build/sysmem.o
 .ARM.attributes
                0x00000000000004ca       0x34 build/syscalls.o
 .ARM.attributes
                0x00000000000004fe       0x34 build/dma.o
 .ARM.attributes
                0x0000000000000532       0x34 build/i2s.o
 .ARM.attributes
                0x0000000000000566       0x34 build/stm32f4xx_hal_i2s.o
 .ARM.attributes
                0x000000000000059a       0x34 build/usb_device.o
 .ARM.attributes
                0x00000000000005ce       0x34 build/usbd_desc.o
 .ARM.attributes
                0x0000000000000602       0x34 build/usbd_cdc_if.o
 .ARM.attributes
                0x0000000000000636       0x34 build/usbd_conf.o
 .ARM.attributes
                0x000000000000066a       0x34 build/stm32f4xx_hal_pcd.o
 .ARM.attributes
                0x000000000000069e       0x34 build/stm32f4xx_hal_pcd_ex.o
 .ARM.attributes
                0x00000000000006d2       0x34 build/stm32f4xx_ll_usb.o
 .ARM.attributes
                0x0000000000000706       0x34 build/usbd_core.o
 .ARM.attributes
                0x000000000000073a       0x34 build/usbd_ctlreq.o
 .ARM.attributes
                0x000000000000076e       0x34 build/usbd_ioreq.o
 .ARM.attributes
                0x00000000000007a2       0x34 build/usbd_cdc.o
 .ARM.attributes
                0x00000000000007d6       0x21 build/startup_stm32f446xx.o
 .ARM.attributes
                0x00000000000007f7       0x34 /usr/lib/gcc/arm-none-eabi/9.2.1/../../../arm-none-eabi/lib/thumb/v7e-m+fp/hard/libc_nano.a(lib_a-errno.o)
 .ARM.attributes
                0x000000000000082b       0x32 /usr/lib/gcc/arm-none-eabi/9.2.1/../../../arm-none-eabi/lib/thumb/v7e-m+fp/hard/libc_nano.a(lib_a-impure.o)
 .ARM.attributes
                0x000000000000085d       0x34 /usr/lib/gcc/arm-none-eabi/9.2.1/../../../arm-none-eabi/lib/thumb/v7e-m+fp/hard/libc_nano.a(lib_a-init.o)
 .ARM.attributes
                0x0000000000000891       0x34 /usr/lib/gcc/arm-none-eabi/9.2.1/../../../arm-none-eabi/lib/thumb/v7e-m+fp/hard/libc_nano.a(lib_a-memset.o)
 .ARM.attributes
                0x00000000000008c5       0x34 /usr/lib/gcc/arm-none-eabi/9.2.1/../../../arm-none-eabi/lib/thumb/v7e-m+fp/hard/libc_nano.a(lib_a-nano-vfprintf_float.o)
 .ARM.attributes
                0x00000000000008f9       0x34 /usr/lib/gcc/arm-none-eabi/9.2.1/../../../arm-none-eabi/lib/thumb/v7e-m+fp/hard/libc_nano.a(lib_a-nano-vfprintf_i.o)
 .ARM.attributes
                0x000000000000092d       0x34 /usr/lib/gcc/arm-none-eabi/9.2.1/../../../arm-none-eabi/lib/thumb/v7e-m+fp/hard/libc_nano.a(lib_a-sprintf.o)
 .ARM.attributes
                0x0000000000000961       0x1c /usr/lib/gcc/arm-none-eabi/9.2.1/../../../arm-none-eabi/lib/thumb/v7e-m+fp/hard/libc_nano.a(lib_a-strlen.o)
 .ARM.attributes
                0x000000000000097d       0x34 /usr/lib/gcc/arm-none-eabi/9.2.1/../../../arm-none-eabi/lib/thumb/v7e-m+fp/hard/libc_nano.a(lib_a-dtoa.o)
 .ARM.attributes
                0x00000000000009b1       0x34 /usr/lib/gcc/arm-none-eabi/9.2.1/../../../arm-none-eabi/lib/thumb/v7e-m+fp/hard/libc_nano.a(lib_a-localeconv.o)
 .ARM.attributes
                0x00000000000009e5       0x34 /usr/lib/gcc/arm-none-eabi/9.2.1/../../../arm-none-eabi/lib/thumb/v7e-m+fp/hard/libc_nano.a(lib_a-malloc.o)
 .ARM.attributes
                0x0000000000000a19       0x1c /usr/lib/gcc/arm-none-eabi/9.2.1/../../../arm-none-eabi/lib/thumb/v7e-m+fp/hard/libc_nano.a(lib_a-memchr.o)
 .ARM.attributes
                0x0000000000000a35       0x1c /usr/lib/gcc/arm-none-eabi/9.2.1/../../../arm-none-eabi/lib/thumb/v7e-m+fp/hard/libc_nano.a(lib_a-memcpy.o)
 .ARM.attributes
                0x0000000000000a51       0x34 /usr/lib/gcc/arm-none-eabi/9.2.1/../../../arm-none-eabi/lib/thumb/v7e-m+fp/hard/libc_nano.a(lib_a-mprec.o)
 .ARM.attributes
                0x0000000000000a85       0x34 /usr/lib/gcc/arm-none-eabi/9.2.1/../../../arm-none-eabi/lib/thumb/v7e-m+fp/hard/libc_nano.a(lib_a-nano-callocr.o)
 .ARM.attributes
                0x0000000000000ab9       0x34 /usr/lib/gcc/arm-none-eabi/9.2.1/../../../arm-none-eabi/lib/thumb/v7e-m+fp/hard/libc_nano.a(lib_a-nano-freer.o)
 .ARM.attributes
                0x0000000000000aed       0x34 /usr/lib/gcc/arm-none-eabi/9.2.1/../../../arm-none-eabi/lib/thumb/v7e-m+fp/hard/libc_nano.a(lib_a-nano-mallocr.o)
 .ARM.attributes
                0x0000000000000b21       0x34 /usr/lib/gcc/arm-none-eabi/9.2.1/../../../arm-none-eabi/lib/thumb/v7e-m+fp/hard/libc_nano.a(lib_a-nano-svfprintf.o)
 .ARM.attributes
                0x0000000000000b55       0x34 /usr/lib/gcc/arm-none-eabi/9.2.1/../../../arm-none-eabi/lib/thumb/v7e-m+fp/hard/libc_nano.a(lib_a-sbrkr.o)
 .ARM.attributes