Archive member included to satisfy reference by file (symbol)

/usr/lib/gcc/arm-none-eabi/9.2.1/../../../arm-none-eabi/lib/thumb/v7e-m+fp/hard/libc_nano.a(lib_a-atexit.o)
                              /usr/lib/gcc/arm-none-eabi/9.2.1/../../../arm-none-eabi/lib/thumb/v7e-m+fp/hard/crt0.o (atexit)
/usr/lib/gcc/arm-none-eabi/9.2.1/../../../arm-none-eabi/lib/thumb/v7e-m+fp/hard/libc_nano.a(lib_a-errno.o)
                              build/sysmem.o (__errno)
/usr/lib/gcc/arm-none-eabi/9.2.1/../../../arm-none-eabi/lib/thumb/v7e-m+fp/hard/libc_nano.a(lib_a-exit.o)
                              /usr/lib/gcc/arm-none-eabi/9.2.1/../../../arm-none-eabi/lib/thumb/v7e-m+fp/hard/crt0.o (exit)
/usr/lib/gcc/arm-none-eabi/9.2.1/../../../arm-none-eabi/lib/thumb/v7e-m+fp/hard/libc_nano.a(lib_a-fini.o)
                              /usr/lib/gcc/arm-none-eabi/9.2.1/../../../arm-none-eabi/lib/thumb/v7e-m+fp/hard/crt0.o (__libc_fini_array)
/usr/lib/gcc/arm-none-eabi/9.2.1/../../../arm-none-eabi/lib/thumb/v7e-m+fp/hard/libc_nano.a(lib_a-impure.o)
                              /usr/lib/gcc/arm-none-eabi/9.2.1/../../../arm-none-eabi/lib/thumb/v7e-m+fp/hard/libc_nano.a(lib_a-exit.o) (_global_impure_ptr)
/usr/lib/gcc/arm-none-eabi/9.2.1/../../../arm-none-eabi/lib/thumb/v7e-m+fp/hard/libc_nano.a(lib_a-init.o)
                              /usr/lib/gcc/arm-none-eabi/9.2.1/../../../arm-none-eabi/lib/thumb/v7e-m+fp/hard/crt0.o (__libc_init_array)
/usr/lib/gcc/arm-none-eabi/9.2.1/../../../arm-none-eabi/lib/thumb/v7e-m+fp/hard/libc_nano.a(lib_a-memset.o)
                              /usr/lib/gcc/arm-none-eabi/9.2.1/../../../arm-none-eabi/lib/thumb/v7e-m+fp/hard/crt0.o (memset)
/usr/lib/gcc/arm-none-eabi/9.2.1/../../../arm-none-eabi/lib/thumb/v7e-m+fp/hard/libc_nano.a(lib_a-nano-vfprintf_float.o)
                              (_printf_float)
/usr/lib/gcc/arm-none-eabi/9.2.1/../../../arm-none-eabi/lib/thumb/v7e-m+fp/hard/libc_nano.a(lib_a-nano-vfprintf_i.o)
                              /usr/lib/gcc/arm-none-eabi/9.2.1/../../../arm-none-eabi/lib/thumb/v7e-m+fp/hard/libc_nano.a(lib_a-nano-vfprintf_float.o) (_printf_common)
/usr/lib/gcc/arm-none-eabi/9.2.1/../../../arm-none-eabi/lib/thumb/v7e-m+fp/hard/libc_nano.a(lib_a-sprintf.o)
                              build/my_application.o (sprintf)
/usr/lib/gcc/arm-none-eabi/9.2.1/../../../arm-none-eabi/lib/thumb/v7e-m+fp/hard/libc_nano.a(lib_a-strlen.o)
                              build/methods.o (strlen)
/usr/lib/gcc/arm-none-eabi/9.2.1/../../../arm-none-eabi/lib/thumb/v7e-m+fp/hard/libc_nano.a(lib_a-vsnprintf.o)
                              build/methods.o (vsnprintf)
/usr/lib/gcc/arm-none-eabi/9.2.1/../../../arm-none-eabi/lib/thumb/v7e-m+fp/hard/libc_nano.a(lib_a-__atexit.o)
                              /usr/lib/gcc/arm-none-eabi/9.2.1/../../../arm-none-eabi/lib/thumb/v7e-m+fp/hard/libc_nano.a(lib_a-atexit.o) (__register_exitproc)
/usr/lib/gcc/arm-none-eabi/9.2.1/../../../arm-none-eabi/lib/thumb/v7e-m+fp/hard/libc_nano.a(lib_a-__call_atexit.o)
                              /usr/lib/gcc/arm-none-eabi/9.2.1/../../../arm-none-eabi/lib/thumb/v7e-m+fp/hard/libc_nano.a(lib_a-__atexit.o) (__call_exitprocs)
/usr/lib/gcc/arm-none-eabi/9.2.1/../../../arm-none-eabi/lib/thumb/v7e-m+fp/hard/libc_nano.a(lib_a-dtoa.o)
                              /usr/lib/gcc/arm-none-eabi/9.2.1/../../../arm-none-eabi/lib/thumb/v7e-m+fp/hard/libc_nano.a(lib_a-nano-vfprintf_float.o) (_dtoa_r)
/usr/lib/gcc/arm-none-eabi/9.2.1/../../../arm-none-eabi/lib/thumb/v7e-m+fp/hard/libc_nano.a(lib_a-localeconv.o)
                              /usr/lib/gcc/arm-none-eabi/9.2.1/../../../arm-none-eabi/lib/thumb/v7e-m+fp/hard/libc_nano.a(lib_a-nano-vfprintf_float.o) (_localeconv_r)
/usr/lib/gcc/arm-none-eabi/9.2.1/../../../arm-none-eabi/lib/thumb/v7e-m+fp/hard/libc_nano.a(lib_a-malloc.o)
                              /usr/lib/gcc/arm-none-eabi/9.2.1/../../../arm-none-eabi/lib/thumb/v7e-m+fp/hard/libc_nano.a(lib_a-dtoa.o) (malloc)
/usr/lib/gcc/arm-none-eabi/9.2.1/../../../arm-none-eabi/lib/thumb/v7e-m+fp/hard/libc_nano.a(lib_a-memchr.o)
                              /usr/lib/gcc/arm-none-eabi/9.2.1/../../../arm-none-eabi/lib/thumb/v7e-m+fp/hard/libc_nano.a(lib_a-nano-vfprintf_i.o) (memchr)
/usr/lib/gcc/arm-none-eabi/9.2.1/../../../arm-none-eabi/lib/thumb/v7e-m+fp/hard/libc_nano.a(lib_a-memcpy.o)
                              /usr/lib/gcc/arm-none-eabi/9.2.1/../../../arm-none-eabi/lib/thumb/v7e-m+fp/hard/libc_nano.a(lib_a-dtoa.o) (memcpy)
/usr/lib/gcc/arm-none-eabi/9.2.1/../../../arm-none-eabi/lib/thumb/v7e-m+fp/hard/libc_nano.a(lib_a-mprec.o)
                              /usr/lib/gcc/arm-none-eabi/9.2.1/../../../arm-none-eabi/lib/thumb/v7e-m+fp/hard/libc_nano.a(lib_a-dtoa.o) (_Balloc)
/usr/lib/gcc/arm-none-eabi/9.2.1/../../../arm-none-eabi/lib/thumb/v7e-m+fp/hard/libc_nano.a(lib_a-nano-callocr.o)
[...]
Memory Configuration

Name             Origin             Length             Attributes
RAM              0x0000000020000000 0x0000000000020000 xrw
FLASH            0x0000000008000000 0x0000000000080000 xr
*default*        0x0000000000000000 0xffffffffffffffff

Linker script and memory map

LOAD /usr/lib/gcc/arm-none-eabi/9.2.1/thumb/v7e-m+fp/hard/crti.o
LOAD /usr/lib/gcc/arm-none-eabi/9.2.1/thumb/v7e-m+fp/hard/crtbegin.o
LOAD /usr/lib/gcc/arm-none-eabi/9.2.1/../../../arm-none-eabi/lib/thumb/v7e-m+fp/hard/crt0.o
LOAD build/main.o
LOAD build/gpio.o
LOAD build/i2c.o
LOAD build/i2c_error_handler.o
LOAD build/i2c_dma_manager.o
LOAD build/usart.o
LOAD build/stm32f4xx_it.o
LOAD build/stm32f4xx_hal_msp.o
LOAD build/vcnl4040_sensor.o
LOAD build/ens160_sensor.o
LOAD build/humidity_temp_sensor.o
LOAD build/microphone_sensor.o
LOAD build/icm42688_sensor.o
LOAD build/methods.o
LOAD build/my_application.o
LOAD build/stm32f4xx_hal_i2c.o
LOAD build/stm32f4xx_hal_i2c_ex.o
LOAD build/stm32f4xx_hal_rcc.o
LOAD build/stm32f4xx_hal_rcc_ex.o
LOAD build/stm32f4xx_hal_flash.o
LOAD build/stm32f4xx_hal_flash_ex.o
LOAD build/stm32f4xx_hal_flash_ramfunc.o
LOAD build/stm32f4xx_hal_gpio.o
LOAD build/stm32f4xx_hal_dma_ex.o
LOAD build/stm32f4xx_hal_dma.o
LOAD build/stm32f4xx_hal_pwr.o
LOAD build/stm32f4xx_hal_pwr_ex.o
LOAD build/stm32f4xx_hal_cortex.o
LOAD build/stm32f4xx_hal.o
LOAD build/stm32f4xx_hal_exti.o
LOAD build/stm32f4xx_hal_uart.o
LOAD build/system_stm32f4xx.o
LOAD build/sysmem.o
LOAD build/syscalls.o
LOAD build/dma.o
LOAD build/i2s.o
LOAD build/stm32f4xx_hal_i2s.o
LOAD build/stm32f4xx_hal_i2s_ex.o
LOAD build/usb_device.o
LOAD build/usbd_desc.o
LOAD build/usbd_cdc_if.o
LOAD build/usbd_conf.o
LOAD build/stm32f4xx_hal_pcd.o
LOAD build/stm32f4xx_hal_pcd_ex.o
LOAD build/stm32f4xx_ll_usb.o
LOAD build/usbd_core.o
LOAD build/usbd_ctlreq.o
LOAD build/usbd_ioreq.o
LOAD build/usbd_cdc.o
LOAD build/startup_stm32f446xx.o
LOAD /usr/lib/gcc/arm-none-eabi/9.2.1/../../../arm-none-eabi/lib/thumb/v7e-m+fp/hard/libc_nano.a
LOAD /usr/lib/gcc/arm-none-eabi/9.2.1/../../../arm-none-eabi/lib/thumb/v7e-m+fp/hard/libm.a
LOAD /usr/lib/gcc/arm-none-eabi/9.2.1/../../../arm-none-eabi/lib/thumb/v7e-m+fp/hard/libnosys.a
START GROUP
LOAD /usr/lib/gcc/arm-none-eabi/9.2.1/thumb/v7e-m+fp/hard/libgcc.a
LOAD /usr/lib/gcc/arm-none-eabi/9.2.1/../../../arm-none-eabi/lib/thumb/v7e-m+fp/hard/libc_nano.a
END GROUP
START GROUP
LOAD /usr/lib/gcc/arm-none-eabi/9.2.1/thumb/v7e-m+fp/hard/libgcc.a
LOAD /usr/lib/gcc/arm-none-eabi/9.2.1/../../../arm-none-eabi/lib/thumb/v7e-m+fp/hard/libc_nano.a
END GROUP
LOAD /usr/lib/gcc/arm-none-eabi/9.2.1/thumb/v7e-m+fp/hard/crtend.o
LOAD /usr/lib/gcc/arm-none-eabi/9.2.1/thumb/v7e-m+fp/hard/crtn.o
                0x0000000020020000                _estack = (ORIGIN (RAM) + LENGTH (RAM))
                0x0000000000000200                _Min_Heap_Size = 0x200
                0x0000000000001000                _Min_Stack_Size = 0x1000

.isr_vector     0x0000000008000000      0x1c4
                0x0000000008000000                . = ALIGN (0x4)
 *(.isr_vector)
 .isr_vector    0x0000000008000000      0x1c4 build/startup_stm32f446xx.o
                0x0000000008000000                g_pfnVectors
                0x00000000080001c4                . = ALIGN (0x4)

.text           0x0000000008000200     0xcf84
                0x0000000008000200                . = ALIGN (0x4)
 *(.text)
 .text          0x0000000008000200       0x88 /usr/lib/gcc/arm-none-eabi/9.2.1/thumb/v7e-m+fp/hard/crtbegin.o
 .text          0x0000000008000288        0xc /usr/lib/gcc/arm-none-eabi/9.2.1/../../../arm-none-eabi/lib/thumb/v7e-m+fp/hard/libc_nano.a(lib_a-errno.o)
                0x0000000008000288                __errno
 .text          0x0000000008000294       0x48 /usr/lib/gcc/arm-none-eabi/9.2.1/../../../arm-none-eabi/lib/thumb/v7e-m+fp/hard/libc_nano.a(lib_a-init.o)
                0x0000000008000294                __libc_init_array
 .text          0x00000000080002dc       0xa0 /usr/lib/gcc/arm-none-eabi/9.2.1/../../../arm-none-eabi/lib/thumb/v7e-m+fp/hard/libc_nano.a(lib_a-memset.o)
                0x00000000080002dc                memset
 .text          0x000000000800037c      0x6b8 /usr/lib/gcc/arm-none-eabi/9.2.1/../../../arm-none-eabi/lib/thumb/v7e-m+fp/hard/libc_nano.a(lib_a-nano-vfprintf_float.o)
                0x000000000800037c                __cvt
                0x0000000008000478                __exponent
                0x0000000008000504                _printf_float
 .text          0x0000000008000a34      0x3c4 /usr/lib/gcc/arm-none-eabi/9.2.1/../../../arm-none-eabi/lib/thumb/v7e-m+fp/hard/libc_nano.a(lib_a-nano-vfprintf_i.o)
                0x0000000008000a34                _printf_common
                0x0000000008000b60                _printf_i
 .text          0x0000000008000df8       0x80 /usr/lib/gcc/arm-none-eabi/9.2.1/../../../arm-none-eabi/lib/thumb/v7e-m+fp/hard/libc_nano.a(lib_a-sprintf.o)
                0x0000000008000df8                _siprintf_r
                0x0000000008000df8                _sprintf_r
                0x0000000008000e34                sprintf
                0x0000000008000e34                siprintf
 *fill*         0x0000000008000e78        0x8 
 .text          0x0000000008000e80       0xdc /usr/lib/gcc/arm-none-eabi/9.2.1/../../../arm-none-eabi/lib/thumb/v7e-m+fp/hard/libc_nano.a(lib_a-strlen.o)
                0x0000000008000e80                strlen
 *fill*         0x0000000008000f5c        0x4 
 .text          0x0000000008000f60      0xffc /usr/lib/gcc/arm-none-eabi/9.2.1/../../../arm-none-eabi/lib/thumb/v7e-m+fp/hard/libc_nano.a(lib_a-dtoa.o)
                0x0000000008001084                _dtoa_r
 .text          0x0000000008001f5c       0x14 /usr/lib/gcc/arm-none-eabi/9.2.1/../../../arm-none-eabi/lib/thumb/v7e-m+fp/hard/libc_nano.a(lib_a-localeconv.o)
                0x0000000008001f5c                __localeconv_l
                0x0000000008001f60                _localeconv_r
                0x0000000008001f68                localeconv
 .text          0x0000000008001f70       0x20 /usr/lib/gcc/arm-none-eabi/9.2.1/../../../arm-none-eabi/lib/thumb/v7e-m+fp/hard/libc_nano.a(lib_a-malloc.o)
                0x0000000008001f70                malloc
                0x0000000008001f80                free
 .text          0x0000000008001f90       0xa0 /usr/lib/gcc/arm-none-eabi/9.2.1/../../../arm-none-eabi/lib/thumb/v7e-m+fp/hard/libc_nano.a(lib_a-memchr.o)
                0x0000000008001f90                memchr
 .text          0x0000000008002030      0x134 /usr/lib/gcc/arm-none-eabi/9.2.1/../../../arm-none-eabi/lib/thumb/v7e-m+fp/hard/libc_nano.a(lib_a-memcpy.o)
                0x0000000008002030                memcpy
 .text          0x0000000008002164      0xa38 /usr/lib/gcc/arm-none-eabi/9.2.1/../../../arm-none-eabi/lib/thumb/v7e-m+fp/hard/libc_nano.a(lib_a-mprec.o)
                0x0000000008002164                _Balloc
                0x00000000080021e4                _Bfree
                0x0000000008002230                __multadd
                0x00000000080022d0                __s2b
                0x000000000800237c                __hi0bits
                0x00000000080023bc                __lo0bits
                0x000000000800241c                __i2b
                0x0000000008002448                __multiply
                0x0000000008002594                __pow5mult
                0x0000000008002658                __lshift
                0x0000000008002720                __mcmp
                0x0000000008002758                __mdiff
                0x0000000008002880                __ulp
                0x00000000080028d0                __b2d
                0x0000000008002988                __d2b
                0x0000000008002a5c                __ratio
                0x0000000008002abc                _mprec_log10
                0x0000000008002afc                __copybits
                0x0000000008002b44                __any_on
 .text          0x0000000008002b9c       0x1c /usr/lib/gcc/arm-none-eabi/9.2.1/../../../arm-none-eabi/lib/thumb/v7e-m+fp/hard/libc_nano.a(lib_a-nano-callocr.o)
                0x0000000008002b9c                _calloc_r
 .text          0x0000000008002bb8       0xac /usr/lib/gcc/arm-none-eabi/9.2.1/../../../arm-none-eabi/lib/thumb/v7e-m+fp/hard/libc_nano.a(lib_a-nano-freer.o)
                0x0000000008002bb8                _free_r
 .text          0x0000000008002c64       0xc8 /usr/lib/gcc/arm-none-eabi/9.2.1/../../../arm-none-eabi/lib/thumb/v7e-m+fp/hard/libc_nano.a(lib_a-nano-mallocr.o)
                0x0000000008002c64                _malloc_r
 .text          0x0000000008002d2c      0x42c /usr/lib/gcc/arm-none-eabi/9.2.1/../../../arm-none-eabi/lib/thumb/v7e-m+fp/hard/libc_nano.a(lib_a-nano-svfprintf.o)
                0x0000000008002d2c                __ssputs_r
                0x0000000008002dec                __ssprint_r
                0x0000000008002ee4                _svfprintf_r
                0x0000000008002ee4                _svfiprintf_r
 .text          0x0000000008003158       0x24 /usr/lib/gcc/arm-none-eabi/9.2.1/../../../arm-none-eabi/lib/thumb/v7e-m+fp/hard/libc_nano.a(lib_a-sbrkr.o)
                0x0000000008003158                _sbrk_r
 .text          0x000000000800317c       0x48 /usr/lib/gcc/arm-none-eabi/9.2.1/../../../arm-none-eabi/lib/thumb/v7e-m+fp/hard/libc_nano.a(lib_a-assert.o)
                0x000000000800317c                __assert_func
                0x00000000080031b8                __assert
 .text          0x00000000080031c4       0x44 /usr/lib/gcc/arm-none-eabi/9.2.1/../../../arm-none-eabi/lib/thumb/v7e-m+fp/hard/libc_nano.a(lib_a-fprintf.o)
                0x00000000080031c4                _fprintf_r
                0x00000000080031c4                _fiprintf_r
                0x00000000080031e0                fprintf
                0x00000000080031e0                fiprintf
 .text          0x0000000008003208       0x40 /usr/lib/gcc/arm-none-eabi/9.2.1/../../../arm-none-eabi/lib/thumb/v7e-m+fp/hard/libc_nano.a(lib_a-mbtowc_r.o)
                0x0000000008003208                _mbtowc_r
                0x000000000800321c                __ascii_mbtowc
 .text          0x0000000008003248       0xd0 /usr/lib/gcc/arm-none-eabi/9.2.1/../../../arm-none-eabi/lib/thumb/v7e-m+fp/hard/libc_nano.a(lib_a-memmove.o)
                0x0000000008003248                memmove
 .text          0x0000000008003318        0x8 /usr/lib/gcc/arm-none-eabi/9.2.1/../../../arm-none-eabi/lib/thumb/v7e-m+fp/hard/libc_nano.a(lib_a-mlock.o)
                0x0000000008003318                __malloc_lock
                0x000000000800331c                __malloc_unlock
 .text          0x0000000008003320       0x4c /usr/lib/gcc/arm-none-eabi/9.2.1/../../../arm-none-eabi/lib/thumb/v7e-m+fp/hard/libc_nano.a(lib_a-nano-reallocr.o)
                0x0000000008003320                _realloc_r
 .text          0x000000000800336c      0x364 /usr/lib/gcc/arm-none-eabi/9.2.1/../../../arm-none-eabi/lib/thumb/v7e-m+fp/hard/libc_nano.a(lib_a-nano-vfprintf.o)
                0x00000000080033a8                __sfputs_r
                0x00000000080033d8                __sprint_r
                0x00000000080033f4                _vfiprintf_r
                0x00000000080033f4                _vfprintf_r
                0x00000000080036b8                vfiprintf
                0x00000000080036b8                vfprintf
 .text          0x00000000080036d0       0xc0 /usr/lib/gcc/arm-none-eabi/9.2.1/../../../arm-none-eabi/lib/thumb/v7e-m+fp/hard/libc_nano.a(lib_a-wbuf.o)
                0x00000000080036d0                __swbuf_r
                0x0000000008003780                __swbuf
 .text          0x0000000008003790       0x30 /usr/lib/gcc/arm-none-eabi/9.2.1/../../../arm-none-eabi/lib/thumb/v7e-m+fp/hard/libc_nano.a(lib_a-wctomb_r.o)
                0x0000000008003790                _wctomb_r
                0x00000000080037a4                __ascii_wctomb
 .text          0x00000000080037c0      0x100 /usr/lib/gcc/arm-none-eabi/9.2.1/../../../arm-none-eabi/lib/thumb/v7e-m+fp/hard/libc_nano.a(lib_a-wsetup.o)
                0x00000000080037c0                __swsetup_r
 .text          0x00000000080038c0       0x10 /usr/lib/gcc/arm-none-eabi/9.2.1/../../../arm-none-eabi/lib/thumb/v7e-m+fp/hard/libc_nano.a(lib_a-abort.o)
                0x00000000080038c0                abort
 .text          0x00000000080038d0      0x1b0 /usr/lib/gcc/arm-none-eabi/9.2.1/../../../arm-none-eabi/lib/thumb/v7e-m+fp/hard/libc_nano.a(lib_a-fflush.o)
                0x00000000080038d0                __sflush_r
                0x00000000080039fc                _fflush_r
                0x0000000008003a5c                fflush
 .text          0x0000000008003a80      0x210 /usr/lib/gcc/arm-none-eabi/9.2.1/../../../arm-none-eabi/lib/thumb/v7e-m+fp/hard/libc_nano.a(lib_a-findfp.o)
                0x0000000008003a84                _cleanup_r
                0x0000000008003a94                __sfmoreglue
                0x0000000008003ac4                __sfp
                0x0000000008003c3c                _cleanup
                0x0000000008003c50                __sinit
                0x0000000008003c58                __sfp_lock_acquire
                0x0000000008003c5c                __sfp_lock_release
                0x0000000008003c60                __sinit_lock_acquire
                0x0000000008003c64                __sinit_lock_release
                0x0000000008003c68                __fp_lock_all
                0x0000000008003c7c                __fp_unlock_all
 .text          0x0000000008003c90      0x308 /usr/lib/gcc/arm-none-eabi/9.2.1/../../../arm-none-eabi/lib/thumb/v7e-m+fp/hard/libc_nano.a(lib_a-fvwrite.o)
                0x0000000008003c90                __sfvwrite_r
 .text          0x0000000008003f98       0xa0 /usr/lib/gcc/arm-none-eabi/9.2.1/../../../arm-none-eabi/lib/thumb/v7e-m+fp/hard/libc_nano.a(lib_a-fwalk.o)
                0x0000000008003f98                _fwalk
                0x0000000008003fe4                _fwalk_reent
 .text          0x0000000008004038       0xf0 /usr/lib/gcc/arm-none-eabi/9.2.1/../../../arm-none-eabi/lib/thumb/v7e-m+fp/hard/libc_nano.a(lib_a-makebuf.o)
                0x0000000008004038                __swhatbuf_r
                0x0000000008004094                __smakebuf_r
 .text          0x0000000008004128       0x10 /usr/lib/gcc/arm-none-eabi/9.2.1/../../../arm-none-eabi/lib/thumb/v7e-m+fp/hard/libc_nano.a(lib_a-nano-msizer.o)
                0x0000000008004128                _malloc_usable_size_r
 .text          0x0000000008004138      0x150 /usr/lib/gcc/arm-none-eabi/9.2.1/../../../arm-none-eabi/lib/thumb/v7e-m+fp/hard/libc_nano.a(lib_a-signal.o)
                0x0000000008004160                _init_signal_r
                0x000000000800416c                _signal_r
                0x00000000080041a0                _raise_r
                0x00000000080041f4                __sigtramp_r
                0x0000000008004244                raise
                0x0000000008004254                signal
                0x0000000008004264                _init_signal
                0x0000000008004278                __sigtramp
 .text          0x0000000008004288       0x2c /usr/lib/gcc/arm-none-eabi/9.2.1/../../../arm-none-eabi/lib/thumb/v7e-m+fp/hard/libc_nano.a(lib_a-signalr.o)
                0x0000000008004288                _kill_r
                0x00000000080042b0                _getpid_r
 .text          0x00000000080042b4       0x90 /usr/lib/gcc/arm-none-eabi/9.2.1/../../../arm-none-eabi/lib/thumb/v7e-m+fp/hard/libc_nano.a(lib_a-stdio.o)
                0x00000000080042b4                __sread
                0x00000000080042d8                __seofread
                0x00000000080042dc                __swrite
                0x000000000800431c                __sseek
                0x000000000800433c                __sclose
 .text          0x0000000008004344       0x2c /usr/lib/gcc/arm-none-eabi/9.2.1/../../../arm-none-eabi/lib/thumb/v7e-m+fp/hard/libc_nano.a(lib_a-writer.o)
                0x0000000008004344                _write_r
 .text          0x0000000008004370       0x24 /usr/lib/gcc/arm-none-eabi/9.2.1/../../../arm-none-eabi/lib/thumb/v7e-m+fp/hard/libc_nano.a(lib_a-closer.o)
                0x0000000008004370                _close_r
 .text          0x0000000008004394       0x28 /usr/lib/gcc/arm-none-eabi/9.2.1/../../../arm-none-eabi/lib/thumb/v7e-m+fp/hard/libc_nano.a(lib_a-fstatr.o)
                0x0000000008004394                _fstat_r
 .text          0x00000000080043bc       0x24 /usr/lib/gcc/arm-none-eabi/9.2.1/../../../arm-none-eabi/lib/thumb/v7e-m+fp/hard/libc_nano.a(lib_a-isattyr.o)
                0x00000000080043bc                _isatty_r
 .text          0x00000000080043e0       0x2c /usr/lib/gcc/arm-none-eabi/9.2.1/../../../arm-none-eabi/lib/thumb/v7e-m+fp/hard/libc_nano.a(lib_a-lseekr.o)
                0x00000000080043e0                _lseek_r
 .text          0x000000000800440c       0x2c /usr/lib/gcc/arm-none-eabi/9.2.1/../../../arm-none-eabi/lib/thumb/v7e-m+fp/hard/libc_nano.a(lib_a-readr.o)
                0x000000000800440c                _read_r
 .text          0x0000000008004438      0x378 /usr/lib/gcc/arm-none-eabi/9.2.1/thumb/v7e-m+fp/hard/libgcc.a(_arm_addsubdf3.o)
                0x0000000008004438                __aeabi_drsub
                0x0000000008004440                __aeabi_dsub
                0x0000000008004440                __subdf3
                0x0000000008004444                __adddf3
                0x0000000008004444                __aeabi_dadd
                0x00000000080046bc                __aeabi_ui2d
                0x00000000080046bc                __floatunsidf
                0x00000000080046dc                __floatsidf
                0x00000000080046dc                __aeabi_i2d
                0x0000000008004700                __extendsfdf2
                0x0000000008004700                __aeabi_f2d
                0x0000000008004744                __aeabi_ul2d
                0x0000000008004744                __floatundidf
                0x0000000008004754                __floatdidf
                0x0000000008004754                __aeabi_l2d
 .text          0x00000000080047b0      0x424 /usr/lib/gcc/arm-none-eabi/9.2.1/thumb/v7e-m+fp/hard/libgcc.a(_arm_muldivdf3.o)
                0x00000000080047b0                __aeabi_dmul
                0x00000000080047b0                __muldf3
                0x0000000008004a04                __aeabi_ddiv
                0x0000000008004a04                __divdf3
 .text          0x0000000008004bd4      0x110 /usr/lib/gcc/arm-none-eabi/9.2.1/thumb/v7e-m+fp/hard/libgcc.a(_arm_cmpdf2.o)
                0x0000000008004bd4                __gtdf2
                0x0000000008004bd4                __gedf2
                0x0000000008004bdc                __ltdf2
                0x0000000008004bdc                __ledf2
                0x0000000008004be4                __cmpdf2
                0x0000000008004be4                __eqdf2
                0x0000000008004be4                __nedf2
                0x0000000008004c60                __aeabi_cdrcmple
                0x0000000008004c70                __aeabi_cdcmple
                0x0000000008004c70                __aeabi_cdcmpeq
                0x0000000008004c80                __aeabi_dcmpeq
                0x0000000008004c94                __aeabi_dcmplt
                0x0000000008004ca8                __aeabi_dcmple
                0x0000000008004cbc                __aeabi_dcmpge
                0x0000000008004cd0                __aeabi_dcmpgt
 .text          0x0000000008004ce4       0x2c /usr/lib/gcc/arm-none-eabi/9.2.1/thumb/v7e-m+fp/hard/libgcc.a(_arm_unorddf2.o)
                0x0000000008004ce4                __aeabi_dcmpun
                0x0000000008004ce4                __unorddf2
 .text          0x0000000008004d10       0x50 /usr/lib/gcc/arm-none-eabi/9.2.1/thumb/v7e-m+fp/hard/libgcc.a(_arm_fixdfsi.o)
                0x0000000008004d10                __fixdfsi
                0x0000000008004d10                __aeabi_d2iz
 .text          0x0000000008004d60       0xa0 /usr/lib/gcc/arm-none-eabi/9.2.1/thumb/v7e-m+fp/hard/libgcc.a(_aeabi_ldivmod.o)
                0x0000000008004d60                __aeabi_ldivmod
 .text          0x0000000008004e00       0x30 /usr/lib/gcc/arm-none-eabi/9.2.1/thumb/v7e-m+fp/hard/libgcc.a(_aeabi_uldivmod.o)
                0x0000000008004e00                __aeabi_uldivmod
 .text          0x0000000008004e30      0x2c4 /usr/lib/gcc/arm-none-eabi/9.2.1/thumb/v7e-m+fp/hard/libgcc.a(_udivmoddi4.o)
                0x0000000008004e30                __udivmoddi4
 .text          0x00000000080050f4        0x4 /usr/lib/gcc/arm-none-eabi/9.2.1/thumb/v7e-m+fp/hard/libgcc.a(_dvmd_tls.o)
                0x00000000080050f4                __aeabi_ldiv0
                0x00000000080050f4                __aeabi_idiv0
 *(.text*)
 .text.Error_Handler
                0x00000000080050f8        0x4 build/main.o
                0x00000000080050f8                Error_Handler
 .text.SystemClock_Config
                0x00000000080050fc       0xa8 build/main.o
                0x00000000080050fc                SystemClock_Config
 .text.main     0x00000000080051a4       0x2e build/main.o
                0x00000000080051a4                main
 *fill*         0x00000000080051d2        0x2 
 .text.MX_GPIO_Init
                0x00000000080051d4       0x90 build/gpio.o
                0x00000000080051d4                MX_GPIO_Init
 .text.MX_I2C1_Init
                0x0000000008005264       0x3c build/i2c.o
                0x0000000008005264                MX_I2C1_Init
 .text.HAL_I2C_MspInit
                0x00000000080052a0       0x94 build/i2c.o
                0x00000000080052a0                HAL_I2C_MspInit
 .text.HAL_I2C_ErrorCallback
                0x0000000008005334       0x9c build/i2c_error_handler.o
                0x0000000008005334                HAL_I2C_ErrorCallback
 .text.HAL_I2C_MemRxCpltCallback
                0x00000000080053d0      0x198 build/i2c_dma_manager.o
                0x00000000080053d0                HAL_I2C_MemRxCpltCallback
 .text.I2C_DMA_HandleError
                0x0000000008005568       0x24 build/i2c_dma_manager.o
                0x0000000008005568                I2C_DMA_HandleError
 .text.MX_USART1_UART_Init
                0x000000000800558c       0x34 build/usart.o
                0x000000000800558c                MX_USART1_UART_Init
 .text.HAL_UART_MspInit
                0x00000000080055c0       0x74 build/usart.o
                0x00000000080055c0                HAL_UART_MspInit
 .text.NMI_Handler
                0x0000000008005634        0x2 build/stm32f4xx_it.o
                0x0000000008005634                NMI_Handler
 .text.HardFault_Handler
                0x0000000008005636        0x2 build/stm32f4xx_it.o
                0x0000000008005636                HardFault_Handler
 .text.MemManage_Handler
                0x0000000008005638        0x2 build/stm32f4xx_it.o
                0x0000000008005638                MemManage_Handler
 .text.BusFault_Handler
                0x000000000800563a        0x2 build/stm32f4xx_it.o
                0x000000000800563a                BusFault_Handler
 .text.UsageFault_Handler
                0x000000000800563c        0x2 build/stm32f4xx_it.o
                0x000000000800563c                UsageFault_Handler
 .text.SVC_Handler
                0x000000000800563e        0x2 build/stm32f4xx_it.o
                0x000000000800563e                SVC_Handler
 .text.DebugMon_Handler
                0x0000000008005640        0x2 build/stm32f4xx_it.o
                0x0000000008005640                DebugMon_Handler
 .text.PendSV_Handler
                0x0000000008005642        0x2 build/stm32f4xx_it.o
                0x0000000008005642                PendSV_Handler
 .text.SysTick_Handler
                0x0000000008005644        0x8 build/stm32f4xx_it.o
                0x0000000008005644                SysTick_Handler
 .text.I2C1_EV_IRQHandler
                0x000000000800564c       0x10 build/stm32f4xx_it.o
                0x000000000800564c                I2C1_EV_IRQHandler
 .text.I2C1_ER_IRQHandler
                0x000000000800565c       0x10 build/stm32f4xx_it.o
                0x000000000800565c                I2C1_ER_IRQHandler
 .text.DMA2_Stream0_IRQHandler
                0x000000000800566c       0x10 build/stm32f4xx_it.o
                0x000000000800566c                DMA2_Stream0_IRQHandler
 .text.OTG_FS_IRQHandler
                0x000000000800567c       0x10 build/stm32f4xx_it.o
                0x000000000800567c                OTG_FS_IRQHandler
 .text.HAL_I2S_RxCpltCallback
                0x000000000800568c       0x38 build/stm32f4xx_it.o
                0x000000000800568c                HAL_I2S_RxCpltCallback
 .text.HAL_MspInit
                0x00000000080056c4       0x38 build/stm32f4xx_hal_msp.o
                0x00000000080056c4                HAL_MspInit
 .text.VCNL4040_Write16
                0x00000000080056fc       0x2a build/vcnl4040_sensor.o
 .text.VCNL4040_Read16
                0x0000000008005726       0x52 build/vcnl4040_sensor.o
 .text.VCNL4040_ReadALS
                0x0000000008005778        0xc build/vcnl4040_sensor.o
                0x0000000008005778                VCNL4040_ReadALS
 .text.VCNL4040_ReadPS
                0x0000000008005784        0xc build/vcnl4040_sensor.o
                0x0000000008005784                VCNL4040_ReadPS
 .text.VCNL4040_ReadID
                0x0000000008005790        0xc build/vcnl4040_sensor.o
                0x0000000008005790                VCNL4040_ReadID
 .text.VCNL4040_Init
                0x000000000800579c       0x6a build/vcnl4040_sensor.o
                0x000000000800579c                VCNL4040_Init
 .text.BME280_CompensateTemperature
                0x0000000008005806       0x3c build/humidity_temp_sensor.o
 .text.BME280_CompensatePressure
                0x0000000008005842      0x192 build/humidity_temp_sensor.o
 .text.BME280_CompensateHumidity
                0x00000000080059d4       0x7e build/humidity_temp_sensor.o
 .text.TCA9548A_SelectChannel
                0x0000000008005a52       0x28 build/humidity_temp_sensor.o
                0x0000000008005a52                TCA9548A_SelectChannel
 .text.BME280_ReadReg
                0x0000000008005a7a       0x32 build/humidity_temp_sensor.o
 .text.BME280_ReadCalibration
                0x0000000008005aac      0x118 build/humidity_temp_sensor.o
 .text.BME280_WriteReg
                0x0000000008005bc4       0x36 build/humidity_temp_sensor.o
 .text.BME280_Init
                0x0000000008005bfa       0x9e build/humidity_temp_sensor.o
                0x0000000008005bfa                BME280_Init
 .text.BME280_ReadData
                0x0000000008005c98       0xfc build/humidity_temp_sensor.o
                0x0000000008005c98                BME280_ReadData
 .text.ICM42688_ReadReg
                0x0000000008005d94       0x1e build/icm42688_sensor.o
 .text.ICM42688_ReadRegs
                0x0000000008005db2       0x1c build/icm42688_sensor.o
 .text.ICM42688_WriteReg
                0x0000000008005dce       0x22 build/icm42688_sensor.o
 .text.ICM42688_Init
                0x0000000008005df0       0x8c build/icm42688_sensor.o
                0x0000000008005df0                ICM42688_Init
 .text.ICM42688_ReadAll
                0x0000000008005e7c      0x120 build/icm42688_sensor.o
                0x0000000008005e7c                ICM42688_ReadAll
 .text.RGB_LED_Init
                0x0000000008005f9c       0x4c build/methods.o
                0x0000000008005f9c                RGB_LED_Init
 .text.I2C_Protected_Mem_Read
                0x0000000008005fe8       0x24 build/methods.o
                0x0000000008005fe8                I2C_Protected_Mem_Read
 .text.I2C_Protected_Mem_Write
                0x000000000800600c       0x24 build/methods.o
                0x000000000800600c                I2C_Protected_Mem_Write
 .text.I2C_Protected_Master_Transmit
                0x0000000008006030       0x1a build/methods.o
                0x0000000008006030                I2C_Protected_Master_Transmit
 *fill*         0x000000000800604a        0x2 
 .text.My_Application_Init
                0x000000000800604c      0x1c4 build/my_application.o
                0x000000000800604c                My_Application_Init
 .text.My_Application_Run
                0x0000000008006210      0x29c build/my_application.o
                0x0000000008006210                My_Application_Run
 .text.I2C_Flush_DR
                0x00000000080064ac       0x10 build/stm32f4xx_hal_i2c.o
 .text.I2C_Master_SB
                0x00000000080064bc       0xa8 build/stm32f4xx_hal_i2c.o
 .text.I2C_Master_ADD10
                0x0000000008006564       0x2a build/stm32f4xx_hal_i2c.o
 .text.I2C_Master_ADDR
                0x000000000800658e      0x206 build/stm32f4xx_hal_i2c.o
 .text.I2C_SlaveTransmit_BTF
                0x0000000008006794       0x20 build/stm32f4xx_hal_i2c.o
 .text.I2C_SlaveReceive_BTF
                0x00000000080067b4       0x20 build/stm32f4xx_hal_i2c.o
 .text.I2C_WaitOnSTOPRequestThroughIT
                0x00000000080067d4       0x48 build/stm32f4xx_hal_i2c.o
 .text.I2C_IsAcknowledgeFailed
                0x000000000800681c       0x32 build/stm32f4xx_hal_i2c.o
 .text.I2C_ConvertOtherXferOptions
                0x000000000800684e       0x1e build/stm32f4xx_hal_i2c.o
 .text.I2C_WaitOnFlagUntilTimeout
                0x000000000800686c       0xb2 build/stm32f4xx_hal_i2c.o
 .text.I2C_WaitOnMasterAddressFlagUntilTimeout
                0x000000000800691e       0xd6 build/stm32f4xx_hal_i2c.o
 .text.I2C_MasterRequestWrite
                0x00000000080069f4       0xb4 build/stm32f4xx_hal_i2c.o
 .text.I2C_WaitOnTXEFlagUntilTimeout
                0x0000000008006aa8       0x5e build/stm32f4xx_hal_i2c.o
 *fill*         0x0000000008006b06        0x2 
 .text.I2C_RequestMemoryWrite
                0x0000000008006b08       0xd8 build/stm32f4xx_hal_i2c.o
 .text.I2C_RequestMemoryRead
                0x0000000008006be0      0x154 build/stm32f4xx_hal_i2c.o
 .text.I2C_WaitOnBTFFlagUntilTimeout
                0x0000000008006d34       0x5e build/stm32f4xx_hal_i2c.o
 .text.I2C_WaitOnRXNEFlagUntilTimeout
                0x0000000008006d92       0x78 build/stm32f4xx_hal_i2c.o
 *fill*         0x0000000008006e0a        0x2 
 .text.HAL_I2C_Init
                0x0000000008006e0c      0x1bc build/stm32f4xx_hal_i2c.o
                0x0000000008006e0c                HAL_I2C_Init
 .text.HAL_I2C_Master_Transmit
                0x0000000008006fc8      0x178 build/stm32f4xx_hal_i2c.o
                0x0000000008006fc8                HAL_I2C_Master_Transmit
 .text.HAL_I2C_Mem_Write
                0x0000000008007140      0x164 build/stm32f4xx_hal_i2c.o
                0x0000000008007140                HAL_I2C_Mem_Write
 .text.HAL_I2C_Mem_Read
                0x00000000080072a4      0x2f4 build/stm32f4xx_hal_i2c.o
                0x00000000080072a4                HAL_I2C_Mem_Read
 .text.HAL_I2C_Mem_Read_DMA
                0x0000000008007598      0x214 build/stm32f4xx_hal_i2c.o
                0x0000000008007598                HAL_I2C_Mem_Read_DMA
 .text.HAL_I2C_MasterTxCpltCallback
                0x00000000080077ac        0x2 build/stm32f4xx_hal_i2c.o
                0x00000000080077ac                HAL_I2C_MasterTxCpltCallback
 .text.HAL_I2C_MasterRxCpltCallback
                0x00000000080077ae        0x2 build/stm32f4xx_hal_i2c.o
                0x00000000080077ae                HAL_I2C_MasterRxCpltCallback
 .text.HAL_I2C_SlaveTxCpltCallback
                0x00000000080077b0        0x2 build/stm32f4xx_hal_i2c.o
                0x00000000080077b0                HAL_I2C_SlaveTxCpltCallback
 .text.I2C_SlaveTransmit_TXE
                0x00000000080077b2       0x4c build/stm32f4xx_hal_i2c.o
 .text.HAL_I2C_SlaveRxCpltCallback
                0x00000000080077fe        0x2 build/stm32f4xx_hal_i2c.o
                0x00000000080077fe                HAL_I2C_SlaveRxCpltCallback
 .text.I2C_SlaveReceive_RXNE
                0x0000000008007800       0x4c build/stm32f4xx_hal_i2c.o
 .text.HAL_I2C_AddrCallback
                0x000000000800784c        0x2 build/stm32f4xx_hal_i2c.o
                0x000000000800784c                HAL_I2C_AddrCallback
 .text.I2C_Slave_ADDR
                0x000000000800784e       0x5a build/stm32f4xx_hal_i2c.o
 .text.HAL_I2C_ListenCpltCallback
                0x00000000080078a8        0x2 build/stm32f4xx_hal_i2c.o
                0x00000000080078a8                HAL_I2C_ListenCpltCallback
 *fill*         0x00000000080078aa        0x2 
 .text.I2C_Slave_AF
                0x00000000080078ac       0xa0 build/stm32f4xx_hal_i2c.o
 .text.HAL_I2C_MemTxCpltCallback
                0x000000000800794c        0x2 build/stm32f4xx_hal_i2c.o
                0x000000000800794c                HAL_I2C_MemTxCpltCallback
 .text.I2C_MasterTransmit_BTF
                0x000000000800794e       0x9e build/stm32f4xx_hal_i2c.o
 .text.I2C_MemoryTransmit_TXE_BTF
                0x00000000080079ec       0xc4 build/stm32f4xx_hal_i2c.o
 .text.I2C_MasterTransmit_TXE
                0x0000000008007ab0       0xd0 build/stm32f4xx_hal_i2c.o
 .text.I2C_MasterReceive_BTF
                0x0000000008007b80      0x136 build/stm32f4xx_hal_i2c.o
 .text.I2C_DMAError
                0x0000000008007cb6       0x46 build/stm32f4xx_hal_i2c.o
 .text.I2C_DMAXferCplt
                0x0000000008007cfc      0x130 build/stm32f4xx_hal_i2c.o
 .text.I2C_MasterReceive_RXNE
                0x0000000008007e2c      0x106 build/stm32f4xx_hal_i2c.o
 .text.HAL_I2C_AbortCpltCallback
                0x0000000008007f32        0x2 build/stm32f4xx_hal_i2c.o
                0x0000000008007f32                HAL_I2C_AbortCpltCallback
 .text.I2C_DMAAbort
                0x0000000008007f34       0xe4 build/stm32f4xx_hal_i2c.o
 .text.I2C_ITError
                0x0000000008008018      0x178 build/stm32f4xx_hal_i2c.o
 .text.I2C_Slave_STOPF
                0x0000000008008190      0x18c build/stm32f4xx_hal_i2c.o
 .text.HAL_I2C_EV_IRQHandler
                0x000000000800831c      0x1a0 build/stm32f4xx_hal_i2c.o
                0x000000000800831c                HAL_I2C_EV_IRQHandler
 .text.HAL_I2C_ER_IRQHandler
                0x00000000080084bc       0xc4 build/stm32f4xx_hal_i2c.o
                0x00000000080084bc                HAL_I2C_ER_IRQHandler
 .text.HAL_I2C_GetError
                0x0000000008008580        0x4 build/stm32f4xx_hal_i2c.o
                0x0000000008008580                HAL_I2C_GetError
 .text.HAL_RCC_ClockConfig
                0x0000000008008584      0x160 build/stm32f4xx_hal_rcc.o
                0x0000000008008584                HAL_RCC_ClockConfig
 .text.HAL_RCC_GetHCLKFreq
                0x00000000080086e4        0xc build/stm32f4xx_hal_rcc.o
                0x00000000080086e4                HAL_RCC_GetHCLKFreq
 .text.HAL_RCC_GetPCLK1Freq
                0x00000000080086f0       0x20 build/stm32f4xx_hal_rcc.o
                0x00000000080086f0                HAL_RCC_GetPCLK1Freq
 .text.HAL_RCC_GetPCLK2Freq
                0x0000000008008710       0x20 build/stm32f4xx_hal_rcc.o
                0x0000000008008710                HAL_RCC_GetPCLK2Freq
 .text.HAL_RCCEx_PeriphCLKConfig
                0x0000000008008730      0x478 build/stm32f4xx_hal_rcc_ex.o
                0x0000000008008730                HAL_RCCEx_PeriphCLKConfig
 .text.HAL_RCCEx_GetPeriphCLKFreq
                0x0000000008008ba8      0x300 build/stm32f4xx_hal_rcc_ex.o
                0x0000000008008ba8                HAL_RCCEx_GetPeriphCLKFreq
 .text.HAL_RCC_GetSysClockFreq
                0x0000000008008ea8      0x178 build/stm32f4xx_hal_rcc_ex.o
                0x0000000008008ea8                HAL_RCC_GetSysClockFreq
 .text.HAL_RCC_OscConfig
                0x0000000008009020      0x440 build/stm32f4xx_hal_rcc_ex.o
                0x0000000008009020                HAL_RCC_OscConfig
 .text.HAL_GPIO_Init
                0x0000000008009460      0x1c8 build/stm32f4xx_hal_gpio.o
                0x0000000008009460                HAL_GPIO_Init
 .text.HAL_GPIO_WritePin
                0x0000000008009628        0xc build/stm32f4xx_hal_gpio.o
                0x0000000008009628                HAL_GPIO_WritePin
 .text.DMA_SetConfig
                0x0000000008009634       0x2c build/stm32f4xx_hal_dma.o
 .text.DMA_CalcBaseAndBitshift
                0x0000000008009660       0x44 build/stm32f4xx_hal_dma.o
 .text.DMA_CheckFifoParam
                0x00000000080096a4       0x8e build/stm32f4xx_hal_dma.o
 *fill*         0x0000000008009732        0x2 
 .text.HAL_DMA_Init
                0x0000000008009734       0xcc build/stm32f4xx_hal_dma.o
                0x0000000008009734                HAL_DMA_Init
 .text.HAL_DMA_Start_IT
                0x0000000008009800       0x6a build/stm32f4xx_hal_dma.o
                0x0000000008009800                HAL_DMA_Start_IT
 .text.HAL_DMA_Abort_IT
                0x000000000800986a       0x26 build/stm32f4xx_hal_dma.o
                0x000000000800986a                HAL_DMA_Abort_IT
 .text.HAL_DMA_IRQHandler
                0x0000000008009890      0x1dc build/stm32f4xx_hal_dma.o
                0x0000000008009890                HAL_DMA_IRQHandler
 .text.HAL_DMA_GetState
                0x0000000008009a6c        0x6 build/stm32f4xx_hal_dma.o
                0x0000000008009a6c                HAL_DMA_GetState
 .text.HAL_DMA_GetError
                0x0000000008009a72        0x4 build/stm32f4xx_hal_dma.o
                0x0000000008009a72                HAL_DMA_GetError
 *fill*         0x0000000008009a76        0x2 
 .text.HAL_NVIC_SetPriorityGrouping
                0x0000000008009a78       0x24 build/stm32f4xx_hal_cortex.o
                0x0000000008009a78                HAL_NVIC_SetPriorityGrouping
 .text.HAL_NVIC_SetPriority
                0x0000000008009a9c       0x68 build/stm32f4xx_hal_cortex.o
                0x0000000008009a9c                HAL_NVIC_SetPriority
 .text.HAL_NVIC_EnableIRQ
                0x0000000008009b04       0x1c build/stm32f4xx_hal_cortex.o
                0x0000000008009b04                HAL_NVIC_EnableIRQ
 .text.HAL_SYSTICK_Config
                0x0000000008009b20       0x2c build/stm32f4xx_hal_cortex.o
                0x0000000008009b20                HAL_SYSTICK_Config
 .text.HAL_InitTick
                0x0000000008009b4c       0x4c build/stm32f4xx_hal.o
                0x0000000008009b4c                HAL_InitTick
 .text.HAL_Init
                0x0000000008009b98       0x34 build/stm32f4xx_hal.o
                0x0000000008009b98                HAL_Init
 .text.HAL_IncTick
                0x0000000008009bcc       0x18 build/stm32f4xx_hal.o
                0x0000000008009bcc                HAL_IncTick
 .text.HAL_GetTick
                0x0000000008009be4        0xc build/stm32f4xx_hal.o
                0x0000000008009be4                HAL_GetTick
 .text.HAL_Delay
                0x0000000008009bf0       0x28 build/stm32f4xx_hal.o
                0x0000000008009bf0                HAL_Delay
 .text.UART_SetConfig
                0x0000000008009c18      0x11c build/stm32f4xx_hal_uart.o
 .text.HAL_UART_Init
                0x0000000008009d34       0x60 build/stm32f4xx_hal_uart.o
                0x0000000008009d34                HAL_UART_Init
 .text.SystemInit
                0x0000000008009d94       0x14 build/system_stm32f4xx.o
                0x0000000008009d94                SystemInit
 .text._sbrk    0x0000000008009da8       0x48 build/sysmem.o
                0x0000000008009da8                _sbrk
 .text._getpid  0x0000000008009df0        0x4 build/syscalls.o
                0x0000000008009df0                _getpid
 .text._kill    0x0000000008009df4       0x10 build/syscalls.o
                0x0000000008009df4                _kill
 .text._exit    0x0000000008009e04        0xc build/syscalls.o
                0x0000000008009e04                _exit
 .text._read    0x0000000008009e10       0x20 build/syscalls.o
                0x0000000008009e10                _read
 .text._write   0x0000000008009e30       0x1c build/syscalls.o
                0x0000000008009e30                _write
 .text._close   0x0000000008009e4c        0x6 build/syscalls.o
                0x0000000008009e4c                _close
 .text._fstat   0x0000000008009e52        0xa build/syscalls.o
                0x0000000008009e52                _fstat
 .text._isatty  0x0000000008009e5c        0x4 build/syscalls.o
                0x0000000008009e5c                _isatty
 .text._lseek   0x0000000008009e60        0x4 build/syscalls.o
                0x0000000008009e60                _lseek
 .text.MX_DMA_Init
                0x0000000008009e64       0x34 build/dma.o
                0x0000000008009e64                MX_DMA_Init
 .text.MX_I2S1_Init
                0x0000000008009e98       0x3c build/i2s.o
                0x0000000008009e98                MX_I2S1_Init
 .text.HAL_I2S_MspInit
                0x0000000008009ed4       0xe8 build/i2s.o
                0x0000000008009ed4                HAL_I2S_MspInit
 .text.HAL_I2S_Init
                0x0000000008009fbc      0x13c build/stm32f4xx_hal_i2s.o
                0x0000000008009fbc                HAL_I2S_Init
 .text.HAL_I2S_TxCpltCallback
                0x000000000800a0f8        0x2 build/stm32f4xx_hal_i2s.o
                0x000000000800a0f8                HAL_I2S_TxCpltCallback
 .text.I2S_Transmit_IT
                0x000000000800a0fa       0x38 build/stm32f4xx_hal_i2s.o
 .text.I2S_Receive_IT
                0x000000000800a132       0x38 build/stm32f4xx_hal_i2s.o
 .text.HAL_I2S_ErrorCallback
                0x000000000800a16a        0x2 build/stm32f4xx_hal_i2s.o
                0x000000000800a16a                HAL_I2S_ErrorCallback
 .text.I2S_IRQHandler
                0x000000000800a16c       0xd0 build/stm32f4xx_hal_i2s.o
 .text.MX_USB_DEVICE_Init
                0x000000000800a23c       0x54 build/usb_device.o
                0x000000000800a23c                MX_USB_DEVICE_Init
 .text.USBD_FS_DeviceDescriptor
                0x000000000800a290        0xc build/usbd_desc.o
                0x000000000800a290                USBD_FS_DeviceDescriptor
 .text.USBD_FS_LangIDStrDescriptor
                0x000000000800a29c        0xc build/usbd_desc.o
                0x000000000800a29c                USBD_FS_LangIDStrDescriptor
 .text.USBD_FS_USR_BOSDescriptor
                0x000000000800a2a8        0xc build/usbd_desc.o
                0x000000000800a2a8                USBD_FS_USR_BOSDescriptor
 .text.IntToUnicode
                0x000000000800a2b4       0x38 build/usbd_desc.o
 .text.Get_SerialNum
                0x000000000800a2ec       0x34 build/usbd_desc.o
 .text.USBD_FS_SerialStrDescriptor
                0x000000000800a320       0x14 build/usbd_desc.o
                0x000000000800a320                USBD_FS_SerialStrDescriptor
 .text.USBD_FS_ProductStrDescriptor
                0x000000000800a334       0x24 build/usbd_desc.o
                0x000000000800a334                USBD_FS_ProductStrDescriptor
 .text.USBD_FS_ManufacturerStrDescriptor
                0x000000000800a358       0x1c build/usbd_desc.o
                0x000000000800a358                USBD_FS_ManufacturerStrDescriptor
 .text.USBD_FS_ConfigStrDescriptor
                0x000000000800a374       0x24 build/usbd_desc.o
                0x000000000800a374                USBD_FS_ConfigStrDescriptor
 .text.USBD_FS_InterfaceStrDescriptor
                0x000000000800a398       0x24 build/usbd_desc.o
                0x000000000800a398                USBD_FS_InterfaceStrDescriptor
 .text.CDC_DeInit_FS
                0x000000000800a3bc        0x4 build/usbd_cdc_if.o
 .text.CDC_Control_FS
                0x000000000800a3c0        0x4 build/usbd_cdc_if.o
 .text.CDC_TransmitCplt_FS
                0x000000000800a3c4        0x4 build/usbd_cdc_if.o
 .text.CDC_Receive_FS
                0x000000000800a3c8       0x1c build/usbd_cdc_if.o
 .text.CDC_Init_FS
                0x000000000800a3e4       0x28 build/usbd_cdc_if.o
 .text.CDC_Transmit_FS
                0x000000000800a40c       0x30 build/usbd_cdc_if.o
                0x000000000800a40c                CDC_Transmit_FS
 .text.HAL_PCD_MspInit
                0x000000000800a43c       0xac build/usbd_conf.o
                0x000000000800a43c                HAL_PCD_MspInit
 .text.HAL_PCD_SetupStageCallback
                0x000000000800a4e8       0x10 build/usbd_conf.o
                0x000000000800a4e8                HAL_PCD_SetupStageCallback
 .text.HAL_PCD_DataOutStageCallback
                0x000000000800a4f8       0x18 build/usbd_conf.o
                0x000000000800a4f8                HAL_PCD_DataOutStageCallback
 .text.HAL_PCD_DataInStageCallback
                0x000000000800a510       0x16 build/usbd_conf.o
                0x000000000800a510                HAL_PCD_DataInStageCallback
 .text.HAL_PCD_SOFCallback
                0x000000000800a526        0xc build/usbd_conf.o
                0x000000000800a526                HAL_PCD_SOFCallback
 .text.HAL_PCD_ResetCallback
                0x000000000800a532       0x28 build/usbd_conf.o
                0x000000000800a532                HAL_PCD_ResetCallback
 *fill*         0x000000000800a55a        0x2 
 .text.HAL_PCD_SuspendCallback
                0x000000000800a55c       0x30 build/usbd_conf.o
                0x000000000800a55c                HAL_PCD_SuspendCallback
 .text.HAL_PCD_ResumeCallback
                0x000000000800a58c        0xc build/usbd_conf.o
                0x000000000800a58c                HAL_PCD_ResumeCallback
 .text.HAL_PCD_ISOOUTIncompleteCallback
                0x000000000800a598        0xc build/usbd_conf.o
                0x000000000800a598                HAL_PCD_ISOOUTIncompleteCallback
 .text.HAL_PCD_ISOINIncompleteCallback
                0x000000000800a5a4        0xc build/usbd_conf.o
                0x000000000800a5a4                HAL_PCD_ISOINIncompleteCallback
 .text.HAL_PCD_ConnectCallback
                0x000000000800a5b0        0xc build/usbd_conf.o
                0x000000000800a5b0                HAL_PCD_ConnectCallback
 .text.HAL_PCD_DisconnectCallback
                0x000000000800a5bc        0xc build/usbd_conf.o
                0x000000000800a5bc                HAL_PCD_DisconnectCallback
 .text.USBD_LL_Init
                0x000000000800a5c8       0x68 build/usbd_conf.o
                0x000000000800a5c8                USBD_LL_Init
 .text.USBD_LL_IsStallEP
                0x000000000800a630       0x2c build/usbd_conf.o
                0x000000000800a630                USBD_LL_IsStallEP
 .text.USBD_LL_GetRxDataSize
                0x000000000800a65c        0xc build/usbd_conf.o
                0x000000000800a65c                USBD_LL_GetRxDataSize
 .text.HAL_PCDEx_LPM_Callback
                0x000000000800a668       0x64 build/usbd_conf.o
                0x000000000800a668                HAL_PCDEx_LPM_Callback
 .text.USBD_static_malloc
                0x000000000800a6cc        0x8 build/usbd_conf.o
                0x000000000800a6cc                USBD_static_malloc
 .text.USBD_static_free
                0x000000000800a6d4        0x2 build/usbd_conf.o
                0x000000000800a6d4                USBD_static_free
 .text.USBD_Get_USB_Status
                0x000000000800a6d6       0x14 build/usbd_conf.o
                0x000000000800a6d6                USBD_Get_USB_Status
 .text.USBD_LL_Start
                0x000000000800a6ea       0x10 build/usbd_conf.o
                0x000000000800a6ea                USBD_LL_Start
 .text.USBD_LL_OpenEP
                0x000000000800a6fa       0x16 build/usbd_conf.o
                0x000000000800a6fa                USBD_LL_OpenEP
 .text.USBD_LL_CloseEP
                0x000000000800a710       0x10 build/usbd_conf.o
                0x000000000800a710                USBD_LL_CloseEP
 .text.USBD_LL_StallEP
                0x000000000800a720       0x10 build/usbd_conf.o
                0x000000000800a720                USBD_LL_StallEP
 .text.USBD_LL_ClearStallEP
                0x000000000800a730       0x10 build/usbd_conf.o
                0x000000000800a730                USBD_LL_ClearStallEP
 .text.USBD_LL_SetUSBAddress
                0x000000000800a740       0x10 build/usbd_conf.o
                0x000000000800a740                USBD_LL_SetUSBAddress
 .text.USBD_LL_Transmit
                0x000000000800a750       0x10 build/usbd_conf.o
                0x000000000800a750                USBD_LL_Transmit
 .text.USBD_LL_PrepareReceive
                0x000000000800a760       0x10 build/usbd_conf.o
                0x000000000800a760                USBD_LL_PrepareReceive
 .text.PCD_WriteEmptyTxFifo
                0x000000000800a770       0xd2 build/stm32f4xx_hal_pcd.o
 .text.HAL_PCD_Init
                0x000000000800a842      0x110 build/stm32f4xx_hal_pcd.o
                0x000000000800a842                HAL_PCD_Init
 .text.HAL_PCD_Start
                0x000000000800a952       0x44 build/stm32f4xx_hal_pcd.o
                0x000000000800a952                HAL_PCD_Start
 *fill*         0x000000000800a996        0x2 
 .text.PCD_EP_OutXfrComplete_int
                0x000000000800a998      0x104 build/stm32f4xx_hal_pcd.o
 .text.PCD_EP_OutSetupPacket_int
                0x000000000800aa9c       0x50 build/stm32f4xx_hal_pcd.o
 .text.HAL_PCD_SetAddress
                0x000000000800aaec       0x26 build/stm32f4xx_hal_pcd.o
                0x000000000800aaec                HAL_PCD_SetAddress
 .text.HAL_PCD_EP_Open
                0x000000000800ab12       0x88 build/stm32f4xx_hal_pcd.o
                0x000000000800ab12                HAL_PCD_EP_Open
 .text.HAL_PCD_EP_Close
                0x000000000800ab9a       0x70 build/stm32f4xx_hal_pcd.o
                0x000000000800ab9a                HAL_PCD_EP_Close
 .text.HAL_PCD_EP_Receive
                0x000000000800ac0a       0x4a build/stm32f4xx_hal_pcd.o
                0x000000000800ac0a                HAL_PCD_EP_Receive
 .text.HAL_PCD_EP_GetRxCount
                0x000000000800ac54       0x12 build/stm32f4xx_hal_pcd.o
                0x000000000800ac54                HAL_PCD_EP_GetRxCount
 .text.HAL_PCD_EP_Transmit
                0x000000000800ac66       0x3e build/stm32f4xx_hal_pcd.o
                0x000000000800ac66                HAL_PCD_EP_Transmit
 .text.HAL_PCD_EP_SetStall
                0x000000000800aca4       0x86 build/stm32f4xx_hal_pcd.o
                0x000000000800aca4                HAL_PCD_EP_SetStall
 .text.HAL_PCD_EP_ClrStall
                0x000000000800ad2a       0x74 build/stm32f4xx_hal_pcd.o
                0x000000000800ad2a                HAL_PCD_EP_ClrStall
 .text.HAL_PCD_EP_Abort
                0x000000000800ad9e       0x34 build/stm32f4xx_hal_pcd.o
                0x000000000800ad9e                HAL_PCD_EP_Abort
 .text.HAL_PCD_IRQHandler
                0x000000000800add2      0x632 build/stm32f4xx_hal_pcd.o
                0x000000000800add2                HAL_PCD_IRQHandler
 .text.HAL_PCDEx_SetTxFiFo
                0x000000000800b404       0x48 build/stm32f4xx_hal_pcd_ex.o
                0x000000000800b404                HAL_PCDEx_SetTxFiFo
 .text.HAL_PCDEx_SetRxFiFo
                0x000000000800b44c        0x8 build/stm32f4xx_hal_pcd_ex.o
                0x000000000800b44c                HAL_PCDEx_SetRxFiFo
 .text.HAL_PCDEx_ActivateLPM
                0x000000000800b454       0x26 build/stm32f4xx_hal_pcd_ex.o
                0x000000000800b454                HAL_PCDEx_ActivateLPM
 .text.USB_CoreReset
                0x000000000800b47a       0x56 build/stm32f4xx_ll_usb.o
 .text.USB_CoreInit
                0x000000000800b4d0       0x92 build/stm32f4xx_ll_usb.o
                0x000000000800b4d0                USB_CoreInit
 *fill*         0x000000000800b562        0x2 
 .text.USB_SetTurnaroundTime
                0x000000000800b564       0xe4 build/stm32f4xx_ll_usb.o
                0x000000000800b564                USB_SetTurnaroundTime
 .text.USB_EnableGlobalInt
                0x000000000800b648        0xc build/stm32f4xx_ll_usb.o
                0x000000000800b648                USB_EnableGlobalInt
 .text.USB_DisableGlobalInt
                0x000000000800b654        0xc build/stm32f4xx_ll_usb.o
                0x000000000800b654                USB_DisableGlobalInt
 .text.USB_FlushTxFifo
                0x000000000800b660       0x4a build/stm32f4xx_ll_usb.o
                0x000000000800b660                USB_FlushTxFifo
 .text.USB_FlushRxFifo
                0x000000000800b6aa       0x46 build/stm32f4xx_ll_usb.o
                0x000000000800b6aa                USB_FlushRxFifo
 .text.USB_SetDevSpeed
                0x000000000800b6f0        0xe build/stm32f4xx_ll_usb.o
                0x000000000800b6f0                USB_SetDevSpeed
 *fill*         0x000000000800b6fe        0x2 
 .text.USB_DevInit
                0x000000000800b700      0x190 build/stm32f4xx_ll_usb.o
                0x000000000800b700                USB_DevInit
 .text.USB_GetDevSpeed
                0x000000000800b890       0x22 build/stm32f4xx_ll_usb.o
                0x000000000800b890                USB_GetDevSpeed
 .text.USB_ActivateEndpoint
                0x000000000800b8b2       0x94 build/stm32f4xx_ll_usb.o
                0x000000000800b8b2                USB_ActivateEndpoint
 *fill*         0x000000000800b946        0x2 
 .text.USB_DeactivateEndpoint
                0x000000000800b948       0xdc build/stm32f4xx_ll_usb.o
                0x000000000800b948                USB_DeactivateEndpoint
 .text.USB_EPStopXfer
                0x000000000800ba24       0xbe build/stm32f4xx_ll_usb.o
                0x000000000800ba24                USB_EPStopXfer
 .text.USB_WritePacket
                0x000000000800bae2       0x28 build/stm32f4xx_ll_usb.o
                0x000000000800bae2                USB_WritePacket
 *fill*         0x000000000800bb0a        0x2 
 .text.USB_EPStartXfer
                0x000000000800bb0c      0x244 build/stm32f4xx_ll_usb.o
                0x000000000800bb0c                USB_EPStartXfer
 .text.USB_ReadPacket
                0x000000000800bd50       0x4c build/stm32f4xx_ll_usb.o
                0x000000000800bd50                USB_ReadPacket
 .text.USB_EPSetStall
                0x000000000800bd9c       0x5a build/stm32f4xx_ll_usb.o
                0x000000000800bd9c                USB_EPSetStall
 .text.USB_EPClearStall
                0x000000000800bdf6       0x5c build/stm32f4xx_ll_usb.o
                0x000000000800bdf6                USB_EPClearStall
 .text.USB_SetDevAddress
                0x000000000800be52       0x20 build/stm32f4xx_ll_usb.o
                0x000000000800be52                USB_SetDevAddress
 .text.USB_DevConnect
                0x000000000800be72       0x1c build/stm32f4xx_ll_usb.o
                0x000000000800be72                USB_DevConnect
 .text.USB_DevDisconnect
                0x000000000800be8e       0x1c build/stm32f4xx_ll_usb.o
                0x000000000800be8e                USB_DevDisconnect
 .text.USB_ReadInterrupts
                0x000000000800beaa        0x8 build/stm32f4xx_ll_usb.o
                0x000000000800beaa                USB_ReadInterrupts
 .text.USB_ReadDevAllOutEpInterrupt
                0x000000000800beb2       0x10 build/stm32f4xx_ll_usb.o
                0x000000000800beb2                USB_ReadDevAllOutEpInterrupt
 .text.USB_ReadDevAllInEpInterrupt
                0x000000000800bec2       0x10 build/stm32f4xx_ll_usb.o
                0x000000000800bec2                USB_ReadDevAllInEpInterrupt
 .text.USB_ReadDevOutEPInterrupt
                0x000000000800bed2       0x12 build/stm32f4xx_ll_usb.o
                0x000000000800bed2                USB_ReadDevOutEPInterrupt
 .text.USB_ReadDevInEPInterrupt
                0x000000000800bee4       0x28 build/stm32f4xx_ll_usb.o
                0x000000000800bee4                USB_ReadDevInEPInterrupt
 .text.USB_GetMode
                0x000000000800bf0c        0x8 build/stm32f4xx_ll_usb.o
                0x000000000800bf0c                USB_GetMode
 .text.USB_SetCurrentMode
                0x000000000800bf14       0x62 build/stm32f4xx_ll_usb.o
                0x000000000800bf14                USB_SetCurrentMode
 .text.USB_ActivateSetup
                0x000000000800bf76       0x20 build/stm32f4xx_ll_usb.o
                0x000000000800bf76                USB_ActivateSetup
 *fill*         0x000000000800bf96        0x2 
 .text.USB_EP0_OutStart
                0x000000000800bf98       0x60 build/stm32f4xx_ll_usb.o
                0x000000000800bf98                USB_EP0_OutStart
 .text.USBD_Init
                0x000000000800bff8       0x2e build/usbd_core.o
                0x000000000800bff8                USBD_Init
 .text.USBD_RegisterClass
                0x000000000800c026       0x34 build/usbd_core.o
                0x000000000800c026                USBD_RegisterClass
 .text.USBD_Start
                0x000000000800c05a        0x8 build/usbd_core.o
                0x000000000800c05a                USBD_Start
 .text.USBD_SetClassConfig
                0x000000000800c062       0x12 build/usbd_core.o
                0x000000000800c062                USBD_SetClassConfig
 .text.USBD_ClrClassConfig
                0x000000000800c074       0x12 build/usbd_core.o
                0x000000000800c074                USBD_ClrClassConfig
 .text.USBD_LL_SetupStage
                0x000000000800c086       0x58 build/usbd_core.o
                0x000000000800c086                USBD_LL_SetupStage
 .text.USBD_LL_Reset
                0x000000000800c0de       0x66 build/usbd_core.o
                0x000000000800c0de                USBD_LL_Reset
 .text.USBD_LL_SetSpeed
                0x000000000800c144        0x6 build/usbd_core.o
                0x000000000800c144                USBD_LL_SetSpeed
 .text.USBD_LL_Suspend
                0x000000000800c14a       0x1e build/usbd_core.o
                0x000000000800c14a                USBD_LL_Suspend
 .text.USBD_LL_Resume
                0x000000000800c168       0x1a build/usbd_core.o
                0x000000000800c168                USBD_LL_Resume
 .text.USBD_LL_SOF
                0x000000000800c182       0x22 build/usbd_core.o
                0x000000000800c182                USBD_LL_SOF
 .text.USBD_LL_IsoINIncomplete
                0x000000000800c1a4       0x2e build/usbd_core.o
                0x000000000800c1a4                USBD_LL_IsoINIncomplete
 .text.USBD_LL_IsoOUTIncomplete
                0x000000000800c1d2       0x2e build/usbd_core.o
                0x000000000800c1d2                USBD_LL_IsoOUTIncomplete
 .text.USBD_LL_DevConnected
                0x000000000800c200        0x4 build/usbd_core.o
                0x000000000800c200                USBD_LL_DevConnected
 .text.USBD_LL_DevDisconnected
                0x000000000800c204       0x20 build/usbd_core.o
                0x000000000800c204                USBD_LL_DevDisconnected
 .text.USBD_CoreFindIF
                0x000000000800c224        0x4 build/usbd_core.o
                0x000000000800c224                USBD_CoreFindIF
 .text.USBD_CoreFindEP
                0x000000000800c228        0x4 build/usbd_core.o
                0x000000000800c228                USBD_CoreFindEP
 .text.USBD_LL_DataOutStage
                0x000000000800c22c       0xd8 build/usbd_core.o
                0x000000000800c22c                USBD_LL_DataOutStage
 .text.USBD_LL_DataInStage
                0x000000000800c304       0xde build/usbd_core.o
                0x000000000800c304                USBD_LL_DataInStage
 .text.USBD_GetNextDesc
                0x000000000800c3e2        0xe build/usbd_core.o
                0x000000000800c3e2                USBD_GetNextDesc
 .text.USBD_GetEpDesc
                0x000000000800c3f0       0x3e build/usbd_core.o
                0x000000000800c3f0                USBD_GetEpDesc
 .text.USBD_GetLen
                0x000000000800c42e       0x12 build/usbd_ctlreq.o
 .text.USBD_ParseSetupRequest
                0x000000000800c440       0x28 build/usbd_ctlreq.o
                0x000000000800c440                USBD_ParseSetupRequest
 .text.USBD_CtlError
                0x000000000800c468       0x14 build/usbd_ctlreq.o
                0x000000000800c468                USBD_CtlError
 .text.USBD_GetDescriptor
                0x000000000800c47c      0x1ac build/usbd_ctlreq.o
 .text.USBD_SetAddress
                0x000000000800c628       0x50 build/usbd_ctlreq.o
 .text.USBD_SetConfig
                0x000000000800c678       0xcc build/usbd_ctlreq.o
 .text.USBD_GetConfig
                0x000000000800c744       0x40 build/usbd_ctlreq.o
 .text.USBD_GetStatus
                0x000000000800c784       0x38 build/usbd_ctlreq.o
 .text.USBD_SetFeature
                0x000000000800c7bc       0x2a build/usbd_ctlreq.o
 .text.USBD_ClrFeature
                0x000000000800c7e6       0x26 build/usbd_ctlreq.o
 .text.USBD_StdDevReq
                0x000000000800c80c       0x76 build/usbd_ctlreq.o
                0x000000000800c80c                USBD_StdDevReq
 .text.USBD_StdItfReq
                0x000000000800c882       0x8c build/usbd_ctlreq.o
                0x000000000800c882                USBD_StdItfReq
 .text.USBD_StdEPReq
                0x000000000800c90e      0x23a build/usbd_ctlreq.o
                0x000000000800c90e                USBD_StdEPReq
 .text.USBD_GetString
                0x000000000800cb48       0x44 build/usbd_ctlreq.o
                0x000000000800cb48                USBD_GetString
 .text.USBD_CtlSendData
                0x000000000800cb8c       0x1c build/usbd_ioreq.o
                0x000000000800cb8c                USBD_CtlSendData
 .text.USBD_CtlContinueSendData
                0x000000000800cba8       0x10 build/usbd_ioreq.o
                0x000000000800cba8                USBD_CtlContinueSendData
 .text.USBD_CtlPrepareRx
                0x000000000800cbb8       0x22 build/usbd_ioreq.o
                0x000000000800cbb8                USBD_CtlPrepareRx
 .text.USBD_CtlContinueRx
                0x000000000800cbda       0x10 build/usbd_ioreq.o
                0x000000000800cbda                USBD_CtlContinueRx
 .text.USBD_CtlSendStatus
                0x000000000800cbea       0x16 build/usbd_ioreq.o
                0x000000000800cbea                USBD_CtlSendStatus
 .text.USBD_CtlReceiveStatus
                0x000000000800cc00       0x16 build/usbd_ioreq.o
                0x000000000800cc00                USBD_CtlReceiveStatus
 .text.USBD_CDC_EP0_RxReady
                0x000000000800cc16       0x40 build/usbd_cdc.o
 *fill*         0x000000000800cc56        0x2 
 .text.USBD_CDC_GetDeviceQualifierDescriptor
                0x000000000800cc58        0xc build/usbd_cdc.o
                0x000000000800cc58                USBD_CDC_GetDeviceQualifierDescriptor
 .text.USBD_CDC_GetOtherSpeedCfgDesc
                0x000000000800cc64       0x48 build/usbd_cdc.o
 .text.USBD_CDC_GetFSCfgDesc
                0x000000000800ccac       0x48 build/usbd_cdc.o
 .text.USBD_CDC_GetHSCfgDesc
                0x000000000800ccf4       0x48 build/usbd_cdc.o
 .text.USBD_CDC_DataOut
                0x000000000800cd3c       0x38 build/usbd_cdc.o
 .text.USBD_CDC_DataIn
                0x000000000800cd74       0x7c build/usbd_cdc.o
 .text.USBD_CDC_Setup
                0x000000000800cdf0      0x11a build/usbd_cdc.o
 .text.USBD_CDC_DeInit
                0x000000000800cf0a       0x64 build/usbd_cdc.o
 .text.USBD_CDC_Init
                0x000000000800cf6e       0xee build/usbd_cdc.o
 .text.USBD_CDC_RegisterInterface
                0x000000000800d05c       0x16 build/usbd_cdc.o
                0x000000000800d05c                USBD_CDC_RegisterInterface
 .text.USBD_CDC_SetTxBuffer
                0x000000000800d072       0x1c build/usbd_cdc.o
                0x000000000800d072                USBD_CDC_SetTxBuffer
 .text.USBD_CDC_SetRxBuffer
                0x000000000800d08e       0x18 build/usbd_cdc.o
                0x000000000800d08e                USBD_CDC_SetRxBuffer
 .text.USBD_CDC_TransmitPacket
                0x000000000800d0a6       0x3a build/usbd_cdc.o
                0x000000000800d0a6                USBD_CDC_TransmitPacket
 .text.USBD_CDC_ReceivePacket
                0x000000000800d0e0       0x38 build/usbd_cdc.o
                0x000000000800d0e0                USBD_CDC_ReceivePacket
 .text.Reset_Handler
                0x000000000800d118       0x50 build/startup_stm32f446xx.o
                0x000000000800d118                Reset_Handler
 .text.Default_Handler
                0x000000000800d168        0x2 build/startup_stm32f446xx.o
                0x000000000800d168                RTC_Alarm_IRQHandler
                0x000000000800d168                EXTI2_IRQHandler
                0x000000000800d168                TIM8_CC_IRQHandler
                0x000000000800d168                FMPI2C1_EV_IRQHandler
                0x000000000800d168                SPI4_IRQHandler
                0x000000000800d168                TIM1_CC_IRQHandler
                0x000000000800d168                DMA2_Stream5_IRQHandler
                0x000000000800d168                DMA1_Stream5_IRQHandler
                0x000000000800d168                PVD_IRQHandler
                0x000000000800d168                SDIO_IRQHandler
                0x000000000800d168                TAMP_STAMP_IRQHandler
                0x000000000800d168                CAN2_RX1_IRQHandler
                0x000000000800d168                EXTI3_IRQHandler
                0x000000000800d168                TIM8_TRG_COM_TIM14_IRQHandler
                0x000000000800d168                TIM1_UP_TIM10_IRQHandler
                0x000000000800d168                TIM8_UP_TIM13_IRQHandler
                0x000000000800d168                I2C3_ER_IRQHandler
                0x000000000800d168                EXTI0_IRQHandler
                0x000000000800d168                I2C2_EV_IRQHandler
                0x000000000800d168                DMA1_Stream2_IRQHandler
                0x000000000800d168                CAN1_RX0_IRQHandler
                0x000000000800d168                FPU_IRQHandler
                0x000000000800d168                OTG_HS_WKUP_IRQHandler
                0x000000000800d168                CAN2_SCE_IRQHandler
                0x000000000800d168                DMA2_Stream2_IRQHandler
                0x000000000800d168                SPI1_IRQHandler
                0x000000000800d168                TIM6_DAC_IRQHandler
                0x000000000800d168                TIM1_BRK_TIM9_IRQHandler
                0x000000000800d168                DCMI_IRQHandler
                0x000000000800d168                CAN2_RX0_IRQHandler
                0x000000000800d168                DMA2_Stream3_IRQHandler
                0x000000000800d168                SAI2_IRQHandler
                0x000000000800d168                USART6_IRQHandler
                0x000000000800d168                USART3_IRQHandler
                0x000000000800d168                CAN1_RX1_IRQHandler
                0x000000000800d168                UART5_IRQHandler
                0x000000000800d168                TIM4_IRQHandler
                0x000000000800d168                QUADSPI_IRQHandler
                0x000000000800d168                DMA1_Stream6_IRQHandler
                0x000000000800d168                DMA1_Stream1_IRQHandler
                0x000000000800d168                UART4_IRQHandler
                0x000000000800d168                TIM3_IRQHandler
                0x000000000800d168                RCC_IRQHandler
                0x000000000800d168                TIM8_BRK_TIM12_IRQHandler
                0x000000000800d168                Default_Handler
                0x000000000800d168                CEC_IRQHandler
                0x000000000800d168                EXTI15_10_IRQHandler
                0x000000000800d168                ADC_IRQHandler
                0x000000000800d168                DMA1_Stream7_IRQHandler
                0x000000000800d168                TIM7_IRQHandler
                0x000000000800d168                CAN2_TX_IRQHandler
                0x000000000800d168                TIM5_IRQHandler
                0x000000000800d168                DMA2_Stream7_IRQHandler
                0x000000000800d168                I2C3_EV_IRQHandler
                0x000000000800d168                EXTI9_5_IRQHandler
                0x000000000800d168                RTC_WKUP_IRQHandler
                0x000000000800d168                SPDIF_RX_IRQHandler
                0x000000000800d168                SPI2_IRQHandler
                0x000000000800d168                OTG_HS_EP1_IN_IRQHandler
                0x000000000800d168                DMA1_Stream0_IRQHandler
                0x000000000800d168                CAN1_TX_IRQHandler
                0x000000000800d168                FMPI2C1_ER_IRQHandler
                0x000000000800d168                EXTI4_IRQHandler
                0x000000000800d168                OTG_HS_EP1_OUT_IRQHandler
                0x000000000800d168                WWDG_IRQHandler
                0x000000000800d168                TIM2_IRQHandler
                0x000000000800d168                OTG_FS_WKUP_IRQHandler
                0x000000000800d168                TIM1_TRG_COM_TIM11_IRQHandler
                0x000000000800d168                OTG_HS_IRQHandler
                0x000000000800d168                EXTI1_IRQHandler
                0x000000000800d168                USART2_IRQHandler
                0x000000000800d168                I2C2_ER_IRQHandler
                0x000000000800d168                DMA2_Stream1_IRQHandler
                0x000000000800d168                CAN1_SCE_IRQHandler
                0x000000000800d168                FLASH_IRQHandler
                0x000000000800d168                DMA2_Stream4_IRQHandler
                0x000000000800d168                USART1_IRQHandler
                0x000000000800d168                SPI3_IRQHandler
                0x000000000800d168                DMA1_Stream4_IRQHandler
                0x000000000800d168                FMC_IRQHandler
                0x000000000800d168                DMA2_Stream6_IRQHandler
                0x000000000800d168                SAI1_IRQHandler
                0x000000000800d168                DMA1_Stream3_IRQHandler
 *(.glue_7)
 .glue_7        0x000000000800d16a        0x0 linker stubs
 *(.glue_7t)
 .glue_7t       0x000000000800d16a        0x0 linker stubs
 *(.eh_frame)
 *fill*         0x000000000800d16a        0x2 
 .eh_frame      0x000000000800d16c        0x0 /usr/lib/gcc/arm-none-eabi/9.2.1/thumb/v7e-m+fp/hard/crtbegin.o
 *(.init)
 .init          0x000000000800d16c        0x4 /usr/lib/gcc/arm-none-eabi/9.2.1/thumb/v7e-m+fp/hard/crti.o
                0x000000000800d16c                _init
 .init          0x000000000800d170        0x8 /usr/lib/gcc/arm-none-eabi/9.2.1/thumb/v7e-m+fp/hard/crtn.o
 *(.fini)
 .fini          0x000000000800d178        0x4 /usr/lib/gcc/arm-none-eabi/9.2.1/thumb/v7e-m+fp/hard/crti.o
                0x000000000800d178                _fini
 .fini          0x000000000800d17c        0x8 /usr/lib/gcc/arm-none-eabi/9.2.1/thumb/v7e-m+fp/hard/crtn.o
                0x000000000800d184                . = ALIGN (0x4)
                0x000000000800d184                _etext = .

.vfp11_veneer   0x000000000800d184        0x0
 .vfp11_veneer  0x000000000800d184        0x0 linker stubs

.v4_bx          0x000000000800d184        0x0
 .v4_bx         0x000000000800d184        0x0 linker stubs

.iplt           0x000000000800d184        0x0
 .iplt          0x000000000800d184        0x0 /usr/lib/gcc/arm-none-eabi/9.2.1/thumb/v7e-m+fp/hard/crtbegin.o

.rodata         0x000000000800d188      0x5d4
                0x000000000800d188                . = ALIGN (0x4)
 *(.rodata)
 .rodata        0x000000000800d188        0x4 /usr/lib/gcc/arm-none-eabi/9.2.1/../../../arm-none-eabi/lib/thumb/v7e-m+fp/hard/libc_nano.a(lib_a-impure.o)
                0x000000000800d188                _global_impure_ptr
 *fill*         0x000000000800d18c        0x4 
 .rodata        0x000000000800d190      0x128 /usr/lib/gcc/arm-none-eabi/9.2.1/../../../arm-none-eabi/lib/thumb/v7e-m+fp/hard/libc_nano.a(lib_a-mprec.o)
                0x000000000800d1a0                __mprec_tens
                0x000000000800d268                __mprec_tinytens
                0x000000000800d290                __mprec_bigtens
 .rodata        0x000000000800d2b8      0x101 /usr/lib/gcc/arm-none-eabi/9.2.1/../../../arm-none-eabi/lib/thumb/v7e-m+fp/hard/libc_nano.a(lib_a-ctype_.o)
                0x000000000800d2b8                _ctype_
 *fill*         0x000000000800d3b9        0x3 
 .rodata        0x000000000800d3bc       0x60 /usr/lib/gcc/arm-none-eabi/9.2.1/../../../arm-none-eabi/lib/thumb/v7e-m+fp/hard/libc_nano.a(lib_a-findfp.o)
                0x000000000800d3bc                __sf_fake_stderr
                0x000000000800d3dc                __sf_fake_stdout
                0x000000000800d3fc                __sf_fake_stdin
 *(.rodata*)
 .rodata.My_Application_Init.str1.4
                0x000000000800d41c       0xed build/my_application.o
 *fill*         0x000000000800d509        0x3 
 .rodata.My_Application_Run.str1.4
                0x000000000800d50c       0xa2 build/my_application.o
 *fill*         0x000000000800d5ae        0x2 
 .rodata.flagBitshiftOffset.8602
                0x000000000800d5b0        0x8 build/stm32f4xx_hal_dma.o
 .rodata.AHBPrescTable
                0x000000000800d5b8       0x10 build/system_stm32f4xx.o
                0x000000000800d5b8                AHBPrescTable
 .rodata.APBPrescTable
                0x000000000800d5c8        0x8 build/system_stm32f4xx.o
                0x000000000800d5c8                APBPrescTable
 .rodata.USBD_FS_ProductStrDescriptor.str1.4
                0x000000000800d5d0       0x16 build/usbd_desc.o
 *fill*         0x000000000800d5e6        0x2 
 .rodata.USBD_FS_ManufacturerStrDescriptor.str1.4
                0x000000000800d5e8       0x13 build/usbd_desc.o
 *fill*         0x000000000800d5fb        0x1 
 .rodata.USBD_FS_ConfigStrDescriptor.str1.4
                0x000000000800d5fc        0xb build/usbd_desc.o
 *fill*         0x000000000800d607        0x1 
 .rodata.USBD_FS_InterfaceStrDescriptor.str1.4
                0x000000000800d608        0xe build/usbd_desc.o
 *fill*         0x000000000800d616        0x2 
 .rodata.str1.4
                0x000000000800d618       0x12 /usr/lib/gcc/arm-none-eabi/9.2.1/../../../arm-none-eabi/lib/thumb/v7e-m+fp/hard/libc_nano.a(lib_a-nano-vfprintf_float.o)
 *fill*         0x000000000800d62a        0x2 
 .rodata.str1.4
                0x000000000800d62c       0x25 /usr/lib/gcc/arm-none-eabi/9.2.1/../../../arm-none-eabi/lib/thumb/v7e-m+fp/hard/libc_nano.a(lib_a-nano-vfprintf_i.o)
 *fill*         0x000000000800d651        0x3 
 .rodata.str1.4
                0x000000000800d654       0x6d /usr/lib/gcc/arm-none-eabi/9.2.1/../../../arm-none-eabi/lib/thumb/v7e-m+fp/hard/libc_nano.a(lib_a-dtoa.o)
                                         0x71 (size before relaxing)
 *fill*         0x000000000800d6c1        0x3 
 .rodata.str1.4
                0x000000000800d6c4       0x33 /usr/lib/gcc/arm-none-eabi/9.2.1/../../../arm-none-eabi/lib/thumb/v7e-m+fp/hard/libc_nano.a(lib_a-mprec.o)
                                         0x5d (size before relaxing)
 *fill*         0x000000000800d6f7        0x1 
 .rodata.str1.4
                0x000000000800d6f8       0x13 /usr/lib/gcc/arm-none-eabi/9.2.1/../../../arm-none-eabi/lib/thumb/v7e-m+fp/hard/libc_nano.a(lib_a-nano-svfprintf.o)
 *fill*         0x000000000800d70b        0x1 
 .rodata.str1.4
                0x000000000800d70c       0x3f /usr/lib/gcc/arm-none-eabi/9.2.1/../../../arm-none-eabi/lib/thumb/v7e-m+fp/hard/libc_nano.a(lib_a-assert.o)
                                         0x43 (size before relaxing)
 *fill*         0x000000000800d74b        0x1 
 .rodata.str1.4
                0x000000000800d74c        0xe /usr/lib/gcc/arm-none-eabi/9.2.1/../../../arm-none-eabi/lib/thumb/v7e-m+fp/hard/libc_nano.a(lib_a-locale.o)
                                         0x12 (size before relaxing)
 .rodata.str1.4
                0x000000000800d75a       0x13 /usr/lib/gcc/arm-none-eabi/9.2.1/../../../arm-none-eabi/lib/thumb/v7e-m+fp/hard/libc_nano.a(lib_a-nano-vfprintf.o)
                0x000000000800d770                . = ALIGN (0x4)
 *fill*         0x000000000800d75a        0x2 

.ARM.extab      0x000000000800d75c        0x0
                0x000000000800d75c                . = ALIGN (0x4)
 *(.ARM.extab* .gnu.linkonce.armextab.*)
                0x000000000800d75c                . = ALIGN (0x4)

.ARM            0x000000000800d75c        0x8
                0x000000000800d75c                . = ALIGN (0x4)
                0x000000000800d75c                __exidx_start = .
 *(.ARM.exidx*)
 .ARM.exidx     0x000000000800d75c        0x8 /usr/lib/gcc/arm-none-eabi/9.2.1/thumb/v7e-m+fp/hard/libgcc.a(_udivmoddi4.o)
                0x000000000800d764                __exidx_end = .
                0x000000000800d764                . = ALIGN (0x4)

.rel.dyn        0x000000000800d764        0x0
 .rel.iplt      0x000000000800d764        0x0 /usr/lib/gcc/arm-none-eabi/9.2.1/thumb/v7e-m+fp/hard/crtbegin.o

.preinit_array  0x000000000800d764        0x0
                0x000000000800d764                . = ALIGN (0x4)
                0x000000000800d764                PROVIDE (__preinit_array_start = .)
 *(.preinit_array*)
                0x000000000800d764                PROVIDE (__preinit_array_end = .)
                0x000000000800d764                . = ALIGN (0x4)

.init_array     0x000000000800d764        0x4
                0x000000000800d764                . = ALIGN (0x4)
                0x000000000800d764                PROVIDE (__init_array_start = .)
 *(SORT_BY_NAME(.init_array.*))
 *(.init_array*)
 .init_array    0x000000000800d764        0x4 /usr/lib/gcc/arm-none-eabi/9.2.1/thumb/v7e-m+fp/hard/crtbegin.o
                0x000000000800d768                PROVIDE (__init_array_end = .)
                0x000000000800d768                . = ALIGN (0x4)

.fini_array     0x000000000800d768        0x4
                0x000000000800d768                . = ALIGN (0x4)
                0x000000000800d768                PROVIDE (__fini_array_start = .)
 *(SORT_BY_NAME(.fini_array.*))
 *(.fini_array*)
 .fini_array    0x000000000800d768        0x4 /usr/lib/gcc/arm-none-eabi/9.2.1/thumb/v7e-m+fp/hard/crtbegin.o
                0x000000000800d76c                PROVIDE (__fini_array_end = .)
                0x000000000800d76c                . = ALIGN (0x4)
                0x000000000800d76c                _sidata = LOADADDR (.data)

.data           0x0000000020000000      0x338 load address 0x000000000800d76c
                0x0000000020000000                . = ALIGN (0x4)
                0x0000000020000000                _sdata = .
 *(.data)
 .data          0x0000000020000000       0x64 /usr/lib/gcc/arm-none-eabi/9.2.1/../../../arm-none-eabi/lib/thumb/v7e-m+fp/hard/libc_nano.a(lib_a-impure.o)
                0x0000000020000000                _impure_ptr
 .data          0x0000000020000064      0x16c /usr/lib/gcc/arm-none-eabi/9.2.1/../../../arm-none-eabi/lib/thumb/v7e-m+fp/hard/libc_nano.a(lib_a-locale.o)
                0x0000000020000064                __global_locale
 *(.data*)
 .data.hum.10774
                0x00000000200001d0       0x20 build/my_application.o
 .data.press.10775
                0x00000000200001f0       0x20 build/my_application.o
 .data.temp.10773
                0x0000000020000210       0x20 build/my_application.o
 .data.uwTickFreq
                0x0000000020000230        0x1 build/stm32f4xx_hal.o
                0x0000000020000230                uwTickFreq
 *fill*         0x0000000020000231        0x3 
 .data.uwTickPrio
                0x0000000020000234        0x4 build/stm32f4xx_hal.o
                0x0000000020000234                uwTickPrio
 .data.SystemCoreClock
                0x0000000020000238        0x4 build/system_stm32f4xx.o
                0x0000000020000238                SystemCoreClock
 .data.FS_Desc  0x000000002000023c       0x20 build/usbd_desc.o
                0x000000002000023c                FS_Desc
 .data.USBD_FS_BOSDesc
                0x000000002000025c        0xc build/usbd_desc.o
                0x000000002000025c                USBD_FS_BOSDesc
 .data.USBD_FS_DeviceDesc
                0x0000000020000268       0x12 build/usbd_desc.o
                0x0000000020000268                USBD_FS_DeviceDesc
 *fill*         0x000000002000027a        0x2 
 .data.USBD_LangIDDesc
                0x000000002000027c        0x4 build/usbd_desc.o
                0x000000002000027c                USBD_LangIDDesc
 .data.USBD_StringSerial
                0x0000000020000280       0x1a build/usbd_desc.o
                0x0000000020000280                USBD_StringSerial
 *fill*         0x000000002000029a        0x2 
 .data.USBD_Interface_fops_FS
                0x000000002000029c       0x14 build/usbd_cdc_if.o
                0x000000002000029c                USBD_Interface_fops_FS
 .data.USBD_CDC
                0x00000000200002b0       0x38 build/usbd_cdc.o
                0x00000000200002b0                USBD_CDC
 .data.USBD_CDC_CfgDesc
                0x00000000200002e8       0x43 build/usbd_cdc.o
 *fill*         0x000000002000032b        0x1 
 .data.USBD_CDC_DeviceQualifierDesc
                0x000000002000032c        0xa build/usbd_cdc.o
 *(.RamFunc)
 *(.RamFunc*)
                0x0000000020000338                . = ALIGN (0x4)
 *fill*         0x0000000020000336        0x2 
                0x0000000020000338                _edata = .

.tm_clone_table
                0x0000000020000338        0x0 load address 0x000000000800daa4
 .tm_clone_table
                0x0000000020000338        0x0 /usr/lib/gcc/arm-none-eabi/9.2.1/thumb/v7e-m+fp/hard/crtbegin.o
 .tm_clone_table
                0x0000000020000338        0x0 /usr/lib/gcc/arm-none-eabi/9.2.1/thumb/v7e-m+fp/hard/crtend.o

.igot.plt       0x0000000020000338        0x0 load address 0x000000000800daa4
 .igot.plt      0x0000000020000338        0x0 /usr/lib/gcc/arm-none-eabi/9.2.1/thumb/v7e-m+fp/hard/crtbegin.o
                0x0000000020000338                . = ALIGN (0x4)

.bss            0x0000000020000338     0x22d4 load address 0x000000000800daa4
                0x0000000020000338                _sbss = .
                0x0000000020000338                __bss_start__ = _sbss
 *(.bss)
 .bss           0x0000000020000338       0x1c /usr/lib/gcc/arm-none-eabi/9.2.1/thumb/v7e-m+fp/hard/crtbegin.o
 .bss           0x0000000020000354       0x10 build/microphone_sensor.o
                0x0000000020000354                dma_buffer
 .bss           0x0000000020000364        0x8 /usr/lib/gcc/arm-none-eabi/9.2.1/../../../arm-none-eabi/lib/thumb/v7e-m+fp/hard/libc_nano.a(lib_a-nano-mallocr.o)
                0x0000000020000364                __malloc_free_list
                0x0000000020000368                __malloc_sbrk_start
 *(.bss*)
 .bss.i2c_arbitration_lost_count
                0x000000002000036c        0x4 build/i2c_error_handler.o
                0x000000002000036c                i2c_arbitration_lost_count
 .bss.i2c_bus_error_count
                0x0000000020000370        0x4 build/i2c_error_handler.o
                0x0000000020000370                i2c_bus_error_count
 .bss.i2c_error_count
                0x0000000020000374        0x4 build/i2c_error_handler.o
                0x0000000020000374                i2c_error_count
 .bss.i2c_recovery_count
                0x0000000020000378        0x4 build/i2c_error_handler.o
                0x0000000020000378                i2c_recovery_count
 .bss.i2c_timeout_count
                0x000000002000037c        0x4 build/i2c_error_handler.o
                0x000000002000037c                i2c_timeout_count
 .bss.current_state
                0x0000000020000380        0x1 build/i2c_dma_manager.o
 *fill*         0x0000000020000381        0x3 
 .bss.i2c_dma_data
                0x0000000020000384       0x64 build/i2c_dma_manager.o
                0x0000000020000384                i2c_dma_data
 .bss.reading_in_progress
                0x00000000200003e8        0x1 build/i2c_dma_manager.o
 *fill*         0x00000000200003e9        0x3 
 .bss.bme       0x00000000200003ec      0x180 build/my_application.o
 .bss.bme_index.10776
                0x000000002000056c        0x4 build/my_application.o
 .bss.msg.10757
                0x0000000020000570       0x80 build/my_application.o
 .bss.msg.10777
                0x00000000200005f0      0x200 build/my_application.o
 .bss.__sbrk_heap_end
                0x00000000200007f0        0x4 build/sysmem.o
 .bss.mem.10645
                0x00000000200007f4      0x220 build/usbd_conf.o
 .bss.cfgidx.10571
                0x0000000020000a14        0x1 build/usbd_ctlreq.o
 *(COMMON)
 *fill*         0x0000000020000a15        0x3 
 COMMON         0x0000000020000a18      0x114 build/i2c.o
                0x0000000020000a18                hdma_i2c1_tx
                0x0000000020000a78                hi2c1
                0x0000000020000acc                hdma_i2c1_rx
 COMMON         0x0000000020000b2c       0x48 build/usart.o
                0x0000000020000b2c                huart1
 COMMON         0x0000000020000b74       0x28 build/my_application.o
                0x0000000020000b74                icm42688
                0x0000000020000b84                vcnl4040
                0x0000000020000b8c                mic
 COMMON         0x0000000020000b9c        0x4 build/stm32f4xx_hal.o
                0x0000000020000b9c                uwTick
 COMMON         0x0000000020000ba0       0xa8 build/i2s.o
                0x0000000020000ba0                hi2s1
                0x0000000020000be8                hdma_spi1_rx
 COMMON         0x0000000020000c48      0x2dc build/usb_device.o
                0x0000000020000c48                hUsbDeviceFS
 COMMON         0x0000000020000f24      0x200 build/usbd_desc.o
                0x0000000020000f24                USBD_StrDesc
 COMMON         0x0000000020001124     0x1000 build/usbd_cdc_if.o
                0x0000000020001124                UserRxBufferFS
                0x0000000020001924                UserTxBufferFS
 COMMON         0x0000000020002124      0x4e4 build/usbd_conf.o
                0x0000000020002124                hpcd_USB_OTG_FS
 COMMON         0x0000000020002608        0x4 /usr/lib/gcc/arm-none-eabi/9.2.1/../../../arm-none-eabi/lib/thumb/v7e-m+fp/hard/libc_nano.a(lib_a-reent.o)
                0x0000000020002608                errno
                0x000000002000260c                . = ALIGN (0x4)
                0x000000002000260c                _ebss = .
                0x000000002000260c                __bss_end__ = _ebss

._user_heap_stack
                0x000000002000260c     0x1204 load address 0x000000000800daa4
                0x0000000020002610                . = ALIGN (0x8)
 *fill*         0x000000002000260c        0x4 
                [!provide]                        PROVIDE (end = .)
                0x0000000020002610                PROVIDE (_end = .)
                0x0000000020002810                . = (. + _Min_Heap_Size)
 *fill*         0x0000000020002610      0x200 
                0x0000000020003810                . = (. + _Min_Stack_Size)
 *fill*         0x0000000020002810     0x1000 
                0x0000000020003810                . = ALIGN (0x8)

/DISCARD/
 libc.a(*)
 libm.a(*)
 libgcc.a(*)
OUTPUT(build/finger.elf elf32-littlearm)
LOAD linker stubs
LOAD /usr/lib/gcc/arm-none-eabi/9.2.1/../../../arm-none-eabi/lib/thumb/v7e-m+fp/hard/libc.a
LOAD /usr/lib/gcc/arm-none-eabi/9.2.1/../../../arm-none-eabi/lib/thumb/v7e-m+fp/hard/libm.a
LOAD /usr/lib/gcc/arm-none-eabi/9.2.1/thumb/v7e-m+fp/hard/libgcc.a

.ARM.attributes
                0x0000000000000000       0x30
 .ARM.attributes
                0x0000000000000000       0x1e /usr/lib/gcc/arm-none-eabi/9.2.1/thumb/v7e-m+fp/hard/crti.o
 .ARM.attributes
                0x000000000000001e       0x34 /usr/lib/gcc/arm-none-eabi/9.2.1/thumb/v7e-m+fp/hard/crtbegin.o
 .ARM.attributes
                0x0000000000000052       0x34 build/main.o
 .ARM.attributes
                0x0000000000000086       0x34 build/gpio.o
 .ARM.attributes
                0x00000000000000ba       0x34 build/i2c.o
 .ARM.attributes
                0x00000000000000ee       0x34 build/i2c_error_handler.o
 .ARM.attributes
                0x0000000000000122       0x34 build/i2c_dma_manager.o
 .ARM.attributes
                0x0000000000000156       0x34 build/usart.o
 .ARM.attributes
                0x000000000000018a       0x34 build/stm32f4xx_it.o
 .ARM.attributes
                0x00000000000001be       0x34 build/stm32f4xx_hal_msp.o
 .ARM.attributes
                0x00000000000001f2       0x34 build/vcnl4040_sensor.o
 .ARM.attributes
                0x0000000000000226       0x34 build/humidity_temp_sensor.o
 .ARM.attributes
                0x000000000000025a       0x34 build/microphone_sensor.o
 .ARM.attributes
                0x000000000000028e       0x34 build/icm42688_sensor.o
 .ARM.attributes
                0x00000000000002c2       0x34 build/methods.o
 .ARM.attributes
                0x00000000000002f6       0x34 build/my_application.o
 .ARM.attributes
                0x000000000000032a       0x34 build/stm32f4xx_hal_i2c.o
 .ARM.attributes
                0x000000000000035e       0x34 build/stm32f4xx_hal_rcc.o
 .ARM.attributes
                0x0000000000000392       0x34 build/stm32f4xx_hal_rcc_ex.o
 .ARM.attributes
                0x00000000000003c6       0x34 build/stm32f4xx_hal_gpio.o
 .ARM.attributes
                0x00000000000003fa       0x34 build/stm32f4xx_hal_dma.o
 .ARM.attributes
                0x000000000000042e       0x34 build/stm32f4xx_hal_cortex.o
 .ARM.attributes
                0x0000000000000462       0x34 build/stm32f4xx_hal.o
 .ARM.attributes
                0x0000000000000496       0x34 build/stm32f4xx_hal_uart.o
 .ARM.attributes
                0x00000000000004ca       0x34 build/system_stm32f4xx.o
 .ARM.attributes
                0x00000000000004fe       0x34 build/sysmem.o
 .ARM.attributes
                0x0000000000000532       0x34 build/syscalls.o
 .ARM.attributes
                0x0000000000000566       0x34 build/dma.o
 .ARM.attributes
                0x000000000000059a       0x34 build/i2s.o
 .ARM.attributes
                0x00000000000005ce       0x34 build/stm32f4xx_hal_i2s.o
 .ARM.attributes
                0x0000000000000602       0x34 build/usb_device.o
 .ARM.attributes
                0x0000000000000636       0x34 build/usbd_desc.o
 .ARM.attributes
                0x000000000000066a       0x34 build/usbd_cdc_if.o
 .ARM.attributes
                0x000000000000069e       0x34 build/usbd_conf.o
 .ARM.attributes
                0x00000000000006d2       0x34 build/stm32f4xx_hal_pcd.o
 .ARM.attributes
                0x0000000000000706       0x34 build/stm32f4xx_hal_pcd_ex.o
 .ARM.attributes
                0x000000000000073a       0x34 build/stm32f4xx_ll_usb.o
 .ARM.attributes
                0x000000000000076e       0x34 build/usbd_core.o
 .ARM.attributes
                0x00000000000007a2       0x34 build/usbd_ctlreq.o
 .ARM.attributes
                0x00000000000007d6       0x34 build/usbd_ioreq.o
 .ARM.attributes
                0x000000000000080a       0x34 build/usbd_cdc.o
 .ARM.attributes
                0x000000000000083e       0x21 build/startup_stm32f446xx.o
 .ARM.attributes
                0x000000000000085f       0x34 /usr/lib/gcc/arm-none-eabi/9.2.1/../../../arm-none-eabi/lib/thumb/v7e-m+fp/hard/libc_nano.a(lib_a-errno.o)
 .ARM.attributes
                0x0000000000000893       0x32 /usr/lib/gcc/arm-none-eabi/9.2.1/../../../arm-none-eabi/lib/thumb/v7e-m+fp/hard/libc_nano.a(lib_a-impure.o)
 .ARM.attributes
                0x00000000000008c5       0x34 /usr/lib/gcc/arm-none-eabi/9.2.1/../../../arm-none-eabi/lib/thumb/v7e-m+fp/hard/libc_nano.a(lib_a-init.o)
 .ARM.attributes
                0x00000000000008f9       0x34 /usr/lib/gcc/arm-none-eabi/9.2.1/../../../arm-none-eabi/lib/thumb/v7e-m+fp/hard/libc_nano.a(lib_a-memset.o)
 .ARM.attributes
                0x000000000000092d       0x34 /usr/lib/gcc/arm-none-eabi/9.2.1/../../../arm-none-eabi/lib/thumb/v7e-m+fp/hard/libc_nano.a(lib_a-nano-vfprintf_float.o)
 .ARM.attributes
                0x0000000000000961       0x34 /usr/lib/gcc/arm-none-eabi/9.2.1/../../../arm-none-eabi/lib/thumb/v7e-m+fp/hard/libc_nano.a(lib_a-nano-vfprintf_i.o)
 .ARM.attributes
                0x0000000000000995       0x34 /usr/lib/gcc/arm-none-eabi/9.2.1/../../../arm-none-eabi/lib/thumb/v7e-m+fp/hard/libc_nano.a(lib_a-sprintf.o)
 .ARM.attributes
                0x00000000000009c9       0x1c /usr/lib/gcc/arm-none-eabi/9.2.1/../../../arm-none-eabi/lib/thumb/v7e-m+fp/hard/libc_nano.a(lib_a-strlen.o)
 .ARM.attributes
                0x00000000000009e5       0x34 /usr/lib/gcc/arm-none-eabi/9.2.1/../../../arm-none-eabi/lib/thumb/v7e-m+fp/hard/libc_nano.a(lib_a-dtoa.o)
 .ARM.attributes
                0x0000000000000a19       0x34 /usr/lib/gcc/arm-none-eabi/9.2.1/../../../arm-none-eabi/lib/thumb/v7e-m+fp/hard/libc_nano.a(lib_a-localeconv.o)
 .ARM.attributes
                0x0000000000000a4d       0x34 /usr/lib/gcc/arm-none-eabi/9.2.1/../../../arm-none-eabi/lib/thumb/v7e-m+fp/hard/libc_nano.a(lib_a-malloc.o)
 .ARM.attributes
                0x0000000000000a81       0x1c /usr/lib/gcc/arm-none-eabi/9.2.1/../../../arm-none-eabi/lib/thumb/v7e-m+fp/hard/libc_nano.a(lib_a-memchr.o)
 .ARM.attributes
                0x0000000000000a9d       0x1c /usr/lib/gcc/arm-none-eabi/9.2.1/../../../arm-none-eabi/lib/thumb/v7e-m+fp/hard/libc_nano.a(lib_a-memcpy.o)
 .ARM.attributes
                0x0000000000000ab9       0x34 /usr/lib/gcc/arm-none-eabi/9.2.1/../../../arm-none-eabi/lib/thumb/v7e-m+fp/hard/libc_nano.a(lib_a-mprec.o)
 .ARM.attributes
                0x0000000000000aed       0x34 /usr/lib/gcc/arm-none-eabi/9.2.1/../../../arm-none-eabi/lib/thumb/v7e-m+fp/hard/libc_nano.a(lib_a-nano-callocr.o)
 .ARM.attributes
                0x0000000000000b21       0x34 /usr/lib/gcc/arm-none-eabi/9.2.1/../../../arm-none-eabi/lib/thumb/v7e-m+fp/hard/libc_nano.a(lib_a-nano-freer.o)
 .ARM.attributes