Archive member included to satisfy reference by file (symbol)

/usr/lib/gcc/arm-none-eabi/9.2.1/../../../arm-none-eabi/lib/thumb/v7e-m+fp/hard/libc_nano.a(lib_a-atexit.o)
                              /usr/lib/gcc/arm-none-eabi/9.2.1/../../../arm-none-eabi/lib/thumb/v7e-m+fp/hard/crt0.o (atexit)
/usr/lib/gcc/arm-none-eabi/9.2.1/../../../arm-none-eabi/lib/thumb/v7e-m+fp/hard/libc_nano.a(lib_a-errno.o)
                              build/sysmem.o (__errno)
/usr/lib/gcc/arm-none-eabi/9.2.1/../../../arm-none-eabi/lib/thumb/v7e-m+fp/hard/libc_nano.a(lib_a-exit.o)
                              /usr/lib/gcc/arm-none-eabi/9.2.1/../../../arm-none-eabi/lib/thumb/v7e-m+fp/hard/crt0.o (exit)
/usr/lib/gcc/arm-none-eabi/9.2.1/../../../arm-none-eabi/lib/thumb/v7e-m+fp/hard/libc_nano.a(lib_a-fini.o)
                              /usr/lib/gcc/arm-none-eabi/9.2.1/../../../arm-none-eabi/lib/thumb/v7e-m+fp/hard/crt0.o (__libc_fini_array)
/usr/lib/gcc/arm-none-eabi/9.2.1/../../../arm-none-eabi/lib/thumb/v7e-m+fp/hard/libc_nano.a(lib_a-impure.o)
                              /usr/lib/gcc/arm-none-eabi/9.2.1/../../../arm-none-eabi/lib/thumb/v7e-m+fp/hard/libc_nano.a(lib_a-exit.o) (_global_impure_ptr)
/usr/lib/gcc/arm-none-eabi/9.2.1/../../../arm-none-eabi/lib/thumb/v7e-m+fp/hard/libc_nano.a(lib_a-init.o)
                              /usr/lib/gcc/arm-none-eabi/9.2.1/../../../arm-none-eabi/lib/thumb/v7e-m+fp/hard/crt0.o (__libc_init_array)
/usr/lib/gcc/arm-none-eabi/9.2.1/../../../arm-none-eabi/lib/thumb/v7e-m+fp/hard/libc_nano.a(lib_a-memset.o)
                              /usr/lib/gcc/arm-none-eabi/9.2.1/../../../arm-none-eabi/lib/thumb/v7e-m+fp/hard/crt0.o (memset)
/usr/lib/gcc/arm-none-eabi/9.2.1/../../../arm-none-eabi/lib/thumb/v7e-m+fp/hard/libc_nano.a(lib_a-nano-vfprintf_float.o)
                              (_printf_float)
/usr/lib/gcc/arm-none-eabi/9.2.1/../../../arm-none-eabi/lib/thumb/v7e-m+fp/hard/libc_nano.a(lib_a-nano-vfprintf_i.o)
                              /usr/lib/gcc/arm-none-eabi/9.2.1/../../../arm-none-eabi/lib/thumb/v7e-m+fp/hard/libc_nano.a(lib_a-nano-vfprintf_float.o) (_printf_common)
/usr/lib/gcc/arm-none-eabi/9.2.1/../../../arm-none-eabi/lib/thumb/v7e-m+fp/hard/libc_nano.a(lib_a-sprintf.o)
                              build/my_application.o (sprintf)
/usr/lib/gcc/arm-none-eabi/9.2.1/../../../arm-none-eabi/lib/thumb/v7e-m+fp/hard/libc_nano.a(lib_a-strlen.o)
                              build/methods.o (strlen)
/usr/lib/gcc/arm-none-eabi/9.2.1/../../../arm-none-eabi/lib/thumb/v7e-m+fp/hard/libc_nano.a(lib_a-vsnprintf.o)
                              build/methods.o (vsnprintf)
/usr/lib/gcc/arm-none-eabi/9.2.1/../../../arm-none-eabi/lib/thumb/v7e-m+fp/hard/libc_nano.a(lib_a-__atexit.o)
                              /usr/lib/gcc/arm-none-eabi/9.2.1/../../../arm-none-eabi/lib/thumb/v7e-m+fp/hard/libc_nano.a(lib_a-atexit.o) (__register_exitproc)
/usr/lib/gcc/arm-none-eabi/9.2.1/../../../arm-none-eabi/lib/thumb/v7e-m+fp/hard/libc_nano.a(lib_a-__call_atexit.o)
                              /usr/lib/gcc/arm-none-eabi/9.2.1/../../../arm-none-eabi/lib/thumb/v7e-m+fp/hard/libc_nano.a(lib_a-__atexit.o) (__call_exitprocs)
/usr/lib/gcc/arm-none-eabi/9.2.1/../../../arm-none-eabi/lib/thumb/v7e-m+fp/hard/libc_nano.a(lib_a-dtoa.o)
                              /usr/lib/gcc/arm-none-eabi/9.2.1/../../../arm-none-eabi/lib/thumb/v7e-m+fp/hard/libc_nano.a(lib_a-nano-vfprintf_float.o) (_dtoa_r)
/usr/lib/gcc/arm-none-eabi/9.2.1/../../../arm-none-eabi/lib/thumb/v7e-m+fp/hard/libc_nano.a(lib_a-localeconv.o)
                              /usr/lib/gcc/arm-none-eabi/9.2.1/../../../arm-none-eabi/lib/thumb/v7e-m+fp/hard/libc_nano.a(lib_a-nano-vfprintf_float.o) (_localeconv_r)
/usr/lib/gcc/arm-none-eabi/9.2.1/../../../arm-none-eabi/lib/thumb/v7e-m+fp/hard/libc_nano.a(lib_a-malloc.o)
                              /usr/lib/gcc/arm-none-eabi/9.2.1/../../../arm-none-eabi/lib/thumb/v7e-m+fp/hard/libc_nano.a(lib_a-dtoa.o) (malloc)
/usr/lib/gcc/arm-none-eabi/9.2.1/../../../arm-none-eabi/lib/thumb/v7e-m+fp/hard/libc_nano.a(lib_a-memchr.o)
                              /usr/lib/gcc/arm-none-eabi/9.2.1/../../../arm-none-eabi/lib/thumb/v7e-m+fp/hard/libc_nano.a(lib_a-nano-vfprintf_i.o) (memchr)
/usr/lib/gcc/arm-none-eabi/9.2.1/../../../arm-none-eabi/lib/thumb/v7e-m+fp/hard/libc_nano.a(lib_a-memcpy.o)
                              /usr/lib/gcc/arm-none-eabi/9.2.1/../../../arm-none-eabi/lib/thumb/v7e-m+fp/hard/libc_nano.a(lib_a-dtoa.o) (memcpy)
/usr/lib/gcc/arm-none-eabi/9.2.1/../../../arm-none-eabi/lib/thumb/v7e-m+fp/hard/libc_nano.a(lib_a-mprec.o)
                              /usr/lib/gcc/arm-none-eabi/9.2.1/../../../arm-none-eabi/lib/thumb/v7e-m+fp/hard/libc_nano.a(lib_a-dtoa.o) (_Balloc)
/usr/lib/gcc/arm-none-eabi/9.2.1/../../../arm-none-eabi/lib/thumb/v7e-m+fp/hard/libc_nano.a(lib_a-nano-callocr.o)
[...]
Memory Configuration

Name             Origin             Length             Attributes
RAM              0x0000000020000000 0x0000000000020000 xrw
FLASH            0x0000000008000000 0x0000000000080000 xr
*default*        0x0000000000000000 0xffffffffffffffff

Linker script and memory map

LOAD /usr/lib/gcc/arm-none-eabi/9.2.1/thumb/v7e-m+fp/hard/crti.o
LOAD /usr/lib/gcc/arm-none-eabi/9.2.1/thumb/v7e-m+fp/hard/crtbegin.o
LOAD /usr/lib/gcc/arm-none-eabi/9.2.1/../../../arm-none-eabi/lib/thumb/v7e-m+fp/hard/crt0.o
LOAD build/main.o
LOAD build/gpio.o
LOAD build/i2c.o
LOAD build/i2c_error_handler.o
LOAD build/i2c_dma_manager.o
LOAD build/usart.o
LOAD build/stm32f4xx_it.o
LOAD build/stm32f4xx_hal_msp.o
LOAD build/vcnl4040_sensor.o
LOAD build/ens160_sensor.o
LOAD build/humidity_temp_sensor.o
LOAD build/microphone_sensor.o
LOAD build/icm42688_sensor.o
LOAD build/methods.o
LOAD build/my_application.o
LOAD build/stm32f4xx_hal_i2c.o
LOAD build/stm32f4xx_hal_i2c_ex.o
LOAD build/stm32f4xx_hal_rcc.o
LOAD build/stm32f4xx_hal_rcc_ex.o
LOAD build/stm32f4xx_hal_flash.o
LOAD build/stm32f4xx_hal_flash_ex.o
LOAD build/stm32f4xx_hal_flash_ramfunc.o
LOAD build/stm32f4xx_hal_gpio.o
LOAD build/stm32f4xx_hal_dma_ex.o
LOAD build/stm32f4xx_hal_dma.o
LOAD build/stm32f4xx_hal_pwr.o
LOAD build/stm32f4xx_hal_pwr_ex.o
LOAD build/stm32f4xx_hal_cortex.o
LOAD build/stm32f4xx_hal.o
LOAD build/stm32f4xx_hal_exti.o
LOAD build/stm32f4xx_hal_uart.o
LOAD build/system_stm32f4xx.o
LOAD build/sysmem.o
LOAD build/syscalls.o
LOAD build/dma.o
LOAD build/i2s.o
LOAD build/stm32f4xx_hal_i2s.o
LOAD build/stm32f4xx_hal_i2s_ex.o
LOAD build/usb_device.o
LOAD build/usbd_desc.o
LOAD build/usbd_cdc_if.o
LOAD build/usbd_conf.o
LOAD build/stm32f4xx_hal_pcd.o
LOAD build/stm32f4xx_hal_pcd_ex.o
LOAD build/stm32f4xx_ll_usb.o
LOAD build/usbd_core.o
LOAD build/usbd_ctlreq.o
LOAD build/usbd_ioreq.o
LOAD build/usbd_cdc.o
LOAD build/startup_stm32f446xx.o
LOAD /usr/lib/gcc/arm-none-eabi/9.2.1/../../../arm-none-eabi/lib/thumb/v7e-m+fp/hard/libc_nano.a
LOAD /usr/lib/gcc/arm-none-eabi/9.2.1/../../../arm-none-eabi/lib/thumb/v7e-m+fp/hard/libm.a
LOAD /usr/lib/gcc/arm-none-eabi/9.2.1/../../../arm-none-eabi/lib/thumb/v7e-m+fp/hard/libnosys.a
START GROUP
LOAD /usr/lib/gcc/arm-none-eabi/9.2.1/thumb/v7e-m+fp/hard/libgcc.a
LOAD /usr/lib/gcc/arm-none-eabi/9.2.1/../../../arm-none-eabi/lib/thumb/v7e-m+fp/hard/libc_nano.a
END GROUP
START GROUP
LOAD /usr/lib/gcc/arm-none-eabi/9.2.1/thumb/v7e-m+fp/hard/libgcc.a
LOAD /usr/lib/gcc/arm-none-eabi/9.2.1/../../../arm-none-eabi/lib/thumb/v7e-m+fp/hard/libc_nano.a
END GROUP
LOAD /usr/lib/gcc/arm-none-eabi/9.2.1/thumb/v7e-m+fp/hard/crtend.o
LOAD /usr/lib/gcc/arm-none-eabi/9.2.1/thumb/v7e-m+fp/hard/crtn.o
                0x0000000020020000                _estack = (ORIGIN (RAM) + LENGTH (RAM))
                0x0000000000000200                _Min_Heap_Size = 0x200
                0x0000000000000400                _Min_Stack_Size = 0x400

.isr_vector     0x0000000008000000      0x1c4
                0x0000000008000000                . = ALIGN (0x4)
 *(.isr_vector)
 .isr_vector    0x0000000008000000      0x1c4 build/startup_stm32f446xx.o
                0x0000000008000000                g_pfnVectors
                0x00000000080001c4                . = ALIGN (0x4)

.text           0x0000000008000200     0xd128
                0x0000000008000200                . = ALIGN (0x4)
 *(.text)
 .text          0x0000000008000200       0x88 /usr/lib/gcc/arm-none-eabi/9.2.1/thumb/v7e-m+fp/hard/crtbegin.o
 .text          0x0000000008000288        0xc /usr/lib/gcc/arm-none-eabi/9.2.1/../../../arm-none-eabi/lib/thumb/v7e-m+fp/hard/libc_nano.a(lib_a-errno.o)
                0x0000000008000288                __errno
 .text          0x0000000008000294       0x48 /usr/lib/gcc/arm-none-eabi/9.2.1/../../../arm-none-eabi/lib/thumb/v7e-m+fp/hard/libc_nano.a(lib_a-init.o)
                0x0000000008000294                __libc_init_array
 .text          0x00000000080002dc       0xa0 /usr/lib/gcc/arm-none-eabi/9.2.1/../../../arm-none-eabi/lib/thumb/v7e-m+fp/hard/libc_nano.a(lib_a-memset.o)
                0x00000000080002dc                memset
 .text          0x000000000800037c      0x6b8 /usr/lib/gcc/arm-none-eabi/9.2.1/../../../arm-none-eabi/lib/thumb/v7e-m+fp/hard/libc_nano.a(lib_a-nano-vfprintf_float.o)
                0x000000000800037c                __cvt
                0x0000000008000478                __exponent
                0x0000000008000504                _printf_float
 .text          0x0000000008000a34      0x3c4 /usr/lib/gcc/arm-none-eabi/9.2.1/../../../arm-none-eabi/lib/thumb/v7e-m+fp/hard/libc_nano.a(lib_a-nano-vfprintf_i.o)
                0x0000000008000a34                _printf_common
                0x0000000008000b60                _printf_i
 .text          0x0000000008000df8       0x80 /usr/lib/gcc/arm-none-eabi/9.2.1/../../../arm-none-eabi/lib/thumb/v7e-m+fp/hard/libc_nano.a(lib_a-sprintf.o)
                0x0000000008000df8                _siprintf_r
                0x0000000008000df8                _sprintf_r
                0x0000000008000e34                sprintf
                0x0000000008000e34                siprintf
 *fill*         0x0000000008000e78        0x8 
 .text          0x0000000008000e80       0xdc /usr/lib/gcc/arm-none-eabi/9.2.1/../../../arm-none-eabi/lib/thumb/v7e-m+fp/hard/libc_nano.a(lib_a-strlen.o)
                0x0000000008000e80                strlen
 *fill*         0x0000000008000f5c        0x4 
 .text          0x0000000008000f60      0xffc /usr/lib/gcc/arm-none-eabi/9.2.1/../../../arm-none-eabi/lib/thumb/v7e-m+fp/hard/libc_nano.a(lib_a-dtoa.o)
                0x0000000008001084                _dtoa_r
 .text          0x0000000008001f5c       0x14 /usr/lib/gcc/arm-none-eabi/9.2.1/../../../arm-none-eabi/lib/thumb/v7e-m+fp/hard/libc_nano.a(lib_a-localeconv.o)
                0x0000000008001f5c                __localeconv_l
                0x0000000008001f60                _localeconv_r
                0x0000000008001f68                localeconv
 .text          0x0000000008001f70       0x20 /usr/lib/gcc/arm-none-eabi/9.2.1/../../../arm-none-eabi/lib/thumb/v7e-m+fp/hard/libc_nano.a(lib_a-malloc.o)
                0x0000000008001f70                malloc
                0x0000000008001f80                free
 .text          0x0000000008001f90       0xa0 /usr/lib/gcc/arm-none-eabi/9.2.1/../../../arm-none-eabi/lib/thumb/v7e-m+fp/hard/libc_nano.a(lib_a-memchr.o)
                0x0000000008001f90                memchr
 .text          0x0000000008002030      0x134 /usr/lib/gcc/arm-none-eabi/9.2.1/../../../arm-none-eabi/lib/thumb/v7e-m+fp/hard/libc_nano.a(lib_a-memcpy.o)
                0x0000000008002030                memcpy
 .text          0x0000000008002164      0xa38 /usr/lib/gcc/arm-none-eabi/9.2.1/../../../arm-none-eabi/lib/thumb/v7e-m+fp/hard/libc_nano.a(lib_a-mprec.o)
                0x0000000008002164                _Balloc
                0x00000000080021e4                _Bfree
                0x0000000008002230                __multadd
                0x00000000080022d0                __s2b
                0x000000000800237c                __hi0bits
                0x00000000080023bc                __lo0bits
                0x000000000800241c                __i2b
                0x0000000008002448                __multiply
                0x0000000008002594                __pow5mult
                0x0000000008002658                __lshift
                0x0000000008002720                __mcmp
                0x0000000008002758                __mdiff
                0x0000000008002880                __ulp
                0x00000000080028d0                __b2d
                0x0000000008002988                __d2b
                0x0000000008002a5c                __ratio
                0x0000000008002abc                _mprec_log10
                0x0000000008002afc                __copybits
                0x0000000008002b44                __any_on
 .text          0x0000000008002b9c       0x1c /usr/lib/gcc/arm-none-eabi/9.2.1/../../../arm-none-eabi/lib/thumb/v7e-m+fp/hard/libc_nano.a(lib_a-nano-callocr.o)
                0x0000000008002b9c                _calloc_r
 .text          0x0000000008002bb8       0xac /usr/lib/gcc/arm-none-eabi/9.2.1/../../../arm-none-eabi/lib/thumb/v7e-m+fp/hard/libc_nano.a(lib_a-nano-freer.o)
                0x0000000008002bb8                _free_r
 .text          0x0000000008002c64       0xc8 /usr/lib/gcc/arm-none-eabi/9.2.1/../../../arm-none-eabi/lib/thumb/v7e-m+fp/hard/libc_nano.a(lib_a-nano-mallocr.o)
                0x0000000008002c64                _malloc_r
 .text          0x0000000008002d2c      0x42c /usr/lib/gcc/arm-none-eabi/9.2.1/../../../arm-none-eabi/lib/thumb/v7e-m+fp/hard/libc_nano.a(lib_a-nano-svfprintf.o)
                0x0000000008002d2c                __ssputs_r
                0x0000000008002dec                __ssprint_r
                0x0000000008002ee4                _svfprintf_r
                0x0000000008002ee4                _svfiprintf_r
 .text          0x0000000008003158       0x24 /usr/lib/gcc/arm-none-eabi/9.2.1/../../../arm-none-eabi/lib/thumb/v7e-m+fp/hard/libc_nano.a(lib_a-sbrkr.o)
                0x0000000008003158                _sbrk_r
 .text          0x000000000800317c       0x48 /usr/lib/gcc/arm-none-eabi/9.2.1/../../../arm-none-eabi/lib/thumb/v7e-m+fp/hard/libc_nano.a(lib_a-assert.o)
                0x000000000800317c                __assert_func
                0x00000000080031b8                __assert
 .text          0x00000000080031c4       0x44 /usr/lib/gcc/arm-none-eabi/9.2.1/../../../arm-none-eabi/lib/thumb/v7e-m+fp/hard/libc_nano.a(lib_a-fprintf.o)
                0x00000000080031c4                _fprintf_r
                0x00000000080031c4                _fiprintf_r
                0x00000000080031e0                fprintf
                0x00000000080031e0                fiprintf
 .text          0x0000000008003208       0x40 /usr/lib/gcc/arm-none-eabi/9.2.1/../../../arm-none-eabi/lib/thumb/v7e-m+fp/hard/libc_nano.a(lib_a-mbtowc_r.o)
                0x0000000008003208                _mbtowc_r
                0x000000000800321c                __ascii_mbtowc
 .text          0x0000000008003248       0xd0 /usr/lib/gcc/arm-none-eabi/9.2.1/../../../arm-none-eabi/lib/thumb/v7e-m+fp/hard/libc_nano.a(lib_a-memmove.o)
                0x0000000008003248                memmove
 .text          0x0000000008003318        0x8 /usr/lib/gcc/arm-none-eabi/9.2.1/../../../arm-none-eabi/lib/thumb/v7e-m+fp/hard/libc_nano.a(lib_a-mlock.o)
                0x0000000008003318                __malloc_lock
                0x000000000800331c                __malloc_unlock
 .text          0x0000000008003320       0x4c /usr/lib/gcc/arm-none-eabi/9.2.1/../../../arm-none-eabi/lib/thumb/v7e-m+fp/hard/libc_nano.a(lib_a-nano-reallocr.o)
                0x0000000008003320                _realloc_r
 .text          0x000000000800336c      0x364 /usr/lib/gcc/arm-none-eabi/9.2.1/../../../arm-none-eabi/lib/thumb/v7e-m+fp/hard/libc_nano.a(lib_a-nano-vfprintf.o)
                0x00000000080033a8                __sfputs_r
                0x00000000080033d8                __sprint_r
                0x00000000080033f4                _vfiprintf_r
                0x00000000080033f4                _vfprintf_r
                0x00000000080036b8                vfiprintf
                0x00000000080036b8                vfprintf
 .text          0x00000000080036d0       0xc0 /usr/lib/gcc/arm-none-eabi/9.2.1/../../../arm-none-eabi/lib/thumb/v7e-m+fp/hard/libc_nano.a(lib_a-wbuf.o)
                0x00000000080036d0                __swbuf_r
                0x0000000008003780                __swbuf
 .text          0x0000000008003790       0x30 /usr/lib/gcc/arm-none-eabi/9.2.1/../../../arm-none-eabi/lib/thumb/v7e-m+fp/hard/libc_nano.a(lib_a-wctomb_r.o)
                0x0000000008003790                _wctomb_r
                0x00000000080037a4                __ascii_wctomb
 .text          0x00000000080037c0      0x100 /usr/lib/gcc/arm-none-eabi/9.2.1/../../../arm-none-eabi/lib/thumb/v7e-m+fp/hard/libc_nano.a(lib_a-wsetup.o)
                0x00000000080037c0                __swsetup_r
 .text          0x00000000080038c0       0x10 /usr/lib/gcc/arm-none-eabi/9.2.1/../../../arm-none-eabi/lib/thumb/v7e-m+fp/hard/libc_nano.a(lib_a-abort.o)
                0x00000000080038c0                abort
 .text          0x00000000080038d0      0x1b0 /usr/lib/gcc/arm-none-eabi/9.2.1/../../../arm-none-eabi/lib/thumb/v7e-m+fp/hard/libc_nano.a(lib_a-fflush.o)
                0x00000000080038d0                __sflush_r
                0x00000000080039fc                _fflush_r
                0x0000000008003a5c                fflush
 .text          0x0000000008003a80      0x210 /usr/lib/gcc/arm-none-eabi/9.2.1/../../../arm-none-eabi/lib/thumb/v7e-m+fp/hard/libc_nano.a(lib_a-findfp.o)
                0x0000000008003a84                _cleanup_r
                0x0000000008003a94                __sfmoreglue
                0x0000000008003ac4                __sfp
                0x0000000008003c3c                _cleanup
                0x0000000008003c50                __sinit
                0x0000000008003c58                __sfp_lock_acquire
                0x0000000008003c5c                __sfp_lock_release
                0x0000000008003c60                __sinit_lock_acquire
                0x0000000008003c64                __sinit_lock_release
                0x0000000008003c68                __fp_lock_all
                0x0000000008003c7c                __fp_unlock_all
 .text          0x0000000008003c90      0x308 /usr/lib/gcc/arm-none-eabi/9.2.1/../../../arm-none-eabi/lib/thumb/v7e-m+fp/hard/libc_nano.a(lib_a-fvwrite.o)
                0x0000000008003c90                __sfvwrite_r
 .text          0x0000000008003f98       0xa0 /usr/lib/gcc/arm-none-eabi/9.2.1/../../../arm-none-eabi/lib/thumb/v7e-m+fp/hard/libc_nano.a(lib_a-fwalk.o)
                0x0000000008003f98                _fwalk
                0x0000000008003fe4                _fwalk_reent
 .text          0x0000000008004038       0xf0 /usr/lib/gcc/arm-none-eabi/9.2.1/../../../arm-none-eabi/lib/thumb/v7e-m+fp/hard/libc_nano.a(lib_a-makebuf.o)
                0x0000000008004038                __swhatbuf_r
                0x0000000008004094                __smakebuf_r
 .text          0x0000000008004128       0x10 /usr/lib/gcc/arm-none-eabi/9.2.1/../../../arm-none-eabi/lib/thumb/v7e-m+fp/hard/libc_nano.a(lib_a-nano-msizer.o)
                0x0000000008004128                _malloc_usable_size_r
 .text          0x0000000008004138      0x150 /usr/lib/gcc/arm-none-eabi/9.2.1/../../../arm-none-eabi/lib/thumb/v7e-m+fp/hard/libc_nano.a(lib_a-signal.o)
                0x0000000008004160                _init_signal_r
                0x000000000800416c                _signal_r
                0x00000000080041a0                _raise_r
                0x00000000080041f4                __sigtramp_r
                0x0000000008004244                raise
                0x0000000008004254                signal
                0x0000000008004264                _init_signal
                0x0000000008004278                __sigtramp
 .text          0x0000000008004288       0x2c /usr/lib/gcc/arm-none-eabi/9.2.1/../../../arm-none-eabi/lib/thumb/v7e-m+fp/hard/libc_nano.a(lib_a-signalr.o)
                0x0000000008004288                _kill_r
                0x00000000080042b0                _getpid_r
 .text          0x00000000080042b4       0x90 /usr/lib/gcc/arm-none-eabi/9.2.1/../../../arm-none-eabi/lib/thumb/v7e-m+fp/hard/libc_nano.a(lib_a-stdio.o)
                0x00000000080042b4                __sread
                0x00000000080042d8                __seofread
                0x00000000080042dc                __swrite
                0x000000000800431c                __sseek
                0x000000000800433c                __sclose
 .text          0x0000000008004344       0x2c /usr/lib/gcc/arm-none-eabi/9.2.1/../../../arm-none-eabi/lib/thumb/v7e-m+fp/hard/libc_nano.a(lib_a-writer.o)
                0x0000000008004344                _write_r
 .text          0x0000000008004370       0x24 /usr/lib/gcc/arm-none-eabi/9.2.1/../../../arm-none-eabi/lib/thumb/v7e-m+fp/hard/libc_nano.a(lib_a-closer.o)
                0x0000000008004370                _close_r
 .text          0x0000000008004394       0x28 /usr/lib/gcc/arm-none-eabi/9.2.1/../../../arm-none-eabi/lib/thumb/v7e-m+fp/hard/libc_nano.a(lib_a-fstatr.o)
                0x0000000008004394                _fstat_r
 .text          0x00000000080043bc       0x24 /usr/lib/gcc/arm-none-eabi/9.2.1/../../../arm-none-eabi/lib/thumb/v7e-m+fp/hard/libc_nano.a(lib_a-isattyr.o)
                0x00000000080043bc                _isatty_r
 .text          0x00000000080043e0       0x2c /usr/lib/gcc/arm-none-eabi/9.2.1/../../../arm-none-eabi/lib/thumb/v7e-m+fp/hard/libc_nano.a(lib_a-lseekr.o)
                0x00000000080043e0                _lseek_r
 .text          0x000000000800440c       0x2c /usr/lib/gcc/arm-none-eabi/9.2.1/../../../arm-none-eabi/lib/thumb/v7e-m+fp/hard/libc_nano.a(lib_a-readr.o)
                0x000000000800440c                _read_r
 .text          0x0000000008004438      0x378 /usr/lib/gcc/arm-none-eabi/9.2.1/thumb/v7e-m+fp/hard/libgcc.a(_arm_addsubdf3.o)
                0x0000000008004438                __aeabi_drsub
                0x0000000008004440                __aeabi_dsub
                0x0000000008004440                __subdf3
                0x0000000008004444                __adddf3
                0x0000000008004444                __aeabi_dadd
                0x00000000080046bc                __aeabi_ui2d
                0x00000000080046bc                __floatunsidf
                0x00000000080046dc                __floatsidf
                0x00000000080046dc                __aeabi_i2d
                0x0000000008004700                __extendsfdf2
                0x0000000008004700                __aeabi_f2d
                0x0000000008004744                __aeabi_ul2d
                0x0000000008004744                __floatundidf
                0x0000000008004754                __floatdidf
                0x0000000008004754                __aeabi_l2d
 .text          0x00000000080047b0      0x424 /usr/lib/gcc/arm-none-eabi/9.2.1/thumb/v7e-m+fp/hard/libgcc.a(_arm_muldivdf3.o)
                0x00000000080047b0                __aeabi_dmul
                0x00000000080047b0                __muldf3
                0x0000000008004a04                __aeabi_ddiv
                0x0000000008004a04                __divdf3
 .text          0x0000000008004bd4      0x110 /usr/lib/gcc/arm-none-eabi/9.2.1/thumb/v7e-m+fp/hard/libgcc.a(_arm_cmpdf2.o)
                0x0000000008004bd4                __gtdf2
                0x0000000008004bd4                __gedf2
                0x0000000008004bdc                __ltdf2
                0x0000000008004bdc                __ledf2
                0x0000000008004be4                __cmpdf2
                0x0000000008004be4                __eqdf2
                0x0000000008004be4                __nedf2
                0x0000000008004c60                __aeabi_cdrcmple
                0x0000000008004c70                __aeabi_cdcmple
                0x0000000008004c70                __aeabi_cdcmpeq
                0x0000000008004c80                __aeabi_dcmpeq
                0x0000000008004c94                __aeabi_dcmplt
                0x0000000008004ca8                __aeabi_dcmple
                0x0000000008004cbc                __aeabi_dcmpge
                0x0000000008004cd0                __aeabi_dcmpgt
 .text          0x0000000008004ce4       0x2c /usr/lib/gcc/arm-none-eabi/9.2.1/thumb/v7e-m+fp/hard/libgcc.a(_arm_unorddf2.o)
                0x0000000008004ce4                __aeabi_dcmpun
                0x0000000008004ce4                __unorddf2
 .text          0x0000000008004d10       0x50 /usr/lib/gcc/arm-none-eabi/9.2.1/thumb/v7e-m+fp/hard/libgcc.a(_arm_fixdfsi.o)
                0x0000000008004d10                __fixdfsi
                0x0000000008004d10                __aeabi_d2iz
 .text          0x0000000008004d60       0xa0 /usr/lib/gcc/arm-none-eabi/9.2.1/thumb/v7e-m+fp/hard/libgcc.a(_aeabi_ldivmod.o)
                0x0000000008004d60                __aeabi_ldivmod
 .text          0x0000000008004e00       0x30 /usr/lib/gcc/arm-none-eabi/9.2.1/thumb/v7e-m+fp/hard/libgcc.a(_aeabi_uldivmod.o)
                0x0000000008004e00                __aeabi_uldivmod
 .text          0x0000000008004e30      0x2c4 /usr/lib/gcc/arm-none-eabi/9.2.1/thumb/v7e-m+fp/hard/libgcc.a(_udivmoddi4.o)
                0x0000000008004e30                __udivmoddi4
 .text          0x00000000080050f4        0x4 /usr/lib/gcc/arm-none-eabi/9.2.1/thumb/v7e-m+fp/hard/libgcc.a(_dvmd_tls.o)
                0x00000000080050f4                __aeabi_ldiv0
                0x00000000080050f4                __aeabi_idiv0
 *(.text*)
 .text.Error_Handler
                0x00000000080050f8        0x4 build/main.o
                0x00000000080050f8                Error_Handler
 .text.SystemClock_Config
                0x00000000080050fc       0xa8 build/main.o
                0x00000000080050fc                SystemClock_Config
 .text.main     0x00000000080051a4       0x2e build/main.o
                0x00000000080051a4                main
 *fill*         0x00000000080051d2        0x2 
 .text.MX_GPIO_Init
                0x00000000080051d4       0x90 build/gpio.o
                0x00000000080051d4                MX_GPIO_Init
 .text.MX_I2C1_Init
                0x0000000008005264       0x3c build/i2c.o
                0x0000000008005264                MX_I2C1_Init
 .text.HAL_I2C_MspInit
                0x00000000080052a0       0x94 build/i2c.o
                0x00000000080052a0                HAL_I2C_MspInit
 .text.HAL_I2C_ErrorCallback
                0x0000000008005334       0x9c build/i2c_error_handler.o
                0x0000000008005334                HAL_I2C_ErrorCallback
 .text.HAL_I2C_MemRxCpltCallback
                0x00000000080053d0      0x198 build/i2c_dma_manager.o
                0x00000000080053d0                HAL_I2C_MemRxCpltCallback
 .text.I2C_DMA_HandleError
                0x0000000008005568       0x24 build/i2c_dma_manager.o
                0x0000000008005568                I2C_DMA_HandleError
 .text.MX_USART1_UART_Init
                0x000000000800558c       0x34 build/usart.o
                0x000000000800558c                MX_USART1_UART_Init
 .text.HAL_UART_MspInit
                0x00000000080055c0       0x74 build/usart.o
                0x00000000080055c0                HAL_UART_MspInit
 .text.NMI_Handler
                0x0000000008005634        0x2 build/stm32f4xx_it.o
                0x0000000008005634                NMI_Handler
 .text.HardFault_Handler
                0x0000000008005636        0x2 build/stm32f4xx_it.o
                0x0000000008005636                HardFault_Handler
 .text.MemManage_Handler
                0x0000000008005638        0x2 build/stm32f4xx_it.o
                0x0000000008005638                MemManage_Handler
 .text.BusFault_Handler
                0x000000000800563a        0x2 build/stm32f4xx_it.o
                0x000000000800563a                BusFault_Handler
 .text.UsageFault_Handler
                0x000000000800563c        0x2 build/stm32f4xx_it.o
                0x000000000800563c                UsageFault_Handler
 .text.SVC_Handler
                0x000000000800563e        0x2 build/stm32f4xx_it.o
                0x000000000800563e                SVC_Handler
 .text.DebugMon_Handler
                0x0000000008005640        0x2 build/stm32f4xx_it.o
                0x0000000008005640                DebugMon_Handler
 .text.PendSV_Handler
                0x0000000008005642        0x2 build/stm32f4xx_it.o
                0x0000000008005642                PendSV_Handler
 .text.SysTick_Handler
                0x0000000008005644        0x8 build/stm32f4xx_it.o
                0x0000000008005644                SysTick_Handler
 .text.DMA1_Stream0_IRQHandler
                0x000000000800564c        0x2 build/stm32f4xx_it.o
                0x000000000800564c                DMA1_Stream0_IRQHandler
 .text.DMA1_Stream6_IRQHandler
                0x000000000800564e        0x2 build/stm32f4xx_it.o
                0x000000000800564e                DMA1_Stream6_IRQHandler
 .text.I2C1_EV_IRQHandler
                0x0000000008005650       0x10 build/stm32f4xx_it.o
                0x0000000008005650                I2C1_EV_IRQHandler
 .text.I2C1_ER_IRQHandler
                0x0000000008005660       0x10 build/stm32f4xx_it.o
                0x0000000008005660                I2C1_ER_IRQHandler
 .text.DMA2_Stream0_IRQHandler
                0x0000000008005670       0x10 build/stm32f4xx_it.o
                0x0000000008005670                DMA2_Stream0_IRQHandler
 .text.OTG_FS_IRQHandler
                0x0000000008005680       0x10 build/stm32f4xx_it.o
                0x0000000008005680                OTG_FS_IRQHandler
 .text.HAL_I2S_RxHalfCpltCallback
                0x0000000008005690        0x2 build/stm32f4xx_it.o
                0x0000000008005690                HAL_I2S_RxHalfCpltCallback
 *fill*         0x0000000008005692        0x2 
 .text.HAL_I2S_RxCpltCallback
                0x0000000008005694       0x2c build/stm32f4xx_it.o
                0x0000000008005694                HAL_I2S_RxCpltCallback
 .text.HAL_MspInit
                0x00000000080056c0       0x38 build/stm32f4xx_hal_msp.o
                0x00000000080056c0                HAL_MspInit
 .text.VCNL4040_Write16
                0x00000000080056f8       0x2a build/vcnl4040_sensor.o
 .text.VCNL4040_Read16
                0x0000000008005722       0x52 build/vcnl4040_sensor.o
 .text.VCNL4040_ReadALS
                0x0000000008005774        0xc build/vcnl4040_sensor.o
                0x0000000008005774                VCNL4040_ReadALS
 .text.VCNL4040_ReadPS
                0x0000000008005780        0xc build/vcnl4040_sensor.o
                0x0000000008005780                VCNL4040_ReadPS
 .text.VCNL4040_ReadID
                0x000000000800578c        0xc build/vcnl4040_sensor.o
                0x000000000800578c                VCNL4040_ReadID
 .text.VCNL4040_Init
                0x0000000008005798       0x6a build/vcnl4040_sensor.o
                0x0000000008005798                VCNL4040_Init
 .text.BME280_CompensateTemperature
                0x0000000008005802       0x3c build/humidity_temp_sensor.o
 .text.BME280_CompensatePressure
                0x000000000800583e      0x192 build/humidity_temp_sensor.o
 .text.BME280_CompensateHumidity
                0x00000000080059d0       0x7e build/humidity_temp_sensor.o
 .text.TCA9548A_SelectChannel
                0x0000000008005a4e       0x28 build/humidity_temp_sensor.o
                0x0000000008005a4e                TCA9548A_SelectChannel
 .text.BME280_ReadReg
                0x0000000008005a76       0x32 build/humidity_temp_sensor.o
 .text.BME280_ReadCalibration
                0x0000000008005aa8      0x118 build/humidity_temp_sensor.o
 .text.BME280_WriteReg
                0x0000000008005bc0       0x36 build/humidity_temp_sensor.o
 .text.BME280_Init
                0x0000000008005bf6       0x9e build/humidity_temp_sensor.o
                0x0000000008005bf6                BME280_Init
 .text.BME280_ReadData
                0x0000000008005c94       0xfc build/humidity_temp_sensor.o
                0x0000000008005c94                BME280_ReadData
 .text.MIC_Init
                0x0000000008005d90       0x1c build/microphone_sensor.o
                0x0000000008005d90                MIC_Init
 .text.MIC_Start
                0x0000000008005dac       0x20 build/microphone_sensor.o
                0x0000000008005dac                MIC_Start
 .text.ICM42688_ReadReg
                0x0000000008005dcc       0x1e build/icm42688_sensor.o
 .text.ICM42688_ReadRegs
                0x0000000008005dea       0x1c build/icm42688_sensor.o
 .text.ICM42688_WriteReg
                0x0000000008005e06       0x22 build/icm42688_sensor.o
 .text.ICM42688_Init
                0x0000000008005e28       0x8c build/icm42688_sensor.o
                0x0000000008005e28                ICM42688_Init
 .text.ICM42688_ReadAll
                0x0000000008005eb4      0x120 build/icm42688_sensor.o
                0x0000000008005eb4                ICM42688_ReadAll
 .text.RGB_LED_Init
                0x0000000008005fd4       0x4c build/methods.o
                0x0000000008005fd4                RGB_LED_Init
 .text.My_Application_Init
                0x0000000008006020      0x224 build/my_application.o
                0x0000000008006020                My_Application_Init
 .text.My_Application_Run
                0x0000000008006244      0x2ac build/my_application.o
                0x0000000008006244                My_Application_Run
 .text.I2C_Flush_DR
                0x00000000080064f0       0x10 build/stm32f4xx_hal_i2c.o
 .text.I2C_Master_SB
                0x0000000008006500       0xa8 build/stm32f4xx_hal_i2c.o
 .text.I2C_Master_ADD10
                0x00000000080065a8       0x2a build/stm32f4xx_hal_i2c.o
 .text.I2C_Master_ADDR
                0x00000000080065d2      0x206 build/stm32f4xx_hal_i2c.o
 .text.I2C_SlaveTransmit_BTF
                0x00000000080067d8       0x20 build/stm32f4xx_hal_i2c.o
 .text.I2C_SlaveReceive_BTF
                0x00000000080067f8       0x20 build/stm32f4xx_hal_i2c.o
 .text.I2C_WaitOnSTOPRequestThroughIT
                0x0000000008006818       0x48 build/stm32f4xx_hal_i2c.o
 .text.I2C_IsAcknowledgeFailed
                0x0000000008006860       0x32 build/stm32f4xx_hal_i2c.o
 .text.I2C_ConvertOtherXferOptions
                0x0000000008006892       0x1e build/stm32f4xx_hal_i2c.o
 .text.I2C_WaitOnFlagUntilTimeout
                0x00000000080068b0       0xb2 build/stm32f4xx_hal_i2c.o
 .text.I2C_WaitOnMasterAddressFlagUntilTimeout
                0x0000000008006962       0xd6 build/stm32f4xx_hal_i2c.o
 .text.I2C_MasterRequestWrite
                0x0000000008006a38       0xb4 build/stm32f4xx_hal_i2c.o
 .text.I2C_WaitOnTXEFlagUntilTimeout
                0x0000000008006aec       0x5e build/stm32f4xx_hal_i2c.o
 *fill*         0x0000000008006b4a        0x2 
 .text.I2C_RequestMemoryWrite
                0x0000000008006b4c       0xd8 build/stm32f4xx_hal_i2c.o
 .text.I2C_RequestMemoryRead
                0x0000000008006c24      0x154 build/stm32f4xx_hal_i2c.o
 .text.I2C_WaitOnBTFFlagUntilTimeout
                0x0000000008006d78       0x5e build/stm32f4xx_hal_i2c.o
 .text.I2C_WaitOnRXNEFlagUntilTimeout
                0x0000000008006dd6       0x78 build/stm32f4xx_hal_i2c.o
 *fill*         0x0000000008006e4e        0x2 
 .text.HAL_I2C_Init
                0x0000000008006e50      0x1bc build/stm32f4xx_hal_i2c.o
                0x0000000008006e50                HAL_I2C_Init
 .text.HAL_I2C_Master_Transmit
                0x000000000800700c      0x178 build/stm32f4xx_hal_i2c.o
                0x000000000800700c                HAL_I2C_Master_Transmit
 .text.HAL_I2C_Mem_Write
                0x0000000008007184      0x164 build/stm32f4xx_hal_i2c.o
                0x0000000008007184                HAL_I2C_Mem_Write
 .text.HAL_I2C_Mem_Read
                0x00000000080072e8      0x2f4 build/stm32f4xx_hal_i2c.o
                0x00000000080072e8                HAL_I2C_Mem_Read
 .text.HAL_I2C_Mem_Read_DMA
                0x00000000080075dc      0x214 build/stm32f4xx_hal_i2c.o
                0x00000000080075dc                HAL_I2C_Mem_Read_DMA
 .text.HAL_I2C_MasterTxCpltCallback
                0x00000000080077f0        0x2 build/stm32f4xx_hal_i2c.o
                0x00000000080077f0                HAL_I2C_MasterTxCpltCallback
 .text.HAL_I2C_MasterRxCpltCallback
                0x00000000080077f2        0x2 build/stm32f4xx_hal_i2c.o
                0x00000000080077f2                HAL_I2C_MasterRxCpltCallback
 .text.HAL_I2C_SlaveTxCpltCallback
                0x00000000080077f4        0x2 build/stm32f4xx_hal_i2c.o
                0x00000000080077f4                HAL_I2C_SlaveTxCpltCallback
 .text.I2C_SlaveTransmit_TXE
                0x00000000080077f6       0x4c build/stm32f4xx_hal_i2c.o
 .text.HAL_I2C_SlaveRxCpltCallback
                0x0000000008007842        0x2 build/stm32f4xx_hal_i2c.o
                0x0000000008007842                HAL_I2C_SlaveRxCpltCallback
 .text.I2C_SlaveReceive_RXNE
                0x0000000008007844       0x4c build/stm32f4xx_hal_i2c.o
 .text.HAL_I2C_AddrCallback
                0x0000000008007890        0x2 build/stm32f4xx_hal_i2c.o
                0x0000000008007890                HAL_I2C_AddrCallback
 .text.I2C_Slave_ADDR
                0x0000000008007892       0x5a build/stm32f4xx_hal_i2c.o
 .text.HAL_I2C_ListenCpltCallback
                0x00000000080078ec        0x2 build/stm32f4xx_hal_i2c.o
                0x00000000080078ec                HAL_I2C_ListenCpltCallback
 *fill*         0x00000000080078ee        0x2 
 .text.I2C_Slave_AF
                0x00000000080078f0       0xa0 build/stm32f4xx_hal_i2c.o
 .text.HAL_I2C_MemTxCpltCallback
                0x0000000008007990        0x2 build/stm32f4xx_hal_i2c.o
                0x0000000008007990                HAL_I2C_MemTxCpltCallback
 .text.I2C_MasterTransmit_BTF
                0x0000000008007992       0x9e build/stm32f4xx_hal_i2c.o
 .text.I2C_MemoryTransmit_TXE_BTF
                0x0000000008007a30       0xc4 build/stm32f4xx_hal_i2c.o
 .text.I2C_MasterTransmit_TXE
                0x0000000008007af4       0xd0 build/stm32f4xx_hal_i2c.o
 .text.I2C_MasterReceive_BTF
                0x0000000008007bc4      0x136 build/stm32f4xx_hal_i2c.o
 .text.I2C_DMAError
                0x0000000008007cfa       0x46 build/stm32f4xx_hal_i2c.o
 .text.I2C_DMAXferCplt
                0x0000000008007d40      0x130 build/stm32f4xx_hal_i2c.o
 .text.I2C_MasterReceive_RXNE
                0x0000000008007e70      0x106 build/stm32f4xx_hal_i2c.o
 .text.HAL_I2C_AbortCpltCallback
                0x0000000008007f76        0x2 build/stm32f4xx_hal_i2c.o
                0x0000000008007f76                HAL_I2C_AbortCpltCallback
 .text.I2C_DMAAbort
                0x0000000008007f78       0xe4 build/stm32f4xx_hal_i2c.o
 .text.I2C_ITError
                0x000000000800805c      0x178 build/stm32f4xx_hal_i2c.o
 .text.I2C_Slave_STOPF
                0x00000000080081d4      0x18c build/stm32f4xx_hal_i2c.o
 .text.HAL_I2C_EV_IRQHandler
                0x0000000008008360      0x1a0 build/stm32f4xx_hal_i2c.o
                0x0000000008008360                HAL_I2C_EV_IRQHandler
 .text.HAL_I2C_ER_IRQHandler
                0x0000000008008500       0xc4 build/stm32f4xx_hal_i2c.o
                0x0000000008008500                HAL_I2C_ER_IRQHandler
 .text.HAL_I2C_GetError
                0x00000000080085c4        0x4 build/stm32f4xx_hal_i2c.o
                0x00000000080085c4                HAL_I2C_GetError
 .text.HAL_RCC_ClockConfig
                0x00000000080085c8      0x160 build/stm32f4xx_hal_rcc.o
                0x00000000080085c8                HAL_RCC_ClockConfig
 .text.HAL_RCC_GetHCLKFreq
                0x0000000008008728        0xc build/stm32f4xx_hal_rcc.o
                0x0000000008008728                HAL_RCC_GetHCLKFreq
 .text.HAL_RCC_GetPCLK1Freq
                0x0000000008008734       0x20 build/stm32f4xx_hal_rcc.o
                0x0000000008008734                HAL_RCC_GetPCLK1Freq
 .text.HAL_RCC_GetPCLK2Freq
                0x0000000008008754       0x20 build/stm32f4xx_hal_rcc.o
                0x0000000008008754                HAL_RCC_GetPCLK2Freq
 .text.HAL_RCCEx_PeriphCLKConfig
                0x0000000008008774      0x478 build/stm32f4xx_hal_rcc_ex.o
                0x0000000008008774                HAL_RCCEx_PeriphCLKConfig
 .text.HAL_RCCEx_GetPeriphCLKFreq
                0x0000000008008bec      0x300 build/stm32f4xx_hal_rcc_ex.o
                0x0000000008008bec                HAL_RCCEx_GetPeriphCLKFreq
 .text.HAL_RCC_GetSysClockFreq
                0x0000000008008eec      0x178 build/stm32f4xx_hal_rcc_ex.o
                0x0000000008008eec                HAL_RCC_GetSysClockFreq
 .text.HAL_RCC_OscConfig
                0x0000000008009064      0x440 build/stm32f4xx_hal_rcc_ex.o
                0x0000000008009064                HAL_RCC_OscConfig
 .text.HAL_GPIO_Init
                0x00000000080094a4      0x1c8 build/stm32f4xx_hal_gpio.o
                0x00000000080094a4                HAL_GPIO_Init
 .text.HAL_GPIO_WritePin
                0x000000000800966c        0xc build/stm32f4xx_hal_gpio.o
                0x000000000800966c                HAL_GPIO_WritePin
 .text.DMA_SetConfig
                0x0000000008009678       0x2c build/stm32f4xx_hal_dma.o
 .text.DMA_CalcBaseAndBitshift
                0x00000000080096a4       0x44 build/stm32f4xx_hal_dma.o
 .text.DMA_CheckFifoParam
                0x00000000080096e8       0x8e build/stm32f4xx_hal_dma.o
 *fill*         0x0000000008009776        0x2 
 .text.HAL_DMA_Init
                0x0000000008009778       0xcc build/stm32f4xx_hal_dma.o
                0x0000000008009778                HAL_DMA_Init
 .text.HAL_DMA_Start_IT
                0x0000000008009844       0x6a build/stm32f4xx_hal_dma.o
                0x0000000008009844                HAL_DMA_Start_IT
 .text.HAL_DMA_Abort_IT
                0x00000000080098ae       0x26 build/stm32f4xx_hal_dma.o
                0x00000000080098ae                HAL_DMA_Abort_IT
 .text.HAL_DMA_IRQHandler
                0x00000000080098d4      0x1dc build/stm32f4xx_hal_dma.o
                0x00000000080098d4                HAL_DMA_IRQHandler
 .text.HAL_DMA_GetState
                0x0000000008009ab0        0x6 build/stm32f4xx_hal_dma.o
                0x0000000008009ab0                HAL_DMA_GetState
 .text.HAL_DMA_GetError
                0x0000000008009ab6        0x4 build/stm32f4xx_hal_dma.o
                0x0000000008009ab6                HAL_DMA_GetError
 *fill*         0x0000000008009aba        0x2 
 .text.HAL_NVIC_SetPriorityGrouping
                0x0000000008009abc       0x24 build/stm32f4xx_hal_cortex.o
                0x0000000008009abc                HAL_NVIC_SetPriorityGrouping
 .text.HAL_NVIC_SetPriority
                0x0000000008009ae0       0x68 build/stm32f4xx_hal_cortex.o
                0x0000000008009ae0                HAL_NVIC_SetPriority
 .text.HAL_NVIC_EnableIRQ
                0x0000000008009b48       0x1c build/stm32f4xx_hal_cortex.o
                0x0000000008009b48                HAL_NVIC_EnableIRQ
 .text.HAL_SYSTICK_Config
                0x0000000008009b64       0x2c build/stm32f4xx_hal_cortex.o
                0x0000000008009b64                HAL_SYSTICK_Config
 .text.HAL_InitTick
                0x0000000008009b90       0x4c build/stm32f4xx_hal.o
                0x0000000008009b90                HAL_InitTick
 .text.HAL_Init
                0x0000000008009bdc       0x34 build/stm32f4xx_hal.o
                0x0000000008009bdc                HAL_Init
 .text.HAL_IncTick
                0x0000000008009c10       0x18 build/stm32f4xx_hal.o
                0x0000000008009c10                HAL_IncTick
 .text.HAL_GetTick
                0x0000000008009c28        0xc build/stm32f4xx_hal.o
                0x0000000008009c28                HAL_GetTick
 .text.HAL_Delay
                0x0000000008009c34       0x28 build/stm32f4xx_hal.o
                0x0000000008009c34                HAL_Delay
 .text.UART_SetConfig
                0x0000000008009c5c      0x11c build/stm32f4xx_hal_uart.o
 .text.HAL_UART_Init
                0x0000000008009d78       0x60 build/stm32f4xx_hal_uart.o
                0x0000000008009d78                HAL_UART_Init
 .text.SystemInit
                0x0000000008009dd8       0x14 build/system_stm32f4xx.o
                0x0000000008009dd8                SystemInit
 .text._sbrk    0x0000000008009dec       0x48 build/sysmem.o
                0x0000000008009dec                _sbrk
 .text._getpid  0x0000000008009e34        0x4 build/syscalls.o
                0x0000000008009e34                _getpid
 .text._kill    0x0000000008009e38       0x10 build/syscalls.o
                0x0000000008009e38                _kill
 .text._exit    0x0000000008009e48        0xc build/syscalls.o
                0x0000000008009e48                _exit
 .text._read    0x0000000008009e54       0x20 build/syscalls.o
                0x0000000008009e54                _read
 .text._write   0x0000000008009e74       0x1c build/syscalls.o
                0x0000000008009e74                _write
 .text._close   0x0000000008009e90        0x6 build/syscalls.o
                0x0000000008009e90                _close
 .text._fstat   0x0000000008009e96        0xa build/syscalls.o
                0x0000000008009e96                _fstat
 .text._isatty  0x0000000008009ea0        0x4 build/syscalls.o
                0x0000000008009ea0                _isatty
 .text._lseek   0x0000000008009ea4        0x4 build/syscalls.o
                0x0000000008009ea4                _lseek
 .text.MX_DMA_Init
                0x0000000008009ea8       0x48 build/dma.o
                0x0000000008009ea8                MX_DMA_Init
 .text.MX_I2S1_Init
                0x0000000008009ef0       0x3c build/i2s.o
                0x0000000008009ef0                MX_I2S1_Init
 .text.HAL_I2S_MspInit
                0x0000000008009f2c       0xe8 build/i2s.o
                0x0000000008009f2c                HAL_I2S_MspInit
 .text.HAL_I2S_Init
                0x000000000800a014      0x13c build/stm32f4xx_hal_i2s.o
                0x000000000800a014                HAL_I2S_Init
 .text.HAL_I2S_Receive_DMA
                0x000000000800a150       0xf4 build/stm32f4xx_hal_i2s.o
                0x000000000800a150                HAL_I2S_Receive_DMA
 .text.HAL_I2S_TxCpltCallback
                0x000000000800a244        0x2 build/stm32f4xx_hal_i2s.o
                0x000000000800a244                HAL_I2S_TxCpltCallback
 .text.I2S_Transmit_IT
                0x000000000800a246       0x38 build/stm32f4xx_hal_i2s.o
 .text.I2S_DMARxHalfCplt
                0x000000000800a27e        0xa build/stm32f4xx_hal_i2s.o
 .text.I2S_Receive_IT
                0x000000000800a288       0x38 build/stm32f4xx_hal_i2s.o
 .text.I2S_DMARxCplt
                0x000000000800a2c0       0x24 build/stm32f4xx_hal_i2s.o
 .text.HAL_I2S_ErrorCallback
                0x000000000800a2e4        0x2 build/stm32f4xx_hal_i2s.o
                0x000000000800a2e4                HAL_I2S_ErrorCallback
 .text.I2S_IRQHandler
                0x000000000800a2e6       0xd0 build/stm32f4xx_hal_i2s.o
 .text.I2S_DMAError
                0x000000000800a3b6       0x28 build/stm32f4xx_hal_i2s.o
 *fill*         0x000000000800a3de        0x2 
 .text.MX_USB_DEVICE_Init
                0x000000000800a3e0       0x54 build/usb_device.o
                0x000000000800a3e0                MX_USB_DEVICE_Init
 .text.USBD_FS_DeviceDescriptor
                0x000000000800a434        0xc build/usbd_desc.o
                0x000000000800a434                USBD_FS_DeviceDescriptor
 .text.USBD_FS_LangIDStrDescriptor
                0x000000000800a440        0xc build/usbd_desc.o
                0x000000000800a440                USBD_FS_LangIDStrDescriptor
 .text.USBD_FS_USR_BOSDescriptor
                0x000000000800a44c        0xc build/usbd_desc.o
                0x000000000800a44c                USBD_FS_USR_BOSDescriptor
 .text.IntToUnicode
                0x000000000800a458       0x38 build/usbd_desc.o
 .text.Get_SerialNum
                0x000000000800a490       0x34 build/usbd_desc.o
 .text.USBD_FS_SerialStrDescriptor
                0x000000000800a4c4       0x14 build/usbd_desc.o
                0x000000000800a4c4                USBD_FS_SerialStrDescriptor
 .text.USBD_FS_ProductStrDescriptor
                0x000000000800a4d8       0x24 build/usbd_desc.o
                0x000000000800a4d8                USBD_FS_ProductStrDescriptor
 .text.USBD_FS_ManufacturerStrDescriptor
                0x000000000800a4fc       0x1c build/usbd_desc.o
                0x000000000800a4fc                USBD_FS_ManufacturerStrDescriptor
 .text.USBD_FS_ConfigStrDescriptor
                0x000000000800a518       0x24 build/usbd_desc.o
                0x000000000800a518                USBD_FS_ConfigStrDescriptor
 .text.USBD_FS_InterfaceStrDescriptor
                0x000000000800a53c       0x24 build/usbd_desc.o
                0x000000000800a53c                USBD_FS_InterfaceStrDescriptor
 .text.CDC_DeInit_FS
                0x000000000800a560        0x4 build/usbd_cdc_if.o
 .text.CDC_Control_FS
                0x000000000800a564        0x4 build/usbd_cdc_if.o
 .text.CDC_TransmitCplt_FS
                0x000000000800a568        0x4 build/usbd_cdc_if.o
 .text.CDC_Receive_FS
                0x000000000800a56c       0x1c build/usbd_cdc_if.o
 .text.CDC_Init_FS
                0x000000000800a588       0x28 build/usbd_cdc_if.o
 .text.CDC_Transmit_FS
                0x000000000800a5b0       0x30 build/usbd_cdc_if.o
                0x000000000800a5b0                CDC_Transmit_FS
 .text.HAL_PCD_MspInit
                0x000000000800a5e0       0xac build/usbd_conf.o
                0x000000000800a5e0                HAL_PCD_MspInit
 .text.HAL_PCD_SetupStageCallback
                0x000000000800a68c       0x10 build/usbd_conf.o
                0x000000000800a68c                HAL_PCD_SetupStageCallback
 .text.HAL_PCD_DataOutStageCallback
                0x000000000800a69c       0x18 build/usbd_conf.o
                0x000000000800a69c                HAL_PCD_DataOutStageCallback
 .text.HAL_PCD_DataInStageCallback
                0x000000000800a6b4       0x16 build/usbd_conf.o
                0x000000000800a6b4                HAL_PCD_DataInStageCallback
 .text.HAL_PCD_SOFCallback
                0x000000000800a6ca        0xc build/usbd_conf.o
                0x000000000800a6ca                HAL_PCD_SOFCallback
 .text.HAL_PCD_ResetCallback
                0x000000000800a6d6       0x28 build/usbd_conf.o
                0x000000000800a6d6                HAL_PCD_ResetCallback
 *fill*         0x000000000800a6fe        0x2 
 .text.HAL_PCD_SuspendCallback
                0x000000000800a700       0x30 build/usbd_conf.o
                0x000000000800a700                HAL_PCD_SuspendCallback
 .text.HAL_PCD_ResumeCallback
                0x000000000800a730        0xc build/usbd_conf.o
                0x000000000800a730                HAL_PCD_ResumeCallback
 .text.HAL_PCD_ISOOUTIncompleteCallback
                0x000000000800a73c        0xc build/usbd_conf.o
                0x000000000800a73c                HAL_PCD_ISOOUTIncompleteCallback
 .text.HAL_PCD_ISOINIncompleteCallback
                0x000000000800a748        0xc build/usbd_conf.o
                0x000000000800a748                HAL_PCD_ISOINIncompleteCallback
 .text.HAL_PCD_ConnectCallback
                0x000000000800a754        0xc build/usbd_conf.o
                0x000000000800a754                HAL_PCD_ConnectCallback
 .text.HAL_PCD_DisconnectCallback
                0x000000000800a760        0xc build/usbd_conf.o
                0x000000000800a760                HAL_PCD_DisconnectCallback
 .text.USBD_LL_Init
                0x000000000800a76c       0x68 build/usbd_conf.o
                0x000000000800a76c                USBD_LL_Init
 .text.USBD_LL_IsStallEP
                0x000000000800a7d4       0x2c build/usbd_conf.o
                0x000000000800a7d4                USBD_LL_IsStallEP
 .text.USBD_LL_GetRxDataSize
                0x000000000800a800        0xc build/usbd_conf.o
                0x000000000800a800                USBD_LL_GetRxDataSize
 .text.HAL_PCDEx_LPM_Callback
                0x000000000800a80c       0x64 build/usbd_conf.o
                0x000000000800a80c                HAL_PCDEx_LPM_Callback
 .text.USBD_static_malloc
                0x000000000800a870        0x8 build/usbd_conf.o
                0x000000000800a870                USBD_static_malloc
 .text.USBD_static_free
                0x000000000800a878        0x2 build/usbd_conf.o
                0x000000000800a878                USBD_static_free
 .text.USBD_Get_USB_Status
                0x000000000800a87a       0x14 build/usbd_conf.o
                0x000000000800a87a                USBD_Get_USB_Status
 .text.USBD_LL_Start
                0x000000000800a88e       0x10 build/usbd_conf.o
                0x000000000800a88e                USBD_LL_Start
 .text.USBD_LL_OpenEP
                0x000000000800a89e       0x16 build/usbd_conf.o
                0x000000000800a89e                USBD_LL_OpenEP
 .text.USBD_LL_CloseEP
                0x000000000800a8b4       0x10 build/usbd_conf.o
                0x000000000800a8b4                USBD_LL_CloseEP
 .text.USBD_LL_StallEP
                0x000000000800a8c4       0x10 build/usbd_conf.o
                0x000000000800a8c4                USBD_LL_StallEP
 .text.USBD_LL_ClearStallEP
                0x000000000800a8d4       0x10 build/usbd_conf.o
                0x000000000800a8d4                USBD_LL_ClearStallEP
 .text.USBD_LL_SetUSBAddress
                0x000000000800a8e4       0x10 build/usbd_conf.o
                0x000000000800a8e4                USBD_LL_SetUSBAddress
 .text.USBD_LL_Transmit
                0x000000000800a8f4       0x10 build/usbd_conf.o
                0x000000000800a8f4                USBD_LL_Transmit
 .text.USBD_LL_PrepareReceive
                0x000000000800a904       0x10 build/usbd_conf.o
                0x000000000800a904                USBD_LL_PrepareReceive
 .text.PCD_WriteEmptyTxFifo
                0x000000000800a914       0xd2 build/stm32f4xx_hal_pcd.o
 .text.HAL_PCD_Init
                0x000000000800a9e6      0x110 build/stm32f4xx_hal_pcd.o
                0x000000000800a9e6                HAL_PCD_Init
 .text.HAL_PCD_Start
                0x000000000800aaf6       0x44 build/stm32f4xx_hal_pcd.o
                0x000000000800aaf6                HAL_PCD_Start
 *fill*         0x000000000800ab3a        0x2 
 .text.PCD_EP_OutXfrComplete_int
                0x000000000800ab3c      0x104 build/stm32f4xx_hal_pcd.o
 .text.PCD_EP_OutSetupPacket_int
                0x000000000800ac40       0x50 build/stm32f4xx_hal_pcd.o
 .text.HAL_PCD_SetAddress
                0x000000000800ac90       0x26 build/stm32f4xx_hal_pcd.o
                0x000000000800ac90                HAL_PCD_SetAddress
 .text.HAL_PCD_EP_Open
                0x000000000800acb6       0x88 build/stm32f4xx_hal_pcd.o
                0x000000000800acb6                HAL_PCD_EP_Open
 .text.HAL_PCD_EP_Close
                0x000000000800ad3e       0x70 build/stm32f4xx_hal_pcd.o
                0x000000000800ad3e                HAL_PCD_EP_Close
 .text.HAL_PCD_EP_Receive
                0x000000000800adae       0x4a build/stm32f4xx_hal_pcd.o
                0x000000000800adae                HAL_PCD_EP_Receive
 .text.HAL_PCD_EP_GetRxCount
                0x000000000800adf8       0x12 build/stm32f4xx_hal_pcd.o
                0x000000000800adf8                HAL_PCD_EP_GetRxCount
 .text.HAL_PCD_EP_Transmit
                0x000000000800ae0a       0x3e build/stm32f4xx_hal_pcd.o
                0x000000000800ae0a                HAL_PCD_EP_Transmit
 .text.HAL_PCD_EP_SetStall
                0x000000000800ae48       0x86 build/stm32f4xx_hal_pcd.o
                0x000000000800ae48                HAL_PCD_EP_SetStall
 .text.HAL_PCD_EP_ClrStall
                0x000000000800aece       0x74 build/stm32f4xx_hal_pcd.o
                0x000000000800aece                HAL_PCD_EP_ClrStall
 .text.HAL_PCD_EP_Abort
                0x000000000800af42       0x34 build/stm32f4xx_hal_pcd.o
                0x000000000800af42                HAL_PCD_EP_Abort
 .text.HAL_PCD_IRQHandler
                0x000000000800af76      0x632 build/stm32f4xx_hal_pcd.o
                0x000000000800af76                HAL_PCD_IRQHandler
 .text.HAL_PCDEx_SetTxFiFo
                0x000000000800b5a8       0x48 build/stm32f4xx_hal_pcd_ex.o
                0x000000000800b5a8                HAL_PCDEx_SetTxFiFo
 .text.HAL_PCDEx_SetRxFiFo
                0x000000000800b5f0        0x8 build/stm32f4xx_hal_pcd_ex.o
                0x000000000800b5f0                HAL_PCDEx_SetRxFiFo
 .text.HAL_PCDEx_ActivateLPM
                0x000000000800b5f8       0x26 build/stm32f4xx_hal_pcd_ex.o
                0x000000000800b5f8                HAL_PCDEx_ActivateLPM
 .text.USB_CoreReset
                0x000000000800b61e       0x56 build/stm32f4xx_ll_usb.o
 .text.USB_CoreInit
                0x000000000800b674       0x92 build/stm32f4xx_ll_usb.o
                0x000000000800b674                USB_CoreInit
 *fill*         0x000000000800b706        0x2 
 .text.USB_SetTurnaroundTime
                0x000000000800b708       0xe4 build/stm32f4xx_ll_usb.o
                0x000000000800b708                USB_SetTurnaroundTime
 .text.USB_EnableGlobalInt
                0x000000000800b7ec        0xc build/stm32f4xx_ll_usb.o
                0x000000000800b7ec                USB_EnableGlobalInt
 .text.USB_DisableGlobalInt
                0x000000000800b7f8        0xc build/stm32f4xx_ll_usb.o
                0x000000000800b7f8                USB_DisableGlobalInt
 .text.USB_FlushTxFifo
                0x000000000800b804       0x4a build/stm32f4xx_ll_usb.o
                0x000000000800b804                USB_FlushTxFifo
 .text.USB_FlushRxFifo
                0x000000000800b84e       0x46 build/stm32f4xx_ll_usb.o
                0x000000000800b84e                USB_FlushRxFifo
 .text.USB_SetDevSpeed
                0x000000000800b894        0xe build/stm32f4xx_ll_usb.o
                0x000000000800b894                USB_SetDevSpeed
 *fill*         0x000000000800b8a2        0x2 
 .text.USB_DevInit
                0x000000000800b8a4      0x190 build/stm32f4xx_ll_usb.o
                0x000000000800b8a4                USB_DevInit
 .text.USB_GetDevSpeed
                0x000000000800ba34       0x22 build/stm32f4xx_ll_usb.o
                0x000000000800ba34                USB_GetDevSpeed
 .text.USB_ActivateEndpoint
                0x000000000800ba56       0x94 build/stm32f4xx_ll_usb.o
                0x000000000800ba56                USB_ActivateEndpoint
 *fill*         0x000000000800baea        0x2 
 .text.USB_DeactivateEndpoint
                0x000000000800baec       0xdc build/stm32f4xx_ll_usb.o
                0x000000000800baec                USB_DeactivateEndpoint
 .text.USB_EPStopXfer
                0x000000000800bbc8       0xbe build/stm32f4xx_ll_usb.o
                0x000000000800bbc8                USB_EPStopXfer
 .text.USB_WritePacket
                0x000000000800bc86       0x28 build/stm32f4xx_ll_usb.o
                0x000000000800bc86                USB_WritePacket
 *fill*         0x000000000800bcae        0x2 
 .text.USB_EPStartXfer
                0x000000000800bcb0      0x244 build/stm32f4xx_ll_usb.o
                0x000000000800bcb0                USB_EPStartXfer
 .text.USB_ReadPacket
                0x000000000800bef4       0x4c build/stm32f4xx_ll_usb.o
                0x000000000800bef4                USB_ReadPacket
 .text.USB_EPSetStall
                0x000000000800bf40       0x5a build/stm32f4xx_ll_usb.o
                0x000000000800bf40                USB_EPSetStall
 .text.USB_EPClearStall
                0x000000000800bf9a       0x5c build/stm32f4xx_ll_usb.o
                0x000000000800bf9a                USB_EPClearStall
 .text.USB_SetDevAddress
                0x000000000800bff6       0x20 build/stm32f4xx_ll_usb.o
                0x000000000800bff6                USB_SetDevAddress
 .text.USB_DevConnect
                0x000000000800c016       0x1c build/stm32f4xx_ll_usb.o
                0x000000000800c016                USB_DevConnect
 .text.USB_DevDisconnect
                0x000000000800c032       0x1c build/stm32f4xx_ll_usb.o
                0x000000000800c032                USB_DevDisconnect
 .text.USB_ReadInterrupts
                0x000000000800c04e        0x8 build/stm32f4xx_ll_usb.o
                0x000000000800c04e                USB_ReadInterrupts
 .text.USB_ReadDevAllOutEpInterrupt
                0x000000000800c056       0x10 build/stm32f4xx_ll_usb.o
                0x000000000800c056                USB_ReadDevAllOutEpInterrupt
 .text.USB_ReadDevAllInEpInterrupt
                0x000000000800c066       0x10 build/stm32f4xx_ll_usb.o
                0x000000000800c066                USB_ReadDevAllInEpInterrupt
 .text.USB_ReadDevOutEPInterrupt
                0x000000000800c076       0x12 build/stm32f4xx_ll_usb.o
                0x000000000800c076                USB_ReadDevOutEPInterrupt
 .text.USB_ReadDevInEPInterrupt
                0x000000000800c088       0x28 build/stm32f4xx_ll_usb.o
                0x000000000800c088                USB_ReadDevInEPInterrupt
 .text.USB_GetMode
                0x000000000800c0b0        0x8 build/stm32f4xx_ll_usb.o
                0x000000000800c0b0                USB_GetMode
 .text.USB_SetCurrentMode
                0x000000000800c0b8       0x62 build/stm32f4xx_ll_usb.o
                0x000000000800c0b8                USB_SetCurrentMode
 .text.USB_ActivateSetup
                0x000000000800c11a       0x20 build/stm32f4xx_ll_usb.o
                0x000000000800c11a                USB_ActivateSetup
 *fill*         0x000000000800c13a        0x2 
 .text.USB_EP0_OutStart
                0x000000000800c13c       0x60 build/stm32f4xx_ll_usb.o
                0x000000000800c13c                USB_EP0_OutStart
 .text.USBD_Init
                0x000000000800c19c       0x2e build/usbd_core.o
                0x000000000800c19c                USBD_Init
 .text.USBD_RegisterClass
                0x000000000800c1ca       0x34 build/usbd_core.o
                0x000000000800c1ca                USBD_RegisterClass
 .text.USBD_Start
                0x000000000800c1fe        0x8 build/usbd_core.o
                0x000000000800c1fe                USBD_Start
 .text.USBD_SetClassConfig
                0x000000000800c206       0x12 build/usbd_core.o
                0x000000000800c206                USBD_SetClassConfig
 .text.USBD_ClrClassConfig
                0x000000000800c218       0x12 build/usbd_core.o
                0x000000000800c218                USBD_ClrClassConfig
 .text.USBD_LL_SetupStage
                0x000000000800c22a       0x58 build/usbd_core.o
                0x000000000800c22a                USBD_LL_SetupStage
 .text.USBD_LL_Reset
                0x000000000800c282       0x66 build/usbd_core.o
                0x000000000800c282                USBD_LL_Reset
 .text.USBD_LL_SetSpeed
                0x000000000800c2e8        0x6 build/usbd_core.o
                0x000000000800c2e8                USBD_LL_SetSpeed
 .text.USBD_LL_Suspend
                0x000000000800c2ee       0x1e build/usbd_core.o
                0x000000000800c2ee                USBD_LL_Suspend
 .text.USBD_LL_Resume
                0x000000000800c30c       0x1a build/usbd_core.o
                0x000000000800c30c                USBD_LL_Resume
 .text.USBD_LL_SOF
                0x000000000800c326       0x22 build/usbd_core.o
                0x000000000800c326                USBD_LL_SOF
 .text.USBD_LL_IsoINIncomplete
                0x000000000800c348       0x2e build/usbd_core.o
                0x000000000800c348                USBD_LL_IsoINIncomplete
 .text.USBD_LL_IsoOUTIncomplete
                0x000000000800c376       0x2e build/usbd_core.o
                0x000000000800c376                USBD_LL_IsoOUTIncomplete
 .text.USBD_LL_DevConnected
                0x000000000800c3a4        0x4 build/usbd_core.o
                0x000000000800c3a4                USBD_LL_DevConnected
 .text.USBD_LL_DevDisconnected
                0x000000000800c3a8       0x20 build/usbd_core.o
                0x000000000800c3a8                USBD_LL_DevDisconnected
 .text.USBD_CoreFindIF
                0x000000000800c3c8        0x4 build/usbd_core.o
                0x000000000800c3c8                USBD_CoreFindIF
 .text.USBD_CoreFindEP
                0x000000000800c3cc        0x4 build/usbd_core.o
                0x000000000800c3cc                USBD_CoreFindEP
 .text.USBD_LL_DataOutStage
                0x000000000800c3d0       0xd8 build/usbd_core.o
                0x000000000800c3d0                USBD_LL_DataOutStage
 .text.USBD_LL_DataInStage
                0x000000000800c4a8       0xde build/usbd_core.o
                0x000000000800c4a8                USBD_LL_DataInStage
 .text.USBD_GetNextDesc
                0x000000000800c586        0xe build/usbd_core.o
                0x000000000800c586                USBD_GetNextDesc
 .text.USBD_GetEpDesc
                0x000000000800c594       0x3e build/usbd_core.o
                0x000000000800c594                USBD_GetEpDesc
 .text.USBD_GetLen
                0x000000000800c5d2       0x12 build/usbd_ctlreq.o
 .text.USBD_ParseSetupRequest
                0x000000000800c5e4       0x28 build/usbd_ctlreq.o
                0x000000000800c5e4                USBD_ParseSetupRequest
 .text.USBD_CtlError
                0x000000000800c60c       0x14 build/usbd_ctlreq.o
                0x000000000800c60c                USBD_CtlError
 .text.USBD_GetDescriptor
                0x000000000800c620      0x1ac build/usbd_ctlreq.o
 .text.USBD_SetAddress
                0x000000000800c7cc       0x50 build/usbd_ctlreq.o
 .text.USBD_SetConfig
                0x000000000800c81c       0xcc build/usbd_ctlreq.o
 .text.USBD_GetConfig
                0x000000000800c8e8       0x40 build/usbd_ctlreq.o
 .text.USBD_GetStatus
                0x000000000800c928       0x38 build/usbd_ctlreq.o
 .text.USBD_SetFeature
                0x000000000800c960       0x2a build/usbd_ctlreq.o
 .text.USBD_ClrFeature
                0x000000000800c98a       0x26 build/usbd_ctlreq.o
 .text.USBD_StdDevReq
                0x000000000800c9b0       0x76 build/usbd_ctlreq.o
                0x000000000800c9b0                USBD_StdDevReq
 .text.USBD_StdItfReq
                0x000000000800ca26       0x8c build/usbd_ctlreq.o
                0x000000000800ca26                USBD_StdItfReq
 .text.USBD_StdEPReq
                0x000000000800cab2      0x23a build/usbd_ctlreq.o
                0x000000000800cab2                USBD_StdEPReq
 .text.USBD_GetString
                0x000000000800ccec       0x44 build/usbd_ctlreq.o
                0x000000000800ccec                USBD_GetString
 .text.USBD_CtlSendData
                0x000000000800cd30       0x1c build/usbd_ioreq.o
                0x000000000800cd30                USBD_CtlSendData
 .text.USBD_CtlContinueSendData
                0x000000000800cd4c       0x10 build/usbd_ioreq.o
                0x000000000800cd4c                USBD_CtlContinueSendData
 .text.USBD_CtlPrepareRx
                0x000000000800cd5c       0x22 build/usbd_ioreq.o
                0x000000000800cd5c                USBD_CtlPrepareRx
 .text.USBD_CtlContinueRx
                0x000000000800cd7e       0x10 build/usbd_ioreq.o
                0x000000000800cd7e                USBD_CtlContinueRx
 .text.USBD_CtlSendStatus
                0x000000000800cd8e       0x16 build/usbd_ioreq.o
                0x000000000800cd8e                USBD_CtlSendStatus
 .text.USBD_CtlReceiveStatus
                0x000000000800cda4       0x16 build/usbd_ioreq.o
                0x000000000800cda4                USBD_CtlReceiveStatus
 .text.USBD_CDC_EP0_RxReady
                0x000000000800cdba       0x40 build/usbd_cdc.o
 *fill*         0x000000000800cdfa        0x2 
 .text.USBD_CDC_GetDeviceQualifierDescriptor
                0x000000000800cdfc        0xc build/usbd_cdc.o
                0x000000000800cdfc                USBD_CDC_GetDeviceQualifierDescriptor
 .text.USBD_CDC_GetOtherSpeedCfgDesc
                0x000000000800ce08       0x48 build/usbd_cdc.o
 .text.USBD_CDC_GetFSCfgDesc
                0x000000000800ce50       0x48 build/usbd_cdc.o
 .text.USBD_CDC_GetHSCfgDesc
                0x000000000800ce98       0x48 build/usbd_cdc.o
 .text.USBD_CDC_DataOut
                0x000000000800cee0       0x38 build/usbd_cdc.o
 .text.USBD_CDC_DataIn
                0x000000000800cf18       0x7c build/usbd_cdc.o
 .text.USBD_CDC_Setup
                0x000000000800cf94      0x11a build/usbd_cdc.o
 .text.USBD_CDC_DeInit
                0x000000000800d0ae       0x64 build/usbd_cdc.o
 .text.USBD_CDC_Init
                0x000000000800d112       0xee build/usbd_cdc.o
 .text.USBD_CDC_RegisterInterface
                0x000000000800d200       0x16 build/usbd_cdc.o
                0x000000000800d200                USBD_CDC_RegisterInterface
 .text.USBD_CDC_SetTxBuffer
                0x000000000800d216       0x1c build/usbd_cdc.o
                0x000000000800d216                USBD_CDC_SetTxBuffer
 .text.USBD_CDC_SetRxBuffer
                0x000000000800d232       0x18 build/usbd_cdc.o
                0x000000000800d232                USBD_CDC_SetRxBuffer
 .text.USBD_CDC_TransmitPacket
                0x000000000800d24a       0x3a build/usbd_cdc.o
                0x000000000800d24a                USBD_CDC_TransmitPacket
 .text.USBD_CDC_ReceivePacket
                0x000000000800d284       0x38 build/usbd_cdc.o
                0x000000000800d284                USBD_CDC_ReceivePacket
 .text.Reset_Handler
                0x000000000800d2bc       0x50 build/startup_stm32f446xx.o
                0x000000000800d2bc                Reset_Handler
 .text.Default_Handler
                0x000000000800d30c        0x2 build/startup_stm32f446xx.o
                0x000000000800d30c                RTC_Alarm_IRQHandler
                0x000000000800d30c                EXTI2_IRQHandler
                0x000000000800d30c                TIM8_CC_IRQHandler
                0x000000000800d30c                FMPI2C1_EV_IRQHandler
                0x000000000800d30c                SPI4_IRQHandler
                0x000000000800d30c                TIM1_CC_IRQHandler
                0x000000000800d30c                DMA2_Stream5_IRQHandler
                0x000000000800d30c                DMA1_Stream5_IRQHandler
                0x000000000800d30c                PVD_IRQHandler
                0x000000000800d30c                SDIO_IRQHandler
                0x000000000800d30c                TAMP_STAMP_IRQHandler
                0x000000000800d30c                CAN2_RX1_IRQHandler
                0x000000000800d30c                EXTI3_IRQHandler
                0x000000000800d30c                TIM8_TRG_COM_TIM14_IRQHandler
                0x000000000800d30c                TIM1_UP_TIM10_IRQHandler
                0x000000000800d30c                TIM8_UP_TIM13_IRQHandler
                0x000000000800d30c                I2C3_ER_IRQHandler
                0x000000000800d30c                EXTI0_IRQHandler
                0x000000000800d30c                I2C2_EV_IRQHandler
                0x000000000800d30c                DMA1_Stream2_IRQHandler
                0x000000000800d30c                CAN1_RX0_IRQHandler
                0x000000000800d30c                FPU_IRQHandler
                0x000000000800d30c                OTG_HS_WKUP_IRQHandler
                0x000000000800d30c                CAN2_SCE_IRQHandler
                0x000000000800d30c                DMA2_Stream2_IRQHandler
                0x000000000800d30c                SPI1_IRQHandler
                0x000000000800d30c                TIM6_DAC_IRQHandler
                0x000000000800d30c                TIM1_BRK_TIM9_IRQHandler
                0x000000000800d30c                DCMI_IRQHandler
                0x000000000800d30c                CAN2_RX0_IRQHandler
                0x000000000800d30c                DMA2_Stream3_IRQHandler
                0x000000000800d30c                SAI2_IRQHandler
                0x000000000800d30c                USART6_IRQHandler
                0x000000000800d30c                USART3_IRQHandler
                0x000000000800d30c                CAN1_RX1_IRQHandler
                0x000000000800d30c                UART5_IRQHandler
                0x000000000800d30c                TIM4_IRQHandler
                0x000000000800d30c                QUADSPI_IRQHandler
                0x000000000800d30c                DMA1_Stream1_IRQHandler
                0x000000000800d30c                UART4_IRQHandler
                0x000000000800d30c                TIM3_IRQHandler
                0x000000000800d30c                RCC_IRQHandler
                0x000000000800d30c                TIM8_BRK_TIM12_IRQHandler
                0x000000000800d30c                Default_Handler
                0x000000000800d30c                CEC_IRQHandler
                0x000000000800d30c                EXTI15_10_IRQHandler
                0x000000000800d30c                ADC_IRQHandler
                0x000000000800d30c                DMA1_Stream7_IRQHandler
                0x000000000800d30c                TIM7_IRQHandler
                0x000000000800d30c                CAN2_TX_IRQHandler
                0x000000000800d30c                TIM5_IRQHandler
                0x000000000800d30c                DMA2_Stream7_IRQHandler
                0x000000000800d30c                I2C3_EV_IRQHandler
                0x000000000800d30c                EXTI9_5_IRQHandler
                0x000000000800d30c                RTC_WKUP_IRQHandler
                0x000000000800d30c                SPDIF_RX_IRQHandler
                0x000000000800d30c                SPI2_IRQHandler
                0x000000000800d30c                OTG_HS_EP1_IN_IRQHandler
                0x000000000800d30c                CAN1_TX_IRQHandler
                0x000000000800d30c                FMPI2C1_ER_IRQHandler
                0x000000000800d30c                EXTI4_IRQHandler
                0x000000000800d30c                OTG_HS_EP1_OUT_IRQHandler
                0x000000000800d30c                WWDG_IRQHandler
                0x000000000800d30c                TIM2_IRQHandler
                0x000000000800d30c                OTG_FS_WKUP_IRQHandler
                0x000000000800d30c                TIM1_TRG_COM_TIM11_IRQHandler
                0x000000000800d30c                OTG_HS_IRQHandler
                0x000000000800d30c                EXTI1_IRQHandler
                0x000000000800d30c                USART2_IRQHandler
                0x000000000800d30c                I2C2_ER_IRQHandler
                0x000000000800d30c                DMA2_Stream1_IRQHandler
                0x000000000800d30c                CAN1_SCE_IRQHandler
                0x000000000800d30c                FLASH_IRQHandler
                0x000000000800d30c                DMA2_Stream4_IRQHandler
                0x000000000800d30c                USART1_IRQHandler
                0x000000000800d30c                SPI3_IRQHandler
                0x000000000800d30c                DMA1_Stream4_IRQHandler
                0x000000000800d30c                FMC_IRQHandler
                0x000000000800d30c                DMA2_Stream6_IRQHandler
                0x000000000800d30c                SAI1_IRQHandler
                0x000000000800d30c                DMA1_Stream3_IRQHandler
 *(.glue_7)
 .glue_7        0x000000000800d30e        0x0 linker stubs
 *(.glue_7t)
 .glue_7t       0x000000000800d30e        0x0 linker stubs
 *(.eh_frame)
 *fill*         0x000000000800d30e        0x2 
 .eh_frame      0x000000000800d310        0x0 /usr/lib/gcc/arm-none-eabi/9.2.1/thumb/v7e-m+fp/hard/crtbegin.o
 *(.init)
 .init          0x000000000800d310        0x4 /usr/lib/gcc/arm-none-eabi/9.2.1/thumb/v7e-m+fp/hard/crti.o
                0x000000000800d310                _init
 .init          0x000000000800d314        0x8 /usr/lib/gcc/arm-none-eabi/9.2.1/thumb/v7e-m+fp/hard/crtn.o
 *(.fini)
 .fini          0x000000000800d31c        0x4 /usr/lib/gcc/arm-none-eabi/9.2.1/thumb/v7e-m+fp/hard/crti.o
                0x000000000800d31c                _fini
 .fini          0x000000000800d320        0x8 /usr/lib/gcc/arm-none-eabi/9.2.1/thumb/v7e-m+fp/hard/crtn.o
                0x000000000800d328                . = ALIGN (0x4)
                0x000000000800d328                _etext = .

.vfp11_veneer   0x000000000800d328        0x0
 .vfp11_veneer  0x000000000800d328        0x0 linker stubs

.v4_bx          0x000000000800d328        0x0
 .v4_bx         0x000000000800d328        0x0 linker stubs

.iplt           0x000000000800d328        0x0
 .iplt          0x000000000800d328        0x0 /usr/lib/gcc/arm-none-eabi/9.2.1/thumb/v7e-m+fp/hard/crtbegin.o

.rodata         0x000000000800d328      0x600
                0x000000000800d328                . = ALIGN (0x4)
 *(.rodata)
 .rodata        0x000000000800d328        0x4 /usr/lib/gcc/arm-none-eabi/9.2.1/../../../arm-none-eabi/lib/thumb/v7e-m+fp/hard/libc_nano.a(lib_a-impure.o)
                0x000000000800d328                _global_impure_ptr
 *fill*         0x000000000800d32c        0x4 
 .rodata        0x000000000800d330      0x128 /usr/lib/gcc/arm-none-eabi/9.2.1/../../../arm-none-eabi/lib/thumb/v7e-m+fp/hard/libc_nano.a(lib_a-mprec.o)
                0x000000000800d340                __mprec_tens
                0x000000000800d408                __mprec_tinytens
                0x000000000800d430                __mprec_bigtens
 .rodata        0x000000000800d458      0x101 /usr/lib/gcc/arm-none-eabi/9.2.1/../../../arm-none-eabi/lib/thumb/v7e-m+fp/hard/libc_nano.a(lib_a-ctype_.o)
                0x000000000800d458                _ctype_
 *fill*         0x000000000800d559        0x3 
 .rodata        0x000000000800d55c       0x60 /usr/lib/gcc/arm-none-eabi/9.2.1/../../../arm-none-eabi/lib/thumb/v7e-m+fp/hard/libc_nano.a(lib_a-findfp.o)
                0x000000000800d55c                __sf_fake_stderr
                0x000000000800d57c                __sf_fake_stdout
                0x000000000800d59c                __sf_fake_stdin
 *(.rodata*)
 .rodata.My_Application_Init.str1.4
                0x000000000800d5bc      0x115 build/my_application.o
 *fill*         0x000000000800d6d1        0x3 
 .rodata.My_Application_Run.str1.4
                0x000000000800d6d4       0xa6 build/my_application.o
 *fill*         0x000000000800d77a        0x2 
 .rodata.flagBitshiftOffset.8602
                0x000000000800d77c        0x8 build/stm32f4xx_hal_dma.o
 .rodata.AHBPrescTable
                0x000000000800d784       0x10 build/system_stm32f4xx.o
                0x000000000800d784                AHBPrescTable
 .rodata.APBPrescTable
                0x000000000800d794        0x8 build/system_stm32f4xx.o
                0x000000000800d794                APBPrescTable
 .rodata.USBD_FS_ProductStrDescriptor.str1.4
                0x000000000800d79c       0x16 build/usbd_desc.o
 *fill*         0x000000000800d7b2        0x2 
 .rodata.USBD_FS_ManufacturerStrDescriptor.str1.4
                0x000000000800d7b4       0x13 build/usbd_desc.o
 *fill*         0x000000000800d7c7        0x1 
 .rodata.USBD_FS_ConfigStrDescriptor.str1.4
                0x000000000800d7c8        0xb build/usbd_desc.o
 *fill*         0x000000000800d7d3        0x1 
 .rodata.USBD_FS_InterfaceStrDescriptor.str1.4
                0x000000000800d7d4        0xe build/usbd_desc.o
 *fill*         0x000000000800d7e2        0x2 
 .rodata.str1.4
                0x000000000800d7e4       0x12 /usr/lib/gcc/arm-none-eabi/9.2.1/../../../arm-none-eabi/lib/thumb/v7e-m+fp/hard/libc_nano.a(lib_a-nano-vfprintf_float.o)
 *fill*         0x000000000800d7f6        0x2 
 .rodata.str1.4
                0x000000000800d7f8       0x25 /usr/lib/gcc/arm-none-eabi/9.2.1/../../../arm-none-eabi/lib/thumb/v7e-m+fp/hard/libc_nano.a(lib_a-nano-vfprintf_i.o)
 *fill*         0x000000000800d81d        0x3 
 .rodata.str1.4
                0x000000000800d820       0x6d /usr/lib/gcc/arm-none-eabi/9.2.1/../../../arm-none-eabi/lib/thumb/v7e-m+fp/hard/libc_nano.a(lib_a-dtoa.o)
                                         0x71 (size before relaxing)
 *fill*         0x000000000800d88d        0x3 
 .rodata.str1.4
                0x000000000800d890       0x33 /usr/lib/gcc/arm-none-eabi/9.2.1/../../../arm-none-eabi/lib/thumb/v7e-m+fp/hard/libc_nano.a(lib_a-mprec.o)
                                         0x5d (size before relaxing)
 *fill*         0x000000000800d8c3        0x1 
 .rodata.str1.4
                0x000000000800d8c4       0x13 /usr/lib/gcc/arm-none-eabi/9.2.1/../../../arm-none-eabi/lib/thumb/v7e-m+fp/hard/libc_nano.a(lib_a-nano-svfprintf.o)
 *fill*         0x000000000800d8d7        0x1 
 .rodata.str1.4
                0x000000000800d8d8       0x3f /usr/lib/gcc/arm-none-eabi/9.2.1/../../../arm-none-eabi/lib/thumb/v7e-m+fp/hard/libc_nano.a(lib_a-assert.o)
                                         0x43 (size before relaxing)
 *fill*         0x000000000800d917        0x1 
 .rodata.str1.4
                0x000000000800d918        0xe /usr/lib/gcc/arm-none-eabi/9.2.1/../../../arm-none-eabi/lib/thumb/v7e-m+fp/hard/libc_nano.a(lib_a-locale.o)
                                         0x12 (size before relaxing)
 .rodata.str1.4
                0x000000000800d926       0x13 /usr/lib/gcc/arm-none-eabi/9.2.1/../../../arm-none-eabi/lib/thumb/v7e-m+fp/hard/libc_nano.a(lib_a-nano-vfprintf.o)
                0x000000000800d93c                . = ALIGN (0x4)
 *fill*         0x000000000800d926        0x2 

.ARM.extab      0x000000000800d928        0x0
                0x000000000800d928                . = ALIGN (0x4)
 *(.ARM.extab* .gnu.linkonce.armextab.*)
                0x000000000800d928                . = ALIGN (0x4)

.ARM            0x000000000800d928        0x8
                0x000000000800d928                . = ALIGN (0x4)
                0x000000000800d928                __exidx_start = .
 *(.ARM.exidx*)
 .ARM.exidx     0x000000000800d928        0x8 /usr/lib/gcc/arm-none-eabi/9.2.1/thumb/v7e-m+fp/hard/libgcc.a(_udivmoddi4.o)
                0x000000000800d930                __exidx_end = .
                0x000000000800d930                . = ALIGN (0x4)

.rel.dyn        0x000000000800d930        0x0
 .rel.iplt      0x000000000800d930        0x0 /usr/lib/gcc/arm-none-eabi/9.2.1/thumb/v7e-m+fp/hard/crtbegin.o

.preinit_array  0x000000000800d930        0x0
                0x000000000800d930                . = ALIGN (0x4)
                0x000000000800d930                PROVIDE (__preinit_array_start = .)
 *(.preinit_array*)
                0x000000000800d930                PROVIDE (__preinit_array_end = .)
                0x000000000800d930                . = ALIGN (0x4)

.init_array     0x000000000800d930        0x4
                0x000000000800d930                . = ALIGN (0x4)
                0x000000000800d930                PROVIDE (__init_array_start = .)
 *(SORT_BY_NAME(.init_array.*))
 *(.init_array*)
 .init_array    0x000000000800d930        0x4 /usr/lib/gcc/arm-none-eabi/9.2.1/thumb/v7e-m+fp/hard/crtbegin.o
                0x000000000800d934                PROVIDE (__init_array_end = .)
                0x000000000800d934                . = ALIGN (0x4)

.fini_array     0x000000000800d934        0x4
                0x000000000800d934                . = ALIGN (0x4)
                0x000000000800d934                PROVIDE (__fini_array_start = .)
 *(SORT_BY_NAME(.fini_array.*))
 *(.fini_array*)
 .fini_array    0x000000000800d934        0x4 /usr/lib/gcc/arm-none-eabi/9.2.1/thumb/v7e-m+fp/hard/crtbegin.o
                0x000000000800d938                PROVIDE (__fini_array_end = .)
                0x000000000800d938                . = ALIGN (0x4)
                0x000000000800d938                _sidata = LOADADDR (.data)

.data           0x0000000020000000      0x338 load address 0x000000000800d938
                0x0000000020000000                . = ALIGN (0x4)
                0x0000000020000000                _sdata = .
 *(.data)
 .data          0x0000000020000000       0x64 /usr/lib/gcc/arm-none-eabi/9.2.1/../../../arm-none-eabi/lib/thumb/v7e-m+fp/hard/libc_nano.a(lib_a-impure.o)
                0x0000000020000000                _impure_ptr
 .data          0x0000000020000064      0x16c /usr/lib/gcc/arm-none-eabi/9.2.1/../../../arm-none-eabi/lib/thumb/v7e-m+fp/hard/libc_nano.a(lib_a-locale.o)
                0x0000000020000064                __global_locale
 *(.data*)
 .data.hum.10752
                0x00000000200001d0       0x20 build/my_application.o
 .data.press.10753
                0x00000000200001f0       0x20 build/my_application.o
 .data.temp.10751
                0x0000000020000210       0x20 build/my_application.o
 .data.uwTickFreq
                0x0000000020000230        0x1 build/stm32f4xx_hal.o
                0x0000000020000230                uwTickFreq
 *fill*         0x0000000020000231        0x3 
 .data.uwTickPrio
                0x0000000020000234        0x4 build/stm32f4xx_hal.o
                0x0000000020000234                uwTickPrio
 .data.SystemCoreClock
                0x0000000020000238        0x4 build/system_stm32f4xx.o
                0x0000000020000238                SystemCoreClock
 .data.FS_Desc  0x000000002000023c       0x20 build/usbd_desc.o
                0x000000002000023c                FS_Desc
 .data.USBD_FS_BOSDesc
                0x000000002000025c        0xc build/usbd_desc.o
                0x000000002000025c                USBD_FS_BOSDesc
 .data.USBD_FS_DeviceDesc
                0x0000000020000268       0x12 build/usbd_desc.o
                0x0000000020000268                USBD_FS_DeviceDesc
 *fill*         0x000000002000027a        0x2 
 .data.USBD_LangIDDesc
                0x000000002000027c        0x4 build/usbd_desc.o
                0x000000002000027c                USBD_LangIDDesc
 .data.USBD_StringSerial
                0x0000000020000280       0x1a build/usbd_desc.o
                0x0000000020000280                USBD_StringSerial
 *fill*         0x000000002000029a        0x2 
 .data.USBD_Interface_fops_FS
                0x000000002000029c       0x14 build/usbd_cdc_if.o
                0x000000002000029c                USBD_Interface_fops_FS
 .data.USBD_CDC
                0x00000000200002b0       0x38 build/usbd_cdc.o
                0x00000000200002b0                USBD_CDC
 .data.USBD_CDC_CfgDesc
                0x00000000200002e8       0x43 build/usbd_cdc.o
 *fill*         0x000000002000032b        0x1 
 .data.USBD_CDC_DeviceQualifierDesc
                0x000000002000032c        0xa build/usbd_cdc.o
 *(.RamFunc)
 *(.RamFunc*)
                0x0000000020000338                . = ALIGN (0x4)
 *fill*         0x0000000020000336        0x2 

.tm_clone_table
                0x0000000020000338        0x0 load address 0x000000000800dc70
 .tm_clone_table
                0x0000000020000338        0x0 /usr/lib/gcc/arm-none-eabi/9.2.1/thumb/v7e-m+fp/hard/crtbegin.o
 .tm_clone_table
                0x0000000020000338        0x0 /usr/lib/gcc/arm-none-eabi/9.2.1/thumb/v7e-m+fp/hard/crtend.o

.igot.plt       0x0000000020000338        0x0 load address 0x000000000800dc70
 .igot.plt      0x0000000020000338        0x0 /usr/lib/gcc/arm-none-eabi/9.2.1/thumb/v7e-m+fp/hard/crtbegin.o

.tdata          0x0000000020000338        0x0 load address 0x000000000800dc70
 *(.tdata .tdata.* .gnu.linkonce.td.*)
                0x0000000020000338                . = ALIGN (0x4)
                0x0000000020000338                _edata = .
                [!provide]                        PROVIDE (__data_end = .)
                [!provide]                        PROVIDE (__tdata_end = .)
                [!provide]                        PROVIDE (__tdata_start = ADDR (.tdata))
                [!provide]                        PROVIDE (__tdata_size = (__tdata_end - __tdata_start))
                [!provide]                        PROVIDE (__data_start = ADDR (.data))
                [!provide]                        PROVIDE (__data_size = (__data_end - __data_start))
                [!provide]                        PROVIDE (__tdata_source = LOADADDR (.tdata))
                [!provide]                        PROVIDE (__tdata_source_end = (LOADADDR (.tdata) + SIZEOF (.tdata)))
                [!provide]                        PROVIDE (__tdata_source_size = (__tdata_source_end - __tdata_source))
                [!provide]                        PROVIDE (__data_source = LOADADDR (.data))
                [!provide]                        PROVIDE (__data_source_end = __tdata_source_end)
                [!provide]                        PROVIDE (__data_source_size = (__data_source_end - __data_source))

.tbss           0x0000000020000338        0x0 load address 0x000000000800dc70
                0x0000000020000338                _sbss = .
                0x0000000020000338                __bss_start__ = _sbss
 *(.tbss .tbss.*)
                0x0000000020000338                . = ALIGN (0x4)
                [!provide]                        PROVIDE (__tbss_end = .)
                [!provide]                        PROVIDE (__tbss_start = ADDR (.tbss))
                [!provide]                        PROVIDE (__tbss_size = (__tbss_end - __tbss_start))
                [!provide]                        PROVIDE (__tbss_offset = (ADDR (.tbss) - ADDR (.tdata)))
                [!provide]                        PROVIDE (__tls_base = __tdata_start)
                [!provide]                        PROVIDE (__tls_end = __tbss_end)
                [!provide]                        PROVIDE (__tls_size = (__tls_end - __tls_base))
                [!provide]                        PROVIDE (__tls_align = MAX (ALIGNOF (.tdata), ALIGNOF (.tbss)))
                [!provide]                        PROVIDE (__tls_size_align = (((__tls_size + __tls_align) - 0x1) & ~ ((__tls_align - 0x1))))
                [!provide]                        PROVIDE (__arm32_tls_tcb_offset = MAX (0x8, __tls_align))
                [!provide]                        PROVIDE (__arm64_tls_tcb_offset = MAX (0x10, __tls_align))

.bss            0x0000000020000338     0x22d4 load address 0x000000000800dc70
 *(.bss)
 .bss           0x0000000020000338       0x1c /usr/lib/gcc/arm-none-eabi/9.2.1/thumb/v7e-m+fp/hard/crtbegin.o
 .bss           0x0000000020000354       0x10 build/microphone_sensor.o
                0x0000000020000354                dma_buffer
 .bss           0x0000000020000364        0x8 /usr/lib/gcc/arm-none-eabi/9.2.1/../../../arm-none-eabi/lib/thumb/v7e-m+fp/hard/libc_nano.a(lib_a-nano-mallocr.o)
                0x0000000020000364                __malloc_free_list
                0x0000000020000368                __malloc_sbrk_start
 *(.bss*)
 .bss.i2c_arbitration_lost_count
                0x000000002000036c        0x4 build/i2c_error_handler.o
                0x000000002000036c                i2c_arbitration_lost_count
 .bss.i2c_bus_error_count
                0x0000000020000370        0x4 build/i2c_error_handler.o
                0x0000000020000370                i2c_bus_error_count
 .bss.i2c_error_count
                0x0000000020000374        0x4 build/i2c_error_handler.o
                0x0000000020000374                i2c_error_count
 .bss.i2c_recovery_count
                0x0000000020000378        0x4 build/i2c_error_handler.o
                0x0000000020000378                i2c_recovery_count
 .bss.i2c_timeout_count
                0x000000002000037c        0x4 build/i2c_error_handler.o
                0x000000002000037c                i2c_timeout_count
 .bss.current_state
                0x0000000020000380        0x1 build/i2c_dma_manager.o
 *fill*         0x0000000020000381        0x3 
 .bss.i2c_dma_data
                0x0000000020000384       0x64 build/i2c_dma_manager.o
                0x0000000020000384                i2c_dma_data
 .bss.reading_in_progress
                0x00000000200003e8        0x1 build/i2c_dma_manager.o
 *fill*         0x00000000200003e9        0x3 
 .bss.bme       0x00000000200003ec      0x180 build/my_application.o
 .bss.bme_index.10754
                0x000000002000056c        0x4 build/my_application.o
 .bss.msg.10735
                0x0000000020000570       0x80 build/my_application.o
 .bss.msg.10755
                0x00000000200005f0      0x200 build/my_application.o
 .bss.__sbrk_heap_end
                0x00000000200007f0        0x4 build/sysmem.o
 .bss.mem.10645
                0x00000000200007f4      0x220 build/usbd_conf.o
 .bss.cfgidx.10571
                0x0000000020000a14        0x1 build/usbd_ctlreq.o
 *(COMMON)
 *fill*         0x0000000020000a15        0x3 
 COMMON         0x0000000020000a18      0x114 build/i2c.o
                0x0000000020000a18                hdma_i2c1_tx
                0x0000000020000a78                hi2c1
                0x0000000020000acc                hdma_i2c1_rx
 COMMON         0x0000000020000b2c       0x48 build/usart.o
                0x0000000020000b2c                huart1
 COMMON         0x0000000020000b74       0x28 build/my_application.o
                0x0000000020000b74                icm42688
                0x0000000020000b84                vcnl4040
                0x0000000020000b8c                mic
 COMMON         0x0000000020000b9c        0x4 build/stm32f4xx_hal.o
                0x0000000020000b9c                uwTick
 COMMON         0x0000000020000ba0       0xa8 build/i2s.o
                0x0000000020000ba0                hi2s1
                0x0000000020000be8                hdma_spi1_rx
 COMMON         0x0000000020000c48      0x2dc build/usb_device.o
                0x0000000020000c48                hUsbDeviceFS
 COMMON         0x0000000020000f24      0x200 build/usbd_desc.o
                0x0000000020000f24                USBD_StrDesc
 COMMON         0x0000000020001124     0x1000 build/usbd_cdc_if.o
                0x0000000020001124                UserRxBufferFS
                0x0000000020001924                UserTxBufferFS
 COMMON         0x0000000020002124      0x4e4 build/usbd_conf.o
                0x0000000020002124                hpcd_USB_OTG_FS
 COMMON         0x0000000020002608        0x4 /usr/lib/gcc/arm-none-eabi/9.2.1/../../../arm-none-eabi/lib/thumb/v7e-m+fp/hard/libc_nano.a(lib_a-reent.o)
                0x0000000020002608                errno
                0x000000002000260c                . = ALIGN (0x4)
                0x000000002000260c                _ebss = .
                0x000000002000260c                __bss_end__ = _ebss
                [!provide]                        PROVIDE (__bss_end = .)
                [!provide]                        PROVIDE (__non_tls_bss_start = ADDR (.bss))
                [!provide]                        PROVIDE (__bss_start = __tbss_start)
                [!provide]                        PROVIDE (__bss_size = (__bss_end - __bss_start))

._user_heap_stack
                0x000000002000260c      0x604 load address 0x000000000800dc70
                0x0000000020002610                . = ALIGN (0x8)
 *fill*         0x000000002000260c        0x4 
                [!provide]                        PROVIDE (end = .)
                0x0000000020002610                PROVIDE (_end = .)
                0x0000000020002810                . = (. + _Min_Heap_Size)
 *fill*         0x0000000020002610      0x200 
                0x0000000020002c10                . = (. + _Min_Stack_Size)
 *fill*         0x0000000020002810      0x400 
                0x0000000020002c10                . = ALIGN (0x8)

/DISCARD/
 libc.a:*(*)
 libm.a:*(*)
 libgcc.a:*(*)
OUTPUT(build/finger.elf elf32-littlearm)
LOAD linker stubs

.ARM.attributes
                0x0000000000000000       0x30
 .ARM.attributes
                0x0000000000000000       0x1e /usr/lib/gcc/arm-none-eabi/9.2.1/thumb/v7e-m+fp/hard/crti.o
 .ARM.attributes
                0x000000000000001e       0x34 /usr/lib/gcc/arm-none-eabi/9.2.1/thumb/v7e-m+fp/hard/crtbegin.o
 .ARM.attributes
                0x0000000000000052       0x34 build/main.o
 .ARM.attributes
                0x0000000000000086       0x34 build/gpio.o
 .ARM.attributes
                0x00000000000000ba       0x34 build/i2c.o
 .ARM.attributes
                0x00000000000000ee       0x34 build/i2c_error_handler.o
 .ARM.attributes
                0x0000000000000122       0x34 build/i2c_dma_manager.o
 .ARM.attributes
                0x0000000000000156       0x34 build/usart.o
 .ARM.attributes
                0x000000000000018a       0x34 build/stm32f4xx_it.o
 .ARM.attributes
                0x00000000000001be       0x34 build/stm32f4xx_hal_msp.o
 .ARM.attributes
                0x00000000000001f2       0x34 build/vcnl4040_sensor.o
 .ARM.attributes
                0x0000000000000226       0x34 build/humidity_temp_sensor.o
 .ARM.attributes
                0x000000000000025a       0x34 build/microphone_sensor.o
 .ARM.attributes
                0x000000000000028e       0x34 build/icm42688_sensor.o
 .ARM.attributes
                0x00000000000002c2       0x34 build/methods.o
 .ARM.attributes
                0x00000000000002f6       0x34 build/my_application.o
 .ARM.attributes
                0x000000000000032a       0x34 build/stm32f4xx_hal_i2c.o
 .ARM.attributes
                0x000000000000035e       0x34 build/stm32f4xx_hal_rcc.o
 .ARM.attributes
                0x0000000000000392       0x34 build/stm32f4xx_hal_rcc_ex.o
 .ARM.attributes
                0x00000000000003c6       0x34 build/stm32f4xx_hal_gpio.o
 .ARM.attributes
                0x00000000000003fa       0x34 build/stm32f4xx_hal_dma.o
 .ARM.attributes
                0x000000000000042e       0x34 build/stm32f4xx_hal_cortex.o
 .ARM.attributes
                0x0000000000000462       0x34 build/stm32f4xx_hal.o
 .ARM.attributes
                0x0000000000000496       0x34 build/stm32f4xx_hal_uart.o
 .ARM.attributes
                0x00000000000004ca       0x34 build/system_stm32f4xx.o
 .ARM.attributes
                0x00000000000004fe       0x34 build/sysmem.o
 .ARM.attributes
                0x0000000000000532       0x34 build/syscalls.o
 .ARM.attributes
                0x0000000000000566       0x34 build/dma.o
 .ARM.attributes
                0x000000000000059a       0x34 build/i2s.o
 .ARM.attributes
                0x00000000000005ce       0x34 build/stm32f4xx_hal_i2s.o
 .ARM.attributes
                0x0000000000000602       0x34 build/usb_device.o
 .ARM.attributes
                0x0000000000000636       0x34 build/usbd_desc.o
 .ARM.attributes
                0x000000000000066a       0x34 build/usbd_cdc_if.o
 .ARM.attributes
                0x000000000000069e       0x34 build/usbd_conf.o
 .ARM.attributes
                0x00000000000006d2       0x34 build/stm32f4xx_hal_pcd.o
 .ARM.attributes
                0x0000000000000706       0x34 build/stm32f4xx_hal_pcd_ex.o
 .ARM.attributes