Archive member included to satisfy reference by file (symbol)

/usr/lib/gcc/arm-none-eabi/10.3.1/../../../arm-none-eabi/lib/thumb/v7e-m+fp/hard/libc_nano.a(lib_a-atexit.o)
                              /usr/lib/gcc/arm-none-eabi/10.3.1/../../../arm-none-eabi/lib/thumb/v7e-m+fp/hard/crt0.o (atexit)
/usr/lib/gcc/arm-none-eabi/10.3.1/../../../arm-none-eabi/lib/thumb/v7e-m+fp/hard/libc_nano.a(lib_a-errno.o)
                              build/sysmem.o (__errno)
/usr/lib/gcc/arm-none-eabi/10.3.1/../../../arm-none-eabi/lib/thumb/v7e-m+fp/hard/libc_nano.a(lib_a-exit.o)
                              /usr/lib/gcc/arm-none-eabi/10.3.1/../../../arm-none-eabi/lib/thumb/v7e-m+fp/hard/crt0.o (exit)
/usr/lib/gcc/arm-none-eabi/10.3.1/../../../arm-none-eabi/lib/thumb/v7e-m+fp/hard/libc_nano.a(lib_a-fini.o)
                              /usr/lib/gcc/arm-none-eabi/10.3.1/../../../arm-none-eabi/lib/thumb/v7e-m+fp/hard/crt0.o (__libc_fini_array)
/usr/lib/gcc/arm-none-eabi/10.3.1/../../../arm-none-eabi/lib/thumb/v7e-m+fp/hard/libc_nano.a(lib_a-impure.o)
                              /usr/lib/gcc/arm-none-eabi/10.3.1/../../../arm-none-eabi/lib/thumb/v7e-m+fp/hard/libc_nano.a(lib_a-exit.o) (_global_impure_ptr)
/usr/lib/gcc/arm-none-eabi/10.3.1/../../../arm-none-eabi/lib/thumb/v7e-m+fp/hard/libc_nano.a(lib_a-init.o)
                              /usr/lib/gcc/arm-none-eabi/10.3.1/../../../arm-none-eabi/lib/thumb/v7e-m+fp/hard/crt0.o (__libc_init_array)
/usr/lib/gcc/arm-none-eabi/10.3.1/../../../arm-none-eabi/lib/thumb/v7e-m+fp/hard/libc_nano.a(lib_a-memset.o)
                              /usr/lib/gcc/arm-none-eabi/10.3.1/../../../arm-none-eabi/lib/thumb/v7e-m+fp/hard/crt0.o (memset)
/usr/lib/gcc/arm-none-eabi/10.3.1/../../../arm-none-eabi/lib/thumb/v7e-m+fp/hard/libc_nano.a(lib_a-nano-vfprintf_float.o)
                              (_printf_float)
/usr/lib/gcc/arm-none-eabi/10.3.1/../../../arm-none-eabi/lib/thumb/v7e-m+fp/hard/libc_nano.a(lib_a-nano-vfprintf_i.o)
                              /usr/lib/gcc/arm-none-eabi/10.3.1/../../../arm-none-eabi/lib/thumb/v7e-m+fp/hard/libc_nano.a(lib_a-nano-vfprintf_float.o) (_printf_common)
/usr/lib/gcc/arm-none-eabi/10.3.1/../../../arm-none-eabi/lib/thumb/v7e-m+fp/hard/libc_nano.a(lib_a-sprintf.o)
                              build/my_main.o (sprintf)
/usr/lib/gcc/arm-none-eabi/10.3.1/../../../arm-none-eabi/lib/thumb/v7e-m+fp/hard/libc_nano.a(lib_a-strlen.o)
                              build/methods.o (strlen)
/usr/lib/gcc/arm-none-eabi/10.3.1/../../../arm-none-eabi/lib/thumb/v7e-m+fp/hard/libc_nano.a(lib_a-vsnprintf.o)
                              build/methods.o (vsnprintf)
/usr/lib/gcc/arm-none-eabi/10.3.1/../../../arm-none-eabi/lib/thumb/v7e-m+fp/hard/libc_nano.a(lib_a-__atexit.o)
                              /usr/lib/gcc/arm-none-eabi/10.3.1/../../../arm-none-eabi/lib/thumb/v7e-m+fp/hard/libc_nano.a(lib_a-atexit.o) (__register_exitproc)
/usr/lib/gcc/arm-none-eabi/10.3.1/../../../arm-none-eabi/lib/thumb/v7e-m+fp/hard/libc_nano.a(lib_a-__call_atexit.o)
                              /usr/lib/gcc/arm-none-eabi/10.3.1/../../../arm-none-eabi/lib/thumb/v7e-m+fp/hard/libc_nano.a(lib_a-__atexit.o) (__call_exitprocs)
/usr/lib/gcc/arm-none-eabi/10.3.1/../../../arm-none-eabi/lib/thumb/v7e-m+fp/hard/libc_nano.a(lib_a-dtoa.o)
                              /usr/lib/gcc/arm-none-eabi/10.3.1/../../../arm-none-eabi/lib/thumb/v7e-m+fp/hard/libc_nano.a(lib_a-nano-vfprintf_float.o) (_dtoa_r)
/usr/lib/gcc/arm-none-eabi/10.3.1/../../../arm-none-eabi/lib/thumb/v7e-m+fp/hard/libc_nano.a(lib_a-localeconv.o)
                              /usr/lib/gcc/arm-none-eabi/10.3.1/../../../arm-none-eabi/lib/thumb/v7e-m+fp/hard/libc_nano.a(lib_a-nano-vfprintf_float.o) (_localeconv_r)
/usr/lib/gcc/arm-none-eabi/10.3.1/../../../arm-none-eabi/lib/thumb/v7e-m+fp/hard/libc_nano.a(lib_a-malloc.o)
                              /usr/lib/gcc/arm-none-eabi/10.3.1/../../../arm-none-eabi/lib/thumb/v7e-m+fp/hard/libc_nano.a(lib_a-dtoa.o) (malloc)
/usr/lib/gcc/arm-none-eabi/10.3.1/../../../arm-none-eabi/lib/thumb/v7e-m+fp/hard/libc_nano.a(lib_a-memchr.o)
                              /usr/lib/gcc/arm-none-eabi/10.3.1/../../../arm-none-eabi/lib/thumb/v7e-m+fp/hard/libc_nano.a(lib_a-nano-vfprintf_i.o) (memchr)
/usr/lib/gcc/arm-none-eabi/10.3.1/../../../arm-none-eabi/lib/thumb/v7e-m+fp/hard/libc_nano.a(lib_a-memcpy.o)
                              /usr/lib/gcc/arm-none-eabi/10.3.1/../../../arm-none-eabi/lib/thumb/v7e-m+fp/hard/libc_nano.a(lib_a-dtoa.o) (memcpy)
/usr/lib/gcc/arm-none-eabi/10.3.1/../../../arm-none-eabi/lib/thumb/v7e-m+fp/hard/libc_nano.a(lib_a-mprec.o)
                              /usr/lib/gcc/arm-none-eabi/10.3.1/../../../arm-none-eabi/lib/thumb/v7e-m+fp/hard/libc_nano.a(lib_a-dtoa.o) (_Balloc)
/usr/lib/gcc/arm-none-eabi/10.3.1/../../../arm-none-eabi/lib/thumb/v7e-m+fp/hard/libc_nano.a(lib_a-nano-callocr.o)
[...]
Memory Configuration

Name             Origin             Length             Attributes
RAM              0x0000000020000000 0x0000000000020000 xrw
FLASH            0x0000000008000000 0x0000000000080000 xr
*default*        0x0000000000000000 0xffffffffffffffff

Linker script and memory map

LOAD /usr/lib/gcc/arm-none-eabi/10.3.1/thumb/v7e-m+fp/hard/crti.o
LOAD /usr/lib/gcc/arm-none-eabi/10.3.1/thumb/v7e-m+fp/hard/crtbegin.o
LOAD /usr/lib/gcc/arm-none-eabi/10.3.1/../../../arm-none-eabi/lib/thumb/v7e-m+fp/hard/crt0.o
LOAD build/main.o
LOAD build/gpio.o
LOAD build/i2c.o
LOAD build/i2c_error_handler.o
LOAD build/i2c_dma_manager.o
LOAD build/usart.o
LOAD build/stm32f4xx_it.o
LOAD build/stm32f4xx_hal_msp.o
LOAD build/vcnl4040_sensor.o
LOAD build/ens160_sensor.o
LOAD build/humidity_temp_sensor.o
LOAD build/microphone_sensor.o
LOAD build/icm42688_sensor.o
LOAD build/methods.o
LOAD build/my_main.o
LOAD build/stm32f4xx_hal_i2c.o
LOAD build/stm32f4xx_hal_i2c_ex.o
LOAD build/stm32f4xx_hal_rcc.o
LOAD build/stm32f4xx_hal_rcc_ex.o
LOAD build/stm32f4xx_hal_flash.o
LOAD build/stm32f4xx_hal_flash_ex.o
LOAD build/stm32f4xx_hal_flash_ramfunc.o
LOAD build/stm32f4xx_hal_gpio.o
LOAD build/stm32f4xx_hal_dma_ex.o
LOAD build/stm32f4xx_hal_dma.o
LOAD build/stm32f4xx_hal_pwr.o
LOAD build/stm32f4xx_hal_pwr_ex.o
LOAD build/stm32f4xx_hal_cortex.o
LOAD build/stm32f4xx_hal.o
LOAD build/stm32f4xx_hal_exti.o
LOAD build/stm32f4xx_hal_uart.o
LOAD build/system_stm32f4xx.o
LOAD build/sysmem.o
LOAD build/syscalls.o
LOAD build/dma.o
LOAD build/i2s.o
LOAD build/stm32f4xx_hal_i2s.o
LOAD build/stm32f4xx_hal_i2s_ex.o
LOAD build/usb_device.o
LOAD build/usbd_desc.o
LOAD build/usbd_cdc_if.o
LOAD build/usbd_conf.o
LOAD build/stm32f4xx_hal_pcd.o
LOAD build/stm32f4xx_hal_pcd_ex.o
LOAD build/stm32f4xx_ll_usb.o
LOAD build/usbd_core.o
LOAD build/usbd_ctlreq.o
LOAD build/usbd_ioreq.o
LOAD build/usbd_cdc.o
LOAD build/startup_stm32f446xx.o
LOAD /usr/lib/gcc/arm-none-eabi/10.3.1/../../../arm-none-eabi/lib/thumb/v7e-m+fp/hard/libc_nano.a
LOAD /usr/lib/gcc/arm-none-eabi/10.3.1/../../../arm-none-eabi/lib/thumb/v7e-m+fp/hard/libm.a
LOAD /usr/lib/gcc/arm-none-eabi/10.3.1/../../../arm-none-eabi/lib/thumb/v7e-m+fp/hard/libnosys.a
START GROUP
LOAD /usr/lib/gcc/arm-none-eabi/10.3.1/thumb/v7e-m+fp/hard/libgcc.a
LOAD /usr/lib/gcc/arm-none-eabi/10.3.1/../../../arm-none-eabi/lib/thumb/v7e-m+fp/hard/libc_nano.a
END GROUP
START GROUP
LOAD /usr/lib/gcc/arm-none-eabi/10.3.1/thumb/v7e-m+fp/hard/libgcc.a
LOAD /usr/lib/gcc/arm-none-eabi/10.3.1/../../../arm-none-eabi/lib/thumb/v7e-m+fp/hard/libc_nano.a
END GROUP
LOAD /usr/lib/gcc/arm-none-eabi/10.3.1/thumb/v7e-m+fp/hard/crtend.o
LOAD /usr/lib/gcc/arm-none-eabi/10.3.1/thumb/v7e-m+fp/hard/crtn.o
                0x0000000020020000                _estack = (ORIGIN (RAM) + LENGTH (RAM))
                0x0000000000000200                _Min_Heap_Size = 0x200
                0x0000000000000400                _Min_Stack_Size = 0x400

.isr_vector     0x0000000008000000      0x1c4
                0x0000000008000000                . = ALIGN (0x4)
 *(.isr_vector)
 .isr_vector    0x0000000008000000      0x1c4 build/startup_stm32f446xx.o
                0x0000000008000000                g_pfnVectors
                0x00000000080001c4                . = ALIGN (0x4)

.text           0x0000000008000200     0xc27c
                0x0000000008000200                . = ALIGN (0x4)
 *(.text)
 .text          0x0000000008000200       0x88 /usr/lib/gcc/arm-none-eabi/10.3.1/thumb/v7e-m+fp/hard/crtbegin.o
 .text          0x0000000008000288        0xc /usr/lib/gcc/arm-none-eabi/10.3.1/../../../arm-none-eabi/lib/thumb/v7e-m+fp/hard/libc_nano.a(lib_a-errno.o)
                0x0000000008000288                __errno
 .text          0x0000000008000294       0x48 /usr/lib/gcc/arm-none-eabi/10.3.1/../../../arm-none-eabi/lib/thumb/v7e-m+fp/hard/libc_nano.a(lib_a-init.o)
                0x0000000008000294                __libc_init_array
 .text          0x00000000080002dc       0xa4 /usr/lib/gcc/arm-none-eabi/10.3.1/../../../arm-none-eabi/lib/thumb/v7e-m+fp/hard/libc_nano.a(lib_a-memset.o)
                0x00000000080002dc                memset
 .text          0x0000000008000380      0x6cc /usr/lib/gcc/arm-none-eabi/10.3.1/../../../arm-none-eabi/lib/thumb/v7e-m+fp/hard/libc_nano.a(lib_a-nano-vfprintf_float.o)
                0x0000000008000380                __cvt
                0x000000000800047c                __exponent
                0x0000000008000518                _printf_float
 .text          0x0000000008000a4c      0x3dc /usr/lib/gcc/arm-none-eabi/10.3.1/../../../arm-none-eabi/lib/thumb/v7e-m+fp/hard/libc_nano.a(lib_a-nano-vfprintf_i.o)
                0x0000000008000a4c                _printf_common
                0x0000000008000b78                _printf_i
 .text          0x0000000008000e28       0x78 /usr/lib/gcc/arm-none-eabi/10.3.1/../../../arm-none-eabi/lib/thumb/v7e-m+fp/hard/libc_nano.a(lib_a-sprintf.o)
                0x0000000008000e28                _siprintf_r
                0x0000000008000e28                _sprintf_r
                0x0000000008000e60                sprintf
                0x0000000008000e60                siprintf
 *fill*         0x0000000008000ea0       0x20 
 .text          0x0000000008000ec0       0xdc /usr/lib/gcc/arm-none-eabi/10.3.1/../../../arm-none-eabi/lib/thumb/v7e-m+fp/hard/libc_nano.a(lib_a-strlen.o)
                0x0000000008000ec0                strlen
 *fill*         0x0000000008000f9c        0x4 
 .text          0x0000000008000fa0     0x10a4 /usr/lib/gcc/arm-none-eabi/10.3.1/../../../arm-none-eabi/lib/thumb/v7e-m+fp/hard/libc_nano.a(lib_a-dtoa.o)
                0x00000000080010c8                _dtoa_r
 .text          0x0000000008002044       0x14 /usr/lib/gcc/arm-none-eabi/10.3.1/../../../arm-none-eabi/lib/thumb/v7e-m+fp/hard/libc_nano.a(lib_a-localeconv.o)
                0x0000000008002044                __localeconv_l
                0x0000000008002048                _localeconv_r
                0x0000000008002050                localeconv
 .text          0x0000000008002058       0x20 /usr/lib/gcc/arm-none-eabi/10.3.1/../../../arm-none-eabi/lib/thumb/v7e-m+fp/hard/libc_nano.a(lib_a-malloc.o)
                0x0000000008002058                malloc
                0x0000000008002068                free
 *fill*         0x0000000008002078        0x8 
 .text          0x0000000008002080       0xa0 /usr/lib/gcc/arm-none-eabi/10.3.1/../../../arm-none-eabi/lib/thumb/v7e-m+fp/hard/libc_nano.a(lib_a-memchr.o)
                0x0000000008002080                memchr
 .text          0x0000000008002120      0x134 /usr/lib/gcc/arm-none-eabi/10.3.1/../../../arm-none-eabi/lib/thumb/v7e-m+fp/hard/libc_nano.a(lib_a-memcpy.o)
                0x0000000008002120                memcpy
 .text          0x0000000008002254      0xaec /usr/lib/gcc/arm-none-eabi/10.3.1/../../../arm-none-eabi/lib/thumb/v7e-m+fp/hard/libc_nano.a(lib_a-mprec.o)
                0x0000000008002254                _Balloc
                0x00000000080022d4                _Bfree
                0x000000000800231c                __multadd
                0x00000000080023c0                __s2b
                0x0000000008002474                __hi0bits
                0x00000000080024b4                __lo0bits
                0x0000000008002514                __i2b
                0x0000000008002540                __multiply
                0x000000000800269c                __pow5mult
                0x000000000800277c                __lshift
                0x0000000008002864                __mcmp
                0x00000000080028a8                __mdiff
                0x00000000080029f4                __ulp
                0x0000000008002a54                __b2d
                0x0000000008002b14                __d2b
                0x0000000008002be4                __ratio
                0x0000000008002c40                _mprec_log10
                0x0000000008002c80                __copybits
                0x0000000008002cdc                __any_on
 .text          0x0000000008002d40       0x1c /usr/lib/gcc/arm-none-eabi/10.3.1/../../../arm-none-eabi/lib/thumb/v7e-m+fp/hard/libc_nano.a(lib_a-nano-callocr.o)
                0x0000000008002d40                _calloc_r
 .text          0x0000000008002d5c       0xc4 /usr/lib/gcc/arm-none-eabi/10.3.1/../../../arm-none-eabi/lib/thumb/v7e-m+fp/hard/libc_nano.a(lib_a-nano-freer.o)
                0x0000000008002d5c                _free_r
 .text          0x0000000008002e20       0xb4 /usr/lib/gcc/arm-none-eabi/10.3.1/../../../arm-none-eabi/lib/thumb/v7e-m+fp/hard/libc_nano.a(lib_a-nano-mallocr.o)
                0x0000000008002e20                _malloc_r
 .text          0x0000000008002ed4      0x3f0 /usr/lib/gcc/arm-none-eabi/10.3.1/../../../arm-none-eabi/lib/thumb/v7e-m+fp/hard/libc_nano.a(lib_a-nano-svfprintf.o)
                0x0000000008002ed4                __ssputs_r
                0x0000000008002f98                __ssprint_r
                0x0000000008003090                _svfprintf_r
                0x0000000008003090                _svfiprintf_r
 .text          0x00000000080032c4       0x24 /usr/lib/gcc/arm-none-eabi/10.3.1/../../../arm-none-eabi/lib/thumb/v7e-m+fp/hard/libc_nano.a(lib_a-sbrkr.o)
                0x00000000080032c4                _sbrk_r
 .text          0x00000000080032e8       0x4c /usr/lib/gcc/arm-none-eabi/10.3.1/../../../arm-none-eabi/lib/thumb/v7e-m+fp/hard/libc_nano.a(lib_a-assert.o)
                0x00000000080032e8                __assert_func
                0x0000000008003328                __assert
 .text          0x0000000008003334       0x44 /usr/lib/gcc/arm-none-eabi/10.3.1/../../../arm-none-eabi/lib/thumb/v7e-m+fp/hard/libc_nano.a(lib_a-fprintf.o)
                0x0000000008003334                _fprintf_r
                0x0000000008003334                _fiprintf_r
                0x0000000008003350                fprintf
                0x0000000008003350                fiprintf
 .text          0x0000000008003378       0x40 /usr/lib/gcc/arm-none-eabi/10.3.1/../../../arm-none-eabi/lib/thumb/v7e-m+fp/hard/libc_nano.a(lib_a-mbtowc_r.o)
                0x0000000008003378                _mbtowc_r
                0x000000000800338c                __ascii_mbtowc
 .text          0x00000000080033b8       0xf8 /usr/lib/gcc/arm-none-eabi/10.3.1/../../../arm-none-eabi/lib/thumb/v7e-m+fp/hard/libc_nano.a(lib_a-memmove.o)
                0x00000000080033b8                memmove
 .text          0x00000000080034b0        0x8 /usr/lib/gcc/arm-none-eabi/10.3.1/../../../arm-none-eabi/lib/thumb/v7e-m+fp/hard/libc_nano.a(lib_a-mlock.o)
                0x00000000080034b0                __malloc_lock
                0x00000000080034b4                __malloc_unlock
 .text          0x00000000080034b8       0x50 /usr/lib/gcc/arm-none-eabi/10.3.1/../../../arm-none-eabi/lib/thumb/v7e-m+fp/hard/libc_nano.a(lib_a-nano-reallocr.o)
                0x00000000080034b8                _realloc_r
 .text          0x0000000008003508      0x328 /usr/lib/gcc/arm-none-eabi/10.3.1/../../../arm-none-eabi/lib/thumb/v7e-m+fp/hard/libc_nano.a(lib_a-nano-vfprintf.o)
                0x0000000008003544                __sfputs_r
                0x0000000008003574                __sprint_r
                0x0000000008003590                _vfiprintf_r
                0x0000000008003590                _vfprintf_r
                0x0000000008003814                vfiprintf
                0x0000000008003814                vfprintf
 .text          0x0000000008003830       0xc8 /usr/lib/gcc/arm-none-eabi/10.3.1/../../../arm-none-eabi/lib/thumb/v7e-m+fp/hard/libc_nano.a(lib_a-wbuf.o)
                0x0000000008003830                __swbuf_r
                0x00000000080038e0                __swbuf
 .text          0x00000000080038f8       0x30 /usr/lib/gcc/arm-none-eabi/10.3.1/../../../arm-none-eabi/lib/thumb/v7e-m+fp/hard/libc_nano.a(lib_a-wctomb_r.o)
                0x00000000080038f8                _wctomb_r
                0x000000000800390c                __ascii_wctomb
 .text          0x0000000008003928      0x104 /usr/lib/gcc/arm-none-eabi/10.3.1/../../../arm-none-eabi/lib/thumb/v7e-m+fp/hard/libc_nano.a(lib_a-wsetup.o)
                0x0000000008003928                __swsetup_r
 .text          0x0000000008003a2c       0x10 /usr/lib/gcc/arm-none-eabi/10.3.1/../../../arm-none-eabi/lib/thumb/v7e-m+fp/hard/libc_nano.a(lib_a-abort.o)
                0x0000000008003a2c                abort
 .text          0x0000000008003a3c      0x1e8 /usr/lib/gcc/arm-none-eabi/10.3.1/../../../arm-none-eabi/lib/thumb/v7e-m+fp/hard/libc_nano.a(lib_a-fflush.o)
                0x0000000008003a3c                __sflush_r
                0x0000000008003b50                _fflush_r
                0x0000000008003ba4                fflush
 .text          0x0000000008003c24      0x238 /usr/lib/gcc/arm-none-eabi/10.3.1/../../../arm-none-eabi/lib/thumb/v7e-m+fp/hard/libc_nano.a(lib_a-findfp.o)
                0x0000000008003c28                _cleanup_r
                0x0000000008003c38                __sfmoreglue
                0x0000000008003c68                __sfp
                0x0000000008003e08                _cleanup
                0x0000000008003e1c                __sinit
                0x0000000008003e24                __sfp_lock_acquire
                0x0000000008003e28                __sfp_lock_release
                0x0000000008003e2c                __sinit_lock_acquire
                0x0000000008003e30                __sinit_lock_release
                0x0000000008003e34                __fp_lock_all
                0x0000000008003e48                __fp_unlock_all
 .text          0x0000000008003e5c      0x2f0 /usr/lib/gcc/arm-none-eabi/10.3.1/../../../arm-none-eabi/lib/thumb/v7e-m+fp/hard/libc_nano.a(lib_a-fvwrite.o)
                0x0000000008003e5c                __sfvwrite_r
 .text          0x000000000800414c       0x88 /usr/lib/gcc/arm-none-eabi/10.3.1/../../../arm-none-eabi/lib/thumb/v7e-m+fp/hard/libc_nano.a(lib_a-fwalk.o)
                0x000000000800414c                _fwalk
                0x000000000800418c                _fwalk_reent
 .text          0x00000000080041d4      0x11c /usr/lib/gcc/arm-none-eabi/10.3.1/../../../arm-none-eabi/lib/thumb/v7e-m+fp/hard/libc_nano.a(lib_a-makebuf.o)
                0x00000000080041d4                __smakebuf_r
                0x0000000008004294                __swhatbuf_r
 .text          0x00000000080042f0       0x14 /usr/lib/gcc/arm-none-eabi/10.3.1/../../../arm-none-eabi/lib/thumb/v7e-m+fp/hard/libc_nano.a(lib_a-nano-msizer.o)
                0x00000000080042f0                _malloc_usable_size_r
 .text          0x0000000008004304      0x268 /usr/lib/gcc/arm-none-eabi/10.3.1/../../../arm-none-eabi/lib/thumb/v7e-m+fp/hard/libc_nano.a(lib_a-signal.o)
                0x0000000008004304                _init_signal_r
                0x0000000008004330                _signal_r
                0x0000000008004378                _raise_r
                0x00000000080043cc                __sigtramp_r
                0x000000000800442c                raise
                0x0000000008004484                signal
                0x00000000080044d4                _init_signal
                0x0000000008004508                __sigtramp
 .text          0x000000000800456c       0x30 /usr/lib/gcc/arm-none-eabi/10.3.1/../../../arm-none-eabi/lib/thumb/v7e-m+fp/hard/libc_nano.a(lib_a-signalr.o)
                0x000000000800456c                _kill_r
                0x0000000008004598                _getpid_r
 .text          0x000000000800459c       0x90 /usr/lib/gcc/arm-none-eabi/10.3.1/../../../arm-none-eabi/lib/thumb/v7e-m+fp/hard/libc_nano.a(lib_a-stdio.o)
                0x000000000800459c                __sread
                0x00000000080045c0                __seofread
                0x00000000080045c4                __swrite
                0x0000000008004604                __sseek
                0x0000000008004624                __sclose
 .text          0x000000000800462c       0x2c /usr/lib/gcc/arm-none-eabi/10.3.1/../../../arm-none-eabi/lib/thumb/v7e-m+fp/hard/libc_nano.a(lib_a-writer.o)
                0x000000000800462c                _write_r
 .text          0x0000000008004658       0x24 /usr/lib/gcc/arm-none-eabi/10.3.1/../../../arm-none-eabi/lib/thumb/v7e-m+fp/hard/libc_nano.a(lib_a-closer.o)
                0x0000000008004658                _close_r
 .text          0x000000000800467c       0x2c /usr/lib/gcc/arm-none-eabi/10.3.1/../../../arm-none-eabi/lib/thumb/v7e-m+fp/hard/libc_nano.a(lib_a-fstatr.o)
                0x000000000800467c                _fstat_r
 .text          0x00000000080046a8       0x24 /usr/lib/gcc/arm-none-eabi/10.3.1/../../../arm-none-eabi/lib/thumb/v7e-m+fp/hard/libc_nano.a(lib_a-isattyr.o)
                0x00000000080046a8                _isatty_r
 .text          0x00000000080046cc       0x2c /usr/lib/gcc/arm-none-eabi/10.3.1/../../../arm-none-eabi/lib/thumb/v7e-m+fp/hard/libc_nano.a(lib_a-lseekr.o)
                0x00000000080046cc                _lseek_r
 .text          0x00000000080046f8       0x2c /usr/lib/gcc/arm-none-eabi/10.3.1/../../../arm-none-eabi/lib/thumb/v7e-m+fp/hard/libc_nano.a(lib_a-readr.o)
                0x00000000080046f8                _read_r
 .text          0x0000000008004724      0x378 /usr/lib/gcc/arm-none-eabi/10.3.1/thumb/v7e-m+fp/hard/libgcc.a(_arm_addsubdf3.o)
                0x0000000008004724                __aeabi_drsub
                0x000000000800472c                __aeabi_dsub
                0x000000000800472c                __subdf3
                0x0000000008004730                __adddf3
                0x0000000008004730                __aeabi_dadd
                0x00000000080049a8                __aeabi_ui2d
                0x00000000080049a8                __floatunsidf
                0x00000000080049c8                __floatsidf
                0x00000000080049c8                __aeabi_i2d
                0x00000000080049ec                __extendsfdf2
                0x00000000080049ec                __aeabi_f2d
                0x0000000008004a30                __aeabi_ul2d
                0x0000000008004a30                __floatundidf
                0x0000000008004a40                __floatdidf
                0x0000000008004a40                __aeabi_l2d
 .text          0x0000000008004a9c      0x424 /usr/lib/gcc/arm-none-eabi/10.3.1/thumb/v7e-m+fp/hard/libgcc.a(_arm_muldivdf3.o)
                0x0000000008004a9c                __aeabi_dmul
                0x0000000008004a9c                __muldf3
                0x0000000008004cf0                __aeabi_ddiv
                0x0000000008004cf0                __divdf3
 .text          0x0000000008004ec0      0x110 /usr/lib/gcc/arm-none-eabi/10.3.1/thumb/v7e-m+fp/hard/libgcc.a(_arm_cmpdf2.o)
                0x0000000008004ec0                __gtdf2
                0x0000000008004ec0                __gedf2
                0x0000000008004ec8                __ltdf2
                0x0000000008004ec8                __ledf2
                0x0000000008004ed0                __cmpdf2
                0x0000000008004ed0                __eqdf2
                0x0000000008004ed0                __nedf2
                0x0000000008004f4c                __aeabi_cdrcmple
                0x0000000008004f5c                __aeabi_cdcmple
                0x0000000008004f5c                __aeabi_cdcmpeq
                0x0000000008004f6c                __aeabi_dcmpeq
                0x0000000008004f80                __aeabi_dcmplt
                0x0000000008004f94                __aeabi_dcmple
                0x0000000008004fa8                __aeabi_dcmpge
                0x0000000008004fbc                __aeabi_dcmpgt
 .text          0x0000000008004fd0       0x2c /usr/lib/gcc/arm-none-eabi/10.3.1/thumb/v7e-m+fp/hard/libgcc.a(_arm_unorddf2.o)
                0x0000000008004fd0                __aeabi_dcmpun
                0x0000000008004fd0                __unorddf2
 .text          0x0000000008004ffc       0x50 /usr/lib/gcc/arm-none-eabi/10.3.1/thumb/v7e-m+fp/hard/libgcc.a(_arm_fixdfsi.o)
                0x0000000008004ffc                __fixdfsi
                0x0000000008004ffc                __aeabi_d2iz
 .text          0x000000000800504c       0x30 /usr/lib/gcc/arm-none-eabi/10.3.1/thumb/v7e-m+fp/hard/libgcc.a(_aeabi_uldivmod.o)
                0x000000000800504c                __aeabi_uldivmod
 .text          0x000000000800507c      0x2d0 /usr/lib/gcc/arm-none-eabi/10.3.1/thumb/v7e-m+fp/hard/libgcc.a(_udivmoddi4.o)
                0x000000000800507c                __udivmoddi4
 .text          0x000000000800534c        0x4 /usr/lib/gcc/arm-none-eabi/10.3.1/thumb/v7e-m+fp/hard/libgcc.a(_dvmd_tls.o)
                0x000000000800534c                __aeabi_ldiv0
                0x000000000800534c                __aeabi_idiv0
 *(.text*)
 .text.Error_Handler
                0x0000000008005350        0x4 build/main.o
                0x0000000008005350                Error_Handler
 .text.SystemClock_Config
                0x0000000008005354       0xa8 build/main.o
                0x0000000008005354                SystemClock_Config
 .text.main     0x00000000080053fc       0x2e build/main.o
                0x00000000080053fc                main
 *fill*         0x000000000800542a        0x2 
 .text.MX_GPIO_Init
                0x000000000800542c       0x98 build/gpio.o
                0x000000000800542c                MX_GPIO_Init
 .text.MX_I2C1_Init
                0x00000000080054c4       0x3c build/i2c.o
                0x00000000080054c4                MX_I2C1_Init
 .text.HAL_I2C_MspInit
                0x0000000008005500      0x114 build/i2c.o
                0x0000000008005500                HAL_I2C_MspInit
 .text.HAL_I2C_ErrorCallback
                0x0000000008005614       0x9c build/i2c_error_handler.o
                0x0000000008005614                HAL_I2C_ErrorCallback
 .text.HAL_I2C_MemRxCpltCallback
                0x00000000080056b0      0x198 build/i2c_dma_manager.o
                0x00000000080056b0                HAL_I2C_MemRxCpltCallback
 .text.I2C_DMA_HandleError
                0x0000000008005848       0x24 build/i2c_dma_manager.o
                0x0000000008005848                I2C_DMA_HandleError
 .text.MX_USART1_UART_Init
                0x000000000800586c       0x34 build/usart.o
                0x000000000800586c                MX_USART1_UART_Init
 .text.HAL_UART_MspInit
                0x00000000080058a0       0x9c build/usart.o
                0x00000000080058a0                HAL_UART_MspInit
 .text.NMI_Handler
                0x000000000800593c        0x2 build/stm32f4xx_it.o
                0x000000000800593c                NMI_Handler
 .text.HardFault_Handler
                0x000000000800593e        0x2 build/stm32f4xx_it.o
                0x000000000800593e                HardFault_Handler
 .text.MemManage_Handler
                0x0000000008005940        0x2 build/stm32f4xx_it.o
                0x0000000008005940                MemManage_Handler
 .text.BusFault_Handler
                0x0000000008005942        0x2 build/stm32f4xx_it.o
                0x0000000008005942                BusFault_Handler
 .text.UsageFault_Handler
                0x0000000008005944        0x2 build/stm32f4xx_it.o
                0x0000000008005944                UsageFault_Handler
 .text.SVC_Handler
                0x0000000008005946        0x2 build/stm32f4xx_it.o
                0x0000000008005946                SVC_Handler
 .text.DebugMon_Handler
                0x0000000008005948        0x2 build/stm32f4xx_it.o
                0x0000000008005948                DebugMon_Handler
 .text.PendSV_Handler
                0x000000000800594a        0x2 build/stm32f4xx_it.o
                0x000000000800594a                PendSV_Handler
 .text.SysTick_Handler
                0x000000000800594c        0x8 build/stm32f4xx_it.o
                0x000000000800594c                SysTick_Handler
 .text.DMA1_Stream0_IRQHandler
                0x0000000008005954       0x10 build/stm32f4xx_it.o
                0x0000000008005954                DMA1_Stream0_IRQHandler
 .text.DMA1_Stream6_IRQHandler
                0x0000000008005964       0x10 build/stm32f4xx_it.o
                0x0000000008005964                DMA1_Stream6_IRQHandler
 .text.I2C1_EV_IRQHandler
                0x0000000008005974       0x10 build/stm32f4xx_it.o
                0x0000000008005974                I2C1_EV_IRQHandler
 .text.I2C1_ER_IRQHandler
                0x0000000008005984       0x10 build/stm32f4xx_it.o
                0x0000000008005984                I2C1_ER_IRQHandler
 .text.DMA2_Stream0_IRQHandler
                0x0000000008005994       0x10 build/stm32f4xx_it.o
                0x0000000008005994                DMA2_Stream0_IRQHandler
 .text.OTG_FS_IRQHandler
                0x00000000080059a4       0x10 build/stm32f4xx_it.o
                0x00000000080059a4                OTG_FS_IRQHandler
 .text.HAL_I2S_RxHalfCpltCallback
                0x00000000080059b4       0x3c build/stm32f4xx_it.o
                0x00000000080059b4                HAL_I2S_RxHalfCpltCallback
 .text.HAL_I2S_RxCpltCallback
                0x00000000080059f0       0x18 build/stm32f4xx_it.o
                0x00000000080059f0                HAL_I2S_RxCpltCallback
 .text.HAL_MspInit
                0x0000000008005a08       0x38 build/stm32f4xx_hal_msp.o
                0x0000000008005a08                HAL_MspInit
 .text.TCA9548A_SelectChannel
                0x0000000008005a40       0x28 build/humidity_temp_sensor.o
                0x0000000008005a40                TCA9548A_SelectChannel
 .text.MIC_Init
                0x0000000008005a68       0x1a build/microphone_sensor.o
                0x0000000008005a68                MIC_Init
 *fill*         0x0000000008005a82        0x2 
 .text.MIC_Start
                0x0000000008005a84       0x20 build/microphone_sensor.o
                0x0000000008005a84                MIC_Start
 .text.RGB_LED_Init
                0x0000000008005aa4       0x50 build/methods.o
                0x0000000008005aa4                RGB_LED_Init
 .text.My_Main_Init
                0x0000000008005af4       0xb0 build/my_main.o
                0x0000000008005af4                My_Main_Init
 .text.My_Main_Run
                0x0000000008005ba4       0x28 build/my_main.o
                0x0000000008005ba4                My_Main_Run
 .text.I2C_Flush_DR
                0x0000000008005bcc       0x10 build/stm32f4xx_hal_i2c.o
 .text.I2C_Master_SB
                0x0000000008005bdc       0xa8 build/stm32f4xx_hal_i2c.o
 .text.I2C_Master_ADD10
                0x0000000008005c84       0x2a build/stm32f4xx_hal_i2c.o
 .text.I2C_Master_ADDR
                0x0000000008005cae      0x206 build/stm32f4xx_hal_i2c.o
 .text.I2C_SlaveTransmit_BTF
                0x0000000008005eb4       0x20 build/stm32f4xx_hal_i2c.o
 .text.I2C_SlaveReceive_BTF
                0x0000000008005ed4       0x20 build/stm32f4xx_hal_i2c.o
 .text.I2C_WaitOnSTOPRequestThroughIT
                0x0000000008005ef4       0x48 build/stm32f4xx_hal_i2c.o
 .text.I2C_IsAcknowledgeFailed
                0x0000000008005f3c       0x32 build/stm32f4xx_hal_i2c.o
 .text.I2C_ConvertOtherXferOptions
                0x0000000008005f6e       0x1e build/stm32f4xx_hal_i2c.o
 .text.I2C_WaitOnFlagUntilTimeout
                0x0000000008005f8c       0xaa build/stm32f4xx_hal_i2c.o
 .text.I2C_WaitOnMasterAddressFlagUntilTimeout
                0x0000000008006036       0xd6 build/stm32f4xx_hal_i2c.o
 .text.I2C_MasterRequestWrite
                0x000000000800610c       0xb4 build/stm32f4xx_hal_i2c.o
 .text.I2C_WaitOnTXEFlagUntilTimeout
                0x00000000080061c0       0x5e build/stm32f4xx_hal_i2c.o
 *fill*         0x000000000800621e        0x2 
 .text.I2C_RequestMemoryRead
                0x0000000008006220      0x154 build/stm32f4xx_hal_i2c.o
 .text.I2C_WaitOnBTFFlagUntilTimeout
                0x0000000008006374       0x5e build/stm32f4xx_hal_i2c.o
 *fill*         0x00000000080063d2        0x2 
 .text.HAL_I2C_Init
                0x00000000080063d4      0x1bc build/stm32f4xx_hal_i2c.o
                0x00000000080063d4                HAL_I2C_Init
 .text.HAL_I2C_Master_Transmit
                0x0000000008006590      0x178 build/stm32f4xx_hal_i2c.o
                0x0000000008006590                HAL_I2C_Master_Transmit
 .text.HAL_I2C_Mem_Read_DMA
                0x0000000008006708      0x214 build/stm32f4xx_hal_i2c.o
                0x0000000008006708                HAL_I2C_Mem_Read_DMA
 .text.HAL_I2C_MasterTxCpltCallback
                0x000000000800691c        0x2 build/stm32f4xx_hal_i2c.o
                0x000000000800691c                HAL_I2C_MasterTxCpltCallback
 .text.HAL_I2C_MasterRxCpltCallback
                0x000000000800691e        0x2 build/stm32f4xx_hal_i2c.o
                0x000000000800691e                HAL_I2C_MasterRxCpltCallback
 .text.HAL_I2C_SlaveTxCpltCallback
                0x0000000008006920        0x2 build/stm32f4xx_hal_i2c.o
                0x0000000008006920                HAL_I2C_SlaveTxCpltCallback
 .text.I2C_SlaveTransmit_TXE
                0x0000000008006922       0x4c build/stm32f4xx_hal_i2c.o
 .text.HAL_I2C_SlaveRxCpltCallback
                0x000000000800696e        0x2 build/stm32f4xx_hal_i2c.o
                0x000000000800696e                HAL_I2C_SlaveRxCpltCallback
 .text.I2C_SlaveReceive_RXNE
                0x0000000008006970       0x4c build/stm32f4xx_hal_i2c.o
 .text.HAL_I2C_AddrCallback
                0x00000000080069bc        0x2 build/stm32f4xx_hal_i2c.o
                0x00000000080069bc                HAL_I2C_AddrCallback
 .text.I2C_Slave_ADDR
                0x00000000080069be       0x5a build/stm32f4xx_hal_i2c.o
 .text.HAL_I2C_ListenCpltCallback
                0x0000000008006a18        0x2 build/stm32f4xx_hal_i2c.o
                0x0000000008006a18                HAL_I2C_ListenCpltCallback
 *fill*         0x0000000008006a1a        0x2 
 .text.I2C_Slave_AF
                0x0000000008006a1c       0xa0 build/stm32f4xx_hal_i2c.o
 .text.HAL_I2C_MemTxCpltCallback
                0x0000000008006abc        0x2 build/stm32f4xx_hal_i2c.o
                0x0000000008006abc                HAL_I2C_MemTxCpltCallback
 .text.I2C_MasterTransmit_BTF
                0x0000000008006abe       0x9e build/stm32f4xx_hal_i2c.o
 .text.I2C_MemoryTransmit_TXE_BTF
                0x0000000008006b5c       0xc4 build/stm32f4xx_hal_i2c.o
 .text.I2C_MasterTransmit_TXE
                0x0000000008006c20       0xd0 build/stm32f4xx_hal_i2c.o
 .text.I2C_MasterReceive_BTF
                0x0000000008006cf0      0x136 build/stm32f4xx_hal_i2c.o
 .text.I2C_DMAError
                0x0000000008006e26       0x46 build/stm32f4xx_hal_i2c.o
 .text.I2C_DMAXferCplt
                0x0000000008006e6c      0x130 build/stm32f4xx_hal_i2c.o
 .text.I2C_MasterReceive_RXNE
                0x0000000008006f9c      0x106 build/stm32f4xx_hal_i2c.o
 .text.HAL_I2C_AbortCpltCallback
                0x00000000080070a2        0x2 build/stm32f4xx_hal_i2c.o
                0x00000000080070a2                HAL_I2C_AbortCpltCallback
 .text.I2C_DMAAbort
                0x00000000080070a4       0xe4 build/stm32f4xx_hal_i2c.o
 .text.I2C_ITError
                0x0000000008007188      0x178 build/stm32f4xx_hal_i2c.o
 .text.I2C_Slave_STOPF
                0x0000000008007300      0x18c build/stm32f4xx_hal_i2c.o
 .text.HAL_I2C_EV_IRQHandler
                0x000000000800748c      0x1a0 build/stm32f4xx_hal_i2c.o
                0x000000000800748c                HAL_I2C_EV_IRQHandler
 .text.HAL_I2C_ER_IRQHandler
                0x000000000800762c       0xc4 build/stm32f4xx_hal_i2c.o
                0x000000000800762c                HAL_I2C_ER_IRQHandler
 .text.HAL_I2C_GetError
                0x00000000080076f0        0x4 build/stm32f4xx_hal_i2c.o
                0x00000000080076f0                HAL_I2C_GetError
 .text.HAL_RCC_ClockConfig
                0x00000000080076f4      0x160 build/stm32f4xx_hal_rcc.o
                0x00000000080076f4                HAL_RCC_ClockConfig
 .text.HAL_RCC_GetHCLKFreq
                0x0000000008007854        0xc build/stm32f4xx_hal_rcc.o
                0x0000000008007854                HAL_RCC_GetHCLKFreq
 .text.HAL_RCC_GetPCLK1Freq
                0x0000000008007860       0x20 build/stm32f4xx_hal_rcc.o
                0x0000000008007860                HAL_RCC_GetPCLK1Freq
 .text.HAL_RCC_GetPCLK2Freq
                0x0000000008007880       0x20 build/stm32f4xx_hal_rcc.o
                0x0000000008007880                HAL_RCC_GetPCLK2Freq
 .text.HAL_RCCEx_PeriphCLKConfig
                0x00000000080078a0      0x474 build/stm32f4xx_hal_rcc_ex.o
                0x00000000080078a0                HAL_RCCEx_PeriphCLKConfig
 .text.HAL_RCCEx_GetPeriphCLKFreq
                0x0000000008007d14      0x308 build/stm32f4xx_hal_rcc_ex.o
                0x0000000008007d14                HAL_RCCEx_GetPeriphCLKFreq
 .text.HAL_RCC_GetSysClockFreq
                0x000000000800801c      0x180 build/stm32f4xx_hal_rcc_ex.o
                0x000000000800801c                HAL_RCC_GetSysClockFreq
 .text.HAL_RCC_OscConfig
                0x000000000800819c      0x444 build/stm32f4xx_hal_rcc_ex.o
                0x000000000800819c                HAL_RCC_OscConfig
 .text.HAL_GPIO_Init
                0x00000000080085e0      0x1d8 build/stm32f4xx_hal_gpio.o
                0x00000000080085e0                HAL_GPIO_Init
 .text.HAL_GPIO_WritePin
                0x00000000080087b8        0xc build/stm32f4xx_hal_gpio.o
                0x00000000080087b8                HAL_GPIO_WritePin
 .text.DMA_SetConfig
                0x00000000080087c4       0x2c build/stm32f4xx_hal_dma.o
 .text.DMA_CalcBaseAndBitshift
                0x00000000080087f0       0x44 build/stm32f4xx_hal_dma.o
 .text.DMA_CheckFifoParam
                0x0000000008008834       0x8e build/stm32f4xx_hal_dma.o
 *fill*         0x00000000080088c2        0x2 
 .text.HAL_DMA_Init
                0x00000000080088c4       0xcc build/stm32f4xx_hal_dma.o
                0x00000000080088c4                HAL_DMA_Init
 .text.HAL_DMA_Start_IT
                0x0000000008008990       0x6a build/stm32f4xx_hal_dma.o
                0x0000000008008990                HAL_DMA_Start_IT
 .text.HAL_DMA_Abort_IT
                0x00000000080089fa       0x26 build/stm32f4xx_hal_dma.o
                0x00000000080089fa                HAL_DMA_Abort_IT
 .text.HAL_DMA_IRQHandler
                0x0000000008008a20      0x1dc build/stm32f4xx_hal_dma.o
                0x0000000008008a20                HAL_DMA_IRQHandler
 .text.HAL_DMA_GetState
                0x0000000008008bfc        0x6 build/stm32f4xx_hal_dma.o
                0x0000000008008bfc                HAL_DMA_GetState
 .text.HAL_DMA_GetError
                0x0000000008008c02        0x4 build/stm32f4xx_hal_dma.o
                0x0000000008008c02                HAL_DMA_GetError
 *fill*         0x0000000008008c06        0x2 
 .text.HAL_NVIC_SetPriorityGrouping
                0x0000000008008c08       0x24 build/stm32f4xx_hal_cortex.o
                0x0000000008008c08                HAL_NVIC_SetPriorityGrouping
 .text.HAL_NVIC_SetPriority
                0x0000000008008c2c       0x70 build/stm32f4xx_hal_cortex.o
                0x0000000008008c2c                HAL_NVIC_SetPriority
 .text.HAL_NVIC_EnableIRQ
                0x0000000008008c9c       0x1c build/stm32f4xx_hal_cortex.o
                0x0000000008008c9c                HAL_NVIC_EnableIRQ
 .text.HAL_SYSTICK_Config
                0x0000000008008cb8       0x28 build/stm32f4xx_hal_cortex.o
                0x0000000008008cb8                HAL_SYSTICK_Config
 .text.HAL_InitTick
                0x0000000008008ce0       0x4c build/stm32f4xx_hal.o
                0x0000000008008ce0                HAL_InitTick
 .text.HAL_Init
                0x0000000008008d2c       0x34 build/stm32f4xx_hal.o
                0x0000000008008d2c                HAL_Init
 .text.HAL_IncTick
                0x0000000008008d60       0x18 build/stm32f4xx_hal.o
                0x0000000008008d60                HAL_IncTick
 .text.HAL_GetTick
                0x0000000008008d78        0xc build/stm32f4xx_hal.o
                0x0000000008008d78                HAL_GetTick
 .text.HAL_Delay
                0x0000000008008d84       0x28 build/stm32f4xx_hal.o
                0x0000000008008d84                HAL_Delay
 .text.UART_SetConfig
                0x0000000008008dac      0x110 build/stm32f4xx_hal_uart.o
 .text.HAL_UART_Init
                0x0000000008008ebc       0x60 build/stm32f4xx_hal_uart.o
                0x0000000008008ebc                HAL_UART_Init
 .text.SystemInit
                0x0000000008008f1c       0x14 build/system_stm32f4xx.o
                0x0000000008008f1c                SystemInit
 .text._sbrk    0x0000000008008f30       0x48 build/sysmem.o
                0x0000000008008f30                _sbrk
 .text._getpid  0x0000000008008f78        0x4 build/syscalls.o
                0x0000000008008f78                _getpid
 .text._kill    0x0000000008008f7c       0x10 build/syscalls.o
                0x0000000008008f7c                _kill
 .text._exit    0x0000000008008f8c        0xc build/syscalls.o
                0x0000000008008f8c                _exit
 .text._read    0x0000000008008f98       0x20 build/syscalls.o
                0x0000000008008f98                _read
 .text._write   0x0000000008008fb8       0x1c build/syscalls.o
                0x0000000008008fb8                _write
 .text._close   0x0000000008008fd4        0x6 build/syscalls.o
                0x0000000008008fd4                _close
 .text._fstat   0x0000000008008fda        0xa build/syscalls.o
                0x0000000008008fda                _fstat
 .text._isatty  0x0000000008008fe4        0x4 build/syscalls.o
                0x0000000008008fe4                _isatty
 .text._lseek   0x0000000008008fe8        0x4 build/syscalls.o
                0x0000000008008fe8                _lseek
 .text.MX_DMA_Init
                0x0000000008008fec       0x68 build/dma.o
                0x0000000008008fec                MX_DMA_Init
 .text.MX_I2S1_Init
                0x0000000008009054       0x3c build/i2s.o
                0x0000000008009054                MX_I2S1_Init
 .text.HAL_I2S_MspInit
                0x0000000008009090       0xe8 build/i2s.o
                0x0000000008009090                HAL_I2S_MspInit
 .text.HAL_I2S_Init
                0x0000000008009178      0x13c build/stm32f4xx_hal_i2s.o
                0x0000000008009178                HAL_I2S_Init
 .text.HAL_I2S_Receive_DMA
                0x00000000080092b4       0xf4 build/stm32f4xx_hal_i2s.o
                0x00000000080092b4                HAL_I2S_Receive_DMA
 .text.HAL_I2S_TxCpltCallback
                0x00000000080093a8        0x2 build/stm32f4xx_hal_i2s.o
                0x00000000080093a8                HAL_I2S_TxCpltCallback
 .text.I2S_Transmit_IT
                0x00000000080093aa       0x38 build/stm32f4xx_hal_i2s.o
 .text.I2S_DMARxHalfCplt
                0x00000000080093e2        0xa build/stm32f4xx_hal_i2s.o
 .text.I2S_Receive_IT
                0x00000000080093ec       0x38 build/stm32f4xx_hal_i2s.o
 .text.I2S_DMARxCplt
                0x0000000008009424       0x24 build/stm32f4xx_hal_i2s.o
 .text.HAL_I2S_ErrorCallback
                0x0000000008009448        0x2 build/stm32f4xx_hal_i2s.o
                0x0000000008009448                HAL_I2S_ErrorCallback
 .text.I2S_IRQHandler
                0x000000000800944a       0xd0 build/stm32f4xx_hal_i2s.o
 .text.I2S_DMAError
                0x000000000800951a       0x28 build/stm32f4xx_hal_i2s.o
 *fill*         0x0000000008009542        0x2 
 .text.MX_USB_DEVICE_Init
                0x0000000008009544       0x54 build/usb_device.o
                0x0000000008009544                MX_USB_DEVICE_Init
 .text.USBD_FS_DeviceDescriptor
                0x0000000008009598        0xc build/usbd_desc.o
                0x0000000008009598                USBD_FS_DeviceDescriptor
 .text.USBD_FS_LangIDStrDescriptor
                0x00000000080095a4        0xc build/usbd_desc.o
                0x00000000080095a4                USBD_FS_LangIDStrDescriptor
 .text.USBD_FS_USR_BOSDescriptor
                0x00000000080095b0        0xc build/usbd_desc.o
                0x00000000080095b0                USBD_FS_USR_BOSDescriptor
 .text.IntToUnicode
                0x00000000080095bc       0x46 build/usbd_desc.o
 *fill*         0x0000000008009602        0x2 
 .text.Get_SerialNum
                0x0000000008009604       0x38 build/usbd_desc.o
 .text.USBD_FS_SerialStrDescriptor
                0x000000000800963c       0x14 build/usbd_desc.o
                0x000000000800963c                USBD_FS_SerialStrDescriptor
 .text.USBD_FS_ProductStrDescriptor
                0x0000000008009650       0x24 build/usbd_desc.o
                0x0000000008009650                USBD_FS_ProductStrDescriptor
 .text.USBD_FS_ManufacturerStrDescriptor
                0x0000000008009674       0x1c build/usbd_desc.o
                0x0000000008009674                USBD_FS_ManufacturerStrDescriptor
 .text.USBD_FS_ConfigStrDescriptor
                0x0000000008009690       0x24 build/usbd_desc.o
                0x0000000008009690                USBD_FS_ConfigStrDescriptor
 .text.USBD_FS_InterfaceStrDescriptor
                0x00000000080096b4       0x24 build/usbd_desc.o
                0x00000000080096b4                USBD_FS_InterfaceStrDescriptor
 .text.CDC_DeInit_FS
                0x00000000080096d8        0x4 build/usbd_cdc_if.o
 .text.CDC_Control_FS
                0x00000000080096dc        0x4 build/usbd_cdc_if.o
 .text.CDC_TransmitCplt_FS
                0x00000000080096e0        0x4 build/usbd_cdc_if.o
 .text.CDC_Receive_FS
                0x00000000080096e4       0x1c build/usbd_cdc_if.o
 .text.CDC_Init_FS
                0x0000000008009700       0x28 build/usbd_cdc_if.o
 .text.CDC_Transmit_FS
                0x0000000008009728       0x30 build/usbd_cdc_if.o
                0x0000000008009728                CDC_Transmit_FS
 .text.HAL_PCD_MspInit
                0x0000000008009758       0xa8 build/usbd_conf.o
                0x0000000008009758                HAL_PCD_MspInit
 .text.HAL_PCD_SetupStageCallback
                0x0000000008009800       0x10 build/usbd_conf.o
                0x0000000008009800                HAL_PCD_SetupStageCallback
 .text.HAL_PCD_DataOutStageCallback
                0x0000000008009810       0x18 build/usbd_conf.o
                0x0000000008009810                HAL_PCD_DataOutStageCallback
 .text.HAL_PCD_DataInStageCallback
                0x0000000008009828       0x16 build/usbd_conf.o
                0x0000000008009828                HAL_PCD_DataInStageCallback
 .text.HAL_PCD_SOFCallback
                0x000000000800983e        0xc build/usbd_conf.o
                0x000000000800983e                HAL_PCD_SOFCallback
 .text.HAL_PCD_ResetCallback
                0x000000000800984a       0x28 build/usbd_conf.o
                0x000000000800984a                HAL_PCD_ResetCallback
 *fill*         0x0000000008009872        0x2 
 .text.HAL_PCD_SuspendCallback
                0x0000000008009874       0x30 build/usbd_conf.o
                0x0000000008009874                HAL_PCD_SuspendCallback
 .text.HAL_PCD_ResumeCallback
                0x00000000080098a4        0xc build/usbd_conf.o
                0x00000000080098a4                HAL_PCD_ResumeCallback
 .text.HAL_PCD_ISOOUTIncompleteCallback
                0x00000000080098b0        0xc build/usbd_conf.o
                0x00000000080098b0                HAL_PCD_ISOOUTIncompleteCallback
 .text.HAL_PCD_ISOINIncompleteCallback
                0x00000000080098bc        0xc build/usbd_conf.o
                0x00000000080098bc                HAL_PCD_ISOINIncompleteCallback
 .text.HAL_PCD_ConnectCallback
                0x00000000080098c8        0xc build/usbd_conf.o
                0x00000000080098c8                HAL_PCD_ConnectCallback
 .text.HAL_PCD_DisconnectCallback
                0x00000000080098d4        0xc build/usbd_conf.o
                0x00000000080098d4                HAL_PCD_DisconnectCallback
 .text.USBD_LL_Init
                0x00000000080098e0       0x68 build/usbd_conf.o
                0x00000000080098e0                USBD_LL_Init
 .text.USBD_LL_IsStallEP
                0x0000000008009948       0x2c build/usbd_conf.o
                0x0000000008009948                USBD_LL_IsStallEP
 .text.USBD_LL_GetRxDataSize
                0x0000000008009974        0xc build/usbd_conf.o
                0x0000000008009974                USBD_LL_GetRxDataSize
 .text.HAL_PCDEx_LPM_Callback
                0x0000000008009980       0x64 build/usbd_conf.o
                0x0000000008009980                HAL_PCDEx_LPM_Callback
 .text.USBD_static_malloc
                0x00000000080099e4        0x8 build/usbd_conf.o
                0x00000000080099e4                USBD_static_malloc
 .text.USBD_static_free
                0x00000000080099ec        0x2 build/usbd_conf.o
                0x00000000080099ec                USBD_static_free
 .text.USBD_Get_USB_Status
                0x00000000080099ee       0x14 build/usbd_conf.o
                0x00000000080099ee                USBD_Get_USB_Status
 .text.USBD_LL_Start
                0x0000000008009a02       0x10 build/usbd_conf.o
                0x0000000008009a02                USBD_LL_Start
 .text.USBD_LL_OpenEP
                0x0000000008009a12       0x16 build/usbd_conf.o
                0x0000000008009a12                USBD_LL_OpenEP
 .text.USBD_LL_CloseEP
                0x0000000008009a28       0x10 build/usbd_conf.o
                0x0000000008009a28                USBD_LL_CloseEP
 .text.USBD_LL_StallEP
                0x0000000008009a38       0x10 build/usbd_conf.o
                0x0000000008009a38                USBD_LL_StallEP
 .text.USBD_LL_ClearStallEP
                0x0000000008009a48       0x10 build/usbd_conf.o
                0x0000000008009a48                USBD_LL_ClearStallEP
 .text.USBD_LL_SetUSBAddress
                0x0000000008009a58       0x10 build/usbd_conf.o
                0x0000000008009a58                USBD_LL_SetUSBAddress
 .text.USBD_LL_Transmit
                0x0000000008009a68       0x10 build/usbd_conf.o
                0x0000000008009a68                USBD_LL_Transmit
 .text.USBD_LL_PrepareReceive
                0x0000000008009a78       0x10 build/usbd_conf.o
                0x0000000008009a78                USBD_LL_PrepareReceive
 .text.PCD_WriteEmptyTxFifo
                0x0000000008009a88       0xd0 build/stm32f4xx_hal_pcd.o
 .text.HAL_PCD_Init
                0x0000000008009b58      0x112 build/stm32f4xx_hal_pcd.o
                0x0000000008009b58                HAL_PCD_Init
 .text.HAL_PCD_Start
                0x0000000008009c6a       0x44 build/stm32f4xx_hal_pcd.o
                0x0000000008009c6a                HAL_PCD_Start
 *fill*         0x0000000008009cae        0x2 
 .text.PCD_EP_OutXfrComplete_int
                0x0000000008009cb0      0x104 build/stm32f4xx_hal_pcd.o
 .text.PCD_EP_OutSetupPacket_int
                0x0000000008009db4       0x50 build/stm32f4xx_hal_pcd.o
 .text.HAL_PCD_SetAddress
                0x0000000008009e04       0x26 build/stm32f4xx_hal_pcd.o
                0x0000000008009e04                HAL_PCD_SetAddress
 .text.HAL_PCD_EP_Open
                0x0000000008009e2a       0x8c build/stm32f4xx_hal_pcd.o
                0x0000000008009e2a                HAL_PCD_EP_Open
 .text.HAL_PCD_EP_Close
                0x0000000008009eb6       0x70 build/stm32f4xx_hal_pcd.o
                0x0000000008009eb6                HAL_PCD_EP_Close
 .text.HAL_PCD_EP_Receive
                0x0000000008009f26       0x4a build/stm32f4xx_hal_pcd.o
                0x0000000008009f26                HAL_PCD_EP_Receive
 .text.HAL_PCD_EP_GetRxCount
                0x0000000008009f70       0x12 build/stm32f4xx_hal_pcd.o
                0x0000000008009f70                HAL_PCD_EP_GetRxCount
 .text.HAL_PCD_EP_Transmit
                0x0000000008009f82       0x4a build/stm32f4xx_hal_pcd.o
                0x0000000008009f82                HAL_PCD_EP_Transmit
 .text.HAL_PCD_EP_SetStall
                0x0000000008009fcc       0x86 build/stm32f4xx_hal_pcd.o
                0x0000000008009fcc                HAL_PCD_EP_SetStall
 .text.HAL_PCD_EP_ClrStall
                0x000000000800a052       0x74 build/stm32f4xx_hal_pcd.o
                0x000000000800a052                HAL_PCD_EP_ClrStall
 .text.HAL_PCD_EP_Abort
                0x000000000800a0c6       0x34 build/stm32f4xx_hal_pcd.o
                0x000000000800a0c6                HAL_PCD_EP_Abort
 .text.HAL_PCD_IRQHandler
                0x000000000800a0fa      0x5fe build/stm32f4xx_hal_pcd.o
                0x000000000800a0fa                HAL_PCD_IRQHandler
 .text.HAL_PCDEx_SetTxFiFo
                0x000000000800a6f8       0x4c build/stm32f4xx_hal_pcd_ex.o
                0x000000000800a6f8                HAL_PCDEx_SetTxFiFo
 .text.HAL_PCDEx_SetRxFiFo
                0x000000000800a744        0x8 build/stm32f4xx_hal_pcd_ex.o
                0x000000000800a744                HAL_PCDEx_SetRxFiFo
 .text.HAL_PCDEx_ActivateLPM
                0x000000000800a74c       0x26 build/stm32f4xx_hal_pcd_ex.o
                0x000000000800a74c                HAL_PCDEx_ActivateLPM
 .text.USB_CoreReset
                0x000000000800a772       0x58 build/stm32f4xx_ll_usb.o
 .text.USB_CoreInit
                0x000000000800a7ca       0x92 build/stm32f4xx_ll_usb.o
                0x000000000800a7ca                USB_CoreInit
 .text.USB_SetTurnaroundTime
                0x000000000800a85c       0xe4 build/stm32f4xx_ll_usb.o
                0x000000000800a85c                USB_SetTurnaroundTime
 .text.USB_EnableGlobalInt
                0x000000000800a940        0xc build/stm32f4xx_ll_usb.o
                0x000000000800a940                USB_EnableGlobalInt
 .text.USB_DisableGlobalInt
                0x000000000800a94c        0xc build/stm32f4xx_ll_usb.o
                0x000000000800a94c                USB_DisableGlobalInt
 .text.USB_FlushTxFifo
                0x000000000800a958       0x4a build/stm32f4xx_ll_usb.o
                0x000000000800a958                USB_FlushTxFifo
 .text.USB_FlushRxFifo
                0x000000000800a9a2       0x46 build/stm32f4xx_ll_usb.o
                0x000000000800a9a2                USB_FlushRxFifo
 .text.USB_SetDevSpeed
                0x000000000800a9e8        0xe build/stm32f4xx_ll_usb.o
                0x000000000800a9e8                USB_SetDevSpeed
 *fill*         0x000000000800a9f6        0x2 
 .text.USB_DevInit
                0x000000000800a9f8      0x18c build/stm32f4xx_ll_usb.o
                0x000000000800a9f8                USB_DevInit
 .text.USB_GetDevSpeed
                0x000000000800ab84       0x22 build/stm32f4xx_ll_usb.o
                0x000000000800ab84                USB_GetDevSpeed
 .text.USB_ActivateEndpoint
                0x000000000800aba6       0x9c build/stm32f4xx_ll_usb.o
                0x000000000800aba6                USB_ActivateEndpoint
 *fill*         0x000000000800ac42        0x2 
 .text.USB_DeactivateEndpoint
                0x000000000800ac44       0xe0 build/stm32f4xx_ll_usb.o
                0x000000000800ac44                USB_DeactivateEndpoint
 .text.USB_EPStopXfer
                0x000000000800ad24       0xbe build/stm32f4xx_ll_usb.o
                0x000000000800ad24                USB_EPStopXfer
 .text.USB_WritePacket
                0x000000000800ade2       0x2e build/stm32f4xx_ll_usb.o
                0x000000000800ade2                USB_WritePacket
 .text.USB_EPStartXfer
                0x000000000800ae10      0x250 build/stm32f4xx_ll_usb.o
                0x000000000800ae10                USB_EPStartXfer
 .text.USB_ReadPacket
                0x000000000800b060       0x54 build/stm32f4xx_ll_usb.o
                0x000000000800b060                USB_ReadPacket
 .text.USB_EPSetStall
                0x000000000800b0b4       0x5a build/stm32f4xx_ll_usb.o
                0x000000000800b0b4                USB_EPSetStall
 .text.USB_EPClearStall
                0x000000000800b10e       0x5c build/stm32f4xx_ll_usb.o
                0x000000000800b10e                USB_EPClearStall
 .text.USB_SetDevAddress
                0x000000000800b16a       0x20 build/stm32f4xx_ll_usb.o
                0x000000000800b16a                USB_SetDevAddress
 .text.USB_DevConnect
                0x000000000800b18a       0x1c build/stm32f4xx_ll_usb.o
                0x000000000800b18a                USB_DevConnect
 .text.USB_DevDisconnect
                0x000000000800b1a6       0x1c build/stm32f4xx_ll_usb.o
                0x000000000800b1a6                USB_DevDisconnect
 .text.USB_ReadInterrupts
                0x000000000800b1c2        0x8 build/stm32f4xx_ll_usb.o
                0x000000000800b1c2                USB_ReadInterrupts
 .text.USB_ReadDevAllOutEpInterrupt
                0x000000000800b1ca       0x10 build/stm32f4xx_ll_usb.o
                0x000000000800b1ca                USB_ReadDevAllOutEpInterrupt
 .text.USB_ReadDevAllInEpInterrupt
                0x000000000800b1da       0x10 build/stm32f4xx_ll_usb.o
                0x000000000800b1da                USB_ReadDevAllInEpInterrupt
 .text.USB_ReadDevOutEPInterrupt
                0x000000000800b1ea       0x12 build/stm32f4xx_ll_usb.o
                0x000000000800b1ea                USB_ReadDevOutEPInterrupt
 .text.USB_ReadDevInEPInterrupt
                0x000000000800b1fc       0x28 build/stm32f4xx_ll_usb.o
                0x000000000800b1fc                USB_ReadDevInEPInterrupt
 .text.USB_GetMode
                0x000000000800b224        0x8 build/stm32f4xx_ll_usb.o
                0x000000000800b224                USB_GetMode
 .text.USB_SetCurrentMode
                0x000000000800b22c       0x62 build/stm32f4xx_ll_usb.o
                0x000000000800b22c                USB_SetCurrentMode
 .text.USB_ActivateSetup
                0x000000000800b28e       0x20 build/stm32f4xx_ll_usb.o
                0x000000000800b28e                USB_ActivateSetup
 *fill*         0x000000000800b2ae        0x2 
 .text.USB_EP0_OutStart
                0x000000000800b2b0       0x60 build/stm32f4xx_ll_usb.o
                0x000000000800b2b0                USB_EP0_OutStart
 .text.USBD_Init
                0x000000000800b310       0x2e build/usbd_core.o
                0x000000000800b310                USBD_Init
 .text.USBD_RegisterClass
                0x000000000800b33e       0x34 build/usbd_core.o
                0x000000000800b33e                USBD_RegisterClass
 .text.USBD_Start
                0x000000000800b372        0x8 build/usbd_core.o
                0x000000000800b372                USBD_Start
 .text.USBD_SetClassConfig
                0x000000000800b37a       0x12 build/usbd_core.o
                0x000000000800b37a                USBD_SetClassConfig
 .text.USBD_ClrClassConfig
                0x000000000800b38c       0x12 build/usbd_core.o
                0x000000000800b38c                USBD_ClrClassConfig
 .text.USBD_LL_SetupStage
                0x000000000800b39e       0x58 build/usbd_core.o
                0x000000000800b39e                USBD_LL_SetupStage
 .text.USBD_LL_Reset
                0x000000000800b3f6       0x66 build/usbd_core.o
                0x000000000800b3f6                USBD_LL_Reset
 .text.USBD_LL_SetSpeed
                0x000000000800b45c        0x6 build/usbd_core.o
                0x000000000800b45c                USBD_LL_SetSpeed
 .text.USBD_LL_Suspend
                0x000000000800b462       0x1e build/usbd_core.o
                0x000000000800b462                USBD_LL_Suspend
 .text.USBD_LL_Resume
                0x000000000800b480       0x1a build/usbd_core.o
                0x000000000800b480                USBD_LL_Resume
 .text.USBD_LL_SOF
                0x000000000800b49a       0x22 build/usbd_core.o
                0x000000000800b49a                USBD_LL_SOF
 .text.USBD_LL_IsoINIncomplete
                0x000000000800b4bc       0x2e build/usbd_core.o
                0x000000000800b4bc                USBD_LL_IsoINIncomplete
 .text.USBD_LL_IsoOUTIncomplete
                0x000000000800b4ea       0x2e build/usbd_core.o
                0x000000000800b4ea                USBD_LL_IsoOUTIncomplete
 .text.USBD_LL_DevConnected
                0x000000000800b518        0x4 build/usbd_core.o
                0x000000000800b518                USBD_LL_DevConnected
 .text.USBD_LL_DevDisconnected
                0x000000000800b51c       0x20 build/usbd_core.o
                0x000000000800b51c                USBD_LL_DevDisconnected
 .text.USBD_CoreFindIF
                0x000000000800b53c        0x4 build/usbd_core.o
                0x000000000800b53c                USBD_CoreFindIF
 .text.USBD_CoreFindEP
                0x000000000800b540        0x4 build/usbd_core.o
                0x000000000800b540                USBD_CoreFindEP
 .text.USBD_LL_DataOutStage
                0x000000000800b544       0xcc build/usbd_core.o
                0x000000000800b544                USBD_LL_DataOutStage
 .text.USBD_LL_DataInStage
                0x000000000800b610       0xd8 build/usbd_core.o
                0x000000000800b610                USBD_LL_DataInStage
 .text.USBD_GetNextDesc
                0x000000000800b6e8        0xe build/usbd_core.o
                0x000000000800b6e8                USBD_GetNextDesc
 .text.USBD_GetEpDesc
                0x000000000800b6f6       0x3e build/usbd_core.o
                0x000000000800b6f6                USBD_GetEpDesc
 .text.USBD_GetLen
                0x000000000800b734       0x14 build/usbd_ctlreq.o
 .text.USBD_ParseSetupRequest
                0x000000000800b748       0x28 build/usbd_ctlreq.o
                0x000000000800b748                USBD_ParseSetupRequest
 .text.USBD_CtlError
                0x000000000800b770       0x14 build/usbd_ctlreq.o
                0x000000000800b770                USBD_CtlError
 .text.USBD_GetDescriptor
                0x000000000800b784      0x1ac build/usbd_ctlreq.o
 .text.USBD_SetAddress
                0x000000000800b930       0x50 build/usbd_ctlreq.o
 .text.USBD_SetConfig
                0x000000000800b980       0xcc build/usbd_ctlreq.o
 .text.USBD_GetConfig
                0x000000000800ba4c       0x40 build/usbd_ctlreq.o
 .text.USBD_GetStatus
                0x000000000800ba8c       0x38 build/usbd_ctlreq.o
 .text.USBD_SetFeature
                0x000000000800bac4       0x2a build/usbd_ctlreq.o
 .text.USBD_ClrFeature
                0x000000000800baee       0x26 build/usbd_ctlreq.o
 .text.USBD_StdDevReq
                0x000000000800bb14       0x76 build/usbd_ctlreq.o
                0x000000000800bb14                USBD_StdDevReq
 .text.USBD_StdItfReq
                0x000000000800bb8a       0x84 build/usbd_ctlreq.o
                0x000000000800bb8a                USBD_StdItfReq
 .text.USBD_StdEPReq
                0x000000000800bc0e      0x232 build/usbd_ctlreq.o
                0x000000000800bc0e                USBD_StdEPReq
 .text.USBD_GetString
                0x000000000800be40       0x46 build/usbd_ctlreq.o
                0x000000000800be40                USBD_GetString
 .text.USBD_CtlSendData
                0x000000000800be86       0x1c build/usbd_ioreq.o
                0x000000000800be86                USBD_CtlSendData
 .text.USBD_CtlContinueSendData
                0x000000000800bea2       0x10 build/usbd_ioreq.o
                0x000000000800bea2                USBD_CtlContinueSendData
 .text.USBD_CtlPrepareRx
                0x000000000800beb2       0x22 build/usbd_ioreq.o
                0x000000000800beb2                USBD_CtlPrepareRx
 .text.USBD_CtlContinueRx
                0x000000000800bed4       0x10 build/usbd_ioreq.o
                0x000000000800bed4                USBD_CtlContinueRx
 .text.USBD_CtlSendStatus
                0x000000000800bee4       0x16 build/usbd_ioreq.o
                0x000000000800bee4                USBD_CtlSendStatus
 .text.USBD_CtlReceiveStatus
                0x000000000800befa       0x16 build/usbd_ioreq.o
                0x000000000800befa                USBD_CtlReceiveStatus
 .text.USBD_CDC_EP0_RxReady
                0x000000000800bf10       0x40 build/usbd_cdc.o
 .text.USBD_CDC_GetDeviceQualifierDescriptor
                0x000000000800bf50        0xc build/usbd_cdc.o
                0x000000000800bf50                USBD_CDC_GetDeviceQualifierDescriptor
 .text.USBD_CDC_GetOtherSpeedCfgDesc
                0x000000000800bf5c       0x48 build/usbd_cdc.o
 .text.USBD_CDC_GetFSCfgDesc
                0x000000000800bfa4       0x48 build/usbd_cdc.o
 .text.USBD_CDC_GetHSCfgDesc
                0x000000000800bfec       0x48 build/usbd_cdc.o
 .text.USBD_CDC_DataOut
                0x000000000800c034       0x38 build/usbd_cdc.o
 .text.USBD_CDC_DataIn
                0x000000000800c06c       0x7c build/usbd_cdc.o
 .text.USBD_CDC_Setup
                0x000000000800c0e8      0x11a build/usbd_cdc.o
 .text.USBD_CDC_DeInit
                0x000000000800c202       0x64 build/usbd_cdc.o
 .text.USBD_CDC_Init
                0x000000000800c266       0xee build/usbd_cdc.o
 .text.USBD_CDC_RegisterInterface
                0x000000000800c354       0x16 build/usbd_cdc.o
                0x000000000800c354                USBD_CDC_RegisterInterface
 .text.USBD_CDC_SetTxBuffer
                0x000000000800c36a       0x1c build/usbd_cdc.o
                0x000000000800c36a                USBD_CDC_SetTxBuffer
 .text.USBD_CDC_SetRxBuffer
                0x000000000800c386       0x18 build/usbd_cdc.o
                0x000000000800c386                USBD_CDC_SetRxBuffer
 .text.USBD_CDC_TransmitPacket
                0x000000000800c39e       0x3a build/usbd_cdc.o
                0x000000000800c39e                USBD_CDC_TransmitPacket
 .text.USBD_CDC_ReceivePacket
                0x000000000800c3d8       0x38 build/usbd_cdc.o
                0x000000000800c3d8                USBD_CDC_ReceivePacket
 .text.Reset_Handler
                0x000000000800c410       0x50 build/startup_stm32f446xx.o
                0x000000000800c410                Reset_Handler
 .text.Default_Handler
                0x000000000800c460        0x2 build/startup_stm32f446xx.o
                0x000000000800c460                RTC_Alarm_IRQHandler
                0x000000000800c460                EXTI2_IRQHandler
                0x000000000800c460                TIM8_CC_IRQHandler
                0x000000000800c460                FMPI2C1_EV_IRQHandler
                0x000000000800c460                SPI4_IRQHandler
                0x000000000800c460                TIM1_CC_IRQHandler
                0x000000000800c460                DMA2_Stream5_IRQHandler
                0x000000000800c460                DMA1_Stream5_IRQHandler
                0x000000000800c460                PVD_IRQHandler
                0x000000000800c460                SDIO_IRQHandler
                0x000000000800c460                TAMP_STAMP_IRQHandler
                0x000000000800c460                CAN2_RX1_IRQHandler
                0x000000000800c460                EXTI3_IRQHandler
                0x000000000800c460                TIM8_TRG_COM_TIM14_IRQHandler
                0x000000000800c460                TIM1_UP_TIM10_IRQHandler
                0x000000000800c460                TIM8_UP_TIM13_IRQHandler
                0x000000000800c460                I2C3_ER_IRQHandler
                0x000000000800c460                EXTI0_IRQHandler
                0x000000000800c460                I2C2_EV_IRQHandler
                0x000000000800c460                DMA1_Stream2_IRQHandler
                0x000000000800c460                CAN1_RX0_IRQHandler
                0x000000000800c460                FPU_IRQHandler
                0x000000000800c460                OTG_HS_WKUP_IRQHandler
                0x000000000800c460                CAN2_SCE_IRQHandler
                0x000000000800c460                DMA2_Stream2_IRQHandler
                0x000000000800c460                SPI1_IRQHandler
                0x000000000800c460                TIM6_DAC_IRQHandler
                0x000000000800c460                TIM1_BRK_TIM9_IRQHandler
                0x000000000800c460                DCMI_IRQHandler
                0x000000000800c460                CAN2_RX0_IRQHandler
                0x000000000800c460                DMA2_Stream3_IRQHandler
                0x000000000800c460                SAI2_IRQHandler
                0x000000000800c460                USART6_IRQHandler
                0x000000000800c460                USART3_IRQHandler
                0x000000000800c460                CAN1_RX1_IRQHandler
                0x000000000800c460                UART5_IRQHandler
                0x000000000800c460                TIM4_IRQHandler
                0x000000000800c460                QUADSPI_IRQHandler
                0x000000000800c460                DMA1_Stream1_IRQHandler
                0x000000000800c460                UART4_IRQHandler
                0x000000000800c460                TIM3_IRQHandler
                0x000000000800c460                RCC_IRQHandler
                0x000000000800c460                TIM8_BRK_TIM12_IRQHandler
                0x000000000800c460                Default_Handler
                0x000000000800c460                CEC_IRQHandler
                0x000000000800c460                EXTI15_10_IRQHandler
                0x000000000800c460                ADC_IRQHandler
                0x000000000800c460                DMA1_Stream7_IRQHandler
                0x000000000800c460                TIM7_IRQHandler
                0x000000000800c460                CAN2_TX_IRQHandler
                0x000000000800c460                TIM5_IRQHandler
                0x000000000800c460                DMA2_Stream7_IRQHandler
                0x000000000800c460                I2C3_EV_IRQHandler
                0x000000000800c460                EXTI9_5_IRQHandler
                0x000000000800c460                RTC_WKUP_IRQHandler
                0x000000000800c460                SPDIF_RX_IRQHandler
                0x000000000800c460                SPI2_IRQHandler
                0x000000000800c460                OTG_HS_EP1_IN_IRQHandler
                0x000000000800c460                CAN1_TX_IRQHandler
                0x000000000800c460                FMPI2C1_ER_IRQHandler
                0x000000000800c460                EXTI4_IRQHandler
                0x000000000800c460                OTG_HS_EP1_OUT_IRQHandler
                0x000000000800c460                WWDG_IRQHandler
                0x000000000800c460                TIM2_IRQHandler
                0x000000000800c460                OTG_FS_WKUP_IRQHandler
                0x000000000800c460                TIM1_TRG_COM_TIM11_IRQHandler
                0x000000000800c460                OTG_HS_IRQHandler
                0x000000000800c460                EXTI1_IRQHandler
                0x000000000800c460                USART2_IRQHandler
                0x000000000800c460                I2C2_ER_IRQHandler
                0x000000000800c460                DMA2_Stream1_IRQHandler
                0x000000000800c460                CAN1_SCE_IRQHandler
                0x000000000800c460                FLASH_IRQHandler
                0x000000000800c460                DMA2_Stream4_IRQHandler
                0x000000000800c460                USART1_IRQHandler
                0x000000000800c460                SPI3_IRQHandler
                0x000000000800c460                DMA1_Stream4_IRQHandler
                0x000000000800c460                FMC_IRQHandler
                0x000000000800c460                DMA2_Stream6_IRQHandler
                0x000000000800c460                SAI1_IRQHandler
                0x000000000800c460                DMA1_Stream3_IRQHandler
 *(.glue_7)
 .glue_7        0x000000000800c462        0x0 linker stubs
 *(.glue_7t)
 .glue_7t       0x000000000800c462        0x0 linker stubs
 *(.eh_frame)
 *fill*         0x000000000800c462        0x2 
 .eh_frame      0x000000000800c464        0x0 /usr/lib/gcc/arm-none-eabi/10.3.1/thumb/v7e-m+fp/hard/crtbegin.o
 *(.init)
 .init          0x000000000800c464        0x4 /usr/lib/gcc/arm-none-eabi/10.3.1/thumb/v7e-m+fp/hard/crti.o
                0x000000000800c464                _init
 .init          0x000000000800c468        0x8 /usr/lib/gcc/arm-none-eabi/10.3.1/thumb/v7e-m+fp/hard/crtn.o
 *(.fini)
 .fini          0x000000000800c470        0x4 /usr/lib/gcc/arm-none-eabi/10.3.1/thumb/v7e-m+fp/hard/crti.o
                0x000000000800c470                _fini
 .fini          0x000000000800c474        0x8 /usr/lib/gcc/arm-none-eabi/10.3.1/thumb/v7e-m+fp/hard/crtn.o
                0x000000000800c47c                . = ALIGN (0x4)
                0x000000000800c47c                _etext = .

.vfp11_veneer   0x000000000800c47c        0x0
 .vfp11_veneer  0x000000000800c47c        0x0 linker stubs

.v4_bx          0x000000000800c47c        0x0
 .v4_bx         0x000000000800c47c        0x0 linker stubs

.iplt           0x000000000800c47c        0x0
 .iplt          0x000000000800c47c        0x0 /usr/lib/gcc/arm-none-eabi/10.3.1/thumb/v7e-m+fp/hard/crtbegin.o

.rodata         0x000000000800c480      0x49c
                0x000000000800c480                . = ALIGN (0x4)
 *(.rodata)
 .rodata        0x000000000800c480        0x4 /usr/lib/gcc/arm-none-eabi/10.3.1/../../../arm-none-eabi/lib/thumb/v7e-m+fp/hard/libc_nano.a(lib_a-impure.o)
                0x000000000800c480                _global_impure_ptr
 *fill*         0x000000000800c484        0x4 
 .rodata        0x000000000800c488      0x128 /usr/lib/gcc/arm-none-eabi/10.3.1/../../../arm-none-eabi/lib/thumb/v7e-m+fp/hard/libc_nano.a(lib_a-mprec.o)
                0x000000000800c498                __mprec_tens
                0x000000000800c560                __mprec_tinytens
                0x000000000800c588                __mprec_bigtens
 .rodata        0x000000000800c5b0      0x101 /usr/lib/gcc/arm-none-eabi/10.3.1/../../../arm-none-eabi/lib/thumb/v7e-m+fp/hard/libc_nano.a(lib_a-ctype_.o)
                0x000000000800c5b0                _ctype_
 *fill*         0x000000000800c6b1        0x3 
 .rodata        0x000000000800c6b4       0x60 /usr/lib/gcc/arm-none-eabi/10.3.1/../../../arm-none-eabi/lib/thumb/v7e-m+fp/hard/libc_nano.a(lib_a-findfp.o)
                0x000000000800c6b4                __sf_fake_stderr
                0x000000000800c6d4                __sf_fake_stdout
                0x000000000800c6f4                __sf_fake_stdin
 *(.rodata*)
 .rodata.My_Main_Init.str1.4
                0x000000000800c714       0x51 build/my_main.o
 *fill*         0x000000000800c765        0x3 
 .rodata.My_Main_Run.str1.4
                0x000000000800c768        0x5 build/my_main.o
 *fill*         0x000000000800c76d        0x3 
 .rodata.flagBitshiftOffset.0
                0x000000000800c770        0x8 build/stm32f4xx_hal_dma.o
 .rodata.AHBPrescTable
                0x000000000800c778       0x10 build/system_stm32f4xx.o
                0x000000000800c778                AHBPrescTable
 .rodata.APBPrescTable
                0x000000000800c788        0x8 build/system_stm32f4xx.o
                0x000000000800c788                APBPrescTable
 .rodata.USBD_FS_ProductStrDescriptor.str1.4
                0x000000000800c790       0x16 build/usbd_desc.o
 *fill*         0x000000000800c7a6        0x2 
 .rodata.USBD_FS_ManufacturerStrDescriptor.str1.4
                0x000000000800c7a8       0x13 build/usbd_desc.o
 *fill*         0x000000000800c7bb        0x1 
 .rodata.USBD_FS_ConfigStrDescriptor.str1.4
                0x000000000800c7bc        0xb build/usbd_desc.o
 *fill*         0x000000000800c7c7        0x1 
 .rodata.USBD_FS_InterfaceStrDescriptor.str1.4
                0x000000000800c7c8        0xe build/usbd_desc.o
 *fill*         0x000000000800c7d6        0x2 
 .rodata.str1.4
                0x000000000800c7d8       0x12 /usr/lib/gcc/arm-none-eabi/10.3.1/../../../arm-none-eabi/lib/thumb/v7e-m+fp/hard/libc_nano.a(lib_a-nano-vfprintf_float.o)
 *fill*         0x000000000800c7ea        0x2 
 .rodata.str1.4
                0x000000000800c7ec       0x25 /usr/lib/gcc/arm-none-eabi/10.3.1/../../../arm-none-eabi/lib/thumb/v7e-m+fp/hard/libc_nano.a(lib_a-nano-vfprintf_i.o)
 *fill*         0x000000000800c811        0x3 
 .rodata.str1.4
                0x000000000800c814       0x6d /usr/lib/gcc/arm-none-eabi/10.3.1/../../../arm-none-eabi/lib/thumb/v7e-m+fp/hard/libc_nano.a(lib_a-dtoa.o)
                                         0x71 (size before relaxing)
 *fill*         0x000000000800c881        0x3 
 .rodata.str1.4
                0x000000000800c884       0x33 /usr/lib/gcc/arm-none-eabi/10.3.1/../../../arm-none-eabi/lib/thumb/v7e-m+fp/hard/libc_nano.a(lib_a-mprec.o)
                                         0x5d (size before relaxing)
 *fill*         0x000000000800c8b7        0x1 
 .rodata.str1.4
                0x000000000800c8b8       0x13 /usr/lib/gcc/arm-none-eabi/10.3.1/../../../arm-none-eabi/lib/thumb/v7e-m+fp/hard/libc_nano.a(lib_a-nano-svfprintf.o)
 *fill*         0x000000000800c8cb        0x1 
 .rodata.str1.4
                0x000000000800c8cc       0x3f /usr/lib/gcc/arm-none-eabi/10.3.1/../../../arm-none-eabi/lib/thumb/v7e-m+fp/hard/libc_nano.a(lib_a-assert.o)
                                         0x43 (size before relaxing)
 *fill*         0x000000000800c90b        0x1 
 .rodata.str1.4
                0x000000000800c90c        0xe /usr/lib/gcc/arm-none-eabi/10.3.1/../../../arm-none-eabi/lib/thumb/v7e-m+fp/hard/libc_nano.a(lib_a-locale.o)
                                         0x12 (size before relaxing)
 .rodata.str1.4
                0x000000000800c91a       0x13 /usr/lib/gcc/arm-none-eabi/10.3.1/../../../arm-none-eabi/lib/thumb/v7e-m+fp/hard/libc_nano.a(lib_a-nano-vfprintf.o)
                0x000000000800c930                . = ALIGN (0x4)
 *fill*         0x000000000800c91a        0x2 

.ARM.extab      0x000000000800c91c        0x0
                0x000000000800c91c                . = ALIGN (0x4)
 *(.ARM.extab* .gnu.linkonce.armextab.*)
                0x000000000800c91c                . = ALIGN (0x4)

.ARM            0x000000000800c91c        0x8
                0x000000000800c91c                . = ALIGN (0x4)
                0x000000000800c91c                __exidx_start = .
 *(.ARM.exidx*)
 .ARM.exidx     0x000000000800c91c        0x8 /usr/lib/gcc/arm-none-eabi/10.3.1/thumb/v7e-m+fp/hard/libgcc.a(_udivmoddi4.o)
                0x000000000800c924                __exidx_end = .
                0x000000000800c924                . = ALIGN (0x4)

.preinit_array  0x000000000800c924        0x0
                0x000000000800c924                . = ALIGN (0x4)
                0x000000000800c924                PROVIDE (__preinit_array_start = .)
 *(.preinit_array*)
                0x000000000800c924                PROVIDE (__preinit_array_end = .)
                0x000000000800c924                . = ALIGN (0x4)

.init_array     0x000000000800c924        0x4
                0x000000000800c924                . = ALIGN (0x4)
                0x000000000800c924                PROVIDE (__init_array_start = .)
 *(SORT_BY_NAME(.init_array.*))
 *(.init_array*)
 .init_array    0x000000000800c924        0x4 /usr/lib/gcc/arm-none-eabi/10.3.1/thumb/v7e-m+fp/hard/crtbegin.o
                0x000000000800c928                PROVIDE (__init_array_end = .)
                0x000000000800c928                . = ALIGN (0x4)

.fini_array     0x000000000800c928        0x4
                0x000000000800c928                . = ALIGN (0x4)
                0x000000000800c928                PROVIDE (__fini_array_start = .)
 *(SORT_BY_NAME(.fini_array.*))
 *(.fini_array*)
 .fini_array    0x000000000800c928        0x4 /usr/lib/gcc/arm-none-eabi/10.3.1/thumb/v7e-m+fp/hard/crtbegin.o
                0x000000000800c92c                PROVIDE (__fini_array_end = .)
                0x000000000800c92c                . = ALIGN (0x4)
                0x000000000800c92c                _sidata = LOADADDR (.data)

.rel.dyn        0x000000000800c92c        0x0
 .rel.iplt      0x000000000800c92c        0x0 /usr/lib/gcc/arm-none-eabi/10.3.1/thumb/v7e-m+fp/hard/crtbegin.o

.data           0x0000000020000000      0x2d8 load address 0x000000000800c92c
                0x0000000020000000                . = ALIGN (0x4)
                0x0000000020000000                _sdata = .
 *(.data)
 .data          0x0000000020000000       0x64 /usr/lib/gcc/arm-none-eabi/10.3.1/../../../arm-none-eabi/lib/thumb/v7e-m+fp/hard/libc_nano.a(lib_a-impure.o)
                0x0000000020000000                _impure_ptr
 .data          0x0000000020000064      0x16c /usr/lib/gcc/arm-none-eabi/10.3.1/../../../arm-none-eabi/lib/thumb/v7e-m+fp/hard/libc_nano.a(lib_a-locale.o)
                0x0000000020000064                __global_locale
 *(.data*)
 .data.uwTickFreq
                0x00000000200001d0        0x1 build/stm32f4xx_hal.o
                0x00000000200001d0                uwTickFreq
 *fill*         0x00000000200001d1        0x3 
 .data.uwTickPrio
                0x00000000200001d4        0x4 build/stm32f4xx_hal.o
                0x00000000200001d4                uwTickPrio
 .data.SystemCoreClock
                0x00000000200001d8        0x4 build/system_stm32f4xx.o
                0x00000000200001d8                SystemCoreClock
 .data.FS_Desc  0x00000000200001dc       0x20 build/usbd_desc.o
                0x00000000200001dc                FS_Desc
 .data.USBD_FS_BOSDesc
                0x00000000200001fc        0xc build/usbd_desc.o
                0x00000000200001fc                USBD_FS_BOSDesc
 .data.USBD_FS_DeviceDesc
                0x0000000020000208       0x12 build/usbd_desc.o
                0x0000000020000208                USBD_FS_DeviceDesc
 *fill*         0x000000002000021a        0x2 
 .data.USBD_LangIDDesc
                0x000000002000021c        0x4 build/usbd_desc.o
                0x000000002000021c                USBD_LangIDDesc
 .data.USBD_StringSerial
                0x0000000020000220       0x1a build/usbd_desc.o
                0x0000000020000220                USBD_StringSerial
 *fill*         0x000000002000023a        0x2 
 .data.USBD_Interface_fops_FS
                0x000000002000023c       0x14 build/usbd_cdc_if.o
                0x000000002000023c                USBD_Interface_fops_FS
 .data.USBD_CDC
                0x0000000020000250       0x38 build/usbd_cdc.o
                0x0000000020000250                USBD_CDC
 .data.USBD_CDC_CfgDesc
                0x0000000020000288       0x43 build/usbd_cdc.o
 *fill*         0x00000000200002cb        0x1 
 .data.USBD_CDC_DeviceQualifierDesc
                0x00000000200002cc        0xa build/usbd_cdc.o
 *(.RamFunc)
 *(.RamFunc*)
                0x00000000200002d8                . = ALIGN (0x4)
 *fill*         0x00000000200002d6        0x2 
                0x00000000200002d8                _edata = .

.tm_clone_table
                0x00000000200002d8        0x0 load address 0x000000000800cc04
 .tm_clone_table
                0x00000000200002d8        0x0 /usr/lib/gcc/arm-none-eabi/10.3.1/thumb/v7e-m+fp/hard/crtbegin.o
 .tm_clone_table
                0x00000000200002d8        0x0 /usr/lib/gcc/arm-none-eabi/10.3.1/thumb/v7e-m+fp/hard/crtend.o

.igot.plt       0x00000000200002d8        0x0 load address 0x000000000800cc04
 .igot.plt      0x00000000200002d8        0x0 /usr/lib/gcc/arm-none-eabi/10.3.1/thumb/v7e-m+fp/hard/crtbegin.o
                0x00000000200002d8                . = ALIGN (0x4)

.bss            0x00000000200002d8     0x214c load address 0x000000000800cc04
                0x00000000200002d8                _sbss = .
                0x00000000200002d8                __bss_start__ = _sbss
 *(.bss)
 .bss           0x00000000200002d8       0x1c /usr/lib/gcc/arm-none-eabi/10.3.1/thumb/v7e-m+fp/hard/crtbegin.o
 .bss           0x00000000200002f4       0x10 build/microphone_sensor.o
                0x00000000200002f4                dma_buffer
 .bss           0x0000000020000304        0x8 /usr/lib/gcc/arm-none-eabi/10.3.1/../../../arm-none-eabi/lib/thumb/v7e-m+fp/hard/libc_nano.a(lib_a-nano-mallocr.o)
                0x0000000020000304                __malloc_free_list
                0x0000000020000308                __malloc_sbrk_start
 .bss           0x000000002000030c        0x4 /usr/lib/gcc/arm-none-eabi/10.3.1/../../../arm-none-eabi/lib/thumb/v7e-m+fp/hard/libc_nano.a(lib_a-reent.o)
                0x000000002000030c                errno
 *(.bss*)
 .bss.hdma_i2c1_rx
                0x0000000020000310       0x60 build/i2c.o
                0x0000000020000310                hdma_i2c1_rx
 .bss.hdma_i2c1_tx
                0x0000000020000370       0x60 build/i2c.o
                0x0000000020000370                hdma_i2c1_tx
 .bss.hi2c1     0x00000000200003d0       0x54 build/i2c.o
                0x00000000200003d0                hi2c1
 .bss.i2c_arbitration_lost_count
                0x0000000020000424        0x4 build/i2c_error_handler.o
                0x0000000020000424                i2c_arbitration_lost_count
 .bss.i2c_bus_error_count
                0x0000000020000428        0x4 build/i2c_error_handler.o
                0x0000000020000428                i2c_bus_error_count
 .bss.i2c_error_count
                0x000000002000042c        0x4 build/i2c_error_handler.o
                0x000000002000042c                i2c_error_count
 .bss.i2c_recovery_count
                0x0000000020000430        0x4 build/i2c_error_handler.o
                0x0000000020000430                i2c_recovery_count
 .bss.i2c_timeout_count
                0x0000000020000434        0x4 build/i2c_error_handler.o
                0x0000000020000434                i2c_timeout_count
 .bss.current_state
                0x0000000020000438        0x1 build/i2c_dma_manager.o
 *fill*         0x0000000020000439        0x3 
 .bss.i2c_dma_data
                0x000000002000043c       0x64 build/i2c_dma_manager.o
                0x000000002000043c                i2c_dma_data
 .bss.reading_in_progress
                0x00000000200004a0        0x1 build/i2c_dma_manager.o
 *fill*         0x00000000200004a1        0x3 
 .bss.huart1    0x00000000200004a4       0x48 build/usart.o
                0x00000000200004a4                huart1
 .bss.icm42688  0x00000000200004ec       0x10 build/my_main.o
                0x00000000200004ec                icm42688
 .bss.mic       0x00000000200004fc        0xc build/my_main.o
                0x00000000200004fc                mic
 .bss.msg.0     0x0000000020000508      0x200 build/my_main.o
 .bss.msg.1     0x0000000020000708       0x80 build/my_main.o
 .bss.vcnl4040  0x0000000020000788        0x8 build/my_main.o
                0x0000000020000788                vcnl4040
 .bss.uwTick    0x0000000020000790        0x4 build/stm32f4xx_hal.o
                0x0000000020000790                uwTick
 .bss.__sbrk_heap_end
                0x0000000020000794        0x4 build/sysmem.o
 .bss.hdma_spi1_rx
                0x0000000020000798       0x60 build/i2s.o
                0x0000000020000798                hdma_spi1_rx
 .bss.hi2s1     0x00000000200007f8       0x48 build/i2s.o
                0x00000000200007f8                hi2s1
 .bss.hUsbDeviceFS
                0x0000000020000840      0x2dc build/usb_device.o
                0x0000000020000840                hUsbDeviceFS
 .bss.USBD_StrDesc
                0x0000000020000b1c      0x200 build/usbd_desc.o
                0x0000000020000b1c                USBD_StrDesc
 .bss.UserRxBufferFS
                0x0000000020000d1c      0x800 build/usbd_cdc_if.o
                0x0000000020000d1c                UserRxBufferFS
 .bss.UserTxBufferFS
                0x000000002000151c      0x800 build/usbd_cdc_if.o
                0x000000002000151c                UserTxBufferFS
 .bss.hpcd_USB_OTG_FS
                0x0000000020001d1c      0x4e4 build/usbd_conf.o
                0x0000000020001d1c                hpcd_USB_OTG_FS
 .bss.mem.0     0x0000000020002200      0x220 build/usbd_conf.o
 .bss.cfgidx.0  0x0000000020002420        0x1 build/usbd_ctlreq.o
 *(COMMON)
                0x0000000020002424                . = ALIGN (0x4)
 *fill*         0x0000000020002421        0x3 
                0x0000000020002424                _ebss = .
                0x0000000020002424                __bss_end__ = _ebss

._user_heap_stack
                0x0000000020002424      0x604 load address 0x000000000800cc04
                0x0000000020002428                . = ALIGN (0x8)
 *fill*         0x0000000020002424        0x4 
                [!provide]                        PROVIDE (end = .)
                0x0000000020002428                PROVIDE (_end = .)
                0x0000000020002628                . = (. + _Min_Heap_Size)
 *fill*         0x0000000020002428      0x200 
                0x0000000020002a28                . = (. + _Min_Stack_Size)
 *fill*         0x0000000020002628      0x400 
                0x0000000020002a28                . = ALIGN (0x8)

/DISCARD/
 libc.a(*)
 libm.a(*)
 libgcc.a(*)
OUTPUT(build/finger.elf elf32-littlearm)
LOAD linker stubs
LOAD /usr/lib/gcc/arm-none-eabi/10.3.1/../../../arm-none-eabi/lib/thumb/v7e-m+fp/hard/libc.a
LOAD /usr/lib/gcc/arm-none-eabi/10.3.1/../../../arm-none-eabi/lib/thumb/v7e-m+fp/hard/libm.a
LOAD /usr/lib/gcc/arm-none-eabi/10.3.1/thumb/v7e-m+fp/hard/libgcc.a

.ARM.attributes
                0x0000000000000000       0x30
 .ARM.attributes
                0x0000000000000000       0x1e /usr/lib/gcc/arm-none-eabi/10.3.1/thumb/v7e-m+fp/hard/crti.o
 .ARM.attributes
                0x000000000000001e       0x34 /usr/lib/gcc/arm-none-eabi/10.3.1/thumb/v7e-m+fp/hard/crtbegin.o
 .ARM.attributes
                0x0000000000000052       0x34 build/main.o
 .ARM.attributes
                0x0000000000000086       0x34 build/gpio.o
 .ARM.attributes
                0x00000000000000ba       0x34 build/i2c.o
 .ARM.attributes
                0x00000000000000ee       0x34 build/i2c_error_handler.o
 .ARM.attributes
                0x0000000000000122       0x34 build/i2c_dma_manager.o
 .ARM.attributes
                0x0000000000000156       0x34 build/usart.o
 .ARM.attributes
                0x000000000000018a       0x34 build/stm32f4xx_it.o
 .ARM.attributes
                0x00000000000001be       0x34 build/stm32f4xx_hal_msp.o
 .ARM.attributes
                0x00000000000001f2       0x34 build/humidity_temp_sensor.o
 .ARM.attributes
                0x0000000000000226       0x34 build/microphone_sensor.o
 .ARM.attributes
                0x000000000000025a       0x34 build/methods.o
 .ARM.attributes
                0x000000000000028e       0x34 build/my_main.o
 .ARM.attributes
                0x00000000000002c2       0x34 build/stm32f4xx_hal_i2c.o
 .ARM.attributes
                0x00000000000002f6       0x34 build/stm32f4xx_hal_rcc.o
 .ARM.attributes
                0x000000000000032a       0x34 build/stm32f4xx_hal_rcc_ex.o
 .ARM.attributes
                0x000000000000035e       0x34 build/stm32f4xx_hal_gpio.o
 .ARM.attributes
                0x0000000000000392       0x34 build/stm32f4xx_hal_dma.o
 .ARM.attributes
                0x00000000000003c6       0x34 build/stm32f4xx_hal_cortex.o
 .ARM.attributes
                0x00000000000003fa       0x34 build/stm32f4xx_hal.o
 .ARM.attributes
                0x000000000000042e       0x34 build/stm32f4xx_hal_uart.o
 .ARM.attributes
                0x0000000000000462       0x34 build/system_stm32f4xx.o
 .ARM.attributes
                0x0000000000000496       0x34 build/sysmem.o
 .ARM.attributes
                0x00000000000004ca       0x34 build/syscalls.o
 .ARM.attributes
                0x00000000000004fe       0x34 build/dma.o
 .ARM.attributes
                0x0000000000000532       0x34 build/i2s.o
 .ARM.attributes
                0x0000000000000566       0x34 build/stm32f4xx_hal_i2s.o
 .ARM.attributes
                0x000000000000059a       0x34 build/usb_device.o
 .ARM.attributes
                0x00000000000005ce       0x34 build/usbd_desc.o
 .ARM.attributes
                0x0000000000000602       0x34 build/usbd_cdc_if.o
 .ARM.attributes
                0x0000000000000636       0x34 build/usbd_conf.o
 .ARM.attributes
                0x000000000000066a       0x34 build/stm32f4xx_hal_pcd.o
 .ARM.attributes
                0x000000000000069e       0x34 build/stm32f4xx_hal_pcd_ex.o
 .ARM.attributes
                0x00000000000006d2       0x34 build/stm32f4xx_ll_usb.o
 .ARM.attributes
                0x0000000000000706       0x34 build/usbd_core.o
 .ARM.attributes
                0x000000000000073a       0x34 build/usbd_ctlreq.o
 .ARM.attributes
                0x000000000000076e       0x34 build/usbd_ioreq.o
 .ARM.attributes
                0x00000000000007a2       0x34 build/usbd_cdc.o
 .ARM.attributes
                0x00000000000007d6       0x21 build/startup_stm32f446xx.o
 .ARM.attributes
                0x00000000000007f7       0x34 /usr/lib/gcc/arm-none-eabi/10.3.1/../../../arm-none-eabi/lib/thumb/v7e-m+fp/hard/libc_nano.a(lib_a-errno.o)
 .ARM.attributes
                0x000000000000082b       0x32 /usr/lib/gcc/arm-none-eabi/10.3.1/../../../arm-none-eabi/lib/thumb/v7e-m+fp/hard/libc_nano.a(lib_a-impure.o)
 .ARM.attributes
                0x000000000000085d       0x34 /usr/lib/gcc/arm-none-eabi/10.3.1/../../../arm-none-eabi/lib/thumb/v7e-m+fp/hard/libc_nano.a(lib_a-init.o)
 .ARM.attributes
                0x0000000000000891       0x34 /usr/lib/gcc/arm-none-eabi/10.3.1/../../../arm-none-eabi/lib/thumb/v7e-m+fp/hard/libc_nano.a(lib_a-memset.o)
 .ARM.attributes
                0x00000000000008c5       0x34 /usr/lib/gcc/arm-none-eabi/10.3.1/../../../arm-none-eabi/lib/thumb/v7e-m+fp/hard/libc_nano.a(lib_a-nano-vfprintf_float.o)
 .ARM.attributes
                0x00000000000008f9       0x34 /usr/lib/gcc/arm-none-eabi/10.3.1/../../../arm-none-eabi/lib/thumb/v7e-m+fp/hard/libc_nano.a(lib_a-nano-vfprintf_i.o)
 .ARM.attributes
                0x000000000000092d       0x34 /usr/lib/gcc/arm-none-eabi/10.3.1/../../../arm-none-eabi/lib/thumb/v7e-m+fp/hard/libc_nano.a(lib_a-sprintf.o)
 .ARM.attributes
                0x0000000000000961       0x1c /usr/lib/gcc/arm-none-eabi/10.3.1/../../../arm-none-eabi/lib/thumb/v7e-m+fp/hard/libc_nano.a(lib_a-strlen.o)
 .ARM.attributes
                0x000000000000097d       0x34 /usr/lib/gcc/arm-none-eabi/10.3.1/../../../arm-none-eabi/lib/thumb/v7e-m+fp/hard/libc_nano.a(lib_a-dtoa.o)
 .ARM.attributes
                0x00000000000009b1       0x34 /usr/lib/gcc/arm-none-eabi/10.3.1/../../../arm-none-eabi/lib/thumb/v7e-m+fp/hard/libc_nano.a(lib_a-localeconv.o)
 .ARM.attributes
                0x00000000000009e5       0x34 /usr/lib/gcc/arm-none-eabi/10.3.1/../../../arm-none-eabi/lib/thumb/v7e-m+fp/hard/libc_nano.a(lib_a-malloc.o)
 .ARM.attributes
                0x0000000000000a19       0x1c /usr/lib/gcc/arm-none-eabi/10.3.1/../../../arm-none-eabi/lib/thumb/v7e-m+fp/hard/libc_nano.a(lib_a-memchr.o)
 .ARM.attributes
                0x0000000000000a35       0x1c /usr/lib/gcc/arm-none-eabi/10.3.1/../../../arm-none-eabi/lib/thumb/v7e-m+fp/hard/libc_nano.a(lib_a-memcpy.o)
 .ARM.attributes
                0x0000000000000a51       0x34 /usr/lib/gcc/arm-none-eabi/10.3.1/../../../arm-none-eabi/lib/thumb/v7e-m+fp/hard/libc_nano.a(lib_a-mprec.o)
 .ARM.attributes
                0x0000000000000a85       0x34 /usr/lib/gcc/arm-none-eabi/10.3.1/../../../arm-none-eabi/lib/thumb/v7e-m+fp/hard/libc_nano.a(lib_a-nano-callocr.o)
 .ARM.attributes
                0x0000000000000ab9       0x34 /usr/lib/gcc/arm-none-eabi/10.3.1/../../../arm-none-eabi/lib/thumb/v7e-m+fp/hard/libc_nano.a(lib_a-nano-freer.o)
 .ARM.attributes
                0x0000000000000aed       0x34 /usr/lib/gcc/arm-none-eabi/10.3.1/../../../arm-none-eabi/lib/thumb/v7e-m+fp/hard/libc_nano.a(lib_a-nano-mallocr.o)
 .ARM.attributes
                0x0000000000000b21       0x34 /usr/lib/gcc/arm-none-eabi/10.3.1/../../../arm-none-eabi/lib/thumb/v7e-m+fp/hard/libc_nano.a(lib_a-nano-svfprintf.o)
 .ARM.attributes
                0x0000000000000b55       0x34 /usr/lib/gcc/arm-none-eabi/10.3.1/../../../arm-none-eabi/lib/thumb/v7e-m+fp/hard/libc_nano.a(lib_a-sbrkr.o)
 .ARM.attributes
                0x0000000000000b89       0x34 /usr/lib/gcc/arm-none-eabi/10.3.1/../../../arm-none-eabi/lib/thumb/v7e-m+fp/hard/libc_nano.a(lib_a-assert.o)
 .ARM.attributes
                0x0000000000000bbd       0x34 /usr/lib/gcc/arm-none-eabi/10.3.1/../../../arm-none-eabi/lib/thumb/v7e-m+fp/hard/libc_nano.a(lib_a-fprintf.o)
 .ARM.attributes
                0x0000000000000bf1       0x34 /usr/lib/gcc/arm-none-eabi/10.3.1/../../../arm-none-eabi/lib/thumb/v7e-m+fp/hard/libc_nano.a(lib_a-locale.o)
 .ARM.attributes
                0x0000000000000c25       0x34 /usr/lib/gcc/arm-none-eabi/10.3.1/../../../arm-none-eabi/lib/thumb/v7e-m+fp/hard/libc_nano.a(lib_a-mbtowc_r.o)
 .ARM.attributes
                0x0000000000000c59       0x34 /usr/lib/gcc/arm-none-eabi/10.3.1/../../../arm-none-eabi/lib/thumb/v7e-m+fp/hard/libc_nano.a(lib_a-memmove.o)
 .ARM.attributes
                0x0000000000000c8d       0x34 /usr/lib/gcc/arm-none-eabi/10.3.1/../../../arm-none-eabi/lib/thumb/v7e-m+fp/hard/libc_nano.a(lib_a-mlock.o)
 .ARM.attributes
                0x0000000000000cc1       0x34 /usr/lib/gcc/arm-none-eabi/10.3.1/../../../arm-none-eabi/lib/thumb/v7e-m+fp/hard/libc_nano.a(lib_a-nano-reallocr.o)
 .ARM.attributes
                0x0000000000000cf5       0x34 /usr/lib/gcc/arm-none-eabi/10.3.1/../../../arm-none-eabi/lib/thumb/v7e-m+fp/hard/libc_nano.a(lib_a-nano-vfprintf.o)
 .ARM.attributes
                0x0000000000000d29       0x34 /usr/lib/gcc/arm-none-eabi/10.3.1/../../../arm-none-eabi/lib/thumb/v7e-m+fp/hard/libc_nano.a(lib_a-reent.o)
 .ARM.attributes
                0x0000000000000d5d       0x34 /usr/lib/gcc/arm-none-eabi/10.3.1/../../../arm-none-eabi/lib/thumb/v7e-m+fp/hard/libc_nano.a(lib_a-wbuf.o)
 .ARM.attributes
                0x0000000000000d91       0x34 /usr/lib/gcc/arm-none-eabi/10.3.1/../../../arm-none-eabi/lib/thumb/v7e-m+fp/hard/libc_nano.a(lib_a-wctomb_r.o)
 .ARM.attributes
                0x0000000000000dc5       0x34 /usr/lib/gcc/arm-none-eabi/10.3.1/../../../arm-none-eabi/lib/thumb/v7e-m+fp/hard/libc_nano.a(lib_a-wsetup.o)
 .ARM.attributes