Component: ARM Compiler 5.06 update 6 (build 750) Tool: armlink [4d35ed]

==============================================================================

Section Cross References

    startup_stm32f446xx.o(STACK) refers (Special) to heapauxi.o(.text) for __use_two_region_memory
    startup_stm32f446xx.o(HEAP) refers (Special) to heapauxi.o(.text) for __use_two_region_memory
    startup_stm32f446xx.o(RESET) refers (Special) to heapauxi.o(.text) for __use_two_region_memory
    startup_stm32f446xx.o(RESET) refers to startup_stm32f446xx.o(STACK) for __initial_sp
    startup_stm32f446xx.o(RESET) refers to startup_stm32f446xx.o(.text) for Reset_Handler
    startup_stm32f446xx.o(RESET) refers to stm32f4xx_it.o(i.NMI_Handler) for NMI_Handler
    startup_stm32f446xx.o(RESET) refers to stm32f4xx_it.o(i.HardFault_Handler) for HardFault_Handler
    startup_stm32f446xx.o(RESET) refers to stm32f4xx_it.o(i.MemManage_Handler) for MemManage_Handler
    startup_stm32f446xx.o(RESET) refers to stm32f4xx_it.o(i.BusFault_Handler) for BusFault_Handler
    startup_stm32f446xx.o(RESET) refers to stm32f4xx_it.o(i.UsageFault_Handler) for UsageFault_Handler
    startup_stm32f446xx.o(RESET) refers to stm32f4xx_it.o(i.SVC_Handler) for SVC_Handler
    startup_stm32f446xx.o(RESET) refers to stm32f4xx_it.o(i.DebugMon_Handler) for DebugMon_Handler
    startup_stm32f446xx.o(RESET) refers to stm32f4xx_it.o(i.PendSV_Handler) for PendSV_Handler
    startup_stm32f446xx.o(RESET) refers to stm32f4xx_it.o(i.SysTick_Handler) for SysTick_Handler
    startup_stm32f446xx.o(RESET) refers to stm32f4xx_it.o(i.DMA2_Stream0_IRQHandler) for DMA2_Stream0_IRQHandler
    startup_stm32f446xx.o(RESET) refers to stm32f4xx_it.o(i.OTG_FS_IRQHandler) for OTG_FS_IRQHandler
    startup_stm32f446xx.o(.text) refers (Special) to heapauxi.o(.text) for __use_two_region_memory
    startup_stm32f446xx.o(.text) refers to system_stm32f4xx.o(i.SystemInit) for SystemInit
    startup_stm32f446xx.o(.text) refers to __main.o(!!!main) for __main
    startup_stm32f446xx.o(.text) refers to startup_stm32f446xx.o(HEAP) for Heap_Mem
    startup_stm32f446xx.o(.text) refers to startup_stm32f446xx.o(STACK) for Stack_Mem
    main.o(i.Data_Send) refers to _printf_percent.o(.ARM.Collect$$_printf_percent$$00000000) for _printf_percent
    main.o(i.Data_Send) refers to _printf_d.o(.ARM.Collect$$_printf_percent$$00000009) for _printf_d
    main.o(i.Data_Send) refers to _printf_f.o(.ARM.Collect$$_printf_percent$$00000003) for _printf_f
    main.o(i.Data_Send) refers to _printf_dec.o(.text) for _printf_int_dec
    main.o(i.Data_Send) refers to printf1.o(x$fpl$printf1) for _printf_fp_dec
    main.o(i.Data_Send) refers to ens160_sensor.o(i.ENS160_ReadAQI) for ENS160_ReadAQI
    main.o(i.Data_Send) refers to ens160_sensor.o(i.ENS160_ReadTVOC) for ENS160_ReadTVOC
    main.o(i.Data_Send) refers to ens160_sensor.o(i.ENS160_ReadECO2) for ENS160_ReadECO2
    main.o(i.Data_Send) refers to vcnl4040_sensor.o(i.VCNL4040_ReadALS) for VCNL4040_ReadALS
    main.o(i.Data_Send) refers to vcnl4040_sensor.o(i.VCNL4040_ReadPS) for VCNL4040_ReadPS
    main.o(i.Data_Send) refers to humidity_temp_sensor.o(i.HDC302x_ReadData) for HDC302x_ReadData
    main.o(i.Data_Send) refers to f2d.o(x$fpl$f2d) for __aeabi_f2d
    main.o(i.Data_Send) refers to __2snprintf.o(.text) for __2snprintf
    main.o(i.Data_Send) refers to usbd_cdc_if.o(i.CDC_Transmit_FS) for CDC_Transmit_FS
    main.o(i.Data_Send) refers to main.o(.data) for .data
    main.o(i.Data_Send) refers to main.o(.bss) for .bss
    main.o(i.Only_IIS_Data_Send) refers to _printf_percent.o(.ARM.Collect$$_printf_percent$$00000000) for _printf_percent
    main.o(i.Only_IIS_Data_Send) refers to _printf_d.o(.ARM.Collect$$_printf_percent$$00000009) for _printf_d
    main.o(i.Only_IIS_Data_Send) refers to _printf_dec.o(.text) for _printf_int_dec
    main.o(i.Only_IIS_Data_Send) refers to __2snprintf.o(.text) for __2snprintf
    main.o(i.Only_IIS_Data_Send) refers to usbd_cdc_if.o(i.CDC_Transmit_FS) for CDC_Transmit_FS
    main.o(i.Only_IIS_Data_Send) refers to main.o(.bss) for .bss
    main.o(i.SystemClock_Config) refers to rt_memclr_w.o(.text) for __aeabi_memclr4
    main.o(i.SystemClock_Config) refers to stm32f4xx_hal_rcc_ex.o(i.HAL_RCC_OscConfig) for HAL_RCC_OscConfig
    main.o(i.SystemClock_Config) refers to stm32f4xx_hal_rcc.o(i.HAL_RCC_ClockConfig) for HAL_RCC_ClockConfig
    main.o(i.main) refers to stm32f4xx_hal.o(i.HAL_Init) for HAL_Init
    main.o(i.main) refers to main.o(i.SystemClock_Config) for SystemClock_Config
    main.o(i.main) refers to gpio.o(i.MX_GPIO_Init) for MX_GPIO_Init
    main.o(i.main) refers to dma.o(i.MX_DMA_Init) for MX_DMA_Init
    main.o(i.main) refers to i2c.o(i.MX_I2C1_Init) for MX_I2C1_Init
    main.o(i.main) refers to i2s.o(i.MX_I2S1_Init) for MX_I2S1_Init
    main.o(i.main) refers to usb_device.o(i.MX_USB_DEVICE_Init) for MX_USB_DEVICE_Init
    main.o(i.main) refers to methods.o(i.RGB_LED_Init) for RGB_LED_Init
[...]
    __main                                   0x080001c5   Thumb Code     8  __main.o(!!!main)
    __scatterload                            0x080001cd   Thumb Code     0  __scatter.o(!!!scatter)
    __scatterload_rt2                        0x080001cd   Thumb Code    44  __scatter.o(!!!scatter)
    __scatterload_rt2_thumb_only             0x080001cd   Thumb Code     0  __scatter.o(!!!scatter)
    __scatterload_null                       0x080001db   Thumb Code     0  __scatter.o(!!!scatter)
    __decompress                             0x08000201   Thumb Code    90  __dczerorl2.o(!!dczerorl2)
    __decompress1                            0x08000201   Thumb Code     0  __dczerorl2.o(!!dczerorl2)
    __scatterload_zeroinit                   0x0800025d   Thumb Code    28  __scatter_zi.o(!!handler_zi)
    _printf_f                                0x08000279   Thumb Code     0  _printf_f.o(.ARM.Collect$$_printf_percent$$00000003)
    _printf_percent                          0x08000279   Thumb Code     0  _printf_percent.o(.ARM.Collect$$_printf_percent$$00000000)
    _printf_d                                0x0800027f   Thumb Code     0  _printf_d.o(.ARM.Collect$$_printf_percent$$00000009)
    _printf_percent_end                      0x08000285   Thumb Code     0  _printf_percent_end.o(.ARM.Collect$$_printf_percent$$00000017)
    __rt_lib_init                            0x08000289   Thumb Code     0  libinit.o(.ARM.Collect$$libinit$$00000000)
    __rt_lib_init_fp_1                       0x0800028b   Thumb Code     0  libinit2.o(.ARM.Collect$$libinit$$00000001)
    __rt_lib_init_heap_1                     0x0800028f   Thumb Code     0  libinit2.o(.ARM.Collect$$libinit$$0000000A)
    __rt_lib_init_lc_common                  0x0800028f   Thumb Code     0  libinit2.o(.ARM.Collect$$libinit$$0000000F)
    __rt_lib_init_preinit_1                  0x0800028f   Thumb Code     0  libinit2.o(.ARM.Collect$$libinit$$00000004)
    __rt_lib_init_rand_1                     0x0800028f   Thumb Code     0  libinit2.o(.ARM.Collect$$libinit$$0000000E)
    __rt_lib_init_user_alloc_1               0x0800028f   Thumb Code     0  libinit2.o(.ARM.Collect$$libinit$$0000000C)
    __rt_lib_init_lc_collate_1               0x08000295   Thumb Code     0  libinit2.o(.ARM.Collect$$libinit$$00000011)
    __rt_lib_init_lc_ctype_1                 0x08000295   Thumb Code     0  libinit2.o(.ARM.Collect$$libinit$$00000013)
    __rt_lib_init_lc_monetary_1              0x08000295   Thumb Code     0  libinit2.o(.ARM.Collect$$libinit$$00000015)
    __rt_lib_init_lc_numeric_2               0x08000295   Thumb Code     0  libinit2.o(.ARM.Collect$$libinit$$00000016)
    __rt_lib_init_alloca_1                   0x0800029f   Thumb Code     0  libinit2.o(.ARM.Collect$$libinit$$0000002E)
    __rt_lib_init_argv_1                     0x0800029f   Thumb Code     0  libinit2.o(.ARM.Collect$$libinit$$0000002C)
    __rt_lib_init_atexit_1                   0x0800029f   Thumb Code     0  libinit2.o(.ARM.Collect$$libinit$$0000001B)
    __rt_lib_init_clock_1                    0x0800029f   Thumb Code     0  libinit2.o(.ARM.Collect$$libinit$$00000021)
    __rt_lib_init_cpp_1                      0x0800029f   Thumb Code     0  libinit2.o(.ARM.Collect$$libinit$$00000032)
    __rt_lib_init_exceptions_1               0x0800029f   Thumb Code     0  libinit2.o(.ARM.Collect$$libinit$$00000030)
    __rt_lib_init_fp_trap_1                  0x0800029f   Thumb Code     0  libinit2.o(.ARM.Collect$$libinit$$0000001F)
    __rt_lib_init_getenv_1                   0x0800029f   Thumb Code     0  libinit2.o(.ARM.Collect$$libinit$$00000023)
    __rt_lib_init_lc_numeric_1               0x0800029f   Thumb Code     0  libinit2.o(.ARM.Collect$$libinit$$00000017)
    __rt_lib_init_lc_time_1                  0x0800029f   Thumb Code     0  libinit2.o(.ARM.Collect$$libinit$$00000019)
    __rt_lib_init_return                     0x0800029f   Thumb Code     0  libinit2.o(.ARM.Collect$$libinit$$00000033)
    __rt_lib_init_signal_1                   0x0800029f   Thumb Code     0  libinit2.o(.ARM.Collect$$libinit$$0000001D)
    __rt_lib_init_stdio_1                    0x0800029f   Thumb Code     0  libinit2.o(.ARM.Collect$$libinit$$00000025)
    __rt_lib_shutdown                        0x080002a1   Thumb Code     0  libshutdown.o(.ARM.Collect$$libshutdown$$00000000)
    __rt_lib_shutdown_cpp_1                  0x080002a3   Thumb Code     0  libshutdown2.o(.ARM.Collect$$libshutdown$$00000002)
    __rt_lib_shutdown_fp_trap_1              0x080002a3   Thumb Code     0  libshutdown2.o(.ARM.Collect$$libshutdown$$00000007)
    __rt_lib_shutdown_heap_1                 0x080002a3   Thumb Code     0  libshutdown2.o(.ARM.Collect$$libshutdown$$0000000F)
    __rt_lib_shutdown_return                 0x080002a3   Thumb Code     0  libshutdown2.o(.ARM.Collect$$libshutdown$$00000010)
    __rt_lib_shutdown_signal_1               0x080002a3   Thumb Code     0  libshutdown2.o(.ARM.Collect$$libshutdown$$0000000A)
    __rt_lib_shutdown_stdio_1                0x080002a3   Thumb Code     0  libshutdown2.o(.ARM.Collect$$libshutdown$$00000004)
    __rt_lib_shutdown_user_alloc_1           0x080002a3   Thumb Code     0  libshutdown2.o(.ARM.Collect$$libshutdown$$0000000C)
    __rt_entry                               0x080002a5   Thumb Code     0  __rtentry.o(.ARM.Collect$$rtentry$$00000000)
    __rt_entry_presh_1                       0x080002a5   Thumb Code     0  __rtentry2.o(.ARM.Collect$$rtentry$$00000002)
    __rt_entry_sh                            0x080002a5   Thumb Code     0  __rtentry4.o(.ARM.Collect$$rtentry$$00000004)
    __rt_entry_li                            0x080002ab   Thumb Code     0  __rtentry2.o(.ARM.Collect$$rtentry$$0000000A)
    __rt_entry_postsh_1                      0x080002ab   Thumb Code     0  __rtentry2.o(.ARM.Collect$$rtentry$$00000009)
    __rt_entry_main                          0x080002af   Thumb Code     0  __rtentry2.o(.ARM.Collect$$rtentry$$0000000D)
    __rt_entry_postli_1                      0x080002af   Thumb Code     0  __rtentry2.o(.ARM.Collect$$rtentry$$0000000C)
    __rt_exit                                0x080002b7   Thumb Code     0  rtexit.o(.ARM.Collect$$rtexit$$00000000)
    __rt_exit_ls                             0x080002b9   Thumb Code     0  rtexit2.o(.ARM.Collect$$rtexit$$00000003)
    __rt_exit_prels_1                        0x080002b9   Thumb Code     0  rtexit2.o(.ARM.Collect$$rtexit$$00000002)
    __rt_exit_exit                           0x080002bd   Thumb Code     0  rtexit2.o(.ARM.Collect$$rtexit$$00000004)
    Reset_Handler                            0x080002c5   Thumb Code     8  startup_stm32f446xx.o(.text)
    ADC_IRQHandler                           0x080002df   Thumb Code     0  startup_stm32f446xx.o(.text)
    CAN1_RX0_IRQHandler                      0x080002df   Thumb Code     0  startup_stm32f446xx.o(.text)
    CAN1_RX1_IRQHandler                      0x080002df   Thumb Code     0  startup_stm32f446xx.o(.text)
    CAN1_SCE_IRQHandler                      0x080002df   Thumb Code     0  startup_stm32f446xx.o(.text)
    CAN1_TX_IRQHandler                       0x080002df   Thumb Code     0  startup_stm32f446xx.o(.text)
    CAN2_RX0_IRQHandler                      0x080002df   Thumb Code     0  startup_stm32f446xx.o(.text)
    CAN2_RX1_IRQHandler                      0x080002df   Thumb Code     0  startup_stm32f446xx.o(.text)
    CAN2_SCE_IRQHandler                      0x080002df   Thumb Code     0  startup_stm32f446xx.o(.text)
    CAN2_TX_IRQHandler                       0x080002df   Thumb Code     0  startup_stm32f446xx.o(.text)
    CEC_IRQHandler                           0x080002df   Thumb Code     0  startup_stm32f446xx.o(.text)
    DCMI_IRQHandler                          0x080002df   Thumb Code     0  startup_stm32f446xx.o(.text)
    DMA1_Stream0_IRQHandler                  0x080002df   Thumb Code     0  startup_stm32f446xx.o(.text)
    DMA1_Stream1_IRQHandler                  0x080002df   Thumb Code     0  startup_stm32f446xx.o(.text)
    DMA1_Stream2_IRQHandler                  0x080002df   Thumb Code     0  startup_stm32f446xx.o(.text)
    DMA1_Stream3_IRQHandler                  0x080002df   Thumb Code     0  startup_stm32f446xx.o(.text)
    DMA1_Stream4_IRQHandler                  0x080002df   Thumb Code     0  startup_stm32f446xx.o(.text)
    DMA1_Stream5_IRQHandler                  0x080002df   Thumb Code     0  startup_stm32f446xx.o(.text)
    DMA1_Stream6_IRQHandler                  0x080002df   Thumb Code     0  startup_stm32f446xx.o(.text)
    DMA1_Stream7_IRQHandler                  0x080002df   Thumb Code     0  startup_stm32f446xx.o(.text)
    DMA2_Stream1_IRQHandler                  0x080002df   Thumb Code     0  startup_stm32f446xx.o(.text)
    DMA2_Stream2_IRQHandler                  0x080002df   Thumb Code     0  startup_stm32f446xx.o(.text)
    DMA2_Stream3_IRQHandler                  0x080002df   Thumb Code     0  startup_stm32f446xx.o(.text)
    DMA2_Stream4_IRQHandler                  0x080002df   Thumb Code     0  startup_stm32f446xx.o(.text)
    DMA2_Stream5_IRQHandler                  0x080002df   Thumb Code     0  startup_stm32f446xx.o(.text)
    DMA2_Stream6_IRQHandler                  0x080002df   Thumb Code     0  startup_stm32f446xx.o(.text)
    DMA2_Stream7_IRQHandler                  0x080002df   Thumb Code     0  startup_stm32f446xx.o(.text)
    EXTI0_IRQHandler                         0x080002df   Thumb Code     0  startup_stm32f446xx.o(.text)
    EXTI15_10_IRQHandler                     0x080002df   Thumb Code     0  startup_stm32f446xx.o(.text)
    EXTI1_IRQHandler                         0x080002df   Thumb Code     0  startup_stm32f446xx.o(.text)
    EXTI2_IRQHandler                         0x080002df   Thumb Code     0  startup_stm32f446xx.o(.text)
    EXTI3_IRQHandler                         0x080002df   Thumb Code     0  startup_stm32f446xx.o(.text)
    EXTI4_IRQHandler                         0x080002df   Thumb Code     0  startup_stm32f446xx.o(.text)
    EXTI9_5_IRQHandler                       0x080002df   Thumb Code     0  startup_stm32f446xx.o(.text)
    FLASH_IRQHandler                         0x080002df   Thumb Code     0  startup_stm32f446xx.o(.text)
    FMC_IRQHandler                           0x080002df   Thumb Code     0  startup_stm32f446xx.o(.text)
    FMPI2C1_ER_IRQHandler                    0x080002df   Thumb Code     0  startup_stm32f446xx.o(.text)
    FMPI2C1_EV_IRQHandler                    0x080002df   Thumb Code     0  startup_stm32f446xx.o(.text)
    FPU_IRQHandler                           0x080002df   Thumb Code     0  startup_stm32f446xx.o(.text)
    I2C1_ER_IRQHandler                       0x080002df   Thumb Code     0  startup_stm32f446xx.o(.text)
    I2C1_EV_IRQHandler                       0x080002df   Thumb Code     0  startup_stm32f446xx.o(.text)
    I2C2_ER_IRQHandler                       0x080002df   Thumb Code     0  startup_stm32f446xx.o(.text)
    I2C2_EV_IRQHandler                       0x080002df   Thumb Code     0  startup_stm32f446xx.o(.text)
    I2C3_ER_IRQHandler                       0x080002df   Thumb Code     0  startup_stm32f446xx.o(.text)
    I2C3_EV_IRQHandler                       0x080002df   Thumb Code     0  startup_stm32f446xx.o(.text)
    OTG_FS_WKUP_IRQHandler                   0x080002df   Thumb Code     0  startup_stm32f446xx.o(.text)
    OTG_HS_EP1_IN_IRQHandler                 0x080002df   Thumb Code     0  startup_stm32f446xx.o(.text)
    OTG_HS_EP1_OUT_IRQHandler                0x080002df   Thumb Code     0  startup_stm32f446xx.o(.text)
    OTG_HS_IRQHandler                        0x080002df   Thumb Code     0  startup_stm32f446xx.o(.text)
    OTG_HS_WKUP_IRQHandler                   0x080002df   Thumb Code     0  startup_stm32f446xx.o(.text)
    PVD_IRQHandler                           0x080002df   Thumb Code     0  startup_stm32f446xx.o(.text)
    QUADSPI_IRQHandler                       0x080002df   Thumb Code     0  startup_stm32f446xx.o(.text)
    RCC_IRQHandler                           0x080002df   Thumb Code     0  startup_stm32f446xx.o(.text)
    RTC_Alarm_IRQHandler                     0x080002df   Thumb Code     0  startup_stm32f446xx.o(.text)
    RTC_WKUP_IRQHandler                      0x080002df   Thumb Code     0  startup_stm32f446xx.o(.text)
    SAI1_IRQHandler                          0x080002df   Thumb Code     0  startup_stm32f446xx.o(.text)
    SAI2_IRQHandler                          0x080002df   Thumb Code     0  startup_stm32f446xx.o(.text)
    SDIO_IRQHandler                          0x080002df   Thumb Code     0  startup_stm32f446xx.o(.text)
    SPDIF_RX_IRQHandler                      0x080002df   Thumb Code     0  startup_stm32f446xx.o(.text)
    SPI1_IRQHandler                          0x080002df   Thumb Code     0  startup_stm32f446xx.o(.text)
    SPI2_IRQHandler                          0x080002df   Thumb Code     0  startup_stm32f446xx.o(.text)
    SPI3_IRQHandler                          0x080002df   Thumb Code     0  startup_stm32f446xx.o(.text)
    SPI4_IRQHandler                          0x080002df   Thumb Code     0  startup_stm32f446xx.o(.text)
    TAMP_STAMP_IRQHandler                    0x080002df   Thumb Code     0  startup_stm32f446xx.o(.text)
    TIM1_BRK_TIM9_IRQHandler                 0x080002df   Thumb Code     0  startup_stm32f446xx.o(.text)
    TIM1_CC_IRQHandler                       0x080002df   Thumb Code     0  startup_stm32f446xx.o(.text)
    TIM1_TRG_COM_TIM11_IRQHandler            0x080002df   Thumb Code     0  startup_stm32f446xx.o(.text)
    TIM1_UP_TIM10_IRQHandler                 0x080002df   Thumb Code     0  startup_stm32f446xx.o(.text)
    TIM2_IRQHandler                          0x080002df   Thumb Code     0  startup_stm32f446xx.o(.text)
    TIM3_IRQHandler                          0x080002df   Thumb Code     0  startup_stm32f446xx.o(.text)
    TIM4_IRQHandler                          0x080002df   Thumb Code     0  startup_stm32f446xx.o(.text)
    TIM5_IRQHandler                          0x080002df   Thumb Code     0  startup_stm32f446xx.o(.text)
    TIM6_DAC_IRQHandler                      0x080002df   Thumb Code     0  startup_stm32f446xx.o(.text)
    TIM7_IRQHandler                          0x080002df   Thumb Code     0  startup_stm32f446xx.o(.text)
    TIM8_BRK_TIM12_IRQHandler                0x080002df   Thumb Code     0  startup_stm32f446xx.o(.text)
    TIM8_CC_IRQHandler                       0x080002df   Thumb Code     0  startup_stm32f446xx.o(.text)
    TIM8_TRG_COM_TIM14_IRQHandler            0x080002df   Thumb Code     0  startup_stm32f446xx.o(.text)
    TIM8_UP_TIM13_IRQHandler                 0x080002df   Thumb Code     0  startup_stm32f446xx.o(.text)
    UART4_IRQHandler                         0x080002df   Thumb Code     0  startup_stm32f446xx.o(.text)
    UART5_IRQHandler                         0x080002df   Thumb Code     0  startup_stm32f446xx.o(.text)
    USART1_IRQHandler                        0x080002df   Thumb Code     0  startup_stm32f446xx.o(.text)
    USART2_IRQHandler                        0x080002df   Thumb Code     0  startup_stm32f446xx.o(.text)
    USART3_IRQHandler                        0x080002df   Thumb Code     0  startup_stm32f446xx.o(.text)
    USART6_IRQHandler                        0x080002df   Thumb Code     0  startup_stm32f446xx.o(.text)
    WWDG_IRQHandler                          0x080002df   Thumb Code     0  startup_stm32f446xx.o(.text)
    __user_initial_stackheap                 0x080002e1   Thumb Code     0  startup_stm32f446xx.o(.text)
    __aeabi_uldivmod                         0x08000305   Thumb Code     0  lludivv7m.o(.text)
    _ll_udiv                                 0x08000305   Thumb Code   238  lludivv7m.o(.text)
    __2snprintf                              0x080003f5   Thumb Code    50  __2snprintf.o(.text)
    _printf_int_dec                          0x0800042d   Thumb Code   104  _printf_dec.o(.text)
    __printf                                 0x080004a5   Thumb Code   388  __printf_flags_ss_wp.o(.text)
    __aeabi_memclr4                          0x0800062d   Thumb Code     0  rt_memclr_w.o(.text)
    __aeabi_memclr8                          0x0800062d   Thumb Code     0  rt_memclr_w.o(.text)
    __rt_memclr_w                            0x0800062d   Thumb Code    78  rt_memclr_w.o(.text)
    _memset_w                                0x08000631   Thumb Code     0  rt_memclr_w.o(.text)
    __use_two_region_memory                  0x0800067b   Thumb Code     2  heapauxi.o(.text)
    __rt_heap_escrow$2region                 0x0800067d   Thumb Code     2  heapauxi.o(.text)
    __rt_heap_expand$2region                 0x0800067f   Thumb Code     2  heapauxi.o(.text)
    _printf_int_common                       0x08000681   Thumb Code   178  _printf_intcommon.o(.text)
    __lib_sel_fp_printf                      0x08000733   Thumb Code     2  _printf_fp_dec.o(.text)
    _printf_fp_dec_real                      0x080008e5   Thumb Code   620  _printf_fp_dec.o(.text)
    _printf_char_common                      0x08000b5b   Thumb Code    32  _printf_char_common.o(.text)
    _sputc                                   0x08000b81   Thumb Code    10  _sputc.o(.text)
    _snputc                                  0x08000b8b   Thumb Code    16  _snputc.o(.text)
    __rt_locale                              0x08000b9d   Thumb Code     8  rt_locale_intlibspace.o(.text)
    _ll_udiv10                               0x08000ba5   Thumb Code   138  lludiv10.o(.text)
    _printf_fp_infnan                        0x08000c31   Thumb Code   112  _printf_fp_infnan.o(.text)
    _btod_etento                             0x08000cb1   Thumb Code   224  bigflt0.o(.text)
    __user_libspace                          0x08000d95   Thumb Code     8  libspace.o(.text)
    __user_perproc_libspace                  0x08000d95   Thumb Code     0  libspace.o(.text)
    __user_perthread_libspace                0x08000d95   Thumb Code     0  libspace.o(.text)
    __user_setup_stackheap                   0x08000d9d   Thumb Code    74  sys_stackheap_outer.o(.text)
    exit                                     0x08000de7   Thumb Code    18  exit.o(.text)
    strcmp                                   0x08000df9   Thumb Code   128  strcmpv7m.o(.text)
    _sys_exit                                0x08000e79   Thumb Code     8  sys_exit.o(.text)
    __I$use$semihosting                      0x08000e85   Thumb Code     0  use_no_semi.o(.text)
    __use_no_semihosting_swi                 0x08000e85   Thumb Code     2  use_no_semi.o(.text)
    __semihosting_library_function           0x08000e87   Thumb Code     0  indicate_semi.o(.text)
    _btod_d2e                                0x08000e87   Thumb Code    62  btod.o(CL$$btod_d2e)
    _d2e_denorm_low                          0x08000ec5   Thumb Code    70  btod.o(CL$$btod_d2e_denorm_low)
    _d2e_norm_op1                            0x08000f0b   Thumb Code    96  btod.o(CL$$btod_d2e_norm_op1)
    __btod_div_common                        0x08000f6b   Thumb Code   696  btod.o(CL$$btod_div_common)
    _e2e                                     0x080012a3   Thumb Code   220  btod.o(CL$$btod_e2e)
    _btod_ediv                               0x0800137f   Thumb Code    42  btod.o(CL$$btod_ediv)
    _btod_emul                               0x080013a9   Thumb Code    42  btod.o(CL$$btod_emul)
    __btod_mult_common                       0x080013d3   Thumb Code   580  btod.o(CL$$btod_mult_common)
    BusFault_Handler                         0x08001617   Thumb Code     2  stm32f4xx_it.o(i.BusFault_Handler)
    CDC_Transmit_FS                          0x08001661   Thumb Code    38  usbd_cdc_if.o(i.CDC_Transmit_FS)
    DMA2_Stream0_IRQHandler                  0x0800168d   Thumb Code     6  stm32f4xx_it.o(i.DMA2_Stream0_IRQHandler)
    Data_Send                                0x0800173d   Thumb Code   276  main.o(i.Data_Send)
    DebugMon_Handler                         0x08001899   Thumb Code     2  stm32f4xx_it.o(i.DebugMon_Handler)
    ENS160_Init                              0x0800189b   Thumb Code    62  ens160_sensor.o(i.ENS160_Init)
    ENS160_ReadAQI                           0x08001903   Thumb Code    24  ens160_sensor.o(i.ENS160_ReadAQI)
    ENS160_ReadECO2                          0x0800191b   Thumb Code     8  ens160_sensor.o(i.ENS160_ReadECO2)
    ENS160_ReadID                            0x08001923   Thumb Code     8  ens160_sensor.o(i.ENS160_ReadID)
    ENS160_ReadTVOC                          0x0800192b   Thumb Code     8  ens160_sensor.o(i.ENS160_ReadTVOC)
    ENS160_SetMode                           0x08001933   Thumb Code    30  ens160_sensor.o(i.ENS160_SetMode)
    Error_Handler                            0x08001951   Thumb Code     4  main.o(i.Error_Handler)
    HAL_DMA_IRQHandler                       0x08001955   Thumb Code   412  stm32f4xx_hal_dma.o(i.HAL_DMA_IRQHandler)
    HAL_DMA_Init                             0x08001af5   Thumb Code   206  stm32f4xx_hal_dma.o(i.HAL_DMA_Init)
    HAL_DMA_Start_IT                         0x08001bc9   Thumb Code   110  stm32f4xx_hal_dma.o(i.HAL_DMA_Start_IT)
    HAL_Delay                                0x08001c39   Thumb Code    32  stm32f4xx_hal.o(i.HAL_Delay)
    HAL_GPIO_Init                            0x08001c5d   Thumb Code   436  stm32f4xx_hal_gpio.o(i.HAL_GPIO_Init)
    HAL_GPIO_WritePin                        0x08001e39   Thumb Code    10  stm32f4xx_hal_gpio.o(i.HAL_GPIO_WritePin)
    HAL_GetTick                              0x08001e45   Thumb Code     6  stm32f4xx_hal.o(i.HAL_GetTick)
    HAL_I2C_Init                             0x08001e51   Thumb Code   376  stm32f4xx_hal_i2c.o(i.HAL_I2C_Init)
    HAL_I2C_Master_Receive                   0x08001fd9   Thumb Code   482  stm32f4xx_hal_i2c.o(i.HAL_I2C_Master_Receive)
    HAL_I2C_Master_Transmit                  0x080021c9   Thumb Code   290  stm32f4xx_hal_i2c.o(i.HAL_I2C_Master_Transmit)
    HAL_I2C_Mem_Read                         0x080022f5   Thumb Code   502  stm32f4xx_hal_i2c.o(i.HAL_I2C_Mem_Read)
    HAL_I2C_Mem_Write                        0x080024f9   Thumb Code   294  stm32f4xx_hal_i2c.o(i.HAL_I2C_Mem_Write)
    HAL_I2C_MspInit                          0x08002629   Thumb Code    94  i2c.o(i.HAL_I2C_MspInit)
    HAL_I2S_ErrorCallback                    0x08002695   Thumb Code     2  stm32f4xx_hal_i2s.o(i.HAL_I2S_ErrorCallback)
    HAL_I2S_Init                             0x08002699   Thumb Code   256  stm32f4xx_hal_i2s.o(i.HAL_I2S_Init)
    HAL_I2S_MspInit                          0x080027a5   Thumb Code   186  i2s.o(i.HAL_I2S_MspInit)
    HAL_I2S_Receive_DMA                      0x08002875   Thumb Code   196  stm32f4xx_hal_i2s.o(i.HAL_I2S_Receive_DMA)
    HAL_I2S_RxCpltCallback                   0x08002945   Thumb Code    28  stm32f4xx_it.o(i.HAL_I2S_RxCpltCallback)
    HAL_I2S_RxHalfCpltCallback               0x0800296d   Thumb Code    28  stm32f4xx_it.o(i.HAL_I2S_RxHalfCpltCallback)
    HAL_I2S_TxCpltCallback                   0x08002995   Thumb Code     2  stm32f4xx_hal_i2s.o(i.HAL_I2S_TxCpltCallback)
    HAL_IncTick                              0x08002999   Thumb Code    12  stm32f4xx_hal.o(i.HAL_IncTick)
    HAL_Init                                 0x080029a9   Thumb Code    48  stm32f4xx_hal.o(i.HAL_Init)
    HAL_InitTick                             0x080029dd   Thumb Code    54  stm32f4xx_hal.o(i.HAL_InitTick)
    HAL_MspInit                              0x08002a1d   Thumb Code    42  stm32f4xx_hal_msp.o(i.HAL_MspInit)
    HAL_NVIC_EnableIRQ                       0x08002a4d   Thumb Code    26  stm32f4xx_hal_cortex.o(i.HAL_NVIC_EnableIRQ)
    HAL_NVIC_SetPriority                     0x08002a69   Thumb Code    60  stm32f4xx_hal_cortex.o(i.HAL_NVIC_SetPriority)
    HAL_NVIC_SetPriorityGrouping             0x08002aa9   Thumb Code    26  stm32f4xx_hal_cortex.o(i.HAL_NVIC_SetPriorityGrouping)
    HAL_PCDEx_ActivateLPM                    0x08002acd   Thumb Code    34  stm32f4xx_hal_pcd_ex.o(i.HAL_PCDEx_ActivateLPM)
    HAL_PCDEx_LPM_Callback                   0x08002af5   Thumb Code    92  usbd_conf.o(i.HAL_PCDEx_LPM_Callback)
    HAL_PCDEx_SetRxFiFo                      0x08002b55   Thumb Code     8  stm32f4xx_hal_pcd_ex.o(i.HAL_PCDEx_SetRxFiFo)
    HAL_PCDEx_SetTxFiFo                      0x08002b5d   Thumb Code    68  stm32f4xx_hal_pcd_ex.o(i.HAL_PCDEx_SetTxFiFo)
    HAL_PCD_ConnectCallback                  0x08002ba1   Thumb Code     8  usbd_conf.o(i.HAL_PCD_ConnectCallback)
    HAL_PCD_DataInStageCallback              0x08002ba9   Thumb Code    18  usbd_conf.o(i.HAL_PCD_DataInStageCallback)
    HAL_PCD_DataOutStageCallback             0x08002bbb   Thumb Code    20  usbd_conf.o(i.HAL_PCD_DataOutStageCallback)
    HAL_PCD_DisconnectCallback               0x08002bcf   Thumb Code     8  usbd_conf.o(i.HAL_PCD_DisconnectCallback)
    HAL_PCD_EP_Abort                         0x08002bd7   Thumb Code    30  stm32f4xx_hal_pcd.o(i.HAL_PCD_EP_Abort)
    HAL_PCD_EP_Close                         0x08002bf5   Thumb Code    74  stm32f4xx_hal_pcd.o(i.HAL_PCD_EP_Close)
    HAL_PCD_EP_ClrStall                      0x08002c3f   Thumb Code    90  stm32f4xx_hal_pcd.o(i.HAL_PCD_EP_ClrStall)
    HAL_PCD_EP_GetRxCount                    0x08002c99   Thumb Code    18  stm32f4xx_hal_pcd.o(i.HAL_PCD_EP_GetRxCount)
    HAL_PCD_EP_Open                          0x08002cab   Thumb Code    98  stm32f4xx_hal_pcd.o(i.HAL_PCD_EP_Open)
    HAL_PCD_EP_Receive                       0x08002d0d   Thumb Code    56  stm32f4xx_hal_pcd.o(i.HAL_PCD_EP_Receive)
    HAL_PCD_EP_SetStall                      0x08002d45   Thumb Code   114  stm32f4xx_hal_pcd.o(i.HAL_PCD_EP_SetStall)
    HAL_PCD_EP_Transmit                      0x08002db7   Thumb Code    50  stm32f4xx_hal_pcd.o(i.HAL_PCD_EP_Transmit)
    HAL_PCD_IRQHandler                       0x08002de9   Thumb Code  1432  stm32f4xx_hal_pcd.o(i.HAL_PCD_IRQHandler)
    HAL_PCD_ISOINIncompleteCallback          0x08003381   Thumb Code     8  usbd_conf.o(i.HAL_PCD_ISOINIncompleteCallback)
    HAL_PCD_ISOOUTIncompleteCallback         0x08003389   Thumb Code     8  usbd_conf.o(i.HAL_PCD_ISOOUTIncompleteCallback)
    HAL_PCD_Init                             0x08003391   Thumb Code   216  stm32f4xx_hal_pcd.o(i.HAL_PCD_Init)
    HAL_PCD_MspInit                          0x08003469   Thumb Code   150  usbd_conf.o(i.HAL_PCD_MspInit)
    HAL_PCD_ResetCallback                    0x08003509   Thumb Code    44  usbd_conf.o(i.HAL_PCD_ResetCallback)
    HAL_PCD_ResumeCallback                   0x08003535   Thumb Code     8  usbd_conf.o(i.HAL_PCD_ResumeCallback)
    HAL_PCD_SOFCallback                      0x0800353d   Thumb Code     8  usbd_conf.o(i.HAL_PCD_SOFCallback)
    HAL_PCD_SetAddress                       0x08003545   Thumb Code    38  stm32f4xx_hal_pcd.o(i.HAL_PCD_SetAddress)
    HAL_PCD_SetupStageCallback               0x0800356b   Thumb Code    14  usbd_conf.o(i.HAL_PCD_SetupStageCallback)
    HAL_PCD_Start                            0x08003579   Thumb Code    66  stm32f4xx_hal_pcd.o(i.HAL_PCD_Start)
    HAL_PCD_SuspendCallback                  0x080035bd   Thumb Code    44  usbd_conf.o(i.HAL_PCD_SuspendCallback)
    HAL_RCCEx_GetPeriphCLKFreq               0x080035ed   Thumb Code   390  stm32f4xx_hal_rcc_ex.o(i.HAL_RCCEx_GetPeriphCLKFreq)
    HAL_RCCEx_PeriphCLKConfig                0x08003785   Thumb Code  1072  stm32f4xx_hal_rcc_ex.o(i.HAL_RCCEx_PeriphCLKConfig)
    HAL_RCC_ClockConfig                      0x08003bb5   Thumb Code   288  stm32f4xx_hal_rcc.o(i.HAL_RCC_ClockConfig)
    HAL_RCC_GetHCLKFreq                      0x08003ce9   Thumb Code     6  stm32f4xx_hal_rcc.o(i.HAL_RCC_GetHCLKFreq)
    HAL_RCC_GetPCLK1Freq                     0x08003cf5   Thumb Code    20  stm32f4xx_hal_rcc.o(i.HAL_RCC_GetPCLK1Freq)
    HAL_RCC_GetSysClockFreq                  0x08003d15   Thumb Code   140  stm32f4xx_hal_rcc_ex.o(i.HAL_RCC_GetSysClockFreq)
    HAL_RCC_OscConfig                        0x08003da9   Thumb Code   900  stm32f4xx_hal_rcc_ex.o(i.HAL_RCC_OscConfig)
    HAL_SYSTICK_Config                       0x08004141   Thumb Code    40  stm32f4xx_hal_cortex.o(i.HAL_SYSTICK_Config)
    HDC302x_Init                             0x0800419b   Thumb Code    30  humidity_temp_sensor.o(i.HDC302x_Init)
    HDC302x_ReadData                         0x080041b9   Thumb Code   166  humidity_temp_sensor.o(i.HDC302x_ReadData)
    HardFault_Handler                        0x0800428f   Thumb Code     2  stm32f4xx_it.o(i.HardFault_Handler)
    MIC_Init                                 0x080049d9   Thumb Code    24  microphone_sensor.o(i.MIC_Init)
    MIC_Start                                0x080049f1   Thumb Code    18  microphone_sensor.o(i.MIC_Start)
    MX_DMA_Init                              0x08004a09   Thumb Code    40  dma.o(i.MX_DMA_Init)
    MX_GPIO_Init                             0x08004a35   Thumb Code   126  gpio.o(i.MX_GPIO_Init)
    MX_I2C1_Init                             0x08004abd   Thumb Code    50  i2c.o(i.MX_I2C1_Init)
    MX_I2S1_Init                             0x08004afd   Thumb Code    54  i2s.o(i.MX_I2S1_Init)
    MX_USB_DEVICE_Init                       0x08004b3d   Thumb Code    66  usb_device.o(i.MX_USB_DEVICE_Init)
    MemManage_Handler                        0x08004b91   Thumb Code     2  stm32f4xx_it.o(i.MemManage_Handler)
    NMI_Handler                              0x08004b93   Thumb Code     2  stm32f4xx_it.o(i.NMI_Handler)
    OTG_FS_IRQHandler                        0x08004b95   Thumb Code     6  stm32f4xx_it.o(i.OTG_FS_IRQHandler)
    PendSV_Handler                           0x08004d0f   Thumb Code     2  stm32f4xx_it.o(i.PendSV_Handler)
    RGB_LED_Init                             0x08004d11   Thumb Code    68  methods.o(i.RGB_LED_Init)
    SVC_Handler                              0x08004d5d   Thumb Code     2  stm32f4xx_it.o(i.SVC_Handler)
    SysTick_Handler                          0x08004d69   Thumb Code     4  stm32f4xx_it.o(i.SysTick_Handler)
    SystemClock_Config                       0x08004d6d   Thumb Code   142  main.o(i.SystemClock_Config)
    SystemInit                               0x08004e05   Thumb Code    12  system_stm32f4xx.o(i.SystemInit)
    USBD_CDC_GetDeviceQualifierDescriptor    0x08004f95   Thumb Code     8  usbd_cdc.o(i.USBD_CDC_GetDeviceQualifierDescriptor)
    USBD_CDC_ReceivePacket                   0x08005179   Thumb Code    50  usbd_cdc.o(i.USBD_CDC_ReceivePacket)
    USBD_CDC_RegisterInterface               0x080051b1   Thumb Code    22  usbd_cdc.o(i.USBD_CDC_RegisterInterface)
    USBD_CDC_SetRxBuffer                     0x080051c7   Thumb Code    26  usbd_cdc.o(i.USBD_CDC_SetRxBuffer)
    USBD_CDC_SetTxBuffer                     0x080051e1   Thumb Code    30  usbd_cdc.o(i.USBD_CDC_SetTxBuffer)
    USBD_CDC_TransmitPacket                  0x080052d5   Thumb Code    76  usbd_cdc.o(i.USBD_CDC_TransmitPacket)
    USBD_ClrClassConfig                      0x08005325   Thumb Code    20  usbd_core.o(i.USBD_ClrClassConfig)
    USBD_CoreFindEP                          0x08005339   Thumb Code     4  usbd_core.o(i.USBD_CoreFindEP)
    USBD_CoreFindIF                          0x0800533d   Thumb Code     4  usbd_core.o(i.USBD_CoreFindIF)
    USBD_CtlContinueRx                       0x08005341   Thumb Code    16  usbd_ioreq.o(i.USBD_CtlContinueRx)
    USBD_CtlContinueSendData                 0x08005351   Thumb Code    16  usbd_ioreq.o(i.USBD_CtlContinueSendData)
    USBD_CtlError                            0x08005361   Thumb Code    22  usbd_ctlreq.o(i.USBD_CtlError)
    USBD_CtlPrepareRx                        0x08005377   Thumb Code    34  usbd_ioreq.o(i.USBD_CtlPrepareRx)
    USBD_CtlReceiveStatus                    0x08005399   Thumb Code    22  usbd_ioreq.o(i.USBD_CtlReceiveStatus)
    USBD_CtlSendData                         0x080053af   Thumb Code    28  usbd_ioreq.o(i.USBD_CtlSendData)
    USBD_CtlSendStatus                       0x080053cb   Thumb Code    22  usbd_ioreq.o(i.USBD_CtlSendStatus)
    USBD_FS_ConfigStrDescriptor              0x080053e1   Thumb Code    16  usbd_desc.o(i.USBD_FS_ConfigStrDescriptor)
    USBD_FS_DeviceDescriptor                 0x08005401   Thumb Code     8  usbd_desc.o(i.USBD_FS_DeviceDescriptor)
    USBD_FS_InterfaceStrDescriptor           0x0800540d   Thumb Code    16  usbd_desc.o(i.USBD_FS_InterfaceStrDescriptor)
    USBD_FS_LangIDStrDescriptor              0x08005431   Thumb Code     8  usbd_desc.o(i.USBD_FS_LangIDStrDescriptor)
    USBD_FS_ManufacturerStrDescriptor        0x0800543d   Thumb Code    16  usbd_desc.o(i.USBD_FS_ManufacturerStrDescriptor)
    USBD_FS_ProductStrDescriptor             0x08005465   Thumb Code    16  usbd_desc.o(i.USBD_FS_ProductStrDescriptor)
    USBD_FS_SerialStrDescriptor              0x08005491   Thumb Code    48  usbd_desc.o(i.USBD_FS_SerialStrDescriptor)
    USBD_FS_USR_BOSDescriptor                0x080054c9   Thumb Code     8  usbd_desc.o(i.USBD_FS_USR_BOSDescriptor)
    USBD_GetEpDesc                           0x080055cf   Thumb Code    58  usbd_core.o(i.USBD_GetEpDesc)
    USBD_GetNextDesc                         0x0800561d   Thumb Code    14  usbd_core.o(i.USBD_GetNextDesc)
    USBD_GetString                           0x0800562b   Thumb Code    78  usbd_ctlreq.o(i.USBD_GetString)
    USBD_Get_USB_Status                      0x08005679   Thumb Code    24  usbd_conf.o(i.USBD_Get_USB_Status)
    USBD_Init                                0x08005691   Thumb Code    38  usbd_core.o(i.USBD_Init)
    USBD_LL_ClearStallEP                     0x080056b7   Thumb Code    18  usbd_conf.o(i.USBD_LL_ClearStallEP)
    USBD_LL_CloseEP                          0x080056c9   Thumb Code    18  usbd_conf.o(i.USBD_LL_CloseEP)
    USBD_LL_DataInStage                      0x080056db   Thumb Code   184  usbd_core.o(i.USBD_LL_DataInStage)
    USBD_LL_DataOutStage                     0x08005793   Thumb Code   148  usbd_core.o(i.USBD_LL_DataOutStage)
    USBD_LL_DevConnected                     0x08005827   Thumb Code     4  usbd_core.o(i.USBD_LL_DevConnected)
    USBD_LL_DevDisconnected                  0x0800582b   Thumb Code    30  usbd_core.o(i.USBD_LL_DevDisconnected)
    USBD_LL_GetRxDataSize                    0x08005849   Thumb Code     8  usbd_conf.o(i.USBD_LL_GetRxDataSize)
    USBD_LL_Init                             0x08005851   Thumb Code    90  usbd_conf.o(i.USBD_LL_Init)
    USBD_LL_IsStallEP                        0x080058b1   Thumb Code    30  usbd_conf.o(i.USBD_LL_IsStallEP)
    USBD_LL_IsoINIncomplete                  0x080058cf   Thumb Code    40  usbd_core.o(i.USBD_LL_IsoINIncomplete)
    USBD_LL_IsoOUTIncomplete                 0x080058f7   Thumb Code    40  usbd_core.o(i.USBD_LL_IsoOUTIncomplete)
    USBD_LL_OpenEP                           0x0800591f   Thumb Code    24  usbd_conf.o(i.USBD_LL_OpenEP)
    USBD_LL_PrepareReceive                   0x08005937   Thumb Code    18  usbd_conf.o(i.USBD_LL_PrepareReceive)
    USBD_LL_Reset                            0x08005949   Thumb Code    94  usbd_core.o(i.USBD_LL_Reset)
    USBD_LL_Resume                           0x080059a7   Thumb Code    20  usbd_core.o(i.USBD_LL_Resume)
    USBD_LL_SOF                              0x080059bb   Thumb Code    26  usbd_core.o(i.USBD_LL_SOF)
    USBD_LL_SetSpeed                         0x080059d5   Thumb Code     6  usbd_core.o(i.USBD_LL_SetSpeed)
    USBD_LL_SetUSBAddress                    0x080059db   Thumb Code    18  usbd_conf.o(i.USBD_LL_SetUSBAddress)
    USBD_LL_SetupStage                       0x080059ed   Thumb Code    96  usbd_core.o(i.USBD_LL_SetupStage)
    USBD_LL_StallEP                          0x08005a4d   Thumb Code    18  usbd_conf.o(i.USBD_LL_StallEP)
    USBD_LL_Start                            0x08005a5f   Thumb Code    18  usbd_conf.o(i.USBD_LL_Start)
    USBD_LL_Suspend                          0x08005a71   Thumb Code    26  usbd_core.o(i.USBD_LL_Suspend)
    USBD_LL_Transmit                         0x08005a8b   Thumb Code    18  usbd_conf.o(i.USBD_LL_Transmit)
    USBD_ParseSetupRequest                   0x08005a9d   Thumb Code    44  usbd_ctlreq.o(i.USBD_ParseSetupRequest)
    USBD_RegisterClass                       0x08005ac9   Thumb Code    58  usbd_core.o(i.USBD_RegisterClass)
    USBD_SetClassConfig                      0x08005b03   Thumb Code    20  usbd_core.o(i.USBD_SetClassConfig)
    USBD_Start                               0x08005bd1   Thumb Code     4  usbd_core.o(i.USBD_Start)
    USBD_StdDevReq                           0x08005bd5   Thumb Code   300  usbd_ctlreq.o(i.USBD_StdDevReq)
    USBD_StdEPReq                            0x08005d01   Thumb Code   358  usbd_ctlreq.o(i.USBD_StdEPReq)
    USBD_StdItfReq                           0x08005e67   Thumb Code   114  usbd_ctlreq.o(i.USBD_StdItfReq)
    USBD_static_free                         0x08005ed9   Thumb Code     2  usbd_conf.o(i.USBD_static_free)
    USBD_static_malloc                       0x08005edd   Thumb Code     4  usbd_conf.o(i.USBD_static_malloc)
    USB_ActivateEndpoint                     0x08005ee5   Thumb Code   122  stm32f4xx_ll_usb.o(i.USB_ActivateEndpoint)
    USB_ActivateSetup                        0x08005f65   Thumb Code    28  stm32f4xx_ll_usb.o(i.USB_ActivateSetup)
    USB_CoreInit                             0x08005f81   Thumb Code   126  stm32f4xx_ll_usb.o(i.USB_CoreInit)
    USB_DeactivateEndpoint                   0x08006049   Thumb Code   194  stm32f4xx_ll_usb.o(i.USB_DeactivateEndpoint)
    USB_DevConnect                           0x08006115   Thumb Code    28  stm32f4xx_ll_usb.o(i.USB_DevConnect)
    USB_DevDisconnect                        0x08006131   Thumb Code    28  stm32f4xx_ll_usb.o(i.USB_DevDisconnect)
    USB_DevInit                              0x0800614d   Thumb Code   362  stm32f4xx_ll_usb.o(i.USB_DevInit)
    USB_DisableGlobalInt                     0x080062c1   Thumb Code    12  stm32f4xx_ll_usb.o(i.USB_DisableGlobalInt)
    USB_EP0_OutStart                         0x080062cd   Thumb Code    84  stm32f4xx_ll_usb.o(i.USB_EP0_OutStart)
    USB_EPClearStall                         0x08006325   Thumb Code    88  stm32f4xx_ll_usb.o(i.USB_EPClearStall)
    USB_EPSetStall                           0x0800637d   Thumb Code    88  stm32f4xx_ll_usb.o(i.USB_EPSetStall)
    USB_EPStartXfer                          0x080063d5   Thumb Code   562  stm32f4xx_ll_usb.o(i.USB_EPStartXfer)
    USB_EPStopXfer                           0x0800660d   Thumb Code   158  stm32f4xx_ll_usb.o(i.USB_EPStopXfer)
    USB_EnableGlobalInt                      0x080066ab   Thumb Code    12  stm32f4xx_ll_usb.o(i.USB_EnableGlobalInt)
    USB_FlushRxFifo                          0x080066b7   Thumb Code    56  stm32f4xx_ll_usb.o(i.USB_FlushRxFifo)
    USB_FlushTxFifo                          0x080066ef   Thumb Code    60  stm32f4xx_ll_usb.o(i.USB_FlushTxFifo)
    USB_GetDevSpeed                          0x0800672b   Thumb Code    26  stm32f4xx_ll_usb.o(i.USB_GetDevSpeed)
    USB_GetMode                              0x08006745   Thumb Code     8  stm32f4xx_ll_usb.o(i.USB_GetMode)
    USB_ReadDevAllInEpInterrupt              0x0800674d   Thumb Code    14  stm32f4xx_ll_usb.o(i.USB_ReadDevAllInEpInterrupt)
    USB_ReadDevAllOutEpInterrupt             0x0800675b   Thumb Code    14  stm32f4xx_ll_usb.o(i.USB_ReadDevAllOutEpInterrupt)
    USB_ReadDevInEPInterrupt                 0x08006769   Thumb Code    36  stm32f4xx_ll_usb.o(i.USB_ReadDevInEPInterrupt)
    USB_ReadDevOutEPInterrupt                0x0800678d   Thumb Code    16  stm32f4xx_ll_usb.o(i.USB_ReadDevOutEPInterrupt)
    USB_ReadInterrupts                       0x0800679d   Thumb Code     8  stm32f4xx_ll_usb.o(i.USB_ReadInterrupts)
    USB_ReadPacket                           0x080067a5   Thumb Code    62  stm32f4xx_ll_usb.o(i.USB_ReadPacket)
    USB_SetCurrentMode                       0x080067e3   Thumb Code    92  stm32f4xx_ll_usb.o(i.USB_SetCurrentMode)
    USB_SetDevAddress                        0x0800683f   Thumb Code    34  stm32f4xx_ll_usb.o(i.USB_SetDevAddress)
    USB_SetTurnaroundTime                    0x08006861   Thumb Code   158  stm32f4xx_ll_usb.o(i.USB_SetTurnaroundTime)
    USB_WritePacket                          0x08006949   Thumb Code    40  stm32f4xx_ll_usb.o(i.USB_WritePacket)
    UsageFault_Handler                       0x08006971   Thumb Code     2  stm32f4xx_it.o(i.UsageFault_Handler)
    VCNL4040_Init                            0x08006973   Thumb Code    82  vcnl4040_sensor.o(i.VCNL4040_Init)
    VCNL4040_ReadALS                         0x080069ef   Thumb Code     8  vcnl4040_sensor.o(i.VCNL4040_ReadALS)
    VCNL4040_ReadID                          0x080069f7   Thumb Code     8  vcnl4040_sensor.o(i.VCNL4040_ReadID)
    VCNL4040_ReadPS                          0x080069ff   Thumb Code     8  vcnl4040_sensor.o(i.VCNL4040_ReadPS)
    __ARM_fpclassify                         0x08006a2d   Thumb Code    48  fpclassify.o(i.__ARM_fpclassify)
    _is_digit                                0x08006a7d   Thumb Code    14  __printf_wp.o(i._is_digit)
    main                                     0x08006a8d   Thumb Code   122  main.o(i.main)
    _get_lc_numeric                          0x08006b19   Thumb Code    44  lc_numeric_c.o(locale$$code)
    __fpl_dretinf                            0x08006b45   Thumb Code    12  dretinf.o(x$fpl$dretinf)
    __aeabi_f2d                              0x08006b51   Thumb Code     0  f2d.o(x$fpl$f2d)
    _f2d                                     0x08006b51   Thumb Code    86  f2d.o(x$fpl$f2d)
    __fpl_fnaninf                            0x08006ba7   Thumb Code   140  fnaninf.o(x$fpl$fnaninf)
    _fp_init                                 0x08006c33   Thumb Code    10  fpinit.o(x$fpl$fpinit)
    __fplib_config_fpu_vfp                   0x08006c3b   Thumb Code     0  fpinit.o(x$fpl$fpinit)
    __fplib_config_pureend_doubles           0x08006c3b   Thumb Code     0  fpinit.o(x$fpl$fpinit)
    _printf_fp_dec                           0x08006c3d   Thumb Code     4  printf1.o(x$fpl$printf1)
    __I$use$fp                               0x08006c40   Number         0  usenofp.o(x$fpl$usenofp)
    AHBPrescTable                            0x08006c48   Data          16  system_stm32f4xx.o(.constdata)
    APBPrescTable                            0x08006c58   Data           8  system_stm32f4xx.o(.constdata)
    Region$$Table$$Base                      0x08006d08   Number         0  anon$$obj.o(Region$$Table)
    Region$$Table$$Limit                     0x08006d28   Number         0  anon$$obj.o(Region$$Table)
    dma_buffer                               0x20000000   Data          32  microphone_sensor.o(.bss)
    vcnl4040                                 0x20000020   Data           8  main.o(.data)
    ens160                                   0x20000028   Data           8  main.o(.data)
    hdc1                                     0x20000030   Data           8  main.o(.data)
    hdc2                                     0x20000038   Data           8  main.o(.data)
    hdc3                                     0x20000040   Data           8  main.o(.data)
    hdc4                                     0x20000048   Data           8  main.o(.data)
    FS_Desc                                  0x20000050   Data          32  usbd_desc.o(.data)
    USBD_LangIDDesc                          0x20000070   Data           4  usbd_desc.o(.data)
    USBD_FS_DeviceDesc                       0x20000074   Data          18  usbd_desc.o(.data)
    USBD_FS_BOSDesc                          0x20000088   Data          12  usbd_desc.o(.data)
    USBD_StringSerial                        0x20000094   Data          26  usbd_desc.o(.data)
    USBD_Interface_fops_FS                   0x200000b0   Data          20  usbd_cdc_if.o(.data)
    uwTickFreq                               0x200000c4   Data           1  stm32f4xx_hal.o(.data)
    uwTickPrio                               0x200000c8   Data           4  stm32f4xx_hal.o(.data)
    uwTick                                   0x200000cc   Data           4  stm32f4xx_hal.o(.data)
    SystemCoreClock                          0x200000d0   Data           4  system_stm32f4xx.o(.data)
    USBD_CDC                                 0x2000012c   Data          56  usbd_cdc.o(.data)
    mic                                      0x20000564   Data          16  main.o(.bss)
    hi2c1                                    0x20000574   Data          84  i2c.o(.bss)
    hi2s1                                    0x200005c8   Data          72  i2s.o(.bss)
    hdma_spi1_rx                             0x20000610   Data          96  i2s.o(.bss)
    hUsbDeviceFS                             0x20000670   Data         732  usb_device.o(.bss)
    USBD_StrDesc                             0x2000094c   Data         512  usbd_desc.o(.bss)
    UserRxBufferFS                           0x20000b4c   Data        2048  usbd_cdc_if.o(.bss)
    UserTxBufferFS                           0x2000134c   Data        2048  usbd_cdc_if.o(.bss)
    hpcd_USB_OTG_FS                          0x20001d6c   Data        1252  usbd_conf.o(.bss)
    __libspace_start                         0x20002250   Data          96  libspace.o(.bss)
    __temporary_stack_top$libspace           0x200022b0   Data           0  libspace.o(.bss)



==============================================================================

Memory Map of the image

  Image Entry point : 0x080001c5

  Load Region LR_IROM1 (Base: 0x08000000, Size: 0x00006ea8, Max: 0x00080000, ABSOLUTE, COMPRESSED[0x00006e08])

    Execution Region ER_IROM1 (Exec base: 0x08000000, Load base: 0x08000000, Size: 0x00006d44, Max: 0x00080000, ABSOLUTE)

    Exec Addr    Load Addr    Size         Type   Attr      Idx    E Section Name        Object

    0x08000000   0x08000000   0x000001c4   Data   RO            3    RESET               startup_stm32f446xx.o
    0x080001c4   0x080001c4   0x00000008   Code   RO         4125  * !!!main             c_w.l(__main.o)
    0x080001cc   0x080001cc   0x00000034   Code   RO         4439    !!!scatter          c_w.l(__scatter.o)
    0x08000200   0x08000200   0x0000005a   Code   RO         4437    !!dczerorl2         c_w.l(__dczerorl2.o)
    0x0800025a   0x0800025a   0x00000002   PAD
    0x0800025c   0x0800025c   0x0000001c   Code   RO         4441    !!handler_zi        c_w.l(__scatter_zi.o)
    0x08000278   0x08000278   0x00000000   Code   RO         4120    .ARM.Collect$$_printf_percent$$00000000  c_w.l(_printf_percent.o)
    0x08000278   0x08000278   0x00000006   Code   RO         4119    .ARM.Collect$$_printf_percent$$00000003  c_w.l(_printf_f.o)
    0x0800027e   0x0800027e   0x00000006   Code   RO         4118    .ARM.Collect$$_printf_percent$$00000009  c_w.l(_printf_d.o)
    0x08000284   0x08000284   0x00000004   Code   RO         4197    .ARM.Collect$$_printf_percent$$00000017  c_w.l(_printf_percent_end.o)
    0x08000288   0x08000288   0x00000002   Code   RO         4307    .ARM.Collect$$libinit$$00000000  c_w.l(libinit.o)
    0x0800028a   0x0800028a   0x00000004   Code   RO         4308    .ARM.Collect$$libinit$$00000001  c_w.l(libinit2.o)
    0x0800028e   0x0800028e   0x00000000   Code   RO         4311    .ARM.Collect$$libinit$$00000004  c_w.l(libinit2.o)
    0x0800028e   0x0800028e   0x00000000   Code   RO         4314    .ARM.Collect$$libinit$$0000000A  c_w.l(libinit2.o)
    0x0800028e   0x0800028e   0x00000000   Code   RO         4316    .ARM.Collect$$libinit$$0000000C  c_w.l(libinit2.o)
    0x0800028e   0x0800028e   0x00000000   Code   RO         4318    .ARM.Collect$$libinit$$0000000E  c_w.l(libinit2.o)
    0x0800028e   0x0800028e   0x00000006   Code   RO         4319    .ARM.Collect$$libinit$$0000000F  c_w.l(libinit2.o)
    0x08000294   0x08000294   0x00000000   Code   RO         4321    .ARM.Collect$$libinit$$00000011  c_w.l(libinit2.o)
    0x08000294   0x08000294   0x00000000   Code   RO         4323    .ARM.Collect$$libinit$$00000013  c_w.l(libinit2.o)
    0x08000294   0x08000294   0x00000000   Code   RO         4325    .ARM.Collect$$libinit$$00000015  c_w.l(libinit2.o)
    0x08000294   0x08000294   0x0000000a   Code   RO         4326    .ARM.Collect$$libinit$$00000016  c_w.l(libinit2.o)
    0x0800029e   0x0800029e   0x00000000   Code   RO         4327    .ARM.Collect$$libinit$$00000017  c_w.l(libinit2.o)
    0x0800029e   0x0800029e   0x00000000   Code   RO         4329    .ARM.Collect$$libinit$$00000019  c_w.l(libinit2.o)
    0x0800029e   0x0800029e   0x00000000   Code   RO         4331    .ARM.Collect$$libinit$$0000001B  c_w.l(libinit2.o)
    0x0800029e   0x0800029e   0x00000000   Code   RO         4333    .ARM.Collect$$libinit$$0000001D  c_w.l(libinit2.o)
    0x0800029e   0x0800029e   0x00000000   Code   RO         4335    .ARM.Collect$$libinit$$0000001F  c_w.l(libinit2.o)
    0x0800029e   0x0800029e   0x00000000   Code   RO         4337    .ARM.Collect$$libinit$$00000021  c_w.l(libinit2.o)
    0x0800029e   0x0800029e   0x00000000   Code   RO         4339    .ARM.Collect$$libinit$$00000023  c_w.l(libinit2.o)
    0x0800029e   0x0800029e   0x00000000   Code   RO         4341    .ARM.Collect$$libinit$$00000025  c_w.l(libinit2.o)
    0x0800029e   0x0800029e   0x00000000   Code   RO         4345    .ARM.Collect$$libinit$$0000002C  c_w.l(libinit2.o)
    0x0800029e   0x0800029e   0x00000000   Code   RO         4347    .ARM.Collect$$libinit$$0000002E  c_w.l(libinit2.o)
    0x0800029e   0x0800029e   0x00000000   Code   RO         4349    .ARM.Collect$$libinit$$00000030  c_w.l(libinit2.o)
    0x0800029e   0x0800029e   0x00000000   Code   RO         4351    .ARM.Collect$$libinit$$00000032  c_w.l(libinit2.o)
    0x0800029e   0x0800029e   0x00000002   Code   RO         4352    .ARM.Collect$$libinit$$00000033  c_w.l(libinit2.o)
    0x080002a0   0x080002a0   0x00000002   Code   RO         4402    .ARM.Collect$$libshutdown$$00000000  c_w.l(libshutdown.o)
    0x080002a2   0x080002a2   0x00000000   Code   RO         4420    .ARM.Collect$$libshutdown$$00000002  c_w.l(libshutdown2.o)
    0x080002a2   0x080002a2   0x00000000   Code   RO         4422    .ARM.Collect$$libshutdown$$00000004  c_w.l(libshutdown2.o)
    0x080002a2   0x080002a2   0x00000000   Code   RO         4425    .ARM.Collect$$libshutdown$$00000007  c_w.l(libshutdown2.o)
    0x080002a2   0x080002a2   0x00000000   Code   RO         4428    .ARM.Collect$$libshutdown$$0000000A  c_w.l(libshutdown2.o)
    0x080002a2   0x080002a2   0x00000000   Code   RO         4430    .ARM.Collect$$libshutdown$$0000000C  c_w.l(libshutdown2.o)
    0x080002a2   0x080002a2   0x00000000   Code   RO         4433    .ARM.Collect$$libshutdown$$0000000F  c_w.l(libshutdown2.o)
    0x080002a2   0x080002a2   0x00000002   Code   RO         4434    .ARM.Collect$$libshutdown$$00000010  c_w.l(libshutdown2.o)
    0x080002a4   0x080002a4   0x00000000   Code   RO         4131    .ARM.Collect$$rtentry$$00000000  c_w.l(__rtentry.o)
    0x080002a4   0x080002a4   0x00000000   Code   RO         4219    .ARM.Collect$$rtentry$$00000002  c_w.l(__rtentry2.o)
    0x080002a4   0x080002a4   0x00000006   Code   RO         4231    .ARM.Collect$$rtentry$$00000004  c_w.l(__rtentry4.o)
    0x080002aa   0x080002aa   0x00000000   Code   RO         4221    .ARM.Collect$$rtentry$$00000009  c_w.l(__rtentry2.o)
    0x080002aa   0x080002aa   0x00000004   Code   RO         4222    .ARM.Collect$$rtentry$$0000000A  c_w.l(__rtentry2.o)
    0x080002ae   0x080002ae   0x00000000   Code   RO         4224    .ARM.Collect$$rtentry$$0000000C  c_w.l(__rtentry2.o)
    0x080002ae   0x080002ae   0x00000008   Code   RO         4225    .ARM.Collect$$rtentry$$0000000D  c_w.l(__rtentry2.o)
    0x080002b6   0x080002b6   0x00000002   Code   RO         4353    .ARM.Collect$$rtexit$$00000000  c_w.l(rtexit.o)
    0x080002b8   0x080002b8   0x00000000   Code   RO         4371    .ARM.Collect$$rtexit$$00000002  c_w.l(rtexit2.o)
    0x080002b8   0x080002b8   0x00000004   Code   RO         4372    .ARM.Collect$$rtexit$$00000003  c_w.l(rtexit2.o)
    0x080002bc   0x080002bc   0x00000006   Code   RO         4373    .ARM.Collect$$rtexit$$00000004  c_w.l(rtexit2.o)
    0x080002c2   0x080002c2   0x00000002   PAD
    0x080002c4   0x080002c4   0x00000040   Code   RO            4    .text               startup_stm32f446xx.o
    0x08000304   0x08000304   0x000000ee   Code   RO         4086    .text               c_w.l(lludivv7m.o)
    0x080003f2   0x080003f2   0x00000002   PAD
    0x080003f4   0x080003f4   0x00000038   Code   RO         4090    .text               c_w.l(__2snprintf.o)
    0x0800042c   0x0800042c   0x00000078   Code   RO         4096    .text               c_w.l(_printf_dec.o)
    0x080004a4   0x080004a4   0x00000188   Code   RO         4115    .text               c_w.l(__printf_flags_ss_wp.o)
    0x0800062c   0x0800062c   0x0000004e   Code   RO         4121    .text               c_w.l(rt_memclr_w.o)
    0x0800067a   0x0800067a   0x00000006   Code   RO         4123    .text               c_w.l(heapauxi.o)
    0x08000680   0x08000680   0x000000b2   Code   RO         4142    .text               c_w.l(_printf_intcommon.o)
    0x08000732   0x08000732   0x0000041e   Code   RO         4146    .text               c_w.l(_printf_fp_dec.o)
    0x08000b50   0x08000b50   0x00000030   Code   RO         4148    .text               c_w.l(_printf_char_common.o)
    0x08000b80   0x08000b80   0x0000000a   Code   RO         4150    .text               c_w.l(_sputc.o)
    0x08000b8a   0x08000b8a   0x00000010   Code   RO         4152    .text               c_w.l(_snputc.o)
    0x08000b9a   0x08000b9a   0x00000002   PAD
    0x08000b9c   0x08000b9c   0x00000008   Code   RO         4238    .text               c_w.l(rt_locale_intlibspace.o)
    0x08000ba4   0x08000ba4   0x0000008a   Code   RO         4240    .text               c_w.l(lludiv10.o)
    0x08000c2e   0x08000c2e   0x00000002   PAD
    0x08000c30   0x08000c30   0x00000080   Code   RO         4245    .text               c_w.l(_printf_fp_infnan.o)
    0x08000cb0   0x08000cb0   0x000000e4   Code   RO         4253    .text               c_w.l(bigflt0.o)
    0x08000d94   0x08000d94   0x00000008   Code   RO         4287    .text               c_w.l(libspace.o)
    0x08000d9c   0x08000d9c   0x0000004a   Code   RO         4290    .text               c_w.l(sys_stackheap_outer.o)
    0x08000de6   0x08000de6   0x00000012   Code   RO         4294    .text               c_w.l(exit.o)
    0x08000df8   0x08000df8   0x00000080   Code   RO         4300    .text               c_w.l(strcmpv7m.o)
    0x08000e78   0x08000e78   0x0000000c   Code   RO         4368    .text               c_w.l(sys_exit.o)
    0x08000e84   0x08000e84   0x00000002   Code   RO         4389    .text               c_w.l(use_no_semi.o)
    0x08000e86   0x08000e86   0x00000000   Code   RO         4391    .text               c_w.l(indicate_semi.o)
    0x08000e86   0x08000e86   0x0000003e   Code   RO         4256    CL$$btod_d2e        c_w.l(btod.o)
    0x08000ec4   0x08000ec4   0x00000046   Code   RO         4258    CL$$btod_d2e_denorm_low  c_w.l(btod.o)
    0x08000f0a   0x08000f0a   0x00000060   Code   RO         4257    CL$$btod_d2e_norm_op1  c_w.l(btod.o)
    0x08000f6a   0x08000f6a   0x00000338   Code   RO         4266    CL$$btod_div_common  c_w.l(btod.o)
    0x080012a2   0x080012a2   0x000000dc   Code   RO         4263    CL$$btod_e2e        c_w.l(btod.o)
    0x0800137e   0x0800137e   0x0000002a   Code   RO         4260    CL$$btod_ediv       c_w.l(btod.o)
    0x080013a8   0x080013a8   0x0000002a   Code   RO         4259    CL$$btod_emul       c_w.l(btod.o)
    0x080013d2   0x080013d2   0x00000244   Code   RO         4265    CL$$btod_mult_common  c_w.l(btod.o)
    0x08001616   0x08001616   0x00000002   Code   RO          374    i.BusFault_Handler  stm32f4xx_it.o
    0x08001618   0x08001618   0x00000004   Code   RO          863    i.CDC_Control_FS    usbd_cdc_if.o
    0x0800161c   0x0800161c   0x00000004   Code   RO          864    i.CDC_DeInit_FS     usbd_cdc_if.o
    0x08001620   0x08001620   0x00000024   Code   RO          865    i.CDC_Init_FS       usbd_cdc_if.o
    0x08001644   0x08001644   0x00000018   Code   RO          866    i.CDC_Receive_FS    usbd_cdc_if.o
    0x0800165c   0x0800165c   0x00000004   Code   RO          867    i.CDC_TransmitCplt_FS  usbd_cdc_if.o
    0x08001660   0x08001660   0x0000002c   Code   RO          868    i.CDC_Transmit_FS   usbd_cdc_if.o
    0x0800168c   0x0800168c   0x0000000c   Code   RO          375    i.DMA2_Stream0_IRQHandler  stm32f4xx_it.o
    0x08001698   0x08001698   0x00000028   Code   RO         2273    i.DMA_CalcBaseAndBitshift  stm32f4xx_hal_dma.o
    0x080016c0   0x080016c0   0x00000054   Code   RO         2274    i.DMA_CheckFifoParam  stm32f4xx_hal_dma.o
    0x08001714   0x08001714   0x00000028   Code   RO         2275    i.DMA_SetConfig     stm32f4xx_hal_dma.o
    0x0800173c   0x0800173c   0x0000015c   Code   RO           13    i.Data_Send         main.o
    0x08001898   0x08001898   0x00000002   Code   RO          376    i.DebugMon_Handler  stm32f4xx_it.o
    0x0800189a   0x0800189a   0x0000003e   Code   RO          498    i.ENS160_Init       ens160_sensor.o
    0x080018d8   0x080018d8   0x0000002a   Code   RO          499    i.ENS160_Read16     ens160_sensor.o
    0x08001902   0x08001902   0x00000018   Code   RO          500    i.ENS160_ReadAQI    ens160_sensor.o
    0x0800191a   0x0800191a   0x00000008   Code   RO          501    i.ENS160_ReadECO2   ens160_sensor.o
    0x08001922   0x08001922   0x00000008   Code   RO          502    i.ENS160_ReadID     ens160_sensor.o
    0x0800192a   0x0800192a   0x00000008   Code   RO          504    i.ENS160_ReadTVOC   ens160_sensor.o
    0x08001932   0x08001932   0x0000001e   Code   RO          505    i.ENS160_SetMode    ens160_sensor.o
    0x08001950   0x08001950   0x00000004   Code   RO           14    i.Error_Handler     main.o
    0x08001954   0x08001954   0x000001a0   Code   RO         2281    i.HAL_DMA_IRQHandler  stm32f4xx_hal_dma.o
    0x08001af4   0x08001af4   0x000000d4   Code   RO         2282    i.HAL_DMA_Init      stm32f4xx_hal_dma.o
    0x08001bc8   0x08001bc8   0x0000006e   Code   RO         2286    i.HAL_DMA_Start_IT  stm32f4xx_hal_dma.o
    0x08001c36   0x08001c36   0x00000002   PAD
    0x08001c38   0x08001c38   0x00000024   Code   RO         2731    i.HAL_Delay         stm32f4xx_hal.o
    0x08001c5c   0x08001c5c   0x000001dc   Code   RO         2169    i.HAL_GPIO_Init     stm32f4xx_hal_gpio.o
    0x08001e38   0x08001e38   0x0000000a   Code   RO         2173    i.HAL_GPIO_WritePin  stm32f4xx_hal_gpio.o
    0x08001e42   0x08001e42   0x00000002   PAD
    0x08001e44   0x08001e44   0x0000000c   Code   RO         2737    i.HAL_GetTick       stm32f4xx_hal.o
    0x08001e50   0x08001e50   0x00000188   Code   RO         2993    i.HAL_I2C_Init      stm32f4xx_hal_i2c.o
    0x08001fd8   0x08001fd8   0x000001f0   Code   RO         2999    i.HAL_I2C_Master_Receive  stm32f4xx_hal_i2c.o
    0x080021c8   0x080021c8   0x0000012c   Code   RO         3006    i.HAL_I2C_Master_Transmit  stm32f4xx_hal_i2c.o
    0x080022f4   0x080022f4   0x00000204   Code   RO         3011    i.HAL_I2C_Mem_Read  stm32f4xx_hal_i2c.o
    0x080024f8   0x080024f8   0x00000130   Code   RO         3014    i.HAL_I2C_Mem_Write  stm32f4xx_hal_i2c.o
    0x08002628   0x08002628   0x0000006c   Code   RO          291    i.HAL_I2C_MspInit   i2c.o
    0x08002694   0x08002694   0x00000002   Code   RO         3453    i.HAL_I2S_ErrorCallback  stm32f4xx_hal_i2s.o
    0x08002696   0x08002696   0x00000002   PAD
    0x08002698   0x08002698   0x0000010c   Code   RO         3457    i.HAL_I2S_Init      stm32f4xx_hal_i2s.o
    0x080027a4   0x080027a4   0x000000d0   Code   RO          333    i.HAL_I2S_MspInit   i2s.o
    0x08002874   0x08002874   0x000000d0   Code   RO         3461    i.HAL_I2S_Receive_DMA  stm32f4xx_hal_i2s.o
    0x08002944   0x08002944   0x00000028   Code   RO          377    i.HAL_I2S_RxCpltCallback  stm32f4xx_it.o
    0x0800296c   0x0800296c   0x00000028   Code   RO          378    i.HAL_I2S_RxHalfCpltCallback  stm32f4xx_it.o
    0x08002994   0x08002994   0x00000002   Code   RO         3468    i.HAL_I2S_TxCpltCallback  stm32f4xx_hal_i2s.o
    0x08002996   0x08002996   0x00000002   PAD
    0x08002998   0x08002998   0x00000010   Code   RO         2743    i.HAL_IncTick       stm32f4xx_hal.o
    0x080029a8   0x080029a8   0x00000034   Code   RO         2744    i.HAL_Init          stm32f4xx_hal.o
    0x080029dc   0x080029dc   0x00000040   Code   RO         2745    i.HAL_InitTick      stm32f4xx_hal.o
    0x08002a1c   0x08002a1c   0x00000030   Code   RO          474    i.HAL_MspInit       stm32f4xx_hal_msp.o
    0x08002a4c   0x08002a4c   0x0000001a   Code   RO         2579    i.HAL_NVIC_EnableIRQ  stm32f4xx_hal_cortex.o
    0x08002a66   0x08002a66   0x00000002   PAD
    0x08002a68   0x08002a68   0x00000040   Code   RO         2585    i.HAL_NVIC_SetPriority  stm32f4xx_hal_cortex.o
    0x08002aa8   0x08002aa8   0x00000024   Code   RO         2586    i.HAL_NVIC_SetPriorityGrouping  stm32f4xx_hal_cortex.o
    0x08002acc   0x08002acc   0x00000028   Code   RO         1371    i.HAL_PCDEx_ActivateLPM  stm32f4xx_hal_pcd_ex.o
    0x08002af4   0x08002af4   0x00000060   Code   RO          920    i.HAL_PCDEx_LPM_Callback  usbd_conf.o
    0x08002b54   0x08002b54   0x00000008   Code   RO         1375    i.HAL_PCDEx_SetRxFiFo  stm32f4xx_hal_pcd_ex.o
    0x08002b5c   0x08002b5c   0x00000044   Code   RO         1376    i.HAL_PCDEx_SetTxFiFo  stm32f4xx_hal_pcd_ex.o
    0x08002ba0   0x08002ba0   0x00000008   Code   RO          921    i.HAL_PCD_ConnectCallback  usbd_conf.o
    0x08002ba8   0x08002ba8   0x00000012   Code   RO          922    i.HAL_PCD_DataInStageCallback  usbd_conf.o
    0x08002bba   0x08002bba   0x00000014   Code   RO          923    i.HAL_PCD_DataOutStageCallback  usbd_conf.o
    0x08002bce   0x08002bce   0x00000008   Code   RO          924    i.HAL_PCD_DisconnectCallback  usbd_conf.o
    0x08002bd6   0x08002bd6   0x0000001e   Code   RO         1142    i.HAL_PCD_EP_Abort  stm32f4xx_hal_pcd.o
    0x08002bf4   0x08002bf4   0x0000004a   Code   RO         1143    i.HAL_PCD_EP_Close  stm32f4xx_hal_pcd.o
    0x08002c3e   0x08002c3e   0x0000005a   Code   RO         1144    i.HAL_PCD_EP_ClrStall  stm32f4xx_hal_pcd.o
    0x08002c98   0x08002c98   0x00000012   Code   RO         1146    i.HAL_PCD_EP_GetRxCount  stm32f4xx_hal_pcd.o
    0x08002caa   0x08002caa   0x00000062   Code   RO         1147    i.HAL_PCD_EP_Open   stm32f4xx_hal_pcd.o
    0x08002d0c   0x08002d0c   0x00000038   Code   RO         1148    i.HAL_PCD_EP_Receive  stm32f4xx_hal_pcd.o
    0x08002d44   0x08002d44   0x00000072   Code   RO         1149    i.HAL_PCD_EP_SetStall  stm32f4xx_hal_pcd.o
    0x08002db6   0x08002db6   0x00000032   Code   RO         1150    i.HAL_PCD_EP_Transmit  stm32f4xx_hal_pcd.o
    0x08002de8   0x08002de8   0x00000598   Code   RO         1152    i.HAL_PCD_IRQHandler  stm32f4xx_hal_pcd.o
    0x08003380   0x08003380   0x00000008   Code   RO          925    i.HAL_PCD_ISOINIncompleteCallback  usbd_conf.o
    0x08003388   0x08003388   0x00000008   Code   RO          926    i.HAL_PCD_ISOOUTIncompleteCallback  usbd_conf.o
    0x08003390   0x08003390   0x000000d8   Code   RO         1155    i.HAL_PCD_Init      stm32f4xx_hal_pcd.o
    0x08003468   0x08003468   0x000000a0   Code   RO          928    i.HAL_PCD_MspInit   usbd_conf.o
    0x08003508   0x08003508   0x0000002c   Code   RO          929    i.HAL_PCD_ResetCallback  usbd_conf.o
    0x08003534   0x08003534   0x00000008   Code   RO          930    i.HAL_PCD_ResumeCallback  usbd_conf.o
    0x0800353c   0x0800353c   0x00000008   Code   RO          931    i.HAL_PCD_SOFCallback  usbd_conf.o
    0x08003544   0x08003544   0x00000026   Code   RO         1161    i.HAL_PCD_SetAddress  stm32f4xx_hal_pcd.o
    0x0800356a   0x0800356a   0x0000000e   Code   RO          932    i.HAL_PCD_SetupStageCallback  usbd_conf.o
    0x08003578   0x08003578   0x00000042   Code   RO         1164    i.HAL_PCD_Start     stm32f4xx_hal_pcd.o
    0x080035ba   0x080035ba   0x00000002   PAD
    0x080035bc   0x080035bc   0x00000030   Code   RO          933    i.HAL_PCD_SuspendCallback  usbd_conf.o
    0x080035ec   0x080035ec   0x00000198   Code   RO         1837    i.HAL_RCCEx_GetPeriphCLKFreq  stm32f4xx_hal_rcc_ex.o
    0x08003784   0x08003784   0x00000430   Code   RO         1838    i.HAL_RCCEx_PeriphCLKConfig  stm32f4xx_hal_rcc_ex.o
    0x08003bb4   0x08003bb4   0x00000134   Code   RO         1731    i.HAL_RCC_ClockConfig  stm32f4xx_hal_rcc.o
    0x08003ce8   0x08003ce8   0x0000000c   Code   RO         1736    i.HAL_RCC_GetHCLKFreq  stm32f4xx_hal_rcc.o
    0x08003cf4   0x08003cf4   0x00000020   Code   RO         1738    i.HAL_RCC_GetPCLK1Freq  stm32f4xx_hal_rcc.o
    0x08003d14   0x08003d14   0x00000094   Code   RO         1842    i.HAL_RCC_GetSysClockFreq  stm32f4xx_hal_rcc_ex.o
    0x08003da8   0x08003da8   0x00000398   Code   RO         1843    i.HAL_RCC_OscConfig  stm32f4xx_hal_rcc_ex.o
    0x08004140   0x08004140   0x00000028   Code   RO         2590    i.HAL_SYSTICK_Config  stm32f4xx_hal_cortex.o
    0x08004168   0x08004168   0x00000032   Code   RO          562    i.HDC302x_CRC8      humidity_temp_sensor.o
    0x0800419a   0x0800419a   0x0000001e   Code   RO          563    i.HDC302x_Init      humidity_temp_sensor.o
    0x080041b8   0x080041b8   0x000000b8   Code   RO          564    i.HDC302x_ReadData  humidity_temp_sensor.o
    0x08004270   0x08004270   0x0000001e   Code   RO          565    i.HDC302x_WriteCmd  humidity_temp_sensor.o
    0x0800428e   0x0800428e   0x00000002   Code   RO          379    i.HardFault_Handler  stm32f4xx_it.o
    0x08004290   0x08004290   0x0000002e   Code   RO         3036    i.I2C_IsAcknowledgeFailed  stm32f4xx_hal_i2c.o
    0x080042be   0x080042be   0x00000002   PAD
    0x080042c0   0x080042c0   0x000000ec   Code   RO         3039    i.I2C_MasterRequestRead  stm32f4xx_hal_i2c.o
    0x080043ac   0x080043ac   0x0000009c   Code   RO         3040    i.I2C_MasterRequestWrite  stm32f4xx_hal_i2c.o
    0x08004448   0x08004448   0x000000fc   Code   RO         3046    i.I2C_RequestMemoryRead  stm32f4xx_hal_i2c.o
    0x08004544   0x08004544   0x000000a8   Code   RO         3047    i.I2C_RequestMemoryWrite  stm32f4xx_hal_i2c.o
    0x080045ec   0x080045ec   0x00000056   Code   RO         3051    i.I2C_WaitOnBTFFlagUntilTimeout  stm32f4xx_hal_i2c.o
    0x08004642   0x08004642   0x00000002   PAD
    0x08004644   0x08004644   0x00000090   Code   RO         3052    i.I2C_WaitOnFlagUntilTimeout  stm32f4xx_hal_i2c.o
    0x080046d4   0x080046d4   0x000000bc   Code   RO         3053    i.I2C_WaitOnMasterAddressFlagUntilTimeout  stm32f4xx_hal_i2c.o
    0x08004790   0x08004790   0x00000070   Code   RO         3054    i.I2C_WaitOnRXNEFlagUntilTimeout  stm32f4xx_hal_i2c.o
    0x08004800   0x08004800   0x00000056   Code   RO         3055    i.I2C_WaitOnTXEFlagUntilTimeout  stm32f4xx_hal_i2c.o
    0x08004856   0x08004856   0x00000028   Code   RO         3470    i.I2S_DMAError      stm32f4xx_hal_i2s.o
    0x0800487e   0x0800487e   0x00000024   Code   RO         3471    i.I2S_DMARxCplt     stm32f4xx_hal_i2s.o
    0x080048a2   0x080048a2   0x0000000a   Code   RO         3472    i.I2S_DMARxHalfCplt  stm32f4xx_hal_i2s.o
    0x080048ac   0x080048ac   0x000000f2   Code   RO         3475    i.I2S_IRQHandler    stm32f4xx_hal_i2s.o
    0x0800499e   0x0800499e   0x00000002   PAD
    0x080049a0   0x080049a0   0x00000038   Code   RO          771    i.IntToUnicode      usbd_desc.o
    0x080049d8   0x080049d8   0x00000018   Code   RO          651    i.MIC_Init          microphone_sensor.o
    0x080049f0   0x080049f0   0x00000018   Code   RO          652    i.MIC_Start         microphone_sensor.o
    0x08004a08   0x08004a08   0x0000002c   Code   RO          266    i.MX_DMA_Init       dma.o
    0x08004a34   0x08004a34   0x00000088   Code   RO          242    i.MX_GPIO_Init      gpio.o
    0x08004abc   0x08004abc   0x00000040   Code   RO          292    i.MX_I2C1_Init      i2c.o
    0x08004afc   0x08004afc   0x00000040   Code   RO          334    i.MX_I2S1_Init      i2s.o
    0x08004b3c   0x08004b3c   0x00000054   Code   RO          736    i.MX_USB_DEVICE_Init  usb_device.o
    0x08004b90   0x08004b90   0x00000002   Code   RO          380    i.MemManage_Handler  stm32f4xx_it.o
    0x08004b92   0x08004b92   0x00000002   Code   RO          381    i.NMI_Handler       stm32f4xx_it.o
    0x08004b94   0x08004b94   0x0000000c   Code   RO          382    i.OTG_FS_IRQHandler  stm32f4xx_it.o
    0x08004ba0   0x08004ba0   0x000000cc   Code   RO         1168    i.PCD_EP_OutXfrComplete_int  stm32f4xx_hal_pcd.o
    0x08004c6c   0x08004c6c   0x000000a2   Code   RO         1169    i.PCD_WriteEmptyTxFifo  stm32f4xx_hal_pcd.o
    0x08004d0e   0x08004d0e   0x00000002   Code   RO          383    i.PendSV_Handler    stm32f4xx_it.o
    0x08004d10   0x08004d10   0x0000004c   Code   RO          604    i.RGB_LED_Init      methods.o
    0x08004d5c   0x08004d5c   0x00000002   Code   RO          384    i.SVC_Handler       stm32f4xx_it.o
    0x08004d5e   0x08004d5e   0x0000000a   Code   RO         3843    i.SWAPBYTE          usbd_ctlreq.o
    0x08004d68   0x08004d68   0x00000004   Code   RO          385    i.SysTick_Handler   stm32f4xx_it.o
    0x08004d6c   0x08004d6c   0x00000098   Code   RO           16    i.SystemClock_Config  main.o
    0x08004e04   0x08004e04   0x00000010   Code   RO         3647    i.SystemInit        system_stm32f4xx.o
    0x08004e14   0x08004e14   0x00000076   Code   RO         3981    i.USBD_CDC_DataIn   usbd_cdc.o
    0x08004e8a   0x08004e8a   0x0000003c   Code   RO         3982    i.USBD_CDC_DataOut  usbd_cdc.o
    0x08004ec6   0x08004ec6   0x00000002   PAD
    0x08004ec8   0x08004ec8   0x00000094   Code   RO         3983    i.USBD_CDC_DeInit   usbd_cdc.o
    0x08004f5c   0x08004f5c   0x00000036   Code   RO         3984    i.USBD_CDC_EP0_RxReady  usbd_cdc.o
    0x08004f92   0x08004f92   0x00000002   PAD
    0x08004f94   0x08004f94   0x0000000c   Code   RO         3985    i.USBD_CDC_GetDeviceQualifierDescriptor  usbd_cdc.o
    0x08004fa0   0x08004fa0   0x0000003c   Code   RO         3986    i.USBD_CDC_GetFSCfgDesc  usbd_cdc.o
    0x08004fdc   0x08004fdc   0x00000040   Code   RO         3987    i.USBD_CDC_GetHSCfgDesc  usbd_cdc.o
    0x0800501c   0x0800501c   0x0000003c   Code   RO         3988    i.USBD_CDC_GetOtherSpeedCfgDesc  usbd_cdc.o
    0x08005058   0x08005058   0x00000120   Code   RO         3989    i.USBD_CDC_Init     usbd_cdc.o
    0x08005178   0x08005178   0x00000038   Code   RO         3990    i.USBD_CDC_ReceivePacket  usbd_cdc.o
    0x080051b0   0x080051b0   0x00000016   Code   RO         3991    i.USBD_CDC_RegisterInterface  usbd_cdc.o
    0x080051c6   0x080051c6   0x0000001a   Code   RO         3992    i.USBD_CDC_SetRxBuffer  usbd_cdc.o
    0x080051e0   0x080051e0   0x0000001e   Code   RO         3993    i.USBD_CDC_SetTxBuffer  usbd_cdc.o
    0x080051fe   0x080051fe   0x000000d4   Code   RO         3994    i.USBD_CDC_Setup    usbd_cdc.o
    0x080052d2   0x080052d2   0x00000002   PAD
    0x080052d4   0x080052d4   0x00000050   Code   RO         3995    i.USBD_CDC_TransmitPacket  usbd_cdc.o
    0x08005324   0x08005324   0x00000014   Code   RO         3684    i.USBD_ClrClassConfig  usbd_core.o
    0x08005338   0x08005338   0x00000004   Code   RO         3685    i.USBD_CoreFindEP   usbd_core.o
    0x0800533c   0x0800533c   0x00000004   Code   RO         3686    i.USBD_CoreFindIF   usbd_core.o
    0x08005340   0x08005340   0x00000010   Code   RO         3921    i.USBD_CtlContinueRx  usbd_ioreq.o
    0x08005350   0x08005350   0x00000010   Code   RO         3922    i.USBD_CtlContinueSendData  usbd_ioreq.o
    0x08005360   0x08005360   0x00000016   Code   RO         3844    i.USBD_CtlError     usbd_ctlreq.o
    0x08005376   0x08005376   0x00000022   Code   RO         3923    i.USBD_CtlPrepareRx  usbd_ioreq.o
    0x08005398   0x08005398   0x00000016   Code   RO         3924    i.USBD_CtlReceiveStatus  usbd_ioreq.o
    0x080053ae   0x080053ae   0x0000001c   Code   RO         3925    i.USBD_CtlSendData  usbd_ioreq.o
    0x080053ca   0x080053ca   0x00000016   Code   RO         3926    i.USBD_CtlSendStatus  usbd_ioreq.o
    0x080053e0   0x080053e0   0x00000020   Code   RO          772    i.USBD_FS_ConfigStrDescriptor  usbd_desc.o
    0x08005400   0x08005400   0x0000000c   Code   RO          773    i.USBD_FS_DeviceDescriptor  usbd_desc.o
    0x0800540c   0x0800540c   0x00000024   Code   RO          774    i.USBD_FS_InterfaceStrDescriptor  usbd_desc.o
    0x08005430   0x08005430   0x0000000c   Code   RO          775    i.USBD_FS_LangIDStrDescriptor  usbd_desc.o
    0x0800543c   0x0800543c   0x00000028   Code   RO          776    i.USBD_FS_ManufacturerStrDescriptor  usbd_desc.o
    0x08005464   0x08005464   0x0000002c   Code   RO          777    i.USBD_FS_ProductStrDescriptor  usbd_desc.o
    0x08005490   0x08005490   0x00000038   Code   RO          778    i.USBD_FS_SerialStrDescriptor  usbd_desc.o
    0x080054c8   0x080054c8   0x0000000c   Code   RO          779    i.USBD_FS_USR_BOSDescriptor  usbd_desc.o
    0x080054d4   0x080054d4   0x000000fa   Code   RO         3845    i.USBD_GetDescriptor  usbd_ctlreq.o
    0x080055ce   0x080055ce   0x0000003a   Code   RO         3688    i.USBD_GetEpDesc    usbd_core.o
    0x08005608   0x08005608   0x00000014   Code   RO         3846    i.USBD_GetLen       usbd_ctlreq.o
    0x0800561c   0x0800561c   0x0000000e   Code   RO         3689    i.USBD_GetNextDesc  usbd_core.o
    0x0800562a   0x0800562a   0x0000004e   Code   RO         3847    i.USBD_GetString    usbd_ctlreq.o
    0x08005678   0x08005678   0x00000018   Code   RO          934    i.USBD_Get_USB_Status  usbd_conf.o
    0x08005690   0x08005690   0x00000026   Code   RO         3690    i.USBD_Init         usbd_core.o
    0x080056b6   0x080056b6   0x00000012   Code   RO          935    i.USBD_LL_ClearStallEP  usbd_conf.o
    0x080056c8   0x080056c8   0x00000012   Code   RO          936    i.USBD_LL_CloseEP   usbd_conf.o
    0x080056da   0x080056da   0x000000b8   Code   RO         3691    i.USBD_LL_DataInStage  usbd_core.o
    0x08005792   0x08005792   0x00000094   Code   RO         3692    i.USBD_LL_DataOutStage  usbd_core.o
    0x08005826   0x08005826   0x00000004   Code   RO         3693    i.USBD_LL_DevConnected  usbd_core.o
    0x0800582a   0x0800582a   0x0000001e   Code   RO         3694    i.USBD_LL_DevDisconnected  usbd_core.o
    0x08005848   0x08005848   0x00000008   Code   RO          940    i.USBD_LL_GetRxDataSize  usbd_conf.o
    0x08005850   0x08005850   0x00000060   Code   RO          941    i.USBD_LL_Init      usbd_conf.o
    0x080058b0   0x080058b0   0x0000001e   Code   RO          942    i.USBD_LL_IsStallEP  usbd_conf.o
    0x080058ce   0x080058ce   0x00000028   Code   RO         3695    i.USBD_LL_IsoINIncomplete  usbd_core.o
    0x080058f6   0x080058f6   0x00000028   Code   RO         3696    i.USBD_LL_IsoOUTIncomplete  usbd_core.o
    0x0800591e   0x0800591e   0x00000018   Code   RO          943    i.USBD_LL_OpenEP    usbd_conf.o
    0x08005936   0x08005936   0x00000012   Code   RO          944    i.USBD_LL_PrepareReceive  usbd_conf.o
    0x08005948   0x08005948   0x0000005e   Code   RO         3697    i.USBD_LL_Reset     usbd_core.o
    0x080059a6   0x080059a6   0x00000014   Code   RO         3698    i.USBD_LL_Resume    usbd_core.o
    0x080059ba   0x080059ba   0x0000001a   Code   RO         3699    i.USBD_LL_SOF       usbd_core.o
    0x080059d4   0x080059d4   0x00000006   Code   RO         3700    i.USBD_LL_SetSpeed  usbd_core.o
    0x080059da   0x080059da   0x00000012   Code   RO          945    i.USBD_LL_SetUSBAddress  usbd_conf.o
    0x080059ec   0x080059ec   0x00000060   Code   RO         3701    i.USBD_LL_SetupStage  usbd_core.o
    0x08005a4c   0x08005a4c   0x00000012   Code   RO          946    i.USBD_LL_StallEP   usbd_conf.o
    0x08005a5e   0x08005a5e   0x00000012   Code   RO          947    i.USBD_LL_Start     usbd_conf.o
    0x08005a70   0x08005a70   0x0000001a   Code   RO         3702    i.USBD_LL_Suspend   usbd_core.o
    0x08005a8a   0x08005a8a   0x00000012   Code   RO          949    i.USBD_LL_Transmit  usbd_conf.o
    0x08005a9c   0x08005a9c   0x0000002c   Code   RO         3848    i.USBD_ParseSetupRequest  usbd_ctlreq.o
    0x08005ac8   0x08005ac8   0x0000003a   Code   RO         3703    i.USBD_RegisterClass  usbd_core.o
    0x08005b02   0x08005b02   0x00000014   Code   RO         3705    i.USBD_SetClassConfig  usbd_core.o
    0x08005b16   0x08005b16   0x00000002   PAD
    0x08005b18   0x08005b18   0x000000b8   Code   RO         3849    i.USBD_SetConfig    usbd_ctlreq.o
    0x08005bd0   0x08005bd0   0x00000004   Code   RO         3706    i.USBD_Start        usbd_core.o
    0x08005bd4   0x08005bd4   0x0000012c   Code   RO         3850    i.USBD_StdDevReq    usbd_ctlreq.o
    0x08005d00   0x08005d00   0x00000166   Code   RO         3851    i.USBD_StdEPReq     usbd_ctlreq.o
    0x08005e66   0x08005e66   0x00000072   Code   RO         3852    i.USBD_StdItfReq    usbd_ctlreq.o
    0x08005ed8   0x08005ed8   0x00000002   Code   RO          950    i.USBD_static_free  usbd_conf.o
    0x08005eda   0x08005eda   0x00000002   PAD
    0x08005edc   0x08005edc   0x00000008   Code   RO          951    i.USBD_static_malloc  usbd_conf.o
    0x08005ee4   0x08005ee4   0x00000080   Code   RO         1426    i.USB_ActivateEndpoint  stm32f4xx_ll_usb.o
    0x08005f64   0x08005f64   0x0000001c   Code   RO         1428    i.USB_ActivateSetup  stm32f4xx_ll_usb.o
    0x08005f80   0x08005f80   0x00000084   Code   RO         1430    i.USB_CoreInit      stm32f4xx_ll_usb.o
    0x08006004   0x08006004   0x00000044   Code   RO         1431    i.USB_CoreReset     stm32f4xx_ll_usb.o
    0x08006048   0x08006048   0x000000cc   Code   RO         1434    i.USB_DeactivateEndpoint  stm32f4xx_ll_usb.o
    0x08006114   0x08006114   0x0000001c   Code   RO         1435    i.USB_DevConnect    stm32f4xx_ll_usb.o
    0x08006130   0x08006130   0x0000001c   Code   RO         1436    i.USB_DevDisconnect  stm32f4xx_ll_usb.o
    0x0800614c   0x0800614c   0x00000174   Code   RO         1437    i.USB_DevInit       stm32f4xx_ll_usb.o
    0x080062c0   0x080062c0   0x0000000c   Code   RO         1438    i.USB_DisableGlobalInt  stm32f4xx_ll_usb.o
    0x080062cc   0x080062cc   0x00000058   Code   RO         1441    i.USB_EP0_OutStart  stm32f4xx_ll_usb.o
    0x08006324   0x08006324   0x00000058   Code   RO         1442    i.USB_EPClearStall  stm32f4xx_ll_usb.o
    0x0800637c   0x0800637c   0x00000058   Code   RO         1443    i.USB_EPSetStall    stm32f4xx_ll_usb.o
    0x080063d4   0x080063d4   0x00000238   Code   RO         1444    i.USB_EPStartXfer   stm32f4xx_ll_usb.o
    0x0800660c   0x0800660c   0x0000009e   Code   RO         1445    i.USB_EPStopXfer    stm32f4xx_ll_usb.o
    0x080066aa   0x080066aa   0x0000000c   Code   RO         1446    i.USB_EnableGlobalInt  stm32f4xx_ll_usb.o
    0x080066b6   0x080066b6   0x00000038   Code   RO         1447    i.USB_FlushRxFifo   stm32f4xx_ll_usb.o
    0x080066ee   0x080066ee   0x0000003c   Code   RO         1448    i.USB_FlushTxFifo   stm32f4xx_ll_usb.o
    0x0800672a   0x0800672a   0x0000001a   Code   RO         1450    i.USB_GetDevSpeed   stm32f4xx_ll_usb.o
    0x08006744   0x08006744   0x00000008   Code   RO         1452    i.USB_GetMode       stm32f4xx_ll_usb.o
    0x0800674c   0x0800674c   0x0000000e   Code   RO         1460    i.USB_ReadDevAllInEpInterrupt  stm32f4xx_ll_usb.o
    0x0800675a   0x0800675a   0x0000000e   Code   RO         1461    i.USB_ReadDevAllOutEpInterrupt  stm32f4xx_ll_usb.o
    0x08006768   0x08006768   0x00000024   Code   RO         1462    i.USB_ReadDevInEPInterrupt  stm32f4xx_ll_usb.o
    0x0800678c   0x0800678c   0x00000010   Code   RO         1463    i.USB_ReadDevOutEPInterrupt  stm32f4xx_ll_usb.o
    0x0800679c   0x0800679c   0x00000008   Code   RO         1464    i.USB_ReadInterrupts  stm32f4xx_ll_usb.o
    0x080067a4   0x080067a4   0x0000003e   Code   RO         1465    i.USB_ReadPacket    stm32f4xx_ll_usb.o
    0x080067e2   0x080067e2   0x0000005c   Code   RO         1467    i.USB_SetCurrentMode  stm32f4xx_ll_usb.o
    0x0800683e   0x0800683e   0x00000022   Code   RO         1468    i.USB_SetDevAddress  stm32f4xx_ll_usb.o
    0x08006860   0x08006860   0x000000e8   Code   RO         1470    i.USB_SetTurnaroundTime  stm32f4xx_ll_usb.o
    0x08006948   0x08006948   0x00000028   Code   RO         1473    i.USB_WritePacket   stm32f4xx_ll_usb.o
    0x08006970   0x08006970   0x00000002   Code   RO          386    i.UsageFault_Handler  stm32f4xx_it.o
    0x08006972   0x08006972   0x00000052   Code   RO          684    i.VCNL4040_Init     vcnl4040_sensor.o
    0x080069c4   0x080069c4   0x0000002a   Code   RO          685    i.VCNL4040_Read16   vcnl4040_sensor.o
    0x080069ee   0x080069ee   0x00000008   Code   RO          686    i.VCNL4040_ReadALS  vcnl4040_sensor.o
    0x080069f6   0x080069f6   0x00000008   Code   RO          687    i.VCNL4040_ReadID   vcnl4040_sensor.o
    0x080069fe   0x080069fe   0x00000008   Code   RO          688    i.VCNL4040_ReadPS   vcnl4040_sensor.o
    0x08006a06   0x08006a06   0x00000026   Code   RO          689    i.VCNL4040_Write16  vcnl4040_sensor.o
    0x08006a2c   0x08006a2c   0x00000030   Code   RO         4285    i.__ARM_fpclassify  m_wm.l(fpclassify.o)
    0x08006a5c   0x08006a5c   0x00000020   Code   RO         2592    i.__NVIC_SetPriority  stm32f4xx_hal_cortex.o
    0x08006a7c   0x08006a7c   0x0000000e   Code   RO         4108    i._is_digit         c_w.l(__printf_wp.o)
    0x08006a8a   0x08006a8a   0x00000002   PAD
    0x08006a8c   0x08006a8c   0x0000008c   Code   RO           17    i.main              main.o
    0x08006b18   0x08006b18   0x0000002c   Code   RO         4281    locale$$code        c_w.l(lc_numeric_c.o)
    0x08006b44   0x08006b44   0x0000000c   Code   RO         4207    x$fpl$dretinf       fz_wm.l(dretinf.o)
    0x08006b50   0x08006b50   0x00000056   Code   RO         4127    x$fpl$f2d           fz_wm.l(f2d.o)
    0x08006ba6   0x08006ba6   0x0000008c   Code   RO         4209    x$fpl$fnaninf       fz_wm.l(fnaninf.o)
    0x08006c32   0x08006c32   0x0000000a   Code   RO         4366    x$fpl$fpinit        fz_wm.l(fpinit.o)
    0x08006c3c   0x08006c3c   0x00000004   Code   RO         4129    x$fpl$printf1       fz_wm.l(printf1.o)
    0x08006c40   0x08006c40   0x00000000   Code   RO         4217    x$fpl$usenofp       fz_wm.l(usenofp.o)
    0x08006c40   0x08006c40   0x00000008   Data   RO         2288    .constdata          stm32f4xx_hal_dma.o
    0x08006c48   0x08006c48   0x00000010   Data   RO         3648    .constdata          system_stm32f4xx.o
    0x08006c58   0x08006c58   0x00000008   Data   RO         3649    .constdata          system_stm32f4xx.o
    0x08006c60   0x08006c60   0x00000011   Data   RO         4116    .constdata          c_w.l(__printf_flags_ss_wp.o)
    0x08006c71   0x08006c71   0x00000003   PAD
    0x08006c74   0x08006c74   0x00000094   Data   RO         4254    .constdata          c_w.l(bigflt0.o)
    0x08006d08   0x08006d08   0x00000020   Data   RO         4435    Region$$Table       anon$$obj.o
    0x08006d28   0x08006d28   0x0000001c   Data   RO         4280    locale$$data        c_w.l(lc_numeric_c.o)


    Execution Region RW_IRAM1 (Exec base: 0x20000000, Load base: 0x08006d44, Size: 0x000028b0, Max: 0x00020000, ABSOLUTE, COMPRESSED[0x000000c4])

    Exec Addr    Load Addr    Size         Type   Attr      Idx    E Section Name        Object

    0x20000000   COMPRESSED   0x00000020   Data   RW          653    .bss                microphone_sensor.o
    0x20000020   COMPRESSED   0x00000030   Data   RW           19    .data               main.o
    0x20000050   COMPRESSED   0x00000020   Data   RW          781    .data               usbd_desc.o
    0x20000070   COMPRESSED   0x0000003e   Data   RW          782    .data               usbd_desc.o
    0x200000ae   COMPRESSED   0x00000002   PAD
    0x200000b0   COMPRESSED   0x00000014   Data   RW          870    .data               usbd_cdc_if.o
    0x200000c4   COMPRESSED   0x0000000c   Data   RW         2751    .data               stm32f4xx_hal.o
    0x200000d0   COMPRESSED   0x00000004   Data   RW         3650    .data               system_stm32f4xx.o
    0x200000d4   COMPRESSED   0x00000001   Data   RW         3853    .data               usbd_ctlreq.o
    0x200000d5   COMPRESSED   0x00000003   PAD
    0x200000d8   COMPRESSED   0x00000053   Data   RW         3996    .data               usbd_cdc.o
    0x2000012b   COMPRESSED   0x00000001   PAD
    0x2000012c   COMPRESSED   0x00000038   Data   RW         3997    .data               usbd_cdc.o
    0x20000164        -       0x00000410   Zero   RW           18    .bss                main.o
    0x20000574        -       0x00000054   Zero   RW          293    .bss                i2c.o
    0x200005c8        -       0x000000a8   Zero   RW          335    .bss                i2s.o
    0x20000670        -       0x000002dc   Zero   RW          737    .bss                usb_device.o
    0x2000094c        -       0x00000200   Zero   RW          780    .bss                usbd_desc.o
    0x20000b4c        -       0x00001000   Zero   RW          869    .bss                usbd_cdc_if.o
    0x20001b4c        -       0x00000704   Zero   RW          952    .bss                usbd_conf.o
    0x20002250        -       0x00000060   Zero   RW         4288    .bss                c_w.l(libspace.o)
    0x200022b0        -       0x00000200   Zero   RW            2    HEAP                startup_stm32f446xx.o
    0x200024b0        -       0x00000400   Zero   RW            1    STACK               startup_stm32f446xx.o


==============================================================================

Image component sizes


      Code (inc. data)   RO Data    RW Data    ZI Data      Debug   Object Name

        44          4          0          0          0        766   dma.o
       182          0          0          0          0       4802   ens160_sensor.o
       136         10          0          0          0        951   gpio.o
       294         18          0          0          0       3302   humidity_temp_sensor.o
       172         28          0          0         84       1661   i2c.o
       272         32          0          0        168       1834   i2s.o
       644        100          0         48       1040     707222   main.o
        76          8          0          0          0        927   methods.o
        48          6          0         32          0       1724   microphone_sensor.o
        64         26        452          0       1536        840   startup_stm32f446xx.o
       180         28          0         12          0       9237   stm32f4xx_hal.o
       198         14          0          0          0      33799   stm32f4xx_hal_cortex.o
       902         16          8          0          0       5775   stm32f4xx_hal_dma.o
       486         40          0          0          0       2172   stm32f4xx_hal_gpio.o
      3482         88          0          0          0      17825   stm32f4xx_hal_i2c.o
       808         24          0          0          0       6298   stm32f4xx_hal_i2s.o
        48          6          0          0          0        850   stm32f4xx_hal_msp.o
      2648         14          0          0          0      13548   stm32f4xx_hal_pcd.o
       116          6          0          0          0       2460   stm32f4xx_hal_pcd_ex.o
       352         38          0          0          0       2779   stm32f4xx_hal_rcc.o
      2548        100          0          0          0       5803   stm32f4xx_hal_rcc_ex.o
       124         36          0          0          0       6710   stm32f4xx_it.o
      2700        116          0          0          0      23144   stm32f4xx_ll_usb.o
        16          4         24          4          0       1115   system_stm32f4xx.o
        84         18          0          0        732        804   usb_device.o
      1290         38          0        139          0      14329   usbd_cdc.o
       116         22          0         20       4096       3880   usbd_cdc_if.o
       766         28          0          0       1796      17445   usbd_conf.o
       934          0          0          0          0      15287   usbd_core.o
      1380         20          0          1          0      15320   usbd_ctlreq.o
       300        108          0         94        512       6773   usbd_desc.o
       138          0          0          0          0       4504   usbd_ioreq.o
       186          0          0          0          0       4315   vcnl4040_sensor.o

    ----------------------------------------------------------------------
     21762        996        516        356       9964     938201   Object Totals
         0          0         32          0          0          0   (incl. Generated)
        28          0          0          6          0          0   (incl. Padding)

    ----------------------------------------------------------------------

      Code (inc. data)   RO Data    RW Data    ZI Data      Debug   Library Member Name

        56          6          0          0          0         88   __2snprintf.o
        90          0          0          0          0          0   __dczerorl2.o
         8          0          0          0          0         68   __main.o
       392          4         17          0          0         92   __printf_flags_ss_wp.o
        14          0          0          0          0         68   __printf_wp.o
         0          0          0          0          0          0   __rtentry.o
        12          0          0          0          0          0   __rtentry2.o
         6          0          0          0          0          0   __rtentry4.o
        52          8          0          0          0          0   __scatter.o
        28          0          0          0          0          0   __scatter_zi.o
        48          6          0          0          0         96   _printf_char_common.o
         6          0          0          0          0          0   _printf_d.o
       120         16          0          0          0         92   _printf_dec.o
         6          0          0          0          0          0   _printf_f.o
      1054          0          0          0          0        216   _printf_fp_dec.o
       128         16          0          0          0         84   _printf_fp_infnan.o
       178          0          0          0          0         88   _printf_intcommon.o
         0          0          0          0          0          0   _printf_percent.o
         4          0          0          0          0          0   _printf_percent_end.o
        16          0          0          0          0         68   _snputc.o
        10          0          0          0          0         68   _sputc.o
       228          4        148          0          0         96   bigflt0.o
      1936        128          0          0          0        672   btod.o
        18          0          0          0          0         80   exit.o
         6          0          0          0          0        152   heapauxi.o
         0          0          0          0          0          0   indicate_semi.o
        44         10         28          0          0         76   lc_numeric_c.o
         2          0          0          0          0          0   libinit.o
        22          0          0          0          0          0   libinit2.o
         2          0          0          0          0          0   libshutdown.o
         2          0          0          0          0          0   libshutdown2.o
         8          4          0          0         96         68   libspace.o
       138          0          0          0          0         80   lludiv10.o
       238          0          0          0          0        100   lludivv7m.o
         8          4          0          0          0         68   rt_locale_intlibspace.o
        78          0          0          0          0         80   rt_memclr_w.o
         2          0          0          0          0          0   rtexit.o
        10          0          0          0          0          0   rtexit2.o
       128          0          0          0          0         68   strcmpv7m.o
        12          4          0          0          0         68   sys_exit.o
        74          0          0          0          0         80   sys_stackheap_outer.o
         2          0          0          0          0         68   use_no_semi.o
        12          0          0          0          0        116   dretinf.o
        86          4          0          0          0        132   f2d.o
       140          4          0          0          0        132   fnaninf.o
        10          0          0          0          0        116   fpinit.o
         4          0          0          0          0        116   printf1.o
         0          0          0          0          0          0   usenofp.o
        48          0          0          0          0        124   fpclassify.o

    ----------------------------------------------------------------------
      5498        218        196          0         96       3520   Library Totals
        12          0          3          0          0          0   (incl. Padding)

    ----------------------------------------------------------------------

      Code (inc. data)   RO Data    RW Data    ZI Data      Debug   Library Name

      5186        210        193          0         96       2784   c_w.l
       252          8          0          0          0        612   fz_wm.l
        48          0          0          0          0        124   m_wm.l

    ----------------------------------------------------------------------
      5498        218        196          0         96       3520   Library Totals

    ----------------------------------------------------------------------

==============================================================================


      Code (inc. data)   RO Data    RW Data    ZI Data      Debug   

     27260       1214        712        356      10060     917113   Grand Totals
     27260       1214        712        196      10060     917113   ELF Image Totals (compressed)
     27260       1214        712        196          0          0   ROM Totals

==============================================================================

    Total RO  Size (Code + RO Data)                27972 (  27.32kB)
    Total RW  Size (RW Data + ZI Data)             10416 (  10.17kB)
    Total ROM Size (Code + RO Data + RW Data)      28168 (  27.51kB)

==============================================================================

